Uninstalled 1 package in 17ms
Installed 1 package in 53ms
/net/storage/pr3/plgrid/plggmlcil/plgkstankie/vvv/Multimodal-models-for-predicting-drug-target-interactions/.venv/lib/python3.11/site-packages/outdated/__init__.py:36: UserWarning: pkg_resources is deprecated as an API. See https://setuptools.pypa.io/en/latest/pkg_resources.html. The pkg_resources package is slated for removal as early as 2025-11-30. Refrain from using this package or pin to Setuptools<81.
  from pkg_resources import parse_version
Using device: cuda
Loading clean data from: /net/storage/pr3/plgrid/plggmlcil/plgkstankie/vvv/Multimodal-models-for-predicting-drug-target-interactions/src/datasets/clean.parquet
Dataset size: 451858
Train: 317060  Val: 44695  Test: 90103
ChemBERTProcessor: loaded 236379 embeddings (dim=768) from /net/storage/pr3/plgrid/plggmlcil/plgkstankie/vvv/Multimodal-models-for-predicting-drug-target-interactions/src/datasets/ChemBERTa-zinc-base-v1.pt
SMILES encoders:  ['FingerprintMLPEncoder', 'ChemBERTEncoder', 'RDKitDescriptorEncoder']
Protein encoders: ['ProteinCNNEncoder']
MultimodalDTI(
  (smiles_encoders): ModuleList(
    (0): FingerprintMLPEncoder(
      (mlp): Sequential(
        (0): Linear(in_features=1024, out_features=512, bias=True)
        (1): BatchNorm1d(512, eps=1e-05, momentum=0.1, affine=True, track_running_stats=True)
        (2): ReLU()
        (3): Dropout(p=0.2, inplace=False)
        (4): Linear(in_features=512, out_features=256, bias=True)
        (5): BatchNorm1d(256, eps=1e-05, momentum=0.1, affine=True, track_running_stats=True)
        (6): ReLU()
      )
    )
    (1): ChemBERTEncoder(
      (projection): Sequential(
        (0): Linear(in_features=768, out_features=256, bias=True)
        (1): LayerNorm((256,), eps=1e-05, elementwise_affine=True)
        (2): ReLU()
      )
    )
    (2): RDKitDescriptorEncoder(
      (mlp): Sequential(
        (0): Linear(in_features=210, out_features=512, bias=True)
        (1): BatchNorm1d(512, eps=1e-05, momentum=0.1, affine=True, track_running_stats=True)
        (2): ReLU()
        (3): Dropout(p=0.2, inplace=False)
        (4): Linear(in_features=512, out_features=256, bias=True)
        (5): BatchNorm1d(256, eps=1e-05, momentum=0.1, affine=True, track_running_stats=True)
        (6): ReLU()
      )
    )
  )
  (protein_encoders): ModuleList(
    (0): ProteinCNNEncoder(
      (embedding): Embedding(21, 256, padding_idx=0)
      (conv_blocks): ModuleList(
        (0): Sequential(
          (0): Conv1d(256, 128, kernel_size=(3,), stride=(1,), padding=(1,))
          (1): BatchNorm1d(128, eps=1e-05, momentum=0.1, affine=True, track_running_stats=True)
          (2): ReLU()
          (3): Conv1d(128, 128, kernel_size=(3,), stride=(1,), padding=(1,))
          (4): BatchNorm1d(128, eps=1e-05, momentum=0.1, affine=True, track_running_stats=True)
          (5): ReLU()
        )
        (1): Sequential(
          (0): Conv1d(256, 128, kernel_size=(7,), stride=(1,), padding=(3,))
          (1): BatchNorm1d(128, eps=1e-05, momentum=0.1, affine=True, track_running_stats=True)
          (2): ReLU()
          (3): Conv1d(128, 128, kernel_size=(7,), stride=(1,), padding=(3,))
          (4): BatchNorm1d(128, eps=1e-05, momentum=0.1, affine=True, track_running_stats=True)
          (5): ReLU()
        )
        (2): Sequential(
          (0): Conv1d(256, 128, kernel_size=(15,), stride=(1,), padding=(7,))
          (1): BatchNorm1d(128, eps=1e-05, momentum=0.1, affine=True, track_running_stats=True)
          (2): ReLU()
          (3): Conv1d(128, 128, kernel_size=(15,), stride=(1,), padding=(7,))
          (4): BatchNorm1d(128, eps=1e-05, momentum=0.1, affine=True, track_running_stats=True)
          (5): ReLU()
        )
      )
    )
  )
  (fusion): MLPFusion(
    (classifier): Sequential(
      (0): Linear(in_features=1152, out_features=256, bias=True)
      (1): BatchNorm1d(256, eps=1e-05, momentum=0.1, affine=True, track_running_stats=True)
      (2): ReLU()
      (3): Dropout(p=0.45, inplace=False)
      (4): Linear(in_features=256, out_features=64, bias=True)
      (5): BatchNorm1d(64, eps=1e-05, momentum=0.1, affine=True, track_running_stats=True)
      (6): ReLU()
      (7): Dropout(p=0.45, inplace=False)
      (8): Linear(in_features=64, out_features=1, bias=True)
    )
  )
)
Epoch 001 | time=52.5s | train_loss=0.5256 | val_loss=0.5060 | val_auc=0.8274
  ✓ New best model (epoch 1, val_loss=0.5060, val_auc=0.8274) saved to checkpoints/fp_chembert_rdkit_desc_vs_cnn.pt
Epoch 002 | time=43.3s | train_loss=0.4354 | val_loss=0.5051 | val_auc=0.8498
  ✓ New best model (epoch 2, val_loss=0.5051, val_auc=0.8498) saved to checkpoints/fp_chembert_rdkit_desc_vs_cnn.pt
Epoch 003 | time=43.2s | train_loss=0.3883 | val_loss=0.4665 | val_auc=0.8629
  ✓ New best model (epoch 3, val_loss=0.4665, val_auc=0.8629) saved to checkpoints/fp_chembert_rdkit_desc_vs_cnn.pt
Epoch 004 | time=43.7s | train_loss=0.3568 | val_loss=0.5193 | val_auc=0.8618
Epoch 005 | time=43.3s | train_loss=0.3343 | val_loss=0.4729 | val_auc=0.8672
  ✓ New best model (epoch 5, val_loss=0.4729, val_auc=0.8672) saved to checkpoints/fp_chembert_rdkit_desc_vs_cnn.pt
Epoch 006 | time=43.2s | train_loss=0.3139 | val_loss=0.4769 | val_auc=0.8694
  ✓ New best model (epoch 6, val_loss=0.4769, val_auc=0.8694) saved to checkpoints/fp_chembert_rdkit_desc_vs_cnn.pt
Epoch 007 | time=43.2s | train_loss=0.2986 | val_loss=0.4784 | val_auc=0.8736
  ✓ New best model (epoch 7, val_loss=0.4784, val_auc=0.8736) saved to checkpoints/fp_chembert_rdkit_desc_vs_cnn.pt
Epoch 008 | time=43.8s | train_loss=0.2843 | val_loss=0.4860 | val_auc=0.8723
Epoch 009 | time=43.3s | train_loss=0.2732 | val_loss=0.4802 | val_auc=0.8737
  ✓ New best model (epoch 9, val_loss=0.4802, val_auc=0.8737) saved to checkpoints/fp_chembert_rdkit_desc_vs_cnn.pt
Epoch 010 | time=43.4s | train_loss=0.2397 | val_loss=0.5218 | val_auc=0.8768
  ✓ New best model (epoch 10, val_loss=0.5218, val_auc=0.8768) saved to checkpoints/fp_chembert_rdkit_desc_vs_cnn.pt
Epoch 011 | time=43.3s | train_loss=0.2274 | val_loss=0.5146 | val_auc=0.8767
Epoch 012 | time=43.7s | train_loss=0.2192 | val_loss=0.5227 | val_auc=0.8767
Epoch 013 | time=43.3s | train_loss=0.2141 | val_loss=0.5596 | val_auc=0.8771
  ✓ New best model (epoch 13, val_loss=0.5596, val_auc=0.8771) saved to checkpoints/fp_chembert_rdkit_desc_vs_cnn.pt
Epoch 014 | time=43.3s | train_loss=0.2074 | val_loss=0.5373 | val_auc=0.8762
Epoch 015 | time=43.3s | train_loss=0.2034 | val_loss=0.5558 | val_auc=0.8768
Epoch 016 | time=43.7s | train_loss=0.1849 | val_loss=0.5909 | val_auc=0.8785
  ✓ New best model (epoch 16, val_loss=0.5909, val_auc=0.8785) saved to checkpoints/fp_chembert_rdkit_desc_vs_cnn.pt
Epoch 017 | time=43.5s | train_loss=0.1781 | val_loss=0.5922 | val_auc=0.8785
Epoch 018 | time=43.4s | train_loss=0.1745 | val_loss=0.6155 | val_auc=0.8779
Epoch 019 | time=43.4s | train_loss=0.1742 | val_loss=0.6108 | val_auc=0.8792
  ✓ New best model (epoch 19, val_loss=0.6108, val_auc=0.8792) saved to checkpoints/fp_chembert_rdkit_desc_vs_cnn.pt
Epoch 020 | time=43.8s | train_loss=0.1697 | val_loss=0.5779 | val_auc=0.8790
Epoch 021 | time=49.0s | train_loss=0.1665 | val_loss=0.6324 | val_auc=0.8781
Epoch 022 | time=44.5s | train_loss=0.1578 | val_loss=0.6326 | val_auc=0.8785
Epoch 023 | time=45.3s | train_loss=0.1543 | val_loss=0.6575 | val_auc=0.8783
Epoch 024 | time=43.9s | train_loss=0.1526 | val_loss=0.6402 | val_auc=0.8793
  ✓ New best model (epoch 24, val_loss=0.6402, val_auc=0.8793) saved to checkpoints/fp_chembert_rdkit_desc_vs_cnn.pt
Epoch 025 | time=43.4s | train_loss=0.1502 | val_loss=0.6449 | val_auc=0.8789
Epoch 026 | time=43.5s | train_loss=0.1499 | val_loss=0.6492 | val_auc=0.8791
Epoch 027 | time=43.4s | train_loss=0.1478 | val_loss=0.6741 | val_auc=0.8783
Epoch 028 | time=43.7s | train_loss=0.1423 | val_loss=0.6773 | val_auc=0.8790
Epoch 029 | time=43.4s | train_loss=0.1421 | val_loss=0.6756 | val_auc=0.8794
  ✓ New best model (epoch 29, val_loss=0.6756, val_auc=0.8794) saved to checkpoints/fp_chembert_rdkit_desc_vs_cnn.pt
Epoch 030 | time=43.4s | train_loss=0.1399 | val_loss=0.6851 | val_auc=0.8794
  ✓ New best model (epoch 30, val_loss=0.6851, val_auc=0.8794) saved to checkpoints/fp_chembert_rdkit_desc_vs_cnn.pt
Epoch 031 | time=43.4s | train_loss=0.1402 | val_loss=0.6776 | val_auc=0.8797
  ✓ New best model (epoch 31, val_loss=0.6776, val_auc=0.8797) saved to checkpoints/fp_chembert_rdkit_desc_vs_cnn.pt
Epoch 032 | time=49.5s | train_loss=0.1395 | val_loss=0.6776 | val_auc=0.8792
Epoch 033 | time=46.1s | train_loss=0.1374 | val_loss=0.6839 | val_auc=0.8791
Epoch 034 | time=50.4s | train_loss=0.1358 | val_loss=0.6769 | val_auc=0.8795
Epoch 035 | time=44.3s | train_loss=0.1343 | val_loss=0.6833 | val_auc=0.8793
Epoch 036 | time=46.4s | train_loss=0.1345 | val_loss=0.6934 | val_auc=0.8794
Epoch 037 | time=51.1s | train_loss=0.1340 | val_loss=0.6878 | val_auc=0.8793
Epoch 038 | time=45.0s | train_loss=0.1345 | val_loss=0.6917 | val_auc=0.8797
Epoch 039 | time=49.7s | train_loss=0.1334 | val_loss=0.6968 | val_auc=0.8794
Epoch 040 | time=51.5s | train_loss=0.1322 | val_loss=0.6878 | val_auc=0.8798
  ✓ New best model (epoch 40, val_loss=0.6878, val_auc=0.8798) saved to checkpoints/fp_chembert_rdkit_desc_vs_cnn.pt
Epoch 041 | time=44.3s | train_loss=0.1322 | val_loss=0.7041 | val_auc=0.8797
Epoch 042 | time=49.2s | train_loss=0.1317 | val_loss=0.7042 | val_auc=0.8796
Epoch 043 | time=48.5s | train_loss=0.1314 | val_loss=0.6944 | val_auc=0.8798
  ✓ New best model (epoch 43, val_loss=0.6944, val_auc=0.8798) saved to checkpoints/fp_chembert_rdkit_desc_vs_cnn.pt
Epoch 044 | time=44.6s | train_loss=0.1309 | val_loss=0.6959 | val_auc=0.8797
Epoch 045 | time=43.3s | train_loss=0.1309 | val_loss=0.7015 | val_auc=0.8795
Epoch 046 | time=43.2s | train_loss=0.1296 | val_loss=0.6986 | val_auc=0.8797
Epoch 047 | time=43.8s | train_loss=0.1299 | val_loss=0.6947 | val_auc=0.8797
Epoch 048 | time=43.5s | train_loss=0.1299 | val_loss=0.7078 | val_auc=0.8797
Epoch 049 | time=43.4s | train_loss=0.1294 | val_loss=0.6998 | val_auc=0.8797
Epoch 050 | time=43.4s | train_loss=0.1298 | val_loss=0.7066 | val_auc=0.8796
Epoch 051 | time=44.0s | train_loss=0.1300 | val_loss=0.6977 | val_auc=0.8797
Epoch 052 | time=43.3s | train_loss=0.1290 | val_loss=0.7042 | val_auc=0.8794
Epoch 053 | time=43.3s | train_loss=0.1285 | val_loss=0.7104 | val_auc=0.8795
Early stopping — no improvement for 10 epochs

Best model: epoch 43, val_loss=0.7104, val_auc=0.8798

═══ Test Results ═══
           auc: 0.8835
         auprc: 0.8844
            f1: 0.7871
     precision: 0.8299
        recall: 0.7485
          loss: 0.6603
