Uninstalled 1 package in 9ms
Installed 1 package in 35ms
/net/storage/pr3/plgrid/plggmlcil/plgkstankie/vvv/Multimodal-models-for-predicting-drug-target-interactions/.venv/lib/python3.11/site-packages/outdated/__init__.py:36: UserWarning: pkg_resources is deprecated as an API. See https://setuptools.pypa.io/en/latest/pkg_resources.html. The pkg_resources package is slated for removal as early as 2025-11-30. Refrain from using this package or pin to Setuptools<81.
  from pkg_resources import parse_version
Using device: cuda
Loading clean data from: /net/storage/pr3/plgrid/plggmlcil/plgkstankie/vvv/Multimodal-models-for-predicting-drug-target-interactions/src/datasets/clean.parquet
Dataset size: 451858
Train: 317060  Val: 44695  Test: 90103
SMILES encoders:  ['FingerprintMLPEncoder', 'RDKitDescriptorEncoder']
Protein encoders: ['ProteinCNNEncoder']
MultimodalDTI(
  (smiles_encoders): ModuleList(
    (0): FingerprintMLPEncoder(
      (mlp): Sequential(
        (0): Linear(in_features=1024, out_features=512, bias=True)
        (1): BatchNorm1d(512, eps=1e-05, momentum=0.1, affine=True, track_running_stats=True)
        (2): ReLU()
        (3): Dropout(p=0.2, inplace=False)
        (4): Linear(in_features=512, out_features=256, bias=True)
        (5): BatchNorm1d(256, eps=1e-05, momentum=0.1, affine=True, track_running_stats=True)
        (6): ReLU()
      )
    )
    (1): RDKitDescriptorEncoder(
      (mlp): Sequential(
        (0): Linear(in_features=210, out_features=512, bias=True)
        (1): BatchNorm1d(512, eps=1e-05, momentum=0.1, affine=True, track_running_stats=True)
        (2): ReLU()
        (3): Dropout(p=0.2, inplace=False)
        (4): Linear(in_features=512, out_features=256, bias=True)
        (5): BatchNorm1d(256, eps=1e-05, momentum=0.1, affine=True, track_running_stats=True)
        (6): ReLU()
      )
    )
  )
  (protein_encoders): ModuleList(
    (0): ProteinCNNEncoder(
      (embedding): Embedding(21, 256, padding_idx=0)
      (conv_blocks): ModuleList(
        (0): Sequential(
          (0): Conv1d(256, 128, kernel_size=(3,), stride=(1,), padding=(1,))
          (1): BatchNorm1d(128, eps=1e-05, momentum=0.1, affine=True, track_running_stats=True)
          (2): ReLU()
          (3): Conv1d(128, 128, kernel_size=(3,), stride=(1,), padding=(1,))
          (4): BatchNorm1d(128, eps=1e-05, momentum=0.1, affine=True, track_running_stats=True)
          (5): ReLU()
        )
        (1): Sequential(
          (0): Conv1d(256, 128, kernel_size=(7,), stride=(1,), padding=(3,))
          (1): BatchNorm1d(128, eps=1e-05, momentum=0.1, affine=True, track_running_stats=True)
          (2): ReLU()
          (3): Conv1d(128, 128, kernel_size=(7,), stride=(1,), padding=(3,))
          (4): BatchNorm1d(128, eps=1e-05, momentum=0.1, affine=True, track_running_stats=True)
          (5): ReLU()
        )
        (2): Sequential(
          (0): Conv1d(256, 128, kernel_size=(15,), stride=(1,), padding=(7,))
          (1): BatchNorm1d(128, eps=1e-05, momentum=0.1, affine=True, track_running_stats=True)
          (2): ReLU()
          (3): Conv1d(128, 128, kernel_size=(15,), stride=(1,), padding=(7,))
          (4): BatchNorm1d(128, eps=1e-05, momentum=0.1, affine=True, track_running_stats=True)
          (5): ReLU()
        )
      )
    )
  )
  (fusion): MLPFusion(
    (classifier): Sequential(
      (0): Linear(in_features=896, out_features=256, bias=True)
      (1): BatchNorm1d(256, eps=1e-05, momentum=0.1, affine=True, track_running_stats=True)
      (2): ReLU()
      (3): Dropout(p=0.45, inplace=False)
      (4): Linear(in_features=256, out_features=64, bias=True)
      (5): BatchNorm1d(64, eps=1e-05, momentum=0.1, affine=True, track_running_stats=True)
      (6): ReLU()
      (7): Dropout(p=0.45, inplace=False)
      (8): Linear(in_features=64, out_features=1, bias=True)
    )
  )
)
Epoch 001 | time=58.9s | train_loss=0.5282 | val_loss=0.5270 | val_auc=0.8255
  ✓ New best model (epoch 1, val_loss=0.5270, val_auc=0.8255) saved to checkpoints/fp_rdkit_desc_vs_cnn.pt
Epoch 002 | time=38.1s | train_loss=0.4378 | val_loss=0.4861 | val_auc=0.8490
  ✓ New best model (epoch 2, val_loss=0.4861, val_auc=0.8490) saved to checkpoints/fp_rdkit_desc_vs_cnn.pt
Epoch 003 | time=43.3s | train_loss=0.3914 | val_loss=0.4909 | val_auc=0.8562
  ✓ New best model (epoch 3, val_loss=0.4909, val_auc=0.8562) saved to checkpoints/fp_rdkit_desc_vs_cnn.pt
Epoch 004 | time=40.2s | train_loss=0.3599 | val_loss=0.4790 | val_auc=0.8615
  ✓ New best model (epoch 4, val_loss=0.4790, val_auc=0.8615) saved to checkpoints/fp_rdkit_desc_vs_cnn.pt
Epoch 005 | time=38.0s | train_loss=0.3352 | val_loss=0.5067 | val_auc=0.8654
  ✓ New best model (epoch 5, val_loss=0.5067, val_auc=0.8654) saved to checkpoints/fp_rdkit_desc_vs_cnn.pt
Epoch 006 | time=43.5s | train_loss=0.3155 | val_loss=0.5082 | val_auc=0.8650
Epoch 007 | time=38.2s | train_loss=0.3001 | val_loss=0.4699 | val_auc=0.8696
  ✓ New best model (epoch 7, val_loss=0.4699, val_auc=0.8696) saved to checkpoints/fp_rdkit_desc_vs_cnn.pt
Epoch 008 | time=39.5s | train_loss=0.2859 | val_loss=0.4836 | val_auc=0.8687
Epoch 009 | time=42.6s | train_loss=0.2742 | val_loss=0.4979 | val_auc=0.8707
  ✓ New best model (epoch 9, val_loss=0.4979, val_auc=0.8707) saved to checkpoints/fp_rdkit_desc_vs_cnn.pt
Epoch 010 | time=45.1s | train_loss=0.2621 | val_loss=0.5234 | val_auc=0.8701
Epoch 011 | time=38.3s | train_loss=0.2538 | val_loss=0.5207 | val_auc=0.8705
Epoch 012 | time=44.1s | train_loss=0.2463 | val_loss=0.5100 | val_auc=0.8722
  ✓ New best model (epoch 12, val_loss=0.5100, val_auc=0.8722) saved to checkpoints/fp_rdkit_desc_vs_cnn.pt
Epoch 013 | time=39.9s | train_loss=0.2375 | val_loss=0.5332 | val_auc=0.8706
Epoch 014 | time=43.6s | train_loss=0.2091 | val_loss=0.5605 | val_auc=0.8741
  ✓ New best model (epoch 14, val_loss=0.5605, val_auc=0.8741) saved to checkpoints/fp_rdkit_desc_vs_cnn.pt
Epoch 015 | time=38.1s | train_loss=0.1977 | val_loss=0.5835 | val_auc=0.8737
Epoch 016 | time=46.8s | train_loss=0.1920 | val_loss=0.5833 | val_auc=0.8734
Epoch 017 | time=38.1s | train_loss=0.1869 | val_loss=0.5815 | val_auc=0.8731
Epoch 018 | time=43.6s | train_loss=0.1822 | val_loss=0.6013 | val_auc=0.8735
Epoch 019 | time=38.5s | train_loss=0.1795 | val_loss=0.6278 | val_auc=0.8720
Epoch 020 | time=42.7s | train_loss=0.1638 | val_loss=0.6221 | val_auc=0.8736
Epoch 021 | time=40.0s | train_loss=0.1600 | val_loss=0.6426 | val_auc=0.8742
  ✓ New best model (epoch 21, val_loss=0.6426, val_auc=0.8742) saved to checkpoints/fp_rdkit_desc_vs_cnn.pt
Epoch 022 | time=46.7s | train_loss=0.1554 | val_loss=0.6602 | val_auc=0.8736
Epoch 023 | time=39.7s | train_loss=0.1532 | val_loss=0.6667 | val_auc=0.8745
  ✓ New best model (epoch 23, val_loss=0.6667, val_auc=0.8745) saved to checkpoints/fp_rdkit_desc_vs_cnn.pt
Epoch 024 | time=38.2s | train_loss=0.1512 | val_loss=0.6873 | val_auc=0.8742
Epoch 025 | time=38.2s | train_loss=0.1496 | val_loss=0.6987 | val_auc=0.8740
Epoch 026 | time=44.6s | train_loss=0.1414 | val_loss=0.6817 | val_auc=0.8753
  ✓ New best model (epoch 26, val_loss=0.6817, val_auc=0.8753) saved to checkpoints/fp_rdkit_desc_vs_cnn.pt
Epoch 027 | time=38.3s | train_loss=0.1378 | val_loss=0.7003 | val_auc=0.8747
Epoch 028 | time=38.0s | train_loss=0.1365 | val_loss=0.7291 | val_auc=0.8745
Epoch 029 | time=43.4s | train_loss=0.1350 | val_loss=0.7192 | val_auc=0.8746
Epoch 030 | time=39.7s | train_loss=0.1343 | val_loss=0.7196 | val_auc=0.8751
Epoch 031 | time=38.0s | train_loss=0.1328 | val_loss=0.7320 | val_auc=0.8744
Epoch 032 | time=38.0s | train_loss=0.1290 | val_loss=0.7267 | val_auc=0.8748
Epoch 033 | time=44.5s | train_loss=0.1275 | val_loss=0.7259 | val_auc=0.8749
Epoch 034 | time=38.2s | train_loss=0.1274 | val_loss=0.7365 | val_auc=0.8751
Epoch 035 | time=37.8s | train_loss=0.1257 | val_loss=0.7560 | val_auc=0.8745
Epoch 036 | time=42.9s | train_loss=0.1255 | val_loss=0.7565 | val_auc=0.8741
Early stopping — no improvement for 10 epochs

Best model: epoch 26, val_loss=0.7565, val_auc=0.8753

═══ Test Results ═══
           auc: 0.8821
         auprc: 0.8818
            f1: 0.7874
     precision: 0.8287
        recall: 0.7500
          loss: 0.6420
