/home/kappy/Repos/Multimodal-models-for-predicting-drug-target-interactions/.venv/lib/python3.11/site-packages/outdated/__init__.py:36: UserWarning: pkg_resources is deprecated as an API. See https://setuptools.pypa.io/en/latest/pkg_resources.html. The pkg_resources package is slated for removal as early as 2025-11-30. Refrain from using this package or pin to Setuptools<81.
  from pkg_resources import parse_version
Using device: cuda
Loading clean data from: /home/kappy/Repos/Multimodal-models-for-predicting-drug-target-interactions/src/datasets/clean.parquet
Dataset size: 451858
Train: 314326  Val: 45075  Test: 92457
ChemBERTProcessor: loaded 236379 embeddings (dim=768) from /home/kappy/Repos/Multimodal-models-for-predicting-drug-target-interactions/src/datasets/ChemBERTa-zinc-base-v1.pt
SMILES encoders:  ['ChemBERTEncoder']
Protein encoders: ['ProteinCNNEncoder']
MultimodalDTI(
  (smiles_encoders): ModuleList(
    (0): ChemBERTEncoder(
      (projection): Sequential(
        (0): Linear(in_features=768, out_features=256, bias=True)
        (1): LayerNorm((256,), eps=1e-05, elementwise_affine=True)
        (2): ReLU()
      )
    )
  )
  (protein_encoders): ModuleList(
    (0): ProteinCNNEncoder(
      (embedding): Embedding(21, 256, padding_idx=0)
      (conv_blocks): ModuleList(
        (0): Sequential(
          (0): Conv1d(256, 128, kernel_size=(3,), stride=(1,), padding=(1,))
          (1): BatchNorm1d(128, eps=1e-05, momentum=0.1, affine=True, track_running_stats=True)
          (2): ReLU()
          (3): Conv1d(128, 128, kernel_size=(3,), stride=(1,), padding=(1,))
          (4): BatchNorm1d(128, eps=1e-05, momentum=0.1, affine=True, track_running_stats=True)
          (5): ReLU()
        )
        (1): Sequential(
          (0): Conv1d(256, 128, kernel_size=(7,), stride=(1,), padding=(3,))
          (1): BatchNorm1d(128, eps=1e-05, momentum=0.1, affine=True, track_running_stats=True)
          (2): ReLU()
          (3): Conv1d(128, 128, kernel_size=(7,), stride=(1,), padding=(3,))
          (4): BatchNorm1d(128, eps=1e-05, momentum=0.1, affine=True, track_running_stats=True)
          (5): ReLU()
        )
        (2): Sequential(
          (0): Conv1d(256, 128, kernel_size=(15,), stride=(1,), padding=(7,))
          (1): BatchNorm1d(128, eps=1e-05, momentum=0.1, affine=True, track_running_stats=True)
          (2): ReLU()
          (3): Conv1d(128, 128, kernel_size=(15,), stride=(1,), padding=(7,))
          (4): BatchNorm1d(128, eps=1e-05, momentum=0.1, affine=True, track_running_stats=True)
          (5): ReLU()
        )
      )
    )
  )
  (fusion): MLPFusion(
    (classifier): Sequential(
      (0): Linear(in_features=640, out_features=256, bias=True)
      (1): BatchNorm1d(256, eps=1e-05, momentum=0.1, affine=True, track_running_stats=True)
      (2): ReLU()
      (3): Dropout(p=0.3, inplace=False)
      (4): Linear(in_features=256, out_features=64, bias=True)
      (5): BatchNorm1d(64, eps=1e-05, momentum=0.1, affine=True, track_running_stats=True)
      (6): ReLU()
      (7): Dropout(p=0.3, inplace=False)
      (8): Linear(in_features=64, out_features=1, bias=True)
    )
  )
)
Epoch 001 | time=102.3s | train_loss=0.5693 | val_loss=0.6235 | val_auc=0.7619
  ✓ New best model (epoch 1, val_loss=0.6235, val_auc=0.7619) saved to checkpoints/chembert_vs_cnn.pt
Epoch 002 | time=101.6s | train_loss=0.5228 | val_loss=0.5639 | val_auc=0.7897
  ✓ New best model (epoch 2, val_loss=0.5639, val_auc=0.7897) saved to checkpoints/chembert_vs_cnn.pt
Epoch 003 | time=101.6s | train_loss=0.4982 | val_loss=0.5466 | val_auc=0.8046
  ✓ New best model (epoch 3, val_loss=0.5466, val_auc=0.8046) saved to checkpoints/chembert_vs_cnn.pt
Epoch 004 | time=101.6s | train_loss=0.4802 | val_loss=0.5258 | val_auc=0.8124
  ✓ New best model (epoch 4, val_loss=0.5258, val_auc=0.8124) saved to checkpoints/chembert_vs_cnn.pt
Epoch 005 | time=101.6s | train_loss=0.4675 | val_loss=0.6187 | val_auc=0.8085
Epoch 006 | time=101.6s | train_loss=0.4546 | val_loss=0.5080 | val_auc=0.8258
  ✓ New best model (epoch 6, val_loss=0.5080, val_auc=0.8258) saved to checkpoints/chembert_vs_cnn.pt
Epoch 007 | time=101.6s | train_loss=0.4453 | val_loss=0.5237 | val_auc=0.8262
Epoch 008 | time=101.6s | train_loss=0.4356 | val_loss=0.5073 | val_auc=0.8323
  ✓ New best model (epoch 8, val_loss=0.5073, val_auc=0.8323) saved to checkpoints/chembert_vs_cnn.pt
Epoch 009 | time=101.6s | train_loss=0.4277 | val_loss=0.5560 | val_auc=0.8311
Epoch 010 | time=101.6s | train_loss=0.4198 | val_loss=0.5256 | val_auc=0.8342
Epoch 011 | time=101.6s | train_loss=0.4133 | val_loss=0.5079 | val_auc=0.8389
Epoch 012 | time=101.6s | train_loss=0.4067 | val_loss=0.4990 | val_auc=0.8414
  ✓ New best model (epoch 12, val_loss=0.4990, val_auc=0.8414) saved to checkpoints/chembert_vs_cnn.pt
Epoch 013 | time=101.6s | train_loss=0.4007 | val_loss=0.5240 | val_auc=0.8354
Epoch 014 | time=101.6s | train_loss=0.3947 | val_loss=0.5020 | val_auc=0.8425
Epoch 015 | time=101.6s | train_loss=0.3892 | val_loss=0.5089 | val_auc=0.8388
Epoch 016 | time=101.6s | train_loss=0.3846 | val_loss=0.5172 | val_auc=0.8402
Epoch 017 | time=101.6s | train_loss=0.3806 | val_loss=0.4991 | val_auc=0.8432
Epoch 018 | time=101.6s | train_loss=0.3764 | val_loss=0.4926 | val_auc=0.8454
  ✓ New best model (epoch 18, val_loss=0.4926, val_auc=0.8454) saved to checkpoints/chembert_vs_cnn.pt
Epoch 019 | time=101.6s | train_loss=0.3723 | val_loss=0.5049 | val_auc=0.8464
Epoch 020 | time=101.6s | train_loss=0.3681 | val_loss=0.5333 | val_auc=0.8410
Epoch 021 | time=101.7s | train_loss=0.3641 | val_loss=0.5152 | val_auc=0.8497
Epoch 022 | time=101.6s | train_loss=0.3605 | val_loss=0.4973 | val_auc=0.8504
Epoch 023 | time=101.7s | train_loss=0.3564 | val_loss=0.5275 | val_auc=0.8432
Epoch 024 | time=101.6s | train_loss=0.3537 | val_loss=0.5084 | val_auc=0.8464
Epoch 025 | time=101.6s | train_loss=0.3288 | val_loss=0.5095 | val_auc=0.8527
Epoch 026 | time=101.6s | train_loss=0.3235 | val_loss=0.5123 | val_auc=0.8537
Epoch 027 | time=101.6s | train_loss=0.3196 | val_loss=0.5152 | val_auc=0.8557
Epoch 028 | time=101.6s | train_loss=0.3159 | val_loss=0.5140 | val_auc=0.8543
Early stopping — no improvement for 10 epochs

Best model: epoch 18, val_loss=0.4926, val_auc=0.8543

═══ Test Results ═══
           auc: 0.8424
         auprc: 0.8250
            f1: 0.7454
     precision: 0.7458
        recall: 0.7451
          loss: 0.5001
