/home/kstankiewicz/DTI/Multimodal-models-for-predicting-drug-target-interactions/.venv/lib/python3.11/site-packages/outdated/__init__.py:36: UserWarning: pkg_resources is deprecated as an API. See https://setuptools.pypa.io/en/latest/pkg_resources.html. The pkg_resources package is slated for removal as early as 2025-11-30. Refrain from using this package or pin to Setuptools<81.
  from pkg_resources import parse_version
Using device: cuda
Loading clean data from: /home/kstankiewicz/DTI/Multimodal-models-for-predicting-drug-target-interactions/src/datasets/clean.parquet
Dataset size: 451858
Train: 316636  Val: 44725  Test: 90497
ChemBERTProcessor: loaded 236422 embeddings (dim=768) from /home/kstankiewicz/DTI/Multimodal-models-for-predicting-drug-target-interactions/src/datasets/ChemBERTa-zinc-base-v1.pt
SMILES encoders:  ['FingerprintMLPEncoder', 'ChemBERTEncoder']
Protein encoders: ['ProteinCNNEncoder']
MultimodalDTI(
  (smiles_encoders): ModuleList(
    (0): FingerprintMLPEncoder(
      (mlp): Sequential(
        (0): Linear(in_features=1024, out_features=512, bias=True)
        (1): BatchNorm1d(512, eps=1e-05, momentum=0.1, affine=True, track_running_stats=True)
        (2): ReLU()
        (3): Dropout(p=0.2, inplace=False)
        (4): Linear(in_features=512, out_features=256, bias=True)
        (5): BatchNorm1d(256, eps=1e-05, momentum=0.1, affine=True, track_running_stats=True)
        (6): ReLU()
      )
    )
    (1): ChemBERTEncoder(
      (projection): Sequential(
        (0): Linear(in_features=768, out_features=256, bias=True)
        (1): LayerNorm((256,), eps=1e-05, elementwise_affine=True)
        (2): ReLU()
      )
    )
  )
  (protein_encoders): ModuleList(
    (0): ProteinCNNEncoder(
      (embedding): Embedding(21, 256, padding_idx=0)
      (conv_blocks): ModuleList(
        (0): Sequential(
          (0): Conv1d(256, 128, kernel_size=(3,), stride=(1,), padding=(1,))
          (1): BatchNorm1d(128, eps=1e-05, momentum=0.1, affine=True, track_running_stats=True)
          (2): ReLU()
          (3): Conv1d(128, 128, kernel_size=(3,), stride=(1,), padding=(1,))
          (4): BatchNorm1d(128, eps=1e-05, momentum=0.1, affine=True, track_running_stats=True)
          (5): ReLU()
        )
        (1): Sequential(
          (0): Conv1d(256, 128, kernel_size=(7,), stride=(1,), padding=(3,))
          (1): BatchNorm1d(128, eps=1e-05, momentum=0.1, affine=True, track_running_stats=True)
          (2): ReLU()
          (3): Conv1d(128, 128, kernel_size=(7,), stride=(1,), padding=(3,))
          (4): BatchNorm1d(128, eps=1e-05, momentum=0.1, affine=True, track_running_stats=True)
          (5): ReLU()
        )
        (2): Sequential(
          (0): Conv1d(256, 128, kernel_size=(15,), stride=(1,), padding=(7,))
          (1): BatchNorm1d(128, eps=1e-05, momentum=0.1, affine=True, track_running_stats=True)
          (2): ReLU()
          (3): Conv1d(128, 128, kernel_size=(15,), stride=(1,), padding=(7,))
          (4): BatchNorm1d(128, eps=1e-05, momentum=0.1, affine=True, track_running_stats=True)
          (5): ReLU()
        )
      )
    )
  )
  (fusion): MLPFusion(
    (classifier): Sequential(
      (0): Linear(in_features=896, out_features=256, bias=True)
      (1): BatchNorm1d(256, eps=1e-05, momentum=0.1, affine=True, track_running_stats=True)
      (2): ReLU()
      (3): Dropout(p=0.3, inplace=False)
      (4): Linear(in_features=256, out_features=64, bias=True)
      (5): BatchNorm1d(64, eps=1e-05, momentum=0.1, affine=True, track_running_stats=True)
      (6): ReLU()
      (7): Dropout(p=0.3, inplace=False)
      (8): Linear(in_features=64, out_features=1, bias=True)
    )
  )
)
Epoch 001 | time=355.7s | train_loss=0.5289 | val_loss=0.4689 | val_auc=0.8569
  ✓ New best model (epoch 1, val_loss=0.4689, val_auc=0.8569) saved to checkpoints/fp_chembert_vs_cnn.pt
Epoch 002 | time=356.8s | train_loss=0.4413 | val_loss=0.4315 | val_auc=0.8822
  ✓ New best model (epoch 2, val_loss=0.4315, val_auc=0.8822) saved to checkpoints/fp_chembert_vs_cnn.pt
Epoch 003 | time=356.4s | train_loss=0.3970 | val_loss=0.4222 | val_auc=0.8922
  ✓ New best model (epoch 3, val_loss=0.4222, val_auc=0.8922) saved to checkpoints/fp_chembert_vs_cnn.pt
Epoch 004 | time=354.0s | train_loss=0.3673 | val_loss=0.4238 | val_auc=0.9000
Epoch 005 | time=352.4s | train_loss=0.3445 | val_loss=0.4474 | val_auc=0.9012
Epoch 006 | time=352.5s | train_loss=0.3267 | val_loss=0.4263 | val_auc=0.9055
Epoch 007 | time=352.4s | train_loss=0.3113 | val_loss=0.3940 | val_auc=0.9075
  ✓ New best model (epoch 7, val_loss=0.3940, val_auc=0.9075) saved to checkpoints/fp_chembert_vs_cnn.pt
Epoch 008 | time=352.3s | train_loss=0.2990 | val_loss=0.4392 | val_auc=0.9088
Epoch 009 | time=352.1s | train_loss=0.2870 | val_loss=0.4284 | val_auc=0.9093
Epoch 010 | time=352.4s | train_loss=0.2773 | val_loss=0.4400 | val_auc=0.9101
Epoch 011 | time=352.4s | train_loss=0.2679 | val_loss=0.4021 | val_auc=0.9110
Epoch 012 | time=352.0s | train_loss=0.2589 | val_loss=0.4271 | val_auc=0.9129
Epoch 013 | time=352.4s | train_loss=0.2515 | val_loss=0.4022 | val_auc=0.9131
Epoch 014 | time=352.4s | train_loss=0.2233 | val_loss=0.4472 | val_auc=0.9159
Epoch 015 | time=352.3s | train_loss=0.2125 | val_loss=0.4417 | val_auc=0.9160
Early stopping — no improvement for 8 epochs

Best model: epoch 7, val_loss=0.3940, val_auc=0.9160

═══ Test Results ═══
           auc: 0.9116
         auprc: 0.9029
            f1: 0.8208
     precision: 0.8293
        recall: 0.8125
          loss: 0.3831
