Uninstalled 1 package in 17ms
Installed 1 package in 14ms
/net/storage/pr3/plgrid/plggmlcil/plgkstankie/Multimodal-models-for-predicting-drug-target-interactions/.venv/lib/python3.11/site-packages/outdated/__init__.py:36: UserWarning: pkg_resources is deprecated as an API. See https://setuptools.pypa.io/en/latest/pkg_resources.html. The pkg_resources package is slated for removal as early as 2025-11-30. Refrain from using this package or pin to Setuptools<81.
  from pkg_resources import parse_version
Using device: cuda
Loading clean data from: /net/storage/pr3/plgrid/plggmlcil/plgkstankie/Multimodal-models-for-predicting-drug-target-interactions/src/datasets/clean.parquet
Dataset size: 451858
Train: 317060  Val: 44695  Test: 90103
ESM2Processor: loaded 3580 embeddings (dim=1280) from /net/storage/pr3/plgrid/plggmlcil/plgkstankie/Multimodal-models-for-predicting-drug-target-interactions/src/datasets/esm2_t33_650M_UR50D.pt
SMILES encoders:  ['FingerprintMLPEncoder']
Protein encoders: ['ESM2Encoder']
MultimodalDTI(
  (smiles_encoders): ModuleList(
    (0): FingerprintMLPEncoder(
      (mlp): Sequential(
        (0): Linear(in_features=1024, out_features=512, bias=True)
        (1): BatchNorm1d(512, eps=1e-05, momentum=0.1, affine=True, track_running_stats=True)
        (2): ReLU()
        (3): Dropout(p=0.2, inplace=False)
        (4): Linear(in_features=512, out_features=256, bias=True)
        (5): BatchNorm1d(256, eps=1e-05, momentum=0.1, affine=True, track_running_stats=True)
        (6): ReLU()
      )
    )
  )
  (protein_encoders): ModuleList(
    (0): ESM2Encoder(
      (projection): Sequential(
        (0): Linear(in_features=1280, out_features=256, bias=True)
        (1): LayerNorm((256,), eps=1e-05, elementwise_affine=True)
        (2): ReLU()
      )
    )
  )
  (fusion): MLPFusion(
    (classifier): Sequential(
      (0): Linear(in_features=512, out_features=256, bias=True)
      (1): BatchNorm1d(256, eps=1e-05, momentum=0.1, affine=True, track_running_stats=True)
      (2): ReLU()
      (3): Dropout(p=0.3, inplace=False)
      (4): Linear(in_features=256, out_features=64, bias=True)
      (5): BatchNorm1d(64, eps=1e-05, momentum=0.1, affine=True, track_running_stats=True)
      (6): ReLU()
      (7): Dropout(p=0.3, inplace=False)
      (8): Linear(in_features=64, out_features=1, bias=True)
    )
  )
)
Epoch 001 | time=32.0s | train_loss=0.5379 | val_loss=0.5551 | val_auc=0.8188
  ✓ New best model (epoch 1, val_loss=0.5551, val_auc=0.8188) saved to checkpoints/fp_vs_esm2.pt
Epoch 002 | time=31.0s | train_loss=0.4455 | val_loss=0.4898 | val_auc=0.8434
  ✓ New best model (epoch 2, val_loss=0.4898, val_auc=0.8434) saved to checkpoints/fp_vs_esm2.pt
Epoch 003 | time=31.1s | train_loss=0.3991 | val_loss=0.4944 | val_auc=0.8522
  ✓ New best model (epoch 3, val_loss=0.4944, val_auc=0.8522) saved to checkpoints/fp_vs_esm2.pt
Epoch 004 | time=31.2s | train_loss=0.3671 | val_loss=0.4883 | val_auc=0.8568
  ✓ New best model (epoch 4, val_loss=0.4883, val_auc=0.8568) saved to checkpoints/fp_vs_esm2.pt
Epoch 005 | time=31.2s | train_loss=0.3428 | val_loss=0.4963 | val_auc=0.8639
  ✓ New best model (epoch 5, val_loss=0.4963, val_auc=0.8639) saved to checkpoints/fp_vs_esm2.pt
Epoch 006 | time=31.3s | train_loss=0.3230 | val_loss=0.4855 | val_auc=0.8664
  ✓ New best model (epoch 6, val_loss=0.4855, val_auc=0.8664) saved to checkpoints/fp_vs_esm2.pt
Epoch 007 | time=31.1s | train_loss=0.3064 | val_loss=0.5045 | val_auc=0.8665
  ✓ New best model (epoch 7, val_loss=0.5045, val_auc=0.8665) saved to checkpoints/fp_vs_esm2.pt
Epoch 008 | time=31.2s | train_loss=0.2935 | val_loss=0.5087 | val_auc=0.8685
  ✓ New best model (epoch 8, val_loss=0.5087, val_auc=0.8685) saved to checkpoints/fp_vs_esm2.pt
Epoch 009 | time=31.1s | train_loss=0.2811 | val_loss=0.5209 | val_auc=0.8697
  ✓ New best model (epoch 9, val_loss=0.5209, val_auc=0.8697) saved to checkpoints/fp_vs_esm2.pt
Epoch 010 | time=31.2s | train_loss=0.2708 | val_loss=0.5097 | val_auc=0.8694
Epoch 011 | time=31.1s | train_loss=0.2609 | val_loss=0.5304 | val_auc=0.8702
  ✓ New best model (epoch 11, val_loss=0.5304, val_auc=0.8702) saved to checkpoints/fp_vs_esm2.pt
Epoch 012 | time=31.1s | train_loss=0.2518 | val_loss=0.5512 | val_auc=0.8694
Epoch 013 | time=31.2s | train_loss=0.2211 | val_loss=0.5670 | val_auc=0.8739
  ✓ New best model (epoch 13, val_loss=0.5670, val_auc=0.8739) saved to checkpoints/fp_vs_esm2.pt
Epoch 014 | time=31.1s | train_loss=0.2096 | val_loss=0.5925 | val_auc=0.8732
Epoch 015 | time=31.4s | train_loss=0.2028 | val_loss=0.5846 | val_auc=0.8745
  ✓ New best model (epoch 15, val_loss=0.5846, val_auc=0.8745) saved to checkpoints/fp_vs_esm2.pt
Epoch 016 | time=31.0s | train_loss=0.1973 | val_loss=0.6212 | val_auc=0.8751
  ✓ New best model (epoch 16, val_loss=0.6212, val_auc=0.8751) saved to checkpoints/fp_vs_esm2.pt
Epoch 017 | time=39.2s | train_loss=0.1925 | val_loss=0.6309 | val_auc=0.8739
Epoch 018 | time=31.0s | train_loss=0.1897 | val_loss=0.6470 | val_auc=0.8728
Epoch 019 | time=31.0s | train_loss=0.1727 | val_loss=0.6442 | val_auc=0.8755
  ✓ New best model (epoch 19, val_loss=0.6442, val_auc=0.8755) saved to checkpoints/fp_vs_esm2.pt
Epoch 020 | time=31.1s | train_loss=0.1677 | val_loss=0.6702 | val_auc=0.8759
  ✓ New best model (epoch 20, val_loss=0.6702, val_auc=0.8759) saved to checkpoints/fp_vs_esm2.pt
Epoch 021 | time=31.0s | train_loss=0.1640 | val_loss=0.6878 | val_auc=0.8754
Epoch 022 | time=31.3s | train_loss=0.1620 | val_loss=0.6732 | val_auc=0.8757
Epoch 023 | time=30.9s | train_loss=0.1586 | val_loss=0.6963 | val_auc=0.8753
Epoch 024 | time=31.2s | train_loss=0.1574 | val_loss=0.6975 | val_auc=0.8751
Epoch 025 | time=30.9s | train_loss=0.1492 | val_loss=0.7198 | val_auc=0.8755
Epoch 026 | time=31.2s | train_loss=0.1465 | val_loss=0.7280 | val_auc=0.8757
Epoch 027 | time=31.0s | train_loss=0.1452 | val_loss=0.7258 | val_auc=0.8756
Epoch 028 | time=30.9s | train_loss=0.1431 | val_loss=0.7523 | val_auc=0.8758
Epoch 029 | time=31.1s | train_loss=0.1416 | val_loss=0.7511 | val_auc=0.8756
Epoch 030 | time=31.0s | train_loss=0.1409 | val_loss=0.7555 | val_auc=0.8758
Early stopping — no improvement for 10 epochs

Best model: epoch 20, val_loss=0.7555, val_auc=0.8759

═══ Test Results ═══
           auc: 0.8804
         auprc: 0.8819
            f1: 0.7662
     precision: 0.8497
        recall: 0.6976
          loss: 0.6420
