Uninstalled 1 package in 29ms
Installed 1 package in 11ms
/net/storage/pr3/plgrid/plggmlcil/plgkstankie/Multimodal-models-for-predicting-drug-target-interactions/.venv/lib/python3.11/site-packages/outdated/__init__.py:36: UserWarning: pkg_resources is deprecated as an API. See https://setuptools.pypa.io/en/latest/pkg_resources.html. The pkg_resources package is slated for removal as early as 2025-11-30. Refrain from using this package or pin to Setuptools<81.
  from pkg_resources import parse_version
Using device: cuda
Loading clean data from: /net/storage/pr3/plgrid/plggmlcil/plgkstankie/Multimodal-models-for-predicting-drug-target-interactions/src/datasets/clean.parquet
Dataset size: 451858
Train: 317060  Val: 44695  Test: 90103
ESM2Processor: loaded 3580 embeddings (dim=1280) from /net/storage/pr3/plgrid/plggmlcil/plgkstankie/Multimodal-models-for-predicting-drug-target-interactions/src/datasets/esm2_t33_650M_UR50D.pt
SMILES encoders:  ['FingerprintMLPEncoder']
Protein encoders: ['ProteinCNNEncoder', 'ESM2Encoder']
MultimodalDTI(
  (smiles_encoders): ModuleList(
    (0): FingerprintMLPEncoder(
      (mlp): Sequential(
        (0): Linear(in_features=1024, out_features=512, bias=True)
        (1): BatchNorm1d(512, eps=1e-05, momentum=0.1, affine=True, track_running_stats=True)
        (2): ReLU()
        (3): Dropout(p=0.2, inplace=False)
        (4): Linear(in_features=512, out_features=256, bias=True)
        (5): BatchNorm1d(256, eps=1e-05, momentum=0.1, affine=True, track_running_stats=True)
        (6): ReLU()
      )
    )
  )
  (protein_encoders): ModuleList(
    (0): ProteinCNNEncoder(
      (embedding): Embedding(21, 256, padding_idx=0)
      (conv_blocks): ModuleList(
        (0): Sequential(
          (0): Conv1d(256, 128, kernel_size=(3,), stride=(1,), padding=(1,))
          (1): BatchNorm1d(128, eps=1e-05, momentum=0.1, affine=True, track_running_stats=True)
          (2): ReLU()
          (3): Conv1d(128, 128, kernel_size=(3,), stride=(1,), padding=(1,))
          (4): BatchNorm1d(128, eps=1e-05, momentum=0.1, affine=True, track_running_stats=True)
          (5): ReLU()
        )
        (1): Sequential(
          (0): Conv1d(256, 128, kernel_size=(7,), stride=(1,), padding=(3,))
          (1): BatchNorm1d(128, eps=1e-05, momentum=0.1, affine=True, track_running_stats=True)
          (2): ReLU()
          (3): Conv1d(128, 128, kernel_size=(7,), stride=(1,), padding=(3,))
          (4): BatchNorm1d(128, eps=1e-05, momentum=0.1, affine=True, track_running_stats=True)
          (5): ReLU()
        )
        (2): Sequential(
          (0): Conv1d(256, 128, kernel_size=(15,), stride=(1,), padding=(7,))
          (1): BatchNorm1d(128, eps=1e-05, momentum=0.1, affine=True, track_running_stats=True)
          (2): ReLU()
          (3): Conv1d(128, 128, kernel_size=(15,), stride=(1,), padding=(7,))
          (4): BatchNorm1d(128, eps=1e-05, momentum=0.1, affine=True, track_running_stats=True)
          (5): ReLU()
        )
      )
    )
    (1): ESM2Encoder(
      (projection): Sequential(
        (0): Linear(in_features=1280, out_features=256, bias=True)
        (1): LayerNorm((256,), eps=1e-05, elementwise_affine=True)
        (2): ReLU()
      )
    )
  )
  (fusion): MLPFusion(
    (classifier): Sequential(
      (0): Linear(in_features=896, out_features=256, bias=True)
      (1): BatchNorm1d(256, eps=1e-05, momentum=0.1, affine=True, track_running_stats=True)
      (2): ReLU()
      (3): Dropout(p=0.3, inplace=False)
      (4): Linear(in_features=256, out_features=64, bias=True)
      (5): BatchNorm1d(64, eps=1e-05, momentum=0.1, affine=True, track_running_stats=True)
      (6): ReLU()
      (7): Dropout(p=0.3, inplace=False)
      (8): Linear(in_features=64, out_features=1, bias=True)
    )
  )
)
Epoch 001 | time=37.9s | train_loss=0.5144 | val_loss=0.5324 | val_auc=0.8343
  ✓ New best model (epoch 1, val_loss=0.5324, val_auc=0.8343) saved to checkpoints/fp_vs_cnn_esm2.pt
Epoch 002 | time=36.7s | train_loss=0.4208 | val_loss=0.4789 | val_auc=0.8539
  ✓ New best model (epoch 2, val_loss=0.4789, val_auc=0.8539) saved to checkpoints/fp_vs_cnn_esm2.pt
Epoch 003 | time=36.8s | train_loss=0.3733 | val_loss=0.4805 | val_auc=0.8610
  ✓ New best model (epoch 3, val_loss=0.4805, val_auc=0.8610) saved to checkpoints/fp_vs_cnn_esm2.pt
Epoch 004 | time=36.6s | train_loss=0.3429 | val_loss=0.4822 | val_auc=0.8658
  ✓ New best model (epoch 4, val_loss=0.4822, val_auc=0.8658) saved to checkpoints/fp_vs_cnn_esm2.pt
Epoch 005 | time=36.7s | train_loss=0.3185 | val_loss=0.4608 | val_auc=0.8702
  ✓ New best model (epoch 5, val_loss=0.4608, val_auc=0.8702) saved to checkpoints/fp_vs_cnn_esm2.pt
Epoch 006 | time=36.5s | train_loss=0.3012 | val_loss=0.4836 | val_auc=0.8682
Epoch 007 | time=36.6s | train_loss=0.2842 | val_loss=0.4821 | val_auc=0.8721
  ✓ New best model (epoch 7, val_loss=0.4821, val_auc=0.8721) saved to checkpoints/fp_vs_cnn_esm2.pt
Epoch 008 | time=36.5s | train_loss=0.2702 | val_loss=0.4788 | val_auc=0.8739
  ✓ New best model (epoch 8, val_loss=0.4788, val_auc=0.8739) saved to checkpoints/fp_vs_cnn_esm2.pt
Epoch 009 | time=36.6s | train_loss=0.2595 | val_loss=0.4968 | val_auc=0.8727
Epoch 010 | time=36.6s | train_loss=0.2487 | val_loss=0.4946 | val_auc=0.8718
Epoch 011 | time=36.9s | train_loss=0.2395 | val_loss=0.5118 | val_auc=0.8718
Epoch 012 | time=36.6s | train_loss=0.2085 | val_loss=0.5653 | val_auc=0.8760
  ✓ New best model (epoch 12, val_loss=0.5653, val_auc=0.8760) saved to checkpoints/fp_vs_cnn_esm2.pt
Epoch 013 | time=37.8s | train_loss=0.1960 | val_loss=0.5889 | val_auc=0.8753
Epoch 014 | time=36.6s | train_loss=0.1894 | val_loss=0.6345 | val_auc=0.8748
Epoch 015 | time=36.4s | train_loss=0.1839 | val_loss=0.6347 | val_auc=0.8759
Epoch 016 | time=36.5s | train_loss=0.1794 | val_loss=0.6307 | val_auc=0.8754
Epoch 017 | time=36.7s | train_loss=0.1756 | val_loss=0.6388 | val_auc=0.8759
Epoch 018 | time=36.7s | train_loss=0.1578 | val_loss=0.6512 | val_auc=0.8773
  ✓ New best model (epoch 18, val_loss=0.6512, val_auc=0.8773) saved to checkpoints/fp_vs_cnn_esm2.pt
Epoch 019 | time=36.9s | train_loss=0.1535 | val_loss=0.6794 | val_auc=0.8760
Epoch 020 | time=36.5s | train_loss=0.1500 | val_loss=0.6869 | val_auc=0.8768
Epoch 021 | time=36.4s | train_loss=0.1478 | val_loss=0.7588 | val_auc=0.8767
Epoch 022 | time=36.5s | train_loss=0.1451 | val_loss=0.6789 | val_auc=0.8779
  ✓ New best model (epoch 22, val_loss=0.6789, val_auc=0.8779) saved to checkpoints/fp_vs_cnn_esm2.pt
Epoch 023 | time=36.5s | train_loss=0.1424 | val_loss=0.6981 | val_auc=0.8779
Epoch 024 | time=36.6s | train_loss=0.1340 | val_loss=0.7260 | val_auc=0.8778
Epoch 025 | time=36.6s | train_loss=0.1320 | val_loss=0.7222 | val_auc=0.8777
Epoch 026 | time=36.6s | train_loss=0.1300 | val_loss=0.7252 | val_auc=0.8781
  ✓ New best model (epoch 26, val_loss=0.7252, val_auc=0.8781) saved to checkpoints/fp_vs_cnn_esm2.pt
Epoch 027 | time=36.7s | train_loss=0.1280 | val_loss=0.7471 | val_auc=0.8782
  ✓ New best model (epoch 27, val_loss=0.7471, val_auc=0.8782) saved to checkpoints/fp_vs_cnn_esm2.pt
Epoch 028 | time=36.7s | train_loss=0.1265 | val_loss=0.7660 | val_auc=0.8776
Epoch 029 | time=36.7s | train_loss=0.1262 | val_loss=0.7690 | val_auc=0.8768
Epoch 030 | time=36.5s | train_loss=0.1222 | val_loss=0.7640 | val_auc=0.8774
Epoch 031 | time=36.3s | train_loss=0.1200 | val_loss=0.7596 | val_auc=0.8779
Epoch 032 | time=36.7s | train_loss=0.1197 | val_loss=0.7853 | val_auc=0.8773
Epoch 033 | time=36.5s | train_loss=0.1186 | val_loss=0.7664 | val_auc=0.8779
Epoch 034 | time=36.6s | train_loss=0.1171 | val_loss=0.7739 | val_auc=0.8779
Epoch 035 | time=36.7s | train_loss=0.1174 | val_loss=0.7922 | val_auc=0.8778
Epoch 036 | time=36.5s | train_loss=0.1156 | val_loss=0.7858 | val_auc=0.8777
Epoch 037 | time=36.5s | train_loss=0.1141 | val_loss=0.8024 | val_auc=0.8778
Early stopping — no improvement for 10 epochs

Best model: epoch 27, val_loss=0.8024, val_auc=0.8782

═══ Test Results ═══
           auc: 0.8841
         auprc: 0.8842
            f1: 0.7766
     precision: 0.8512
        recall: 0.7139
          loss: 0.6956
