/home/kstankiewicz/DTI/Multimodal-models-for-predicting-drug-target-interactions/.venv/lib/python3.11/site-packages/outdated/__init__.py:36: UserWarning: pkg_resources is deprecated as an API. See https://setuptools.pypa.io/en/latest/pkg_resources.html. The pkg_resources package is slated for removal as early as 2025-11-30. Refrain from using this package or pin to Setuptools<81.
  from pkg_resources import parse_version
Using device: cuda
Loading clean data from: /home/kstankiewicz/DTI/Multimodal-models-for-predicting-drug-target-interactions/src/datasets/clean.parquet
Dataset size: 451858
Train: 315956  Val: 45247  Test: 90655
SMILES encoders:  ['FingerprintMLPEncoder']
Protein encoders: ['ProteinCNNEncoder']
MultimodalDTI(
  (smiles_encoders): ModuleList(
    (0): FingerprintMLPEncoder(
      (mlp): Sequential(
        (0): Linear(in_features=1024, out_features=512, bias=True)
        (1): BatchNorm1d(512, eps=1e-05, momentum=0.1, affine=True, track_running_stats=True)
        (2): ReLU()
        (3): Dropout(p=0.2, inplace=False)
        (4): Linear(in_features=512, out_features=256, bias=True)
        (5): BatchNorm1d(256, eps=1e-05, momentum=0.1, affine=True, track_running_stats=True)
        (6): ReLU()
      )
    )
  )
  (protein_encoders): ModuleList(
    (0): ProteinCNNEncoder(
      (embedding): Embedding(21, 256, padding_idx=0)
      (conv_blocks): ModuleList(
        (0): Sequential(
          (0): Conv1d(256, 128, kernel_size=(3,), stride=(1,), padding=(1,))
          (1): BatchNorm1d(128, eps=1e-05, momentum=0.1, affine=True, track_running_stats=True)
          (2): ReLU()
          (3): Conv1d(128, 128, kernel_size=(3,), stride=(1,), padding=(1,))
          (4): BatchNorm1d(128, eps=1e-05, momentum=0.1, affine=True, track_running_stats=True)
          (5): ReLU()
        )
        (1): Sequential(
          (0): Conv1d(256, 128, kernel_size=(7,), stride=(1,), padding=(3,))
          (1): BatchNorm1d(128, eps=1e-05, momentum=0.1, affine=True, track_running_stats=True)
          (2): ReLU()
          (3): Conv1d(128, 128, kernel_size=(7,), stride=(1,), padding=(3,))
          (4): BatchNorm1d(128, eps=1e-05, momentum=0.1, affine=True, track_running_stats=True)
          (5): ReLU()
        )
        (2): Sequential(
          (0): Conv1d(256, 128, kernel_size=(15,), stride=(1,), padding=(7,))
          (1): BatchNorm1d(128, eps=1e-05, momentum=0.1, affine=True, track_running_stats=True)
          (2): ReLU()
          (3): Conv1d(128, 128, kernel_size=(15,), stride=(1,), padding=(7,))
          (4): BatchNorm1d(128, eps=1e-05, momentum=0.1, affine=True, track_running_stats=True)
          (5): ReLU()
        )
      )
    )
  )
  (fusion): MLPFusion(
    (classifier): Sequential(
      (0): Linear(in_features=640, out_features=256, bias=True)
      (1): BatchNorm1d(256, eps=1e-05, momentum=0.1, affine=True, track_running_stats=True)
      (2): ReLU()
      (3): Dropout(p=0.3, inplace=False)
      (4): Linear(in_features=256, out_features=64, bias=True)
      (5): BatchNorm1d(64, eps=1e-05, momentum=0.1, affine=True, track_running_stats=True)
      (6): ReLU()
      (7): Dropout(p=0.3, inplace=False)
      (8): Linear(in_features=64, out_features=1, bias=True)
    )
  )
)
Epoch 001 | time=353.9s | train_loss=0.5324 | val_loss=0.4811 | val_auc=0.8526
  ✓ New best model (epoch 1, val_loss=0.4811, val_auc=0.8526) saved to checkpoints/fp_vs_cnn.pt
Epoch 002 | time=351.9s | train_loss=0.4434 | val_loss=0.4699 | val_auc=0.8776
  ✓ New best model (epoch 2, val_loss=0.4699, val_auc=0.8776) saved to checkpoints/fp_vs_cnn.pt
Epoch 003 | time=351.0s | train_loss=0.3993 | val_loss=0.4297 | val_auc=0.8902
  ✓ New best model (epoch 3, val_loss=0.4297, val_auc=0.8902) saved to checkpoints/fp_vs_cnn.pt
Epoch 004 | time=350.8s | train_loss=0.3695 | val_loss=0.4050 | val_auc=0.8983
  ✓ New best model (epoch 4, val_loss=0.4050, val_auc=0.8983) saved to checkpoints/fp_vs_cnn.pt
Epoch 005 | time=350.7s | train_loss=0.3475 | val_loss=0.3997 | val_auc=0.9015
  ✓ New best model (epoch 5, val_loss=0.3997, val_auc=0.9015) saved to checkpoints/fp_vs_cnn.pt
Epoch 006 | time=350.6s | train_loss=0.3282 | val_loss=0.3965 | val_auc=0.9052
  ✓ New best model (epoch 6, val_loss=0.3965, val_auc=0.9052) saved to checkpoints/fp_vs_cnn.pt
Epoch 007 | time=350.7s | train_loss=0.3133 | val_loss=0.4008 | val_auc=0.9069
Epoch 008 | time=350.9s | train_loss=0.2999 | val_loss=0.4086 | val_auc=0.9064
Epoch 009 | time=350.9s | train_loss=0.2898 | val_loss=0.4064 | val_auc=0.9082
Epoch 010 | time=350.5s | train_loss=0.2779 | val_loss=0.4390 | val_auc=0.9086
Epoch 011 | time=350.4s | train_loss=0.2694 | val_loss=0.4375 | val_auc=0.9105
Epoch 012 | time=350.2s | train_loss=0.2606 | val_loss=0.4293 | val_auc=0.9091
Epoch 013 | time=350.0s | train_loss=0.2316 | val_loss=0.4314 | val_auc=0.9140
Epoch 014 | time=350.2s | train_loss=0.2216 | val_loss=0.4567 | val_auc=0.9139
Early stopping — no improvement for 8 epochs

Best model: epoch 6, val_loss=0.3965, val_auc=0.9139

═══ Test Results ═══
           auc: 0.9056
         auprc: 0.8996
            f1: 0.8177
     precision: 0.8103
        recall: 0.8253
          loss: 0.3946
