/home/kappy/Repos/Multimodal-models-for-predicting-drug-target-interactions/.venv/lib/python3.11/site-packages/outdated/__init__.py:36: UserWarning: pkg_resources is deprecated as an API. See https://setuptools.pypa.io/en/latest/pkg_resources.html. The pkg_resources package is slated for removal as early as 2025-11-30. Refrain from using this package or pin to Setuptools<81.
  from pkg_resources import parse_version
Using device: cuda
Loading clean data from: /home/kappy/Repos/Multimodal-models-for-predicting-drug-target-interactions/src/datasets/lincs_balanced.parquet
Dataset size: 27498
Train: 19558  Val: 2885  Test: 5055
ChemBERTProcessor: loaded 236379 embeddings (dim=768) from /home/kappy/Repos/Multimodal-models-for-predicting-drug-target-interactions/src/datasets/ChemBERTa-zinc-base-v1.pt
SMILES encoders:  ['ChemBERTEncoder', 'LincsEncoder', 'RDKitDescriptorEncoder']
Protein encoders: ['ProteinCNNEncoder']
MultimodalDTI(
  (smiles_encoders): ModuleList(
    (0): ChemBERTEncoder(
      (projection): Sequential(
        (0): Linear(in_features=768, out_features=128, bias=True)
        (1): LayerNorm((128,), eps=1e-05, elementwise_affine=True)
        (2): ReLU()
      )
    )
    (1): LincsEncoder(
      (mlp): Sequential(
        (0): Linear(in_features=978, out_features=128, bias=True)
        (1): BatchNorm1d(128, eps=1e-05, momentum=0.1, affine=True, track_running_stats=True)
        (2): ReLU()
        (3): Dropout(p=0.5, inplace=False)
        (4): Linear(in_features=128, out_features=128, bias=True)
        (5): BatchNorm1d(128, eps=1e-05, momentum=0.1, affine=True, track_running_stats=True)
        (6): ReLU()
      )
    )
    (2): RDKitDescriptorEncoder(
      (mlp): Sequential(
        (0): Linear(in_features=210, out_features=256, bias=True)
        (1): BatchNorm1d(256, eps=1e-05, momentum=0.1, affine=True, track_running_stats=True)
        (2): ReLU()
        (3): Dropout(p=0.5, inplace=False)
        (4): Linear(in_features=256, out_features=128, bias=True)
        (5): BatchNorm1d(128, eps=1e-05, momentum=0.1, affine=True, track_running_stats=True)
        (6): ReLU()
      )
    )
  )
  (protein_encoders): ModuleList(
    (0): ProteinCNNEncoder(
      (embedding): Embedding(21, 128, padding_idx=0)
      (conv_blocks): ModuleList(
        (0): Sequential(
          (0): Conv1d(128, 64, kernel_size=(3,), stride=(1,), padding=(1,))
          (1): BatchNorm1d(64, eps=1e-05, momentum=0.1, affine=True, track_running_stats=True)
          (2): ReLU()
          (3): Conv1d(64, 64, kernel_size=(3,), stride=(1,), padding=(1,))
          (4): BatchNorm1d(64, eps=1e-05, momentum=0.1, affine=True, track_running_stats=True)
          (5): ReLU()
        )
        (1): Sequential(
          (0): Conv1d(128, 64, kernel_size=(7,), stride=(1,), padding=(3,))
          (1): BatchNorm1d(64, eps=1e-05, momentum=0.1, affine=True, track_running_stats=True)
          (2): ReLU()
          (3): Conv1d(64, 64, kernel_size=(7,), stride=(1,), padding=(3,))
          (4): BatchNorm1d(64, eps=1e-05, momentum=0.1, affine=True, track_running_stats=True)
          (5): ReLU()
        )
        (2): Sequential(
          (0): Conv1d(128, 64, kernel_size=(15,), stride=(1,), padding=(7,))
          (1): BatchNorm1d(64, eps=1e-05, momentum=0.1, affine=True, track_running_stats=True)
          (2): ReLU()
          (3): Conv1d(64, 64, kernel_size=(15,), stride=(1,), padding=(7,))
          (4): BatchNorm1d(64, eps=1e-05, momentum=0.1, affine=True, track_running_stats=True)
          (5): ReLU()
        )
      )
    )
  )
  (fusion): MLPFusion(
    (classifier): Sequential(
      (0): Linear(in_features=576, out_features=128, bias=True)
      (1): BatchNorm1d(128, eps=1e-05, momentum=0.1, affine=True, track_running_stats=True)
      (2): ReLU()
      (3): Dropout(p=0.5, inplace=False)
      (4): Linear(in_features=128, out_features=32, bias=True)
      (5): BatchNorm1d(32, eps=1e-05, momentum=0.1, affine=True, track_running_stats=True)
      (6): ReLU()
      (7): Dropout(p=0.5, inplace=False)
      (8): Linear(in_features=32, out_features=1, bias=True)
    )
  )
)
Epoch 001 | time=3.5s | train_loss=0.6217 | val_loss=0.6337 | val_auc=0.7002
  ✓ New best model (epoch 1, val_loss=0.6337, val_auc=0.7002) saved to checkpoints/chembert_lincs_rdkit_desc_vs_cnn.pt
Epoch 002 | time=2.8s | train_loss=0.5215 | val_loss=0.6052 | val_auc=0.7380
  ✓ New best model (epoch 2, val_loss=0.6052, val_auc=0.7380) saved to checkpoints/chembert_lincs_rdkit_desc_vs_cnn.pt
Epoch 003 | time=2.8s | train_loss=0.4665 | val_loss=0.5873 | val_auc=0.7564
  ✓ New best model (epoch 3, val_loss=0.5873, val_auc=0.7564) saved to checkpoints/chembert_lincs_rdkit_desc_vs_cnn.pt
Epoch 004 | time=2.8s | train_loss=0.4228 | val_loss=0.5816 | val_auc=0.7642
  ✓ New best model (epoch 4, val_loss=0.5816, val_auc=0.7642) saved to checkpoints/chembert_lincs_rdkit_desc_vs_cnn.pt
Epoch 005 | time=2.8s | train_loss=0.3922 | val_loss=0.5782 | val_auc=0.7744
  ✓ New best model (epoch 5, val_loss=0.5782, val_auc=0.7744) saved to checkpoints/chembert_lincs_rdkit_desc_vs_cnn.pt
Epoch 006 | time=2.8s | train_loss=0.3656 | val_loss=0.5754 | val_auc=0.7743
Epoch 007 | time=2.8s | train_loss=0.3454 | val_loss=0.5771 | val_auc=0.7787
  ✓ New best model (epoch 7, val_loss=0.5771, val_auc=0.7787) saved to checkpoints/chembert_lincs_rdkit_desc_vs_cnn.pt
Epoch 008 | time=2.8s | train_loss=0.3261 | val_loss=0.5703 | val_auc=0.7843
  ✓ New best model (epoch 8, val_loss=0.5703, val_auc=0.7843) saved to checkpoints/chembert_lincs_rdkit_desc_vs_cnn.pt
Epoch 009 | time=2.8s | train_loss=0.3101 | val_loss=0.5659 | val_auc=0.7900
  ✓ New best model (epoch 9, val_loss=0.5659, val_auc=0.7900) saved to checkpoints/chembert_lincs_rdkit_desc_vs_cnn.pt
Epoch 010 | time=2.8s | train_loss=0.2972 | val_loss=0.5588 | val_auc=0.7974
  ✓ New best model (epoch 10, val_loss=0.5588, val_auc=0.7974) saved to checkpoints/chembert_lincs_rdkit_desc_vs_cnn.pt
Epoch 011 | time=2.8s | train_loss=0.2825 | val_loss=0.5660 | val_auc=0.7898
Epoch 012 | time=2.8s | train_loss=0.2720 | val_loss=0.5678 | val_auc=0.7916
Epoch 013 | time=2.8s | train_loss=0.2596 | val_loss=0.5893 | val_auc=0.7788
Epoch 014 | time=2.8s | train_loss=0.2458 | val_loss=0.5592 | val_auc=0.8017
  ✓ New best model (epoch 14, val_loss=0.5592, val_auc=0.8017) saved to checkpoints/chembert_lincs_rdkit_desc_vs_cnn.pt
Epoch 015 | time=2.8s | train_loss=0.2379 | val_loss=0.5716 | val_auc=0.7956
Epoch 016 | time=2.8s | train_loss=0.2294 | val_loss=0.5675 | val_auc=0.7997
Epoch 017 | time=2.8s | train_loss=0.2146 | val_loss=0.5799 | val_auc=0.7974
Epoch 018 | time=2.8s | train_loss=0.2077 | val_loss=0.5705 | val_auc=0.7996
Epoch 019 | time=2.8s | train_loss=0.2038 | val_loss=0.5863 | val_auc=0.7898
Epoch 020 | time=2.8s | train_loss=0.1969 | val_loss=0.5824 | val_auc=0.7956
Epoch 021 | time=2.8s | train_loss=0.1951 | val_loss=0.5606 | val_auc=0.8074
  ✓ New best model (epoch 21, val_loss=0.5606, val_auc=0.8074) saved to checkpoints/chembert_lincs_rdkit_desc_vs_cnn.pt
Epoch 022 | time=2.8s | train_loss=0.1892 | val_loss=0.5869 | val_auc=0.7971
Epoch 023 | time=2.8s | train_loss=0.1811 | val_loss=0.5719 | val_auc=0.8043
Epoch 024 | time=2.8s | train_loss=0.1811 | val_loss=0.5812 | val_auc=0.7973
Epoch 025 | time=2.8s | train_loss=0.1760 | val_loss=0.5807 | val_auc=0.7979
Epoch 026 | time=2.8s | train_loss=0.1772 | val_loss=0.5838 | val_auc=0.7971
Epoch 027 | time=2.8s | train_loss=0.1703 | val_loss=0.5919 | val_auc=0.7944
Epoch 028 | time=2.9s | train_loss=0.1716 | val_loss=0.5901 | val_auc=0.7976
Epoch 029 | time=2.8s | train_loss=0.1654 | val_loss=0.5844 | val_auc=0.8015
Epoch 030 | time=2.7s | train_loss=0.1665 | val_loss=0.5870 | val_auc=0.7981
Epoch 031 | time=2.7s | train_loss=0.1671 | val_loss=0.5834 | val_auc=0.8021
Early stopping — no improvement for 10 epochs

Best model: epoch 21, val_loss=0.5834, val_auc=0.8074

═══ Test Results ═══
           auc: 0.7334
         auprc: 0.6396
            f1: 0.6748
     precision: 0.6345
        recall: 0.7206
          loss: 0.7277
