/home/kappy/Repos/Multimodal-models-for-predicting-drug-target-interactions/.venv/lib/python3.11/site-packages/outdated/__init__.py:36: UserWarning: pkg_resources is deprecated as an API. See https://setuptools.pypa.io/en/latest/pkg_resources.html. The pkg_resources package is slated for removal as early as 2025-11-30. Refrain from using this package or pin to Setuptools<81.
  from pkg_resources import parse_version
Using device: cuda
Loading clean data from: /home/kappy/Repos/Multimodal-models-for-predicting-drug-target-interactions/src/datasets/lincs_balanced.parquet
Dataset size: 27498
Train: 19558  Val: 2885  Test: 5055
ChemBERTProcessor: loaded 236379 embeddings (dim=768) from /home/kappy/Repos/Multimodal-models-for-predicting-drug-target-interactions/src/datasets/ChemBERTa-zinc-base-v1.pt
SMILES encoders:  ['FingerprintMLPEncoder', 'ChemBERTEncoder', 'LincsEncoder', 'RDKitDescriptorEncoder']
Protein encoders: ['ProteinCNNEncoder']
MultimodalDTI(
  (smiles_encoders): ModuleList(
    (0): FingerprintMLPEncoder(
      (mlp): Sequential(
        (0): Linear(in_features=1024, out_features=256, bias=True)
        (1): BatchNorm1d(256, eps=1e-05, momentum=0.1, affine=True, track_running_stats=True)
        (2): ReLU()
        (3): Dropout(p=0.5, inplace=False)
        (4): Linear(in_features=256, out_features=128, bias=True)
        (5): BatchNorm1d(128, eps=1e-05, momentum=0.1, affine=True, track_running_stats=True)
        (6): ReLU()
      )
    )
    (1): ChemBERTEncoder(
      (projection): Sequential(
        (0): Linear(in_features=768, out_features=128, bias=True)
        (1): LayerNorm((128,), eps=1e-05, elementwise_affine=True)
        (2): ReLU()
      )
    )
    (2): LincsEncoder(
      (mlp): Sequential(
        (0): Linear(in_features=978, out_features=128, bias=True)
        (1): BatchNorm1d(128, eps=1e-05, momentum=0.1, affine=True, track_running_stats=True)
        (2): ReLU()
        (3): Dropout(p=0.5, inplace=False)
        (4): Linear(in_features=128, out_features=128, bias=True)
        (5): BatchNorm1d(128, eps=1e-05, momentum=0.1, affine=True, track_running_stats=True)
        (6): ReLU()
      )
    )
    (3): RDKitDescriptorEncoder(
      (mlp): Sequential(
        (0): Linear(in_features=210, out_features=256, bias=True)
        (1): BatchNorm1d(256, eps=1e-05, momentum=0.1, affine=True, track_running_stats=True)
        (2): ReLU()
        (3): Dropout(p=0.5, inplace=False)
        (4): Linear(in_features=256, out_features=128, bias=True)
        (5): BatchNorm1d(128, eps=1e-05, momentum=0.1, affine=True, track_running_stats=True)
        (6): ReLU()
      )
    )
  )
  (protein_encoders): ModuleList(
    (0): ProteinCNNEncoder(
      (embedding): Embedding(21, 128, padding_idx=0)
      (conv_blocks): ModuleList(
        (0): Sequential(
          (0): Conv1d(128, 64, kernel_size=(3,), stride=(1,), padding=(1,))
          (1): BatchNorm1d(64, eps=1e-05, momentum=0.1, affine=True, track_running_stats=True)
          (2): ReLU()
          (3): Conv1d(64, 64, kernel_size=(3,), stride=(1,), padding=(1,))
          (4): BatchNorm1d(64, eps=1e-05, momentum=0.1, affine=True, track_running_stats=True)
          (5): ReLU()
        )
        (1): Sequential(
          (0): Conv1d(128, 64, kernel_size=(7,), stride=(1,), padding=(3,))
          (1): BatchNorm1d(64, eps=1e-05, momentum=0.1, affine=True, track_running_stats=True)
          (2): ReLU()
          (3): Conv1d(64, 64, kernel_size=(7,), stride=(1,), padding=(3,))
          (4): BatchNorm1d(64, eps=1e-05, momentum=0.1, affine=True, track_running_stats=True)
          (5): ReLU()
        )
        (2): Sequential(
          (0): Conv1d(128, 64, kernel_size=(15,), stride=(1,), padding=(7,))
          (1): BatchNorm1d(64, eps=1e-05, momentum=0.1, affine=True, track_running_stats=True)
          (2): ReLU()
          (3): Conv1d(64, 64, kernel_size=(15,), stride=(1,), padding=(7,))
          (4): BatchNorm1d(64, eps=1e-05, momentum=0.1, affine=True, track_running_stats=True)
          (5): ReLU()
        )
      )
    )
  )
  (fusion): MLPFusion(
    (classifier): Sequential(
      (0): Linear(in_features=704, out_features=128, bias=True)
      (1): BatchNorm1d(128, eps=1e-05, momentum=0.1, affine=True, track_running_stats=True)
      (2): ReLU()
      (3): Dropout(p=0.5, inplace=False)
      (4): Linear(in_features=128, out_features=32, bias=True)
      (5): BatchNorm1d(32, eps=1e-05, momentum=0.1, affine=True, track_running_stats=True)
      (6): ReLU()
      (7): Dropout(p=0.5, inplace=False)
      (8): Linear(in_features=32, out_features=1, bias=True)
    )
  )
)
Epoch 001 | time=3.2s | train_loss=0.6231 | val_loss=0.6301 | val_auc=0.7161
  ✓ New best model (epoch 1, val_loss=0.6301, val_auc=0.7161) saved to checkpoints/fp_chembert_lincs_rdkit_desc_vs_cnn.pt
Epoch 002 | time=2.8s | train_loss=0.5145 | val_loss=0.5999 | val_auc=0.7509
  ✓ New best model (epoch 2, val_loss=0.5999, val_auc=0.7509) saved to checkpoints/fp_chembert_lincs_rdkit_desc_vs_cnn.pt
Epoch 003 | time=2.8s | train_loss=0.4567 | val_loss=0.5797 | val_auc=0.7709
  ✓ New best model (epoch 3, val_loss=0.5797, val_auc=0.7709) saved to checkpoints/fp_chembert_lincs_rdkit_desc_vs_cnn.pt
Epoch 004 | time=2.8s | train_loss=0.4174 | val_loss=0.5795 | val_auc=0.7671
Epoch 005 | time=2.8s | train_loss=0.3872 | val_loss=0.5760 | val_auc=0.7765
  ✓ New best model (epoch 5, val_loss=0.5760, val_auc=0.7765) saved to checkpoints/fp_chembert_lincs_rdkit_desc_vs_cnn.pt
Epoch 006 | time=2.8s | train_loss=0.3577 | val_loss=0.5530 | val_auc=0.7963
  ✓ New best model (epoch 6, val_loss=0.5530, val_auc=0.7963) saved to checkpoints/fp_chembert_lincs_rdkit_desc_vs_cnn.pt
Epoch 007 | time=2.8s | train_loss=0.3360 | val_loss=0.5405 | val_auc=0.8056
  ✓ New best model (epoch 7, val_loss=0.5405, val_auc=0.8056) saved to checkpoints/fp_chembert_lincs_rdkit_desc_vs_cnn.pt
Epoch 008 | time=2.8s | train_loss=0.3149 | val_loss=0.5485 | val_auc=0.8001
Epoch 009 | time=2.8s | train_loss=0.2988 | val_loss=0.5423 | val_auc=0.8083
  ✓ New best model (epoch 9, val_loss=0.5423, val_auc=0.8083) saved to checkpoints/fp_chembert_lincs_rdkit_desc_vs_cnn.pt
Epoch 010 | time=2.8s | train_loss=0.2819 | val_loss=0.5346 | val_auc=0.8146
  ✓ New best model (epoch 10, val_loss=0.5346, val_auc=0.8146) saved to checkpoints/fp_chembert_lincs_rdkit_desc_vs_cnn.pt
Epoch 011 | time=2.8s | train_loss=0.2713 | val_loss=0.5399 | val_auc=0.8121
Epoch 012 | time=2.8s | train_loss=0.2564 | val_loss=0.5455 | val_auc=0.8110
Epoch 013 | time=2.8s | train_loss=0.2459 | val_loss=0.5296 | val_auc=0.8190
  ✓ New best model (epoch 13, val_loss=0.5296, val_auc=0.8190) saved to checkpoints/fp_chembert_lincs_rdkit_desc_vs_cnn.pt
Epoch 014 | time=2.8s | train_loss=0.2363 | val_loss=0.5219 | val_auc=0.8254
  ✓ New best model (epoch 14, val_loss=0.5219, val_auc=0.8254) saved to checkpoints/fp_chembert_lincs_rdkit_desc_vs_cnn.pt
Epoch 015 | time=2.8s | train_loss=0.2238 | val_loss=0.5420 | val_auc=0.8199
Epoch 016 | time=2.8s | train_loss=0.2168 | val_loss=0.5460 | val_auc=0.8246
Epoch 017 | time=2.8s | train_loss=0.2038 | val_loss=0.5415 | val_auc=0.8226
Epoch 018 | time=2.8s | train_loss=0.1991 | val_loss=0.5398 | val_auc=0.8226
Epoch 019 | time=2.8s | train_loss=0.1880 | val_loss=0.5583 | val_auc=0.8177
Epoch 020 | time=2.8s | train_loss=0.1804 | val_loss=0.5447 | val_auc=0.8285
  ✓ New best model (epoch 20, val_loss=0.5447, val_auc=0.8285) saved to checkpoints/fp_chembert_lincs_rdkit_desc_vs_cnn.pt
Epoch 021 | time=2.8s | train_loss=0.1720 | val_loss=0.5500 | val_auc=0.8321
  ✓ New best model (epoch 21, val_loss=0.5500, val_auc=0.8321) saved to checkpoints/fp_chembert_lincs_rdkit_desc_vs_cnn.pt
Epoch 022 | time=2.8s | train_loss=0.1660 | val_loss=0.5344 | val_auc=0.8354
  ✓ New best model (epoch 22, val_loss=0.5344, val_auc=0.8354) saved to checkpoints/fp_chembert_lincs_rdkit_desc_vs_cnn.pt
Epoch 023 | time=2.8s | train_loss=0.1594 | val_loss=0.5488 | val_auc=0.8330
Epoch 024 | time=2.8s | train_loss=0.1592 | val_loss=0.5486 | val_auc=0.8357
  ✓ New best model (epoch 24, val_loss=0.5486, val_auc=0.8357) saved to checkpoints/fp_chembert_lincs_rdkit_desc_vs_cnn.pt
Epoch 025 | time=2.8s | train_loss=0.1541 | val_loss=0.5550 | val_auc=0.8325
Epoch 026 | time=2.8s | train_loss=0.1507 | val_loss=0.5507 | val_auc=0.8347
Epoch 027 | time=2.8s | train_loss=0.1453 | val_loss=0.5538 | val_auc=0.8352
Epoch 028 | time=2.8s | train_loss=0.1427 | val_loss=0.5543 | val_auc=0.8362
  ✓ New best model (epoch 28, val_loss=0.5543, val_auc=0.8362) saved to checkpoints/fp_chembert_lincs_rdkit_desc_vs_cnn.pt
Epoch 029 | time=2.8s | train_loss=0.1415 | val_loss=0.5566 | val_auc=0.8344
Epoch 030 | time=2.8s | train_loss=0.1383 | val_loss=0.5488 | val_auc=0.8370
  ✓ New best model (epoch 30, val_loss=0.5488, val_auc=0.8370) saved to checkpoints/fp_chembert_lincs_rdkit_desc_vs_cnn.pt
Epoch 031 | time=2.8s | train_loss=0.1375 | val_loss=0.5434 | val_auc=0.8406
  ✓ New best model (epoch 31, val_loss=0.5434, val_auc=0.8406) saved to checkpoints/fp_chembert_lincs_rdkit_desc_vs_cnn.pt
Epoch 032 | time=2.8s | train_loss=0.1369 | val_loss=0.5491 | val_auc=0.8405
Epoch 033 | time=2.8s | train_loss=0.1337 | val_loss=0.5458 | val_auc=0.8406
  ✓ New best model (epoch 33, val_loss=0.5458, val_auc=0.8406) saved to checkpoints/fp_chembert_lincs_rdkit_desc_vs_cnn.pt
Epoch 034 | time=2.8s | train_loss=0.1335 | val_loss=0.5540 | val_auc=0.8395
Epoch 035 | time=2.8s | train_loss=0.1298 | val_loss=0.5613 | val_auc=0.8373
Epoch 036 | time=2.8s | train_loss=0.1301 | val_loss=0.5551 | val_auc=0.8403
Epoch 037 | time=2.8s | train_loss=0.1297 | val_loss=0.5517 | val_auc=0.8402
Epoch 038 | time=2.8s | train_loss=0.1256 | val_loss=0.5502 | val_auc=0.8399
Epoch 039 | time=2.8s | train_loss=0.1280 | val_loss=0.5580 | val_auc=0.8392
Epoch 040 | time=2.8s | train_loss=0.1260 | val_loss=0.5555 | val_auc=0.8401
Epoch 041 | time=2.8s | train_loss=0.1270 | val_loss=0.5509 | val_auc=0.8413
  ✓ New best model (epoch 41, val_loss=0.5509, val_auc=0.8413) saved to checkpoints/fp_chembert_lincs_rdkit_desc_vs_cnn.pt
Epoch 042 | time=2.8s | train_loss=0.1256 | val_loss=0.5592 | val_auc=0.8394
Epoch 043 | time=2.8s | train_loss=0.1247 | val_loss=0.5586 | val_auc=0.8398
Epoch 044 | time=2.8s | train_loss=0.1216 | val_loss=0.5608 | val_auc=0.8394
Epoch 045 | time=2.8s | train_loss=0.1249 | val_loss=0.5572 | val_auc=0.8399
Epoch 046 | time=2.8s | train_loss=0.1231 | val_loss=0.5579 | val_auc=0.8396
Epoch 047 | time=2.8s | train_loss=0.1241 | val_loss=0.5614 | val_auc=0.8403
Epoch 048 | time=2.8s | train_loss=0.1243 | val_loss=0.5617 | val_auc=0.8398
Epoch 049 | time=2.8s | train_loss=0.1216 | val_loss=0.5542 | val_auc=0.8405
Epoch 050 | time=2.8s | train_loss=0.1243 | val_loss=0.5634 | val_auc=0.8393
Epoch 051 | time=2.8s | train_loss=0.1215 | val_loss=0.5646 | val_auc=0.8392
Early stopping — no improvement for 10 epochs

Best model: epoch 41, val_loss=0.5646, val_auc=0.8413

═══ Test Results ═══
           auc: 0.7209
         auprc: 0.6631
            f1: 0.6377
     precision: 0.6251
        recall: 0.6507
          loss: 0.8293
