/home/kappy/Repos/Multimodal-models-for-predicting-drug-target-interactions/.venv/lib/python3.11/site-packages/outdated/__init__.py:36: UserWarning: pkg_resources is deprecated as an API. See https://setuptools.pypa.io/en/latest/pkg_resources.html. The pkg_resources package is slated for removal as early as 2025-11-30. Refrain from using this package or pin to Setuptools<81.
  from pkg_resources import parse_version
Using device: cuda
Loading clean data from: /home/kappy/Repos/Multimodal-models-for-predicting-drug-target-interactions/src/datasets/lincs_balanced.parquet
Dataset size: 27498
Train: 19558  Val: 2885  Test: 5055
ChemBERTProcessor: loaded 236379 embeddings (dim=768) from /home/kappy/Repos/Multimodal-models-for-predicting-drug-target-interactions/src/datasets/ChemBERTa-zinc-base-v1.pt
Fitting MinMaxScaler on 1264 cached RDKit descriptors...
SMILES encoders:  ['FingerprintMLPEncoder', 'GCNEncoder', 'ChemBERTEncoder', 'LincsEncoder', 'RDKitDescriptorEncoder']
Protein encoders: ['ProteinCNNEncoder']
Building graph cache for 1264 SMILES...
  0%|          | 0/1264 [00:00<?, ?it/s] 39%|███▉      | 499/1264 [00:00<00:00, 4986.60it/s] 79%|███████▉  | 998/1264 [00:00<00:00, 4976.59it/s]100%|██████████| 1264/1264 [00:00<00:00, 5064.27it/s]
Valid SMILES graphs: 1264
MultimodalDTI(
  (smiles_encoders): ModuleList(
    (0): FingerprintMLPEncoder(
      (mlp): Sequential(
        (0): Linear(in_features=1024, out_features=256, bias=True)
        (1): BatchNorm1d(256, eps=1e-05, momentum=0.1, affine=True, track_running_stats=True)
        (2): ReLU()
        (3): Dropout(p=0.5, inplace=False)
        (4): Linear(in_features=256, out_features=128, bias=True)
        (5): BatchNorm1d(128, eps=1e-05, momentum=0.1, affine=True, track_running_stats=True)
        (6): ReLU()
      )
    )
    (1): GCNEncoder(
      (atom_encoder): AtomEncoder(
        (atom_embedding_list): ModuleList(
          (0): Embedding(119, 128)
          (1): Embedding(5, 128)
          (2-3): 2 x Embedding(12, 128)
          (4): Embedding(10, 128)
          (5-6): 2 x Embedding(6, 128)
          (7-8): 2 x Embedding(2, 128)
        )
      )
      (convs): ModuleList(
        (0-2): 3 x GCNConv(128, 128)
      )
      (bns): ModuleList(
        (0-2): 3 x BatchNorm1d(128, eps=1e-05, momentum=0.1, affine=True, track_running_stats=True)
      )
    )
    (2): ChemBERTEncoder(
      (projection): Sequential(
        (0): Linear(in_features=768, out_features=128, bias=True)
        (1): LayerNorm((128,), eps=1e-05, elementwise_affine=True)
        (2): ReLU()
      )
    )
    (3): LincsEncoder(
      (mlp): Sequential(
        (0): Linear(in_features=978, out_features=128, bias=True)
        (1): BatchNorm1d(128, eps=1e-05, momentum=0.1, affine=True, track_running_stats=True)
        (2): ReLU()
        (3): Dropout(p=0.5, inplace=False)
        (4): Linear(in_features=128, out_features=128, bias=True)
        (5): BatchNorm1d(128, eps=1e-05, momentum=0.1, affine=True, track_running_stats=True)
        (6): ReLU()
      )
    )
    (4): RDKitDescriptorEncoder(
      (mlp): Sequential(
        (0): Linear(in_features=210, out_features=256, bias=True)
        (1): BatchNorm1d(256, eps=1e-05, momentum=0.1, affine=True, track_running_stats=True)
        (2): ReLU()
        (3): Dropout(p=0.5, inplace=False)
        (4): Linear(in_features=256, out_features=128, bias=True)
        (5): BatchNorm1d(128, eps=1e-05, momentum=0.1, affine=True, track_running_stats=True)
        (6): ReLU()
      )
    )
  )
  (protein_encoders): ModuleList(
    (0): ProteinCNNEncoder(
      (embedding): Embedding(21, 128, padding_idx=0)
      (conv_blocks): ModuleList(
        (0): Sequential(
          (0): Conv1d(128, 64, kernel_size=(3,), stride=(1,), padding=(1,))
          (1): BatchNorm1d(64, eps=1e-05, momentum=0.1, affine=True, track_running_stats=True)
          (2): ReLU()
          (3): Conv1d(64, 64, kernel_size=(3,), stride=(1,), padding=(1,))
          (4): BatchNorm1d(64, eps=1e-05, momentum=0.1, affine=True, track_running_stats=True)
          (5): ReLU()
        )
        (1): Sequential(
          (0): Conv1d(128, 64, kernel_size=(7,), stride=(1,), padding=(3,))
          (1): BatchNorm1d(64, eps=1e-05, momentum=0.1, affine=True, track_running_stats=True)
          (2): ReLU()
          (3): Conv1d(64, 64, kernel_size=(7,), stride=(1,), padding=(3,))
          (4): BatchNorm1d(64, eps=1e-05, momentum=0.1, affine=True, track_running_stats=True)
          (5): ReLU()
        )
        (2): Sequential(
          (0): Conv1d(128, 64, kernel_size=(15,), stride=(1,), padding=(7,))
          (1): BatchNorm1d(64, eps=1e-05, momentum=0.1, affine=True, track_running_stats=True)
          (2): ReLU()
          (3): Conv1d(64, 64, kernel_size=(15,), stride=(1,), padding=(7,))
          (4): BatchNorm1d(64, eps=1e-05, momentum=0.1, affine=True, track_running_stats=True)
          (5): ReLU()
        )
      )
    )
  )
  (fusion): MLPFusion(
    (classifier): Sequential(
      (0): Linear(in_features=832, out_features=128, bias=True)
      (1): BatchNorm1d(128, eps=1e-05, momentum=0.1, affine=True, track_running_stats=True)
      (2): ReLU()
      (3): Dropout(p=0.5, inplace=False)
      (4): Linear(in_features=128, out_features=32, bias=True)
      (5): BatchNorm1d(32, eps=1e-05, momentum=0.1, affine=True, track_running_stats=True)
      (6): ReLU()
      (7): Dropout(p=0.5, inplace=False)
      (8): Linear(in_features=32, out_features=1, bias=True)
    )
  )
)
Epoch 001 | time=3.6s | train_loss=0.6658 | val_loss=0.6615 | val_auc=0.6530
  ✓ New best model (epoch 1, val_loss=0.6615, val_auc=0.6530) saved to checkpoints/fp_gcn_chembert_lincs_rdkit_desc_vs_cnn.pt
Epoch 002 | time=3.2s | train_loss=0.5685 | val_loss=0.6192 | val_auc=0.7293
  ✓ New best model (epoch 2, val_loss=0.6192, val_auc=0.7293) saved to checkpoints/fp_gcn_chembert_lincs_rdkit_desc_vs_cnn.pt
Epoch 003 | time=3.2s | train_loss=0.4974 | val_loss=0.5917 | val_auc=0.7609
  ✓ New best model (epoch 3, val_loss=0.5917, val_auc=0.7609) saved to checkpoints/fp_gcn_chembert_lincs_rdkit_desc_vs_cnn.pt
Epoch 004 | time=3.2s | train_loss=0.4498 | val_loss=0.5799 | val_auc=0.7679
  ✓ New best model (epoch 4, val_loss=0.5799, val_auc=0.7679) saved to checkpoints/fp_gcn_chembert_lincs_rdkit_desc_vs_cnn.pt
Epoch 005 | time=3.2s | train_loss=0.4151 | val_loss=0.5709 | val_auc=0.7821
  ✓ New best model (epoch 5, val_loss=0.5709, val_auc=0.7821) saved to checkpoints/fp_gcn_chembert_lincs_rdkit_desc_vs_cnn.pt
Epoch 006 | time=3.2s | train_loss=0.3870 | val_loss=0.5551 | val_auc=0.7951
  ✓ New best model (epoch 6, val_loss=0.5551, val_auc=0.7951) saved to checkpoints/fp_gcn_chembert_lincs_rdkit_desc_vs_cnn.pt
Epoch 007 | time=3.3s | train_loss=0.3624 | val_loss=0.5510 | val_auc=0.7990
  ✓ New best model (epoch 7, val_loss=0.5510, val_auc=0.7990) saved to checkpoints/fp_gcn_chembert_lincs_rdkit_desc_vs_cnn.pt
Epoch 008 | time=3.3s | train_loss=0.3441 | val_loss=0.5361 | val_auc=0.8101
  ✓ New best model (epoch 8, val_loss=0.5361, val_auc=0.8101) saved to checkpoints/fp_gcn_chembert_lincs_rdkit_desc_vs_cnn.pt
Epoch 009 | time=3.4s | train_loss=0.3249 | val_loss=0.5295 | val_auc=0.8171
  ✓ New best model (epoch 9, val_loss=0.5295, val_auc=0.8171) saved to checkpoints/fp_gcn_chembert_lincs_rdkit_desc_vs_cnn.pt
Epoch 010 | time=3.3s | train_loss=0.3061 | val_loss=0.5325 | val_auc=0.8177
  ✓ New best model (epoch 10, val_loss=0.5325, val_auc=0.8177) saved to checkpoints/fp_gcn_chembert_lincs_rdkit_desc_vs_cnn.pt
Epoch 011 | time=3.2s | train_loss=0.2916 | val_loss=0.5292 | val_auc=0.8200
  ✓ New best model (epoch 11, val_loss=0.5292, val_auc=0.8200) saved to checkpoints/fp_gcn_chembert_lincs_rdkit_desc_vs_cnn.pt
Epoch 012 | time=3.2s | train_loss=0.2770 | val_loss=0.5311 | val_auc=0.8176
Epoch 013 | time=3.2s | train_loss=0.2668 | val_loss=0.5230 | val_auc=0.8264
  ✓ New best model (epoch 13, val_loss=0.5230, val_auc=0.8264) saved to checkpoints/fp_gcn_chembert_lincs_rdkit_desc_vs_cnn.pt
Epoch 014 | time=3.2s | train_loss=0.2545 | val_loss=0.5426 | val_auc=0.8191
Epoch 015 | time=3.2s | train_loss=0.2461 | val_loss=0.5254 | val_auc=0.8287
  ✓ New best model (epoch 15, val_loss=0.5254, val_auc=0.8287) saved to checkpoints/fp_gcn_chembert_lincs_rdkit_desc_vs_cnn.pt
Epoch 016 | time=3.2s | train_loss=0.2345 | val_loss=0.5381 | val_auc=0.8228
Epoch 017 | time=3.2s | train_loss=0.2239 | val_loss=0.5446 | val_auc=0.8179
Epoch 018 | time=3.2s | train_loss=0.2159 | val_loss=0.5242 | val_auc=0.8311
  ✓ New best model (epoch 18, val_loss=0.5242, val_auc=0.8311) saved to checkpoints/fp_gcn_chembert_lincs_rdkit_desc_vs_cnn.pt
Epoch 019 | time=3.2s | train_loss=0.2102 | val_loss=0.5294 | val_auc=0.8304
Epoch 020 | time=3.4s | train_loss=0.1984 | val_loss=0.5194 | val_auc=0.8344
  ✓ New best model (epoch 20, val_loss=0.5194, val_auc=0.8344) saved to checkpoints/fp_gcn_chembert_lincs_rdkit_desc_vs_cnn.pt
Epoch 021 | time=3.2s | train_loss=0.1931 | val_loss=0.5357 | val_auc=0.8317
Epoch 022 | time=3.2s | train_loss=0.1847 | val_loss=0.5417 | val_auc=0.8294
Epoch 023 | time=3.2s | train_loss=0.1817 | val_loss=0.5412 | val_auc=0.8301
Epoch 024 | time=3.3s | train_loss=0.1794 | val_loss=0.5437 | val_auc=0.8295
Epoch 025 | time=3.2s | train_loss=0.1749 | val_loss=0.5423 | val_auc=0.8303
Epoch 026 | time=3.3s | train_loss=0.1737 | val_loss=0.5387 | val_auc=0.8344
  ✓ New best model (epoch 26, val_loss=0.5387, val_auc=0.8344) saved to checkpoints/fp_gcn_chembert_lincs_rdkit_desc_vs_cnn.pt
Epoch 027 | time=3.2s | train_loss=0.1643 | val_loss=0.5519 | val_auc=0.8341
Epoch 028 | time=3.2s | train_loss=0.1659 | val_loss=0.5513 | val_auc=0.8330
Epoch 029 | time=3.2s | train_loss=0.1593 | val_loss=0.5413 | val_auc=0.8343
Epoch 030 | time=3.2s | train_loss=0.1585 | val_loss=0.5547 | val_auc=0.8359
  ✓ New best model (epoch 30, val_loss=0.5547, val_auc=0.8359) saved to checkpoints/fp_gcn_chembert_lincs_rdkit_desc_vs_cnn.pt
Epoch 031 | time=3.2s | train_loss=0.1571 | val_loss=0.5493 | val_auc=0.8359
Epoch 032 | time=3.2s | train_loss=0.1574 | val_loss=0.5466 | val_auc=0.8361
  ✓ New best model (epoch 32, val_loss=0.5466, val_auc=0.8361) saved to checkpoints/fp_gcn_chembert_lincs_rdkit_desc_vs_cnn.pt
Epoch 033 | time=3.2s | train_loss=0.1547 | val_loss=0.5443 | val_auc=0.8386
  ✓ New best model (epoch 33, val_loss=0.5443, val_auc=0.8386) saved to checkpoints/fp_gcn_chembert_lincs_rdkit_desc_vs_cnn.pt
Epoch 034 | time=3.2s | train_loss=0.1488 | val_loss=0.5558 | val_auc=0.8366
Epoch 035 | time=3.2s | train_loss=0.1508 | val_loss=0.5556 | val_auc=0.8341
Epoch 036 | time=3.2s | train_loss=0.1491 | val_loss=0.5517 | val_auc=0.8367
Epoch 037 | time=3.2s | train_loss=0.1503 | val_loss=0.5558 | val_auc=0.8374
Epoch 038 | time=3.2s | train_loss=0.1477 | val_loss=0.5637 | val_auc=0.8348
Epoch 039 | time=3.2s | train_loss=0.1455 | val_loss=0.5654 | val_auc=0.8341
Epoch 040 | time=3.2s | train_loss=0.1451 | val_loss=0.5585 | val_auc=0.8361
Epoch 041 | time=3.2s | train_loss=0.1451 | val_loss=0.5532 | val_auc=0.8373
Epoch 042 | time=3.2s | train_loss=0.1457 | val_loss=0.5578 | val_auc=0.8369
Epoch 043 | time=3.2s | train_loss=0.1444 | val_loss=0.5664 | val_auc=0.8360
Early stopping — no improvement for 10 epochs

Best model: epoch 33, val_loss=0.5664, val_auc=0.8386

═══ Test Results ═══
           auc: 0.7484
         auprc: 0.6824
            f1: 0.6722
     precision: 0.6753
        recall: 0.6692
          loss: 0.7256
