/home/kappy/Repos/Multimodal-models-for-predicting-drug-target-interactions/.venv/lib/python3.11/site-packages/outdated/__init__.py:36: UserWarning: pkg_resources is deprecated as an API. See https://setuptools.pypa.io/en/latest/pkg_resources.html. The pkg_resources package is slated for removal as early as 2025-11-30. Refrain from using this package or pin to Setuptools<81.
  from pkg_resources import parse_version
Using device: cuda
Loading clean data from: /home/kappy/Repos/Multimodal-models-for-predicting-drug-target-interactions/src/datasets/lincs_balanced.parquet
Dataset size: 27498
Train: 19558  Val: 2885  Test: 5055
SMILES encoders:  ['FingerprintMLPEncoder', 'GCNEncoder', 'LincsEncoder', 'RDKitDescriptorEncoder']
Protein encoders: ['ProteinCNNEncoder']
Building graph cache for 1264 SMILES...
  0%|          | 0/1264 [00:00<?, ?it/s] 40%|████      | 510/1264 [00:00<00:00, 5097.10it/s] 81%|████████  | 1020/1264 [00:00<00:00, 5076.90it/s]100%|██████████| 1264/1264 [00:00<00:00, 5163.96it/s]
Valid SMILES graphs: 1264
MultimodalDTI(
  (smiles_encoders): ModuleList(
    (0): FingerprintMLPEncoder(
      (mlp): Sequential(
        (0): Linear(in_features=1024, out_features=256, bias=True)
        (1): BatchNorm1d(256, eps=1e-05, momentum=0.1, affine=True, track_running_stats=True)
        (2): ReLU()
        (3): Dropout(p=0.5, inplace=False)
        (4): Linear(in_features=256, out_features=128, bias=True)
        (5): BatchNorm1d(128, eps=1e-05, momentum=0.1, affine=True, track_running_stats=True)
        (6): ReLU()
      )
    )
    (1): GCNEncoder(
      (atom_encoder): AtomEncoder(
        (atom_embedding_list): ModuleList(
          (0): Embedding(119, 128)
          (1): Embedding(5, 128)
          (2-3): 2 x Embedding(12, 128)
          (4): Embedding(10, 128)
          (5-6): 2 x Embedding(6, 128)
          (7-8): 2 x Embedding(2, 128)
        )
      )
      (convs): ModuleList(
        (0-2): 3 x GCNConv(128, 128)
      )
      (bns): ModuleList(
        (0-2): 3 x BatchNorm1d(128, eps=1e-05, momentum=0.1, affine=True, track_running_stats=True)
      )
    )
    (2): LincsEncoder(
      (mlp): Sequential(
        (0): Linear(in_features=978, out_features=128, bias=True)
        (1): BatchNorm1d(128, eps=1e-05, momentum=0.1, affine=True, track_running_stats=True)
        (2): ReLU()
        (3): Dropout(p=0.5, inplace=False)
        (4): Linear(in_features=128, out_features=128, bias=True)
        (5): BatchNorm1d(128, eps=1e-05, momentum=0.1, affine=True, track_running_stats=True)
        (6): ReLU()
      )
    )
    (3): RDKitDescriptorEncoder(
      (mlp): Sequential(
        (0): Linear(in_features=210, out_features=256, bias=True)
        (1): BatchNorm1d(256, eps=1e-05, momentum=0.1, affine=True, track_running_stats=True)
        (2): ReLU()
        (3): Dropout(p=0.5, inplace=False)
        (4): Linear(in_features=256, out_features=128, bias=True)
        (5): BatchNorm1d(128, eps=1e-05, momentum=0.1, affine=True, track_running_stats=True)
        (6): ReLU()
      )
    )
  )
  (protein_encoders): ModuleList(
    (0): ProteinCNNEncoder(
      (embedding): Embedding(21, 128, padding_idx=0)
      (conv_blocks): ModuleList(
        (0): Sequential(
          (0): Conv1d(128, 64, kernel_size=(3,), stride=(1,), padding=(1,))
          (1): BatchNorm1d(64, eps=1e-05, momentum=0.1, affine=True, track_running_stats=True)
          (2): ReLU()
          (3): Conv1d(64, 64, kernel_size=(3,), stride=(1,), padding=(1,))
          (4): BatchNorm1d(64, eps=1e-05, momentum=0.1, affine=True, track_running_stats=True)
          (5): ReLU()
        )
        (1): Sequential(
          (0): Conv1d(128, 64, kernel_size=(7,), stride=(1,), padding=(3,))
          (1): BatchNorm1d(64, eps=1e-05, momentum=0.1, affine=True, track_running_stats=True)
          (2): ReLU()
          (3): Conv1d(64, 64, kernel_size=(7,), stride=(1,), padding=(3,))
          (4): BatchNorm1d(64, eps=1e-05, momentum=0.1, affine=True, track_running_stats=True)
          (5): ReLU()
        )
        (2): Sequential(
          (0): Conv1d(128, 64, kernel_size=(15,), stride=(1,), padding=(7,))
          (1): BatchNorm1d(64, eps=1e-05, momentum=0.1, affine=True, track_running_stats=True)
          (2): ReLU()
          (3): Conv1d(64, 64, kernel_size=(15,), stride=(1,), padding=(7,))
          (4): BatchNorm1d(64, eps=1e-05, momentum=0.1, affine=True, track_running_stats=True)
          (5): ReLU()
        )
      )
    )
  )
  (fusion): MLPFusion(
    (classifier): Sequential(
      (0): Linear(in_features=704, out_features=128, bias=True)
      (1): BatchNorm1d(128, eps=1e-05, momentum=0.1, affine=True, track_running_stats=True)
      (2): ReLU()
      (3): Dropout(p=0.5, inplace=False)
      (4): Linear(in_features=128, out_features=32, bias=True)
      (5): BatchNorm1d(32, eps=1e-05, momentum=0.1, affine=True, track_running_stats=True)
      (6): ReLU()
      (7): Dropout(p=0.5, inplace=False)
      (8): Linear(in_features=32, out_features=1, bias=True)
    )
  )
)
Epoch 001 | time=3.6s | train_loss=0.6611 | val_loss=0.6416 | val_auc=0.7059
  ✓ New best model (epoch 1, val_loss=0.6416, val_auc=0.7059) saved to checkpoints/fp_gcn_lincs_rdkit_desc_vs_cnn.pt
Epoch 002 | time=3.3s | train_loss=0.5532 | val_loss=0.5898 | val_auc=0.7555
  ✓ New best model (epoch 2, val_loss=0.5898, val_auc=0.7555) saved to checkpoints/fp_gcn_lincs_rdkit_desc_vs_cnn.pt
Epoch 003 | time=3.2s | train_loss=0.4800 | val_loss=0.5656 | val_auc=0.7793
  ✓ New best model (epoch 3, val_loss=0.5656, val_auc=0.7793) saved to checkpoints/fp_gcn_lincs_rdkit_desc_vs_cnn.pt
Epoch 004 | time=3.2s | train_loss=0.4360 | val_loss=0.5444 | val_auc=0.7942
  ✓ New best model (epoch 4, val_loss=0.5444, val_auc=0.7942) saved to checkpoints/fp_gcn_lincs_rdkit_desc_vs_cnn.pt
Epoch 005 | time=3.3s | train_loss=0.4021 | val_loss=0.5297 | val_auc=0.8092
  ✓ New best model (epoch 5, val_loss=0.5297, val_auc=0.8092) saved to checkpoints/fp_gcn_lincs_rdkit_desc_vs_cnn.pt
Epoch 006 | time=3.2s | train_loss=0.3747 | val_loss=0.5306 | val_auc=0.8073
Epoch 007 | time=3.3s | train_loss=0.3508 | val_loss=0.5232 | val_auc=0.8131
  ✓ New best model (epoch 7, val_loss=0.5232, val_auc=0.8131) saved to checkpoints/fp_gcn_lincs_rdkit_desc_vs_cnn.pt
Epoch 008 | time=3.3s | train_loss=0.3282 | val_loss=0.5338 | val_auc=0.8030
Epoch 009 | time=3.2s | train_loss=0.3114 | val_loss=0.5229 | val_auc=0.8154
  ✓ New best model (epoch 9, val_loss=0.5229, val_auc=0.8154) saved to checkpoints/fp_gcn_lincs_rdkit_desc_vs_cnn.pt
Epoch 010 | time=3.2s | train_loss=0.2934 | val_loss=0.5226 | val_auc=0.8172
  ✓ New best model (epoch 10, val_loss=0.5226, val_auc=0.8172) saved to checkpoints/fp_gcn_lincs_rdkit_desc_vs_cnn.pt
Epoch 011 | time=3.2s | train_loss=0.2822 | val_loss=0.5101 | val_auc=0.8251
  ✓ New best model (epoch 11, val_loss=0.5101, val_auc=0.8251) saved to checkpoints/fp_gcn_lincs_rdkit_desc_vs_cnn.pt
Epoch 012 | time=3.2s | train_loss=0.2698 | val_loss=0.5142 | val_auc=0.8244
Epoch 013 | time=3.2s | train_loss=0.2566 | val_loss=0.5271 | val_auc=0.8227
Epoch 014 | time=3.2s | train_loss=0.2427 | val_loss=0.5082 | val_auc=0.8344
  ✓ New best model (epoch 14, val_loss=0.5082, val_auc=0.8344) saved to checkpoints/fp_gcn_lincs_rdkit_desc_vs_cnn.pt
Epoch 015 | time=3.2s | train_loss=0.2349 | val_loss=0.5150 | val_auc=0.8325
Epoch 016 | time=3.2s | train_loss=0.2246 | val_loss=0.5174 | val_auc=0.8328
Epoch 017 | time=3.2s | train_loss=0.2196 | val_loss=0.5228 | val_auc=0.8326
Epoch 018 | time=3.2s | train_loss=0.2087 | val_loss=0.5211 | val_auc=0.8361
  ✓ New best model (epoch 18, val_loss=0.5211, val_auc=0.8361) saved to checkpoints/fp_gcn_lincs_rdkit_desc_vs_cnn.pt
Epoch 019 | time=3.3s | train_loss=0.2015 | val_loss=0.5279 | val_auc=0.8364
  ✓ New best model (epoch 19, val_loss=0.5279, val_auc=0.8364) saved to checkpoints/fp_gcn_lincs_rdkit_desc_vs_cnn.pt
Epoch 020 | time=3.2s | train_loss=0.1978 | val_loss=0.5167 | val_auc=0.8383
  ✓ New best model (epoch 20, val_loss=0.5167, val_auc=0.8383) saved to checkpoints/fp_gcn_lincs_rdkit_desc_vs_cnn.pt
Epoch 021 | time=3.2s | train_loss=0.1849 | val_loss=0.5357 | val_auc=0.8317
Epoch 022 | time=3.3s | train_loss=0.1813 | val_loss=0.5327 | val_auc=0.8369
Epoch 023 | time=3.2s | train_loss=0.1754 | val_loss=0.5324 | val_auc=0.8380
Epoch 024 | time=3.3s | train_loss=0.1708 | val_loss=0.5356 | val_auc=0.8387
  ✓ New best model (epoch 24, val_loss=0.5356, val_auc=0.8387) saved to checkpoints/fp_gcn_lincs_rdkit_desc_vs_cnn.pt
Epoch 025 | time=3.3s | train_loss=0.1705 | val_loss=0.5439 | val_auc=0.8351
Epoch 026 | time=3.4s | train_loss=0.1673 | val_loss=0.5495 | val_auc=0.8322
Epoch 027 | time=3.4s | train_loss=0.1604 | val_loss=0.5407 | val_auc=0.8386
Epoch 028 | time=3.3s | train_loss=0.1596 | val_loss=0.5388 | val_auc=0.8405
  ✓ New best model (epoch 28, val_loss=0.5388, val_auc=0.8405) saved to checkpoints/fp_gcn_lincs_rdkit_desc_vs_cnn.pt
Epoch 029 | time=3.2s | train_loss=0.1581 | val_loss=0.5382 | val_auc=0.8402
Epoch 030 | time=3.4s | train_loss=0.1563 | val_loss=0.5400 | val_auc=0.8423
  ✓ New best model (epoch 30, val_loss=0.5400, val_auc=0.8423) saved to checkpoints/fp_gcn_lincs_rdkit_desc_vs_cnn.pt
Epoch 031 | time=3.3s | train_loss=0.1525 | val_loss=0.5433 | val_auc=0.8406
Epoch 032 | time=3.3s | train_loss=0.1500 | val_loss=0.5419 | val_auc=0.8411
Epoch 033 | time=3.3s | train_loss=0.1469 | val_loss=0.5427 | val_auc=0.8416
Epoch 034 | time=3.3s | train_loss=0.1472 | val_loss=0.5467 | val_auc=0.8413
Epoch 035 | time=3.3s | train_loss=0.1490 | val_loss=0.5430 | val_auc=0.8422
Epoch 036 | time=3.2s | train_loss=0.1465 | val_loss=0.5467 | val_auc=0.8428
  ✓ New best model (epoch 36, val_loss=0.5467, val_auc=0.8428) saved to checkpoints/fp_gcn_lincs_rdkit_desc_vs_cnn.pt
Epoch 037 | time=3.3s | train_loss=0.1422 | val_loss=0.5436 | val_auc=0.8448
  ✓ New best model (epoch 37, val_loss=0.5436, val_auc=0.8448) saved to checkpoints/fp_gcn_lincs_rdkit_desc_vs_cnn.pt
Epoch 038 | time=3.3s | train_loss=0.1437 | val_loss=0.5470 | val_auc=0.8437
Epoch 039 | time=3.3s | train_loss=0.1436 | val_loss=0.5481 | val_auc=0.8424
Epoch 040 | time=3.3s | train_loss=0.1431 | val_loss=0.5480 | val_auc=0.8420
Epoch 041 | time=3.3s | train_loss=0.1431 | val_loss=0.5533 | val_auc=0.8422
Epoch 042 | time=3.2s | train_loss=0.1386 | val_loss=0.5486 | val_auc=0.8443
Epoch 043 | time=3.3s | train_loss=0.1408 | val_loss=0.5503 | val_auc=0.8437
Epoch 044 | time=3.2s | train_loss=0.1400 | val_loss=0.5485 | val_auc=0.8436
Epoch 045 | time=3.3s | train_loss=0.1389 | val_loss=0.5483 | val_auc=0.8437
Epoch 046 | time=3.3s | train_loss=0.1386 | val_loss=0.5479 | val_auc=0.8445
Epoch 047 | time=3.3s | train_loss=0.1393 | val_loss=0.5477 | val_auc=0.8449
  ✓ New best model (epoch 47, val_loss=0.5477, val_auc=0.8449) saved to checkpoints/fp_gcn_lincs_rdkit_desc_vs_cnn.pt
Epoch 048 | time=3.2s | train_loss=0.1399 | val_loss=0.5504 | val_auc=0.8436
Epoch 049 | time=3.3s | train_loss=0.1419 | val_loss=0.5460 | val_auc=0.8450
  ✓ New best model (epoch 49, val_loss=0.5460, val_auc=0.8450) saved to checkpoints/fp_gcn_lincs_rdkit_desc_vs_cnn.pt
Epoch 050 | time=3.3s | train_loss=0.1385 | val_loss=0.5500 | val_auc=0.8434
Epoch 051 | time=3.3s | train_loss=0.1408 | val_loss=0.5493 | val_auc=0.8448
Epoch 052 | time=3.3s | train_loss=0.1374 | val_loss=0.5495 | val_auc=0.8444
Epoch 053 | time=3.3s | train_loss=0.1364 | val_loss=0.5530 | val_auc=0.8437
Epoch 054 | time=3.3s | train_loss=0.1378 | val_loss=0.5507 | val_auc=0.8439
Epoch 055 | time=3.3s | train_loss=0.1380 | val_loss=0.5522 | val_auc=0.8444
Epoch 056 | time=3.2s | train_loss=0.1371 | val_loss=0.5480 | val_auc=0.8455
  ✓ New best model (epoch 56, val_loss=0.5480, val_auc=0.8455) saved to checkpoints/fp_gcn_lincs_rdkit_desc_vs_cnn.pt
Epoch 057 | time=3.3s | train_loss=0.1385 | val_loss=0.5498 | val_auc=0.8452
Epoch 058 | time=3.3s | train_loss=0.1390 | val_loss=0.5453 | val_auc=0.8459
  ✓ New best model (epoch 58, val_loss=0.5453, val_auc=0.8459) saved to checkpoints/fp_gcn_lincs_rdkit_desc_vs_cnn.pt
Epoch 059 | time=3.3s | train_loss=0.1380 | val_loss=0.5488 | val_auc=0.8442
Epoch 060 | time=3.3s | train_loss=0.1383 | val_loss=0.5464 | val_auc=0.8448
Epoch 061 | time=3.3s | train_loss=0.1371 | val_loss=0.5485 | val_auc=0.8446
Epoch 062 | time=3.3s | train_loss=0.1371 | val_loss=0.5575 | val_auc=0.8431
Epoch 063 | time=3.3s | train_loss=0.1381 | val_loss=0.5499 | val_auc=0.8439
Epoch 064 | time=3.3s | train_loss=0.1374 | val_loss=0.5495 | val_auc=0.8442
Epoch 065 | time=3.2s | train_loss=0.1368 | val_loss=0.5544 | val_auc=0.8439
Epoch 066 | time=3.3s | train_loss=0.1386 | val_loss=0.5565 | val_auc=0.8427
Epoch 067 | time=3.3s | train_loss=0.1354 | val_loss=0.5537 | val_auc=0.8429
Epoch 068 | time=3.3s | train_loss=0.1383 | val_loss=0.5500 | val_auc=0.8442
Early stopping — no improvement for 10 epochs

Best model: epoch 58, val_loss=0.5500, val_auc=0.8459

═══ Test Results ═══
           auc: 0.7607
         auprc: 0.7114
            f1: 0.6763
     precision: 0.6992
        recall: 0.6548
          loss: 6.4538
