/home/kappy/Repos/Multimodal-models-for-predicting-drug-target-interactions/.venv/lib/python3.11/site-packages/outdated/__init__.py:36: UserWarning: pkg_resources is deprecated as an API. See https://setuptools.pypa.io/en/latest/pkg_resources.html. The pkg_resources package is slated for removal as early as 2025-11-30. Refrain from using this package or pin to Setuptools<81.
  from pkg_resources import parse_version
Using device: cuda
Loading clean data from: /home/kappy/Repos/Multimodal-models-for-predicting-drug-target-interactions/src/datasets/lincs_balanced.parquet
Dataset size: 27498
Train: 19558  Val: 2885  Test: 5055
Fitting MinMaxScaler on 1264 cached RDKit descriptors...
SMILES encoders:  ['FingerprintMLPEncoder', 'LincsEncoder', 'RDKitDescriptorEncoder']
Protein encoders: ['ProteinCNNEncoder']
MultimodalDTI(
  (smiles_encoders): ModuleList(
    (0): FingerprintMLPEncoder(
      (mlp): Sequential(
        (0): Linear(in_features=1024, out_features=256, bias=True)
        (1): BatchNorm1d(256, eps=1e-05, momentum=0.1, affine=True, track_running_stats=True)
        (2): ReLU()
        (3): Dropout(p=0.5, inplace=False)
        (4): Linear(in_features=256, out_features=128, bias=True)
        (5): BatchNorm1d(128, eps=1e-05, momentum=0.1, affine=True, track_running_stats=True)
        (6): ReLU()
      )
    )
    (1): LincsEncoder(
      (mlp): Sequential(
        (0): Linear(in_features=978, out_features=128, bias=True)
        (1): BatchNorm1d(128, eps=1e-05, momentum=0.1, affine=True, track_running_stats=True)
        (2): ReLU()
        (3): Dropout(p=0.5, inplace=False)
        (4): Linear(in_features=128, out_features=128, bias=True)
        (5): BatchNorm1d(128, eps=1e-05, momentum=0.1, affine=True, track_running_stats=True)
        (6): ReLU()
      )
    )
    (2): RDKitDescriptorEncoder(
      (mlp): Sequential(
        (0): Linear(in_features=210, out_features=256, bias=True)
        (1): BatchNorm1d(256, eps=1e-05, momentum=0.1, affine=True, track_running_stats=True)
        (2): ReLU()
        (3): Dropout(p=0.5, inplace=False)
        (4): Linear(in_features=256, out_features=128, bias=True)
        (5): BatchNorm1d(128, eps=1e-05, momentum=0.1, affine=True, track_running_stats=True)
        (6): ReLU()
      )
    )
  )
  (protein_encoders): ModuleList(
    (0): ProteinCNNEncoder(
      (embedding): Embedding(21, 128, padding_idx=0)
      (conv_blocks): ModuleList(
        (0): Sequential(
          (0): Conv1d(128, 64, kernel_size=(3,), stride=(1,), padding=(1,))
          (1): BatchNorm1d(64, eps=1e-05, momentum=0.1, affine=True, track_running_stats=True)
          (2): ReLU()
          (3): Conv1d(64, 64, kernel_size=(3,), stride=(1,), padding=(1,))
          (4): BatchNorm1d(64, eps=1e-05, momentum=0.1, affine=True, track_running_stats=True)
          (5): ReLU()
        )
        (1): Sequential(
          (0): Conv1d(128, 64, kernel_size=(7,), stride=(1,), padding=(3,))
          (1): BatchNorm1d(64, eps=1e-05, momentum=0.1, affine=True, track_running_stats=True)
          (2): ReLU()
          (3): Conv1d(64, 64, kernel_size=(7,), stride=(1,), padding=(3,))
          (4): BatchNorm1d(64, eps=1e-05, momentum=0.1, affine=True, track_running_stats=True)
          (5): ReLU()
        )
        (2): Sequential(
          (0): Conv1d(128, 64, kernel_size=(15,), stride=(1,), padding=(7,))
          (1): BatchNorm1d(64, eps=1e-05, momentum=0.1, affine=True, track_running_stats=True)
          (2): ReLU()
          (3): Conv1d(64, 64, kernel_size=(15,), stride=(1,), padding=(7,))
          (4): BatchNorm1d(64, eps=1e-05, momentum=0.1, affine=True, track_running_stats=True)
          (5): ReLU()
        )
      )
    )
  )
  (fusion): MLPFusion(
    (classifier): Sequential(
      (0): Linear(in_features=576, out_features=128, bias=True)
      (1): BatchNorm1d(128, eps=1e-05, momentum=0.1, affine=True, track_running_stats=True)
      (2): ReLU()
      (3): Dropout(p=0.5, inplace=False)
      (4): Linear(in_features=128, out_features=32, bias=True)
      (5): BatchNorm1d(32, eps=1e-05, momentum=0.1, affine=True, track_running_stats=True)
      (6): ReLU()
      (7): Dropout(p=0.5, inplace=False)
      (8): Linear(in_features=32, out_features=1, bias=True)
    )
  )
)
Epoch 001 | time=3.2s | train_loss=0.6249 | val_loss=0.6324 | val_auc=0.7069
  ✓ New best model (epoch 1, val_loss=0.6324, val_auc=0.7069) saved to checkpoints/fp_lincs_rdkit_desc_vs_cnn.pt
Epoch 002 | time=2.8s | train_loss=0.5122 | val_loss=0.6030 | val_auc=0.7463
  ✓ New best model (epoch 2, val_loss=0.6030, val_auc=0.7463) saved to checkpoints/fp_lincs_rdkit_desc_vs_cnn.pt
Epoch 003 | time=2.8s | train_loss=0.4579 | val_loss=0.5773 | val_auc=0.7700
  ✓ New best model (epoch 3, val_loss=0.5773, val_auc=0.7700) saved to checkpoints/fp_lincs_rdkit_desc_vs_cnn.pt
Epoch 004 | time=2.8s | train_loss=0.4190 | val_loss=0.5638 | val_auc=0.7842
  ✓ New best model (epoch 4, val_loss=0.5638, val_auc=0.7842) saved to checkpoints/fp_lincs_rdkit_desc_vs_cnn.pt
Epoch 005 | time=2.8s | train_loss=0.3887 | val_loss=0.5525 | val_auc=0.7937
  ✓ New best model (epoch 5, val_loss=0.5525, val_auc=0.7937) saved to checkpoints/fp_lincs_rdkit_desc_vs_cnn.pt
Epoch 006 | time=2.8s | train_loss=0.3627 | val_loss=0.5529 | val_auc=0.7955
  ✓ New best model (epoch 6, val_loss=0.5529, val_auc=0.7955) saved to checkpoints/fp_lincs_rdkit_desc_vs_cnn.pt
Epoch 007 | time=2.8s | train_loss=0.3380 | val_loss=0.5533 | val_auc=0.7992
  ✓ New best model (epoch 7, val_loss=0.5533, val_auc=0.7992) saved to checkpoints/fp_lincs_rdkit_desc_vs_cnn.pt
Epoch 008 | time=2.8s | train_loss=0.3195 | val_loss=0.5568 | val_auc=0.7964
Epoch 009 | time=2.8s | train_loss=0.3002 | val_loss=0.5550 | val_auc=0.8007
  ✓ New best model (epoch 9, val_loss=0.5550, val_auc=0.8007) saved to checkpoints/fp_lincs_rdkit_desc_vs_cnn.pt
Epoch 010 | time=2.8s | train_loss=0.2830 | val_loss=0.5479 | val_auc=0.8074
  ✓ New best model (epoch 10, val_loss=0.5479, val_auc=0.8074) saved to checkpoints/fp_lincs_rdkit_desc_vs_cnn.pt
Epoch 011 | time=2.8s | train_loss=0.2725 | val_loss=0.5452 | val_auc=0.8106
  ✓ New best model (epoch 11, val_loss=0.5452, val_auc=0.8106) saved to checkpoints/fp_lincs_rdkit_desc_vs_cnn.pt
Epoch 012 | time=2.8s | train_loss=0.2574 | val_loss=0.5453 | val_auc=0.8171
  ✓ New best model (epoch 12, val_loss=0.5453, val_auc=0.8171) saved to checkpoints/fp_lincs_rdkit_desc_vs_cnn.pt
Epoch 013 | time=2.8s | train_loss=0.2466 | val_loss=0.5480 | val_auc=0.8155
Epoch 014 | time=2.8s | train_loss=0.2368 | val_loss=0.5558 | val_auc=0.8156
Epoch 015 | time=2.8s | train_loss=0.2282 | val_loss=0.5705 | val_auc=0.8094
Epoch 016 | time=2.8s | train_loss=0.2192 | val_loss=0.5678 | val_auc=0.8172
  ✓ New best model (epoch 16, val_loss=0.5678, val_auc=0.8172) saved to checkpoints/fp_lincs_rdkit_desc_vs_cnn.pt
Epoch 017 | time=2.8s | train_loss=0.2069 | val_loss=0.5725 | val_auc=0.8190
  ✓ New best model (epoch 17, val_loss=0.5725, val_auc=0.8190) saved to checkpoints/fp_lincs_rdkit_desc_vs_cnn.pt
Epoch 018 | time=2.8s | train_loss=0.1937 | val_loss=0.5570 | val_auc=0.8237
  ✓ New best model (epoch 18, val_loss=0.5570, val_auc=0.8237) saved to checkpoints/fp_lincs_rdkit_desc_vs_cnn.pt
Epoch 019 | time=2.9s | train_loss=0.1904 | val_loss=0.5642 | val_auc=0.8246
  ✓ New best model (epoch 19, val_loss=0.5642, val_auc=0.8246) saved to checkpoints/fp_lincs_rdkit_desc_vs_cnn.pt
Epoch 020 | time=2.9s | train_loss=0.1856 | val_loss=0.5694 | val_auc=0.8195
Epoch 021 | time=2.8s | train_loss=0.1803 | val_loss=0.5610 | val_auc=0.8281
  ✓ New best model (epoch 21, val_loss=0.5610, val_auc=0.8281) saved to checkpoints/fp_lincs_rdkit_desc_vs_cnn.pt
Epoch 022 | time=2.9s | train_loss=0.1772 | val_loss=0.5723 | val_auc=0.8269
Epoch 023 | time=2.9s | train_loss=0.1745 | val_loss=0.5735 | val_auc=0.8262
Epoch 024 | time=2.8s | train_loss=0.1703 | val_loss=0.5620 | val_auc=0.8311
  ✓ New best model (epoch 24, val_loss=0.5620, val_auc=0.8311) saved to checkpoints/fp_lincs_rdkit_desc_vs_cnn.pt
Epoch 025 | time=2.8s | train_loss=0.1657 | val_loss=0.5664 | val_auc=0.8283
Epoch 026 | time=2.8s | train_loss=0.1611 | val_loss=0.5744 | val_auc=0.8270
Epoch 027 | time=2.8s | train_loss=0.1613 | val_loss=0.5727 | val_auc=0.8285
Epoch 028 | time=2.8s | train_loss=0.1592 | val_loss=0.5804 | val_auc=0.8271
Epoch 029 | time=2.8s | train_loss=0.1587 | val_loss=0.5802 | val_auc=0.8295
Epoch 030 | time=2.8s | train_loss=0.1538 | val_loss=0.5765 | val_auc=0.8321
  ✓ New best model (epoch 30, val_loss=0.5765, val_auc=0.8321) saved to checkpoints/fp_lincs_rdkit_desc_vs_cnn.pt
Epoch 031 | time=2.8s | train_loss=0.1540 | val_loss=0.5783 | val_auc=0.8306
Epoch 032 | time=2.8s | train_loss=0.1514 | val_loss=0.5793 | val_auc=0.8314
Epoch 033 | time=2.8s | train_loss=0.1507 | val_loss=0.5748 | val_auc=0.8317
Epoch 034 | time=2.8s | train_loss=0.1496 | val_loss=0.5816 | val_auc=0.8316
Epoch 035 | time=2.8s | train_loss=0.1482 | val_loss=0.5761 | val_auc=0.8306
Epoch 036 | time=2.8s | train_loss=0.1464 | val_loss=0.5872 | val_auc=0.8293
Epoch 037 | time=2.8s | train_loss=0.1506 | val_loss=0.5879 | val_auc=0.8295
Epoch 038 | time=2.8s | train_loss=0.1468 | val_loss=0.5763 | val_auc=0.8322
  ✓ New best model (epoch 38, val_loss=0.5763, val_auc=0.8322) saved to checkpoints/fp_lincs_rdkit_desc_vs_cnn.pt
Epoch 039 | time=2.8s | train_loss=0.1480 | val_loss=0.5830 | val_auc=0.8317
Epoch 040 | time=2.8s | train_loss=0.1446 | val_loss=0.5925 | val_auc=0.8293
Epoch 041 | time=2.8s | train_loss=0.1445 | val_loss=0.5797 | val_auc=0.8314
Epoch 042 | time=2.8s | train_loss=0.1436 | val_loss=0.5847 | val_auc=0.8323
  ✓ New best model (epoch 42, val_loss=0.5847, val_auc=0.8323) saved to checkpoints/fp_lincs_rdkit_desc_vs_cnn.pt
Epoch 043 | time=2.8s | train_loss=0.1481 | val_loss=0.5834 | val_auc=0.8330
  ✓ New best model (epoch 43, val_loss=0.5834, val_auc=0.8330) saved to checkpoints/fp_lincs_rdkit_desc_vs_cnn.pt
Epoch 044 | time=2.8s | train_loss=0.1469 | val_loss=0.5877 | val_auc=0.8324
Epoch 045 | time=2.8s | train_loss=0.1429 | val_loss=0.5828 | val_auc=0.8327
Epoch 046 | time=2.8s | train_loss=0.1473 | val_loss=0.5878 | val_auc=0.8321
Epoch 047 | time=2.8s | train_loss=0.1423 | val_loss=0.5890 | val_auc=0.8314
Epoch 048 | time=2.8s | train_loss=0.1453 | val_loss=0.5847 | val_auc=0.8319
Epoch 049 | time=2.8s | train_loss=0.1444 | val_loss=0.5901 | val_auc=0.8312
Epoch 050 | time=2.8s | train_loss=0.1441 | val_loss=0.5899 | val_auc=0.8305
Epoch 051 | time=2.8s | train_loss=0.1421 | val_loss=0.5784 | val_auc=0.8326
Epoch 052 | time=2.8s | train_loss=0.1433 | val_loss=0.5860 | val_auc=0.8324
Epoch 053 | time=2.8s | train_loss=0.1432 | val_loss=0.5839 | val_auc=0.8320
Early stopping — no improvement for 10 epochs

Best model: epoch 43, val_loss=0.5839, val_auc=0.8330

═══ Test Results ═══
           auc: 0.7718
         auprc: 0.7389
            f1: 0.6740
     precision: 0.6979
        recall: 0.6516
          loss: 0.6963
