/home/kappy/Repos/Multimodal-models-for-predicting-drug-target-interactions/.venv/lib/python3.11/site-packages/outdated/__init__.py:36: UserWarning: pkg_resources is deprecated as an API. See https://setuptools.pypa.io/en/latest/pkg_resources.html. The pkg_resources package is slated for removal as early as 2025-11-30. Refrain from using this package or pin to Setuptools<81.
  from pkg_resources import parse_version
Using device: cuda
Loading clean data from: /home/kappy/Repos/Multimodal-models-for-predicting-drug-target-interactions/src/datasets/lincs_balanced.parquet
Dataset size: 27498
Train: 19558  Val: 2885  Test: 5055
ChemBERTProcessor: loaded 236379 embeddings (dim=768) from /home/kappy/Repos/Multimodal-models-for-predicting-drug-target-interactions/src/datasets/ChemBERTa-zinc-base-v1.pt
Fitting MinMaxScaler on 1264 cached RDKit descriptors...
SMILES encoders:  ['GCNEncoder', 'ChemBERTEncoder', 'LincsEncoder', 'RDKitDescriptorEncoder']
Protein encoders: ['ProteinCNNEncoder']
Building graph cache for 1264 SMILES...
  0%|          | 0/1264 [00:00<?, ?it/s] 40%|███▉      | 502/1264 [00:00<00:00, 5019.54it/s] 79%|███████▉  | 1004/1264 [00:00<00:00, 4986.89it/s]100%|██████████| 1264/1264 [00:00<00:00, 5071.87it/s]
Valid SMILES graphs: 1264
MultimodalDTI(
  (smiles_encoders): ModuleList(
    (0): GCNEncoder(
      (atom_encoder): AtomEncoder(
        (atom_embedding_list): ModuleList(
          (0): Embedding(119, 128)
          (1): Embedding(5, 128)
          (2-3): 2 x Embedding(12, 128)
          (4): Embedding(10, 128)
          (5-6): 2 x Embedding(6, 128)
          (7-8): 2 x Embedding(2, 128)
        )
      )
      (convs): ModuleList(
        (0-2): 3 x GCNConv(128, 128)
      )
      (bns): ModuleList(
        (0-2): 3 x BatchNorm1d(128, eps=1e-05, momentum=0.1, affine=True, track_running_stats=True)
      )
    )
    (1): ChemBERTEncoder(
      (projection): Sequential(
        (0): Linear(in_features=768, out_features=128, bias=True)
        (1): LayerNorm((128,), eps=1e-05, elementwise_affine=True)
        (2): ReLU()
      )
    )
    (2): LincsEncoder(
      (mlp): Sequential(
        (0): Linear(in_features=978, out_features=128, bias=True)
        (1): BatchNorm1d(128, eps=1e-05, momentum=0.1, affine=True, track_running_stats=True)
        (2): ReLU()
        (3): Dropout(p=0.5, inplace=False)
        (4): Linear(in_features=128, out_features=128, bias=True)
        (5): BatchNorm1d(128, eps=1e-05, momentum=0.1, affine=True, track_running_stats=True)
        (6): ReLU()
      )
    )
    (3): RDKitDescriptorEncoder(
      (mlp): Sequential(
        (0): Linear(in_features=210, out_features=256, bias=True)
        (1): BatchNorm1d(256, eps=1e-05, momentum=0.1, affine=True, track_running_stats=True)
        (2): ReLU()
        (3): Dropout(p=0.5, inplace=False)
        (4): Linear(in_features=256, out_features=128, bias=True)
        (5): BatchNorm1d(128, eps=1e-05, momentum=0.1, affine=True, track_running_stats=True)
        (6): ReLU()
      )
    )
  )
  (protein_encoders): ModuleList(
    (0): ProteinCNNEncoder(
      (embedding): Embedding(21, 128, padding_idx=0)
      (conv_blocks): ModuleList(
        (0): Sequential(
          (0): Conv1d(128, 64, kernel_size=(3,), stride=(1,), padding=(1,))
          (1): BatchNorm1d(64, eps=1e-05, momentum=0.1, affine=True, track_running_stats=True)
          (2): ReLU()
          (3): Conv1d(64, 64, kernel_size=(3,), stride=(1,), padding=(1,))
          (4): BatchNorm1d(64, eps=1e-05, momentum=0.1, affine=True, track_running_stats=True)
          (5): ReLU()
        )
        (1): Sequential(
          (0): Conv1d(128, 64, kernel_size=(7,), stride=(1,), padding=(3,))
          (1): BatchNorm1d(64, eps=1e-05, momentum=0.1, affine=True, track_running_stats=True)
          (2): ReLU()
          (3): Conv1d(64, 64, kernel_size=(7,), stride=(1,), padding=(3,))
          (4): BatchNorm1d(64, eps=1e-05, momentum=0.1, affine=True, track_running_stats=True)
          (5): ReLU()
        )
        (2): Sequential(
          (0): Conv1d(128, 64, kernel_size=(15,), stride=(1,), padding=(7,))
          (1): BatchNorm1d(64, eps=1e-05, momentum=0.1, affine=True, track_running_stats=True)
          (2): ReLU()
          (3): Conv1d(64, 64, kernel_size=(15,), stride=(1,), padding=(7,))
          (4): BatchNorm1d(64, eps=1e-05, momentum=0.1, affine=True, track_running_stats=True)
          (5): ReLU()
        )
      )
    )
  )
  (fusion): MLPFusion(
    (classifier): Sequential(
      (0): Linear(in_features=704, out_features=128, bias=True)
      (1): BatchNorm1d(128, eps=1e-05, momentum=0.1, affine=True, track_running_stats=True)
      (2): ReLU()
      (3): Dropout(p=0.5, inplace=False)
      (4): Linear(in_features=128, out_features=32, bias=True)
      (5): BatchNorm1d(32, eps=1e-05, momentum=0.1, affine=True, track_running_stats=True)
      (6): ReLU()
      (7): Dropout(p=0.5, inplace=False)
      (8): Linear(in_features=32, out_features=1, bias=True)
    )
  )
)
Epoch 001 | time=3.5s | train_loss=0.6589 | val_loss=0.6354 | val_auc=0.7253
  ✓ New best model (epoch 1, val_loss=0.6354, val_auc=0.7253) saved to checkpoints/gcn_chembert_lincs_rdkit_desc_vs_cnn.pt
Epoch 002 | time=3.1s | train_loss=0.5576 | val_loss=0.5923 | val_auc=0.7663
  ✓ New best model (epoch 2, val_loss=0.5923, val_auc=0.7663) saved to checkpoints/gcn_chembert_lincs_rdkit_desc_vs_cnn.pt
Epoch 003 | time=3.1s | train_loss=0.4909 | val_loss=0.5687 | val_auc=0.7803
  ✓ New best model (epoch 3, val_loss=0.5687, val_auc=0.7803) saved to checkpoints/gcn_chembert_lincs_rdkit_desc_vs_cnn.pt
Epoch 004 | time=3.1s | train_loss=0.4461 | val_loss=0.5588 | val_auc=0.7921
  ✓ New best model (epoch 4, val_loss=0.5588, val_auc=0.7921) saved to checkpoints/gcn_chembert_lincs_rdkit_desc_vs_cnn.pt
Epoch 005 | time=3.1s | train_loss=0.4146 | val_loss=0.5471 | val_auc=0.7993
  ✓ New best model (epoch 5, val_loss=0.5471, val_auc=0.7993) saved to checkpoints/gcn_chembert_lincs_rdkit_desc_vs_cnn.pt
Epoch 006 | time=3.1s | train_loss=0.3850 | val_loss=0.5375 | val_auc=0.8057
  ✓ New best model (epoch 6, val_loss=0.5375, val_auc=0.8057) saved to checkpoints/gcn_chembert_lincs_rdkit_desc_vs_cnn.pt
Epoch 007 | time=3.1s | train_loss=0.3634 | val_loss=0.5254 | val_auc=0.8170
  ✓ New best model (epoch 7, val_loss=0.5254, val_auc=0.8170) saved to checkpoints/gcn_chembert_lincs_rdkit_desc_vs_cnn.pt
Epoch 008 | time=3.1s | train_loss=0.3405 | val_loss=0.5170 | val_auc=0.8244
  ✓ New best model (epoch 8, val_loss=0.5170, val_auc=0.8244) saved to checkpoints/gcn_chembert_lincs_rdkit_desc_vs_cnn.pt
Epoch 009 | time=3.1s | train_loss=0.3244 | val_loss=0.5204 | val_auc=0.8232
Epoch 010 | time=3.1s | train_loss=0.3056 | val_loss=0.5182 | val_auc=0.8257
  ✓ New best model (epoch 10, val_loss=0.5182, val_auc=0.8257) saved to checkpoints/gcn_chembert_lincs_rdkit_desc_vs_cnn.pt
Epoch 011 | time=3.1s | train_loss=0.2934 | val_loss=0.5184 | val_auc=0.8256
Epoch 012 | time=3.1s | train_loss=0.2785 | val_loss=0.5010 | val_auc=0.8372
  ✓ New best model (epoch 12, val_loss=0.5010, val_auc=0.8372) saved to checkpoints/gcn_chembert_lincs_rdkit_desc_vs_cnn.pt
Epoch 013 | time=3.1s | train_loss=0.2684 | val_loss=0.4998 | val_auc=0.8415
  ✓ New best model (epoch 13, val_loss=0.4998, val_auc=0.8415) saved to checkpoints/gcn_chembert_lincs_rdkit_desc_vs_cnn.pt
Epoch 014 | time=3.1s | train_loss=0.2572 | val_loss=0.5089 | val_auc=0.8335
Epoch 015 | time=3.1s | train_loss=0.2485 | val_loss=0.5136 | val_auc=0.8327
Epoch 016 | time=3.1s | train_loss=0.2391 | val_loss=0.5075 | val_auc=0.8382
Epoch 017 | time=3.1s | train_loss=0.2283 | val_loss=0.5026 | val_auc=0.8397
Epoch 018 | time=3.1s | train_loss=0.2182 | val_loss=0.5069 | val_auc=0.8411
Epoch 019 | time=3.1s | train_loss=0.2143 | val_loss=0.5032 | val_auc=0.8443
  ✓ New best model (epoch 19, val_loss=0.5032, val_auc=0.8443) saved to checkpoints/gcn_chembert_lincs_rdkit_desc_vs_cnn.pt
Epoch 020 | time=3.1s | train_loss=0.1984 | val_loss=0.5124 | val_auc=0.8405
Epoch 021 | time=3.1s | train_loss=0.1949 | val_loss=0.5070 | val_auc=0.8433
Epoch 022 | time=3.1s | train_loss=0.1921 | val_loss=0.5162 | val_auc=0.8406
Epoch 023 | time=3.1s | train_loss=0.1892 | val_loss=0.5126 | val_auc=0.8438
Epoch 024 | time=3.1s | train_loss=0.1845 | val_loss=0.5103 | val_auc=0.8447
  ✓ New best model (epoch 24, val_loss=0.5103, val_auc=0.8447) saved to checkpoints/gcn_chembert_lincs_rdkit_desc_vs_cnn.pt
Epoch 025 | time=3.1s | train_loss=0.1822 | val_loss=0.5131 | val_auc=0.8448
  ✓ New best model (epoch 25, val_loss=0.5131, val_auc=0.8448) saved to checkpoints/gcn_chembert_lincs_rdkit_desc_vs_cnn.pt
Epoch 026 | time=3.1s | train_loss=0.1762 | val_loss=0.5049 | val_auc=0.8495
  ✓ New best model (epoch 26, val_loss=0.5049, val_auc=0.8495) saved to checkpoints/gcn_chembert_lincs_rdkit_desc_vs_cnn.pt
Epoch 027 | time=3.1s | train_loss=0.1723 | val_loss=0.5096 | val_auc=0.8478
Epoch 028 | time=3.1s | train_loss=0.1704 | val_loss=0.5065 | val_auc=0.8495
Epoch 029 | time=3.1s | train_loss=0.1661 | val_loss=0.5116 | val_auc=0.8454
Epoch 030 | time=3.3s | train_loss=0.1666 | val_loss=0.5130 | val_auc=0.8484
Epoch 031 | time=3.1s | train_loss=0.1643 | val_loss=0.5083 | val_auc=0.8506
  ✓ New best model (epoch 31, val_loss=0.5083, val_auc=0.8506) saved to checkpoints/gcn_chembert_lincs_rdkit_desc_vs_cnn.pt
Epoch 032 | time=3.1s | train_loss=0.1602 | val_loss=0.5084 | val_auc=0.8511
  ✓ New best model (epoch 32, val_loss=0.5084, val_auc=0.8511) saved to checkpoints/gcn_chembert_lincs_rdkit_desc_vs_cnn.pt
Epoch 033 | time=3.1s | train_loss=0.1604 | val_loss=0.5095 | val_auc=0.8509
Epoch 034 | time=3.1s | train_loss=0.1583 | val_loss=0.5073 | val_auc=0.8513
  ✓ New best model (epoch 34, val_loss=0.5073, val_auc=0.8513) saved to checkpoints/gcn_chembert_lincs_rdkit_desc_vs_cnn.pt
Epoch 035 | time=3.1s | train_loss=0.1564 | val_loss=0.5119 | val_auc=0.8506
Epoch 036 | time=3.1s | train_loss=0.1570 | val_loss=0.5146 | val_auc=0.8483
Epoch 037 | time=3.1s | train_loss=0.1564 | val_loss=0.5151 | val_auc=0.8489
Epoch 038 | time=3.1s | train_loss=0.1554 | val_loss=0.5171 | val_auc=0.8483
Epoch 039 | time=3.1s | train_loss=0.1523 | val_loss=0.5213 | val_auc=0.8478
Epoch 040 | time=3.1s | train_loss=0.1509 | val_loss=0.5193 | val_auc=0.8490
Epoch 041 | time=3.1s | train_loss=0.1527 | val_loss=0.5187 | val_auc=0.8494
Epoch 042 | time=3.1s | train_loss=0.1505 | val_loss=0.5156 | val_auc=0.8505
Epoch 043 | time=3.1s | train_loss=0.1511 | val_loss=0.5193 | val_auc=0.8499
Epoch 044 | time=3.1s | train_loss=0.1502 | val_loss=0.5142 | val_auc=0.8504
Early stopping — no improvement for 10 epochs

Best model: epoch 34, val_loss=0.5142, val_auc=0.8513

═══ Test Results ═══
           auc: 0.7367
         auprc: 0.6542
            f1: 0.6363
     precision: 0.6675
        recall: 0.6079
          loss: 0.7313
