/home/kappy/Repos/Multimodal-models-for-predicting-drug-target-interactions/.venv/lib/python3.11/site-packages/outdated/__init__.py:36: UserWarning: pkg_resources is deprecated as an API. See https://setuptools.pypa.io/en/latest/pkg_resources.html. The pkg_resources package is slated for removal as early as 2025-11-30. Refrain from using this package or pin to Setuptools<81.
  from pkg_resources import parse_version
Using device: cuda
Loading clean data from: /home/kappy/Repos/Multimodal-models-for-predicting-drug-target-interactions/src/datasets/lincs_balanced.parquet
Dataset size: 27498
Train: 19558  Val: 2885  Test: 5055
SMILES encoders:  ['RDKitDescriptorEncoder']
Protein encoders: ['ProteinCNNEncoder']
MultimodalDTI(
  (smiles_encoders): ModuleList(
    (0): RDKitDescriptorEncoder(
      (mlp): Sequential(
        (0): Linear(in_features=210, out_features=256, bias=True)
        (1): BatchNorm1d(256, eps=1e-05, momentum=0.1, affine=True, track_running_stats=True)
        (2): ReLU()
        (3): Dropout(p=0.5, inplace=False)
        (4): Linear(in_features=256, out_features=128, bias=True)
        (5): BatchNorm1d(128, eps=1e-05, momentum=0.1, affine=True, track_running_stats=True)
        (6): ReLU()
      )
    )
  )
  (protein_encoders): ModuleList(
    (0): ProteinCNNEncoder(
      (embedding): Embedding(21, 128, padding_idx=0)
      (conv_blocks): ModuleList(
        (0): Sequential(
          (0): Conv1d(128, 64, kernel_size=(3,), stride=(1,), padding=(1,))
          (1): BatchNorm1d(64, eps=1e-05, momentum=0.1, affine=True, track_running_stats=True)
          (2): ReLU()
          (3): Conv1d(64, 64, kernel_size=(3,), stride=(1,), padding=(1,))
          (4): BatchNorm1d(64, eps=1e-05, momentum=0.1, affine=True, track_running_stats=True)
          (5): ReLU()
        )
        (1): Sequential(
          (0): Conv1d(128, 64, kernel_size=(7,), stride=(1,), padding=(3,))
          (1): BatchNorm1d(64, eps=1e-05, momentum=0.1, affine=True, track_running_stats=True)
          (2): ReLU()
          (3): Conv1d(64, 64, kernel_size=(7,), stride=(1,), padding=(3,))
          (4): BatchNorm1d(64, eps=1e-05, momentum=0.1, affine=True, track_running_stats=True)
          (5): ReLU()
        )
        (2): Sequential(
          (0): Conv1d(128, 64, kernel_size=(15,), stride=(1,), padding=(7,))
          (1): BatchNorm1d(64, eps=1e-05, momentum=0.1, affine=True, track_running_stats=True)
          (2): ReLU()
          (3): Conv1d(64, 64, kernel_size=(15,), stride=(1,), padding=(7,))
          (4): BatchNorm1d(64, eps=1e-05, momentum=0.1, affine=True, track_running_stats=True)
          (5): ReLU()
        )
      )
    )
  )
  (fusion): MLPFusion(
    (classifier): Sequential(
      (0): Linear(in_features=320, out_features=128, bias=True)
      (1): BatchNorm1d(128, eps=1e-05, momentum=0.1, affine=True, track_running_stats=True)
      (2): ReLU()
      (3): Dropout(p=0.5, inplace=False)
      (4): Linear(in_features=128, out_features=32, bias=True)
      (5): BatchNorm1d(32, eps=1e-05, momentum=0.1, affine=True, track_running_stats=True)
      (6): ReLU()
      (7): Dropout(p=0.5, inplace=False)
      (8): Linear(in_features=32, out_features=1, bias=True)
    )
  )
)
Epoch 001 | time=3.0s | train_loss=0.6181 | val_loss=0.6428 | val_auc=0.6927
  ✓ New best model (epoch 1, val_loss=0.6428, val_auc=0.6927) saved to checkpoints/rdkit_desc_vs_cnn.pt
Epoch 002 | time=2.7s | train_loss=0.5363 | val_loss=0.6235 | val_auc=0.7181
  ✓ New best model (epoch 2, val_loss=0.6235, val_auc=0.7181) saved to checkpoints/rdkit_desc_vs_cnn.pt
Epoch 003 | time=2.7s | train_loss=0.5000 | val_loss=0.6143 | val_auc=0.7283
  ✓ New best model (epoch 3, val_loss=0.6143, val_auc=0.7283) saved to checkpoints/rdkit_desc_vs_cnn.pt
Epoch 004 | time=2.7s | train_loss=0.4776 | val_loss=0.6143 | val_auc=0.7339
  ✓ New best model (epoch 4, val_loss=0.6143, val_auc=0.7339) saved to checkpoints/rdkit_desc_vs_cnn.pt
Epoch 005 | time=2.7s | train_loss=0.4632 | val_loss=0.6000 | val_auc=0.7494
  ✓ New best model (epoch 5, val_loss=0.6000, val_auc=0.7494) saved to checkpoints/rdkit_desc_vs_cnn.pt
Epoch 006 | time=2.7s | train_loss=0.4514 | val_loss=0.6090 | val_auc=0.7464
Epoch 007 | time=2.7s | train_loss=0.4437 | val_loss=0.6092 | val_auc=0.7446
Epoch 008 | time=2.7s | train_loss=0.4337 | val_loss=0.6245 | val_auc=0.7384
Epoch 009 | time=2.7s | train_loss=0.4294 | val_loss=0.6291 | val_auc=0.7448
Epoch 010 | time=2.7s | train_loss=0.4242 | val_loss=0.6007 | val_auc=0.7591
  ✓ New best model (epoch 10, val_loss=0.6007, val_auc=0.7591) saved to checkpoints/rdkit_desc_vs_cnn.pt
Epoch 011 | time=2.7s | train_loss=0.4178 | val_loss=0.6164 | val_auc=0.7510
Epoch 012 | time=2.7s | train_loss=0.4114 | val_loss=0.6221 | val_auc=0.7537
Epoch 013 | time=2.7s | train_loss=0.4029 | val_loss=0.6266 | val_auc=0.7492
Epoch 014 | time=2.7s | train_loss=0.3994 | val_loss=0.6252 | val_auc=0.7535
Epoch 015 | time=2.7s | train_loss=0.3959 | val_loss=0.6256 | val_auc=0.7550
Epoch 016 | time=2.7s | train_loss=0.3929 | val_loss=0.6230 | val_auc=0.7547
Epoch 017 | time=2.7s | train_loss=0.3924 | val_loss=0.6282 | val_auc=0.7554
Epoch 018 | time=2.7s | train_loss=0.3831 | val_loss=0.6281 | val_auc=0.7548
Epoch 019 | time=2.7s | train_loss=0.3822 | val_loss=0.6275 | val_auc=0.7560
Epoch 020 | time=2.7s | train_loss=0.3845 | val_loss=0.6291 | val_auc=0.7543
Early stopping — no improvement for 10 epochs

Best model: epoch 10, val_loss=0.6291, val_auc=0.7591

═══ Test Results ═══
           auc: 0.7332
         auprc: 0.6747
            f1: 0.6281
     precision: 0.6503
        recall: 0.6075
          loss: 0.6168
