Uninstalled 1 package in 7ms
Installed 1 package in 12ms
/net/storage/pr3/plgrid/plggmlcil/plgkstankie/vvv/Multimodal-models-for-predicting-drug-target-interactions/.venv/lib/python3.11/site-packages/outdated/__init__.py:36: UserWarning: pkg_resources is deprecated as an API. See https://setuptools.pypa.io/en/latest/pkg_resources.html. The pkg_resources package is slated for removal as early as 2025-11-30. Refrain from using this package or pin to Setuptools<81.
  from pkg_resources import parse_version
Setting global random seed to 123
Using device: cuda
Loading clean data from: /net/storage/pr3/plgrid/plggmlcil/plgkstankie/vvv/Multimodal-models-for-predicting-drug-target-interactions/src/datasets/lincs_balanced.parquet
Dataset size: 27498
Train: 19558  Val: 2885  Test: 5055
ChemBERTProcessor: loaded 236379 embeddings (dim=768) from /net/storage/pr3/plgrid/plggmlcil/plgkstankie/vvv/Multimodal-models-for-predicting-drug-target-interactions/src/datasets/ChemBERTa-zinc-base-v1.pt
SMILES encoders:  ['ChemBERTEncoder', 'LincsEncoder']
Protein encoders: ['ProteinCNNEncoder']
MultimodalDTI(
  (smiles_encoders): ModuleList(
    (0): ChemBERTEncoder(
      (projection): Sequential(
        (0): Linear(in_features=768, out_features=128, bias=True)
        (1): LayerNorm((128,), eps=1e-05, elementwise_affine=True)
        (2): ReLU()
      )
    )
    (1): LincsEncoder(
      (mlp): Sequential(
        (0): Linear(in_features=978, out_features=128, bias=True)
        (1): BatchNorm1d(128, eps=1e-05, momentum=0.1, affine=True, track_running_stats=True)
        (2): ReLU()
        (3): Dropout(p=0.5, inplace=False)
        (4): Linear(in_features=128, out_features=128, bias=True)
        (5): BatchNorm1d(128, eps=1e-05, momentum=0.1, affine=True, track_running_stats=True)
        (6): ReLU()
      )
    )
  )
  (protein_encoders): ModuleList(
    (0): ProteinCNNEncoder(
      (embedding): Embedding(21, 128, padding_idx=0)
      (conv_blocks): ModuleList(
        (0): Sequential(
          (0): Conv1d(128, 64, kernel_size=(3,), stride=(1,), padding=(1,))
          (1): BatchNorm1d(64, eps=1e-05, momentum=0.1, affine=True, track_running_stats=True)
          (2): ReLU()
          (3): Conv1d(64, 64, kernel_size=(3,), stride=(1,), padding=(1,))
          (4): BatchNorm1d(64, eps=1e-05, momentum=0.1, affine=True, track_running_stats=True)
          (5): ReLU()
        )
        (1): Sequential(
          (0): Conv1d(128, 64, kernel_size=(7,), stride=(1,), padding=(3,))
          (1): BatchNorm1d(64, eps=1e-05, momentum=0.1, affine=True, track_running_stats=True)
          (2): ReLU()
          (3): Conv1d(64, 64, kernel_size=(7,), stride=(1,), padding=(3,))
          (4): BatchNorm1d(64, eps=1e-05, momentum=0.1, affine=True, track_running_stats=True)
          (5): ReLU()
        )
        (2): Sequential(
          (0): Conv1d(128, 64, kernel_size=(15,), stride=(1,), padding=(7,))
          (1): BatchNorm1d(64, eps=1e-05, momentum=0.1, affine=True, track_running_stats=True)
          (2): ReLU()
          (3): Conv1d(64, 64, kernel_size=(15,), stride=(1,), padding=(7,))
          (4): BatchNorm1d(64, eps=1e-05, momentum=0.1, affine=True, track_running_stats=True)
          (5): ReLU()
        )
      )
    )
  )
  (fusion): MLPFusion(
    (classifier): Sequential(
      (0): Linear(in_features=448, out_features=128, bias=True)
      (1): BatchNorm1d(128, eps=1e-05, momentum=0.1, affine=True, track_running_stats=True)
      (2): ReLU()
      (3): Dropout(p=0.5, inplace=False)
      (4): Linear(in_features=128, out_features=32, bias=True)
      (5): BatchNorm1d(32, eps=1e-05, momentum=0.1, affine=True, track_running_stats=True)
      (6): ReLU()
      (7): Dropout(p=0.5, inplace=False)
      (8): Linear(in_features=32, out_features=1, bias=True)
    )
  )
)
Epoch 001 | time=2.1s | train_loss=0.6086 | val_loss=0.6365 | val_auc=0.6932
  ✓ New best model (epoch 1, val_loss=0.6365, val_auc=0.6932) saved to checkpoints/chembert_lincs_vs_cnn_seed123.pt
Epoch 002 | time=1.5s | train_loss=0.5057 | val_loss=0.6049 | val_auc=0.7407
  ✓ New best model (epoch 2, val_loss=0.6049, val_auc=0.7407) saved to checkpoints/chembert_lincs_vs_cnn_seed123.pt
Epoch 003 | time=1.5s | train_loss=0.4507 | val_loss=0.5762 | val_auc=0.7712
  ✓ New best model (epoch 3, val_loss=0.5762, val_auc=0.7712) saved to checkpoints/chembert_lincs_vs_cnn_seed123.pt
Epoch 004 | time=1.5s | train_loss=0.4140 | val_loss=0.5592 | val_auc=0.7867
  ✓ New best model (epoch 4, val_loss=0.5592, val_auc=0.7867) saved to checkpoints/chembert_lincs_vs_cnn_seed123.pt
Epoch 005 | time=1.5s | train_loss=0.3816 | val_loss=0.5596 | val_auc=0.7899
  ✓ New best model (epoch 5, val_loss=0.5596, val_auc=0.7899) saved to checkpoints/chembert_lincs_vs_cnn_seed123.pt
Epoch 006 | time=1.5s | train_loss=0.3525 | val_loss=0.5454 | val_auc=0.8015
  ✓ New best model (epoch 6, val_loss=0.5454, val_auc=0.8015) saved to checkpoints/chembert_lincs_vs_cnn_seed123.pt
Epoch 007 | time=1.5s | train_loss=0.3330 | val_loss=0.5415 | val_auc=0.8064
  ✓ New best model (epoch 7, val_loss=0.5415, val_auc=0.8064) saved to checkpoints/chembert_lincs_vs_cnn_seed123.pt
Epoch 008 | time=1.5s | train_loss=0.3151 | val_loss=0.5462 | val_auc=0.8022
Epoch 009 | time=1.5s | train_loss=0.2975 | val_loss=0.5624 | val_auc=0.7937
Epoch 010 | time=1.5s | train_loss=0.2831 | val_loss=0.5414 | val_auc=0.8073
  ✓ New best model (epoch 10, val_loss=0.5414, val_auc=0.8073) saved to checkpoints/chembert_lincs_vs_cnn_seed123.pt
Epoch 011 | time=1.5s | train_loss=0.2697 | val_loss=0.5548 | val_auc=0.8000
Epoch 012 | time=1.5s | train_loss=0.2578 | val_loss=0.5360 | val_auc=0.8138
  ✓ New best model (epoch 12, val_loss=0.5360, val_auc=0.8138) saved to checkpoints/chembert_lincs_vs_cnn_seed123.pt
Epoch 013 | time=1.5s | train_loss=0.2469 | val_loss=0.5477 | val_auc=0.8112
Epoch 014 | time=1.5s | train_loss=0.2353 | val_loss=0.5695 | val_auc=0.8017
Epoch 015 | time=1.5s | train_loss=0.2260 | val_loss=0.5678 | val_auc=0.8053
Epoch 016 | time=1.5s | train_loss=0.2148 | val_loss=0.5595 | val_auc=0.8066
Epoch 017 | time=1.5s | train_loss=0.2068 | val_loss=0.5633 | val_auc=0.8109
Epoch 018 | time=1.5s | train_loss=0.2016 | val_loss=0.5738 | val_auc=0.8097
Epoch 019 | time=1.5s | train_loss=0.1906 | val_loss=0.5771 | val_auc=0.8073
Epoch 020 | time=1.5s | train_loss=0.1833 | val_loss=0.5816 | val_auc=0.8051
Epoch 021 | time=1.5s | train_loss=0.1761 | val_loss=0.5725 | val_auc=0.8146
  ✓ New best model (epoch 21, val_loss=0.5725, val_auc=0.8146) saved to checkpoints/chembert_lincs_vs_cnn_seed123.pt
Epoch 022 | time=1.5s | train_loss=0.1740 | val_loss=0.5910 | val_auc=0.8058
Epoch 023 | time=1.5s | train_loss=0.1689 | val_loss=0.5821 | val_auc=0.8089
Epoch 024 | time=1.5s | train_loss=0.1665 | val_loss=0.5846 | val_auc=0.8077
Epoch 025 | time=1.5s | train_loss=0.1600 | val_loss=0.5825 | val_auc=0.8133
Epoch 026 | time=1.5s | train_loss=0.1552 | val_loss=0.5840 | val_auc=0.8117
Epoch 027 | time=1.5s | train_loss=0.1558 | val_loss=0.6119 | val_auc=0.8039
Epoch 028 | time=1.5s | train_loss=0.1539 | val_loss=0.5983 | val_auc=0.8080
Epoch 029 | time=1.5s | train_loss=0.1502 | val_loss=0.6110 | val_auc=0.7996
Epoch 030 | time=1.5s | train_loss=0.1478 | val_loss=0.5916 | val_auc=0.8119
Epoch 031 | time=1.5s | train_loss=0.1447 | val_loss=0.5954 | val_auc=0.8091
Early stopping — no improvement for 10 epochs

Best model: epoch 21, val_loss=0.5954, val_auc=0.8146

═══ Test Results ═══
           auc: 0.7318
         auprc: 0.6451
            f1: 0.6597
     precision: 0.6492
        recall: 0.6706
          loss: 0.7571
