Uninstalled 1 package in 7ms
Installed 1 package in 12ms
/net/storage/pr3/plgrid/plggmlcil/plgkstankie/vvv/Multimodal-models-for-predicting-drug-target-interactions/.venv/lib/python3.11/site-packages/outdated/__init__.py:36: UserWarning: pkg_resources is deprecated as an API. See https://setuptools.pypa.io/en/latest/pkg_resources.html. The pkg_resources package is slated for removal as early as 2025-11-30. Refrain from using this package or pin to Setuptools<81.
  from pkg_resources import parse_version
Setting global random seed to 999
Using device: cuda
Loading clean data from: /net/storage/pr3/plgrid/plggmlcil/plgkstankie/vvv/Multimodal-models-for-predicting-drug-target-interactions/src/datasets/lincs_balanced.parquet
Dataset size: 27498
Train: 19558  Val: 2885  Test: 5055
ChemBERTProcessor: loaded 236379 embeddings (dim=768) from /net/storage/pr3/plgrid/plggmlcil/plgkstankie/vvv/Multimodal-models-for-predicting-drug-target-interactions/src/datasets/ChemBERTa-zinc-base-v1.pt
SMILES encoders:  ['ChemBERTEncoder', 'LincsEncoder']
Protein encoders: ['ProteinCNNEncoder']
MultimodalDTI(
  (smiles_encoders): ModuleList(
    (0): ChemBERTEncoder(
      (projection): Sequential(
        (0): Linear(in_features=768, out_features=128, bias=True)
        (1): LayerNorm((128,), eps=1e-05, elementwise_affine=True)
        (2): ReLU()
      )
    )
    (1): LincsEncoder(
      (mlp): Sequential(
        (0): Linear(in_features=978, out_features=128, bias=True)
        (1): BatchNorm1d(128, eps=1e-05, momentum=0.1, affine=True, track_running_stats=True)
        (2): ReLU()
        (3): Dropout(p=0.5, inplace=False)
        (4): Linear(in_features=128, out_features=128, bias=True)
        (5): BatchNorm1d(128, eps=1e-05, momentum=0.1, affine=True, track_running_stats=True)
        (6): ReLU()
      )
    )
  )
  (protein_encoders): ModuleList(
    (0): ProteinCNNEncoder(
      (embedding): Embedding(21, 128, padding_idx=0)
      (conv_blocks): ModuleList(
        (0): Sequential(
          (0): Conv1d(128, 64, kernel_size=(3,), stride=(1,), padding=(1,))
          (1): BatchNorm1d(64, eps=1e-05, momentum=0.1, affine=True, track_running_stats=True)
          (2): ReLU()
          (3): Conv1d(64, 64, kernel_size=(3,), stride=(1,), padding=(1,))
          (4): BatchNorm1d(64, eps=1e-05, momentum=0.1, affine=True, track_running_stats=True)
          (5): ReLU()
        )
        (1): Sequential(
          (0): Conv1d(128, 64, kernel_size=(7,), stride=(1,), padding=(3,))
          (1): BatchNorm1d(64, eps=1e-05, momentum=0.1, affine=True, track_running_stats=True)
          (2): ReLU()
          (3): Conv1d(64, 64, kernel_size=(7,), stride=(1,), padding=(3,))
          (4): BatchNorm1d(64, eps=1e-05, momentum=0.1, affine=True, track_running_stats=True)
          (5): ReLU()
        )
        (2): Sequential(
          (0): Conv1d(128, 64, kernel_size=(15,), stride=(1,), padding=(7,))
          (1): BatchNorm1d(64, eps=1e-05, momentum=0.1, affine=True, track_running_stats=True)
          (2): ReLU()
          (3): Conv1d(64, 64, kernel_size=(15,), stride=(1,), padding=(7,))
          (4): BatchNorm1d(64, eps=1e-05, momentum=0.1, affine=True, track_running_stats=True)
          (5): ReLU()
        )
      )
    )
  )
  (fusion): MLPFusion(
    (classifier): Sequential(
      (0): Linear(in_features=448, out_features=128, bias=True)
      (1): BatchNorm1d(128, eps=1e-05, momentum=0.1, affine=True, track_running_stats=True)
      (2): ReLU()
      (3): Dropout(p=0.5, inplace=False)
      (4): Linear(in_features=128, out_features=32, bias=True)
      (5): BatchNorm1d(32, eps=1e-05, momentum=0.1, affine=True, track_running_stats=True)
      (6): ReLU()
      (7): Dropout(p=0.5, inplace=False)
      (8): Linear(in_features=32, out_features=1, bias=True)
    )
  )
)
Epoch 001 | time=2.1s | train_loss=0.6133 | val_loss=0.6346 | val_auc=0.6991
  ✓ New best model (epoch 1, val_loss=0.6346, val_auc=0.6991) saved to checkpoints/chembert_lincs_vs_cnn_seed999.pt
Epoch 002 | time=1.5s | train_loss=0.5161 | val_loss=0.6038 | val_auc=0.7357
  ✓ New best model (epoch 2, val_loss=0.6038, val_auc=0.7357) saved to checkpoints/chembert_lincs_vs_cnn_seed999.pt
Epoch 003 | time=2.2s | train_loss=0.4578 | val_loss=0.5846 | val_auc=0.7578
  ✓ New best model (epoch 3, val_loss=0.5846, val_auc=0.7578) saved to checkpoints/chembert_lincs_vs_cnn_seed999.pt
Epoch 004 | time=1.5s | train_loss=0.4194 | val_loss=0.5815 | val_auc=0.7596
  ✓ New best model (epoch 4, val_loss=0.5815, val_auc=0.7596) saved to checkpoints/chembert_lincs_vs_cnn_seed999.pt
Epoch 005 | time=1.5s | train_loss=0.3858 | val_loss=0.5750 | val_auc=0.7675
  ✓ New best model (epoch 5, val_loss=0.5750, val_auc=0.7675) saved to checkpoints/chembert_lincs_vs_cnn_seed999.pt
Epoch 006 | time=1.5s | train_loss=0.3583 | val_loss=0.5759 | val_auc=0.7676
  ✓ New best model (epoch 6, val_loss=0.5759, val_auc=0.7676) saved to checkpoints/chembert_lincs_vs_cnn_seed999.pt
Epoch 007 | time=1.5s | train_loss=0.3411 | val_loss=0.5709 | val_auc=0.7782
  ✓ New best model (epoch 7, val_loss=0.5709, val_auc=0.7782) saved to checkpoints/chembert_lincs_vs_cnn_seed999.pt
Epoch 008 | time=1.5s | train_loss=0.3198 | val_loss=0.5601 | val_auc=0.7900
  ✓ New best model (epoch 8, val_loss=0.5601, val_auc=0.7900) saved to checkpoints/chembert_lincs_vs_cnn_seed999.pt
Epoch 009 | time=1.5s | train_loss=0.3053 | val_loss=0.5691 | val_auc=0.7885
Epoch 010 | time=1.5s | train_loss=0.2881 | val_loss=0.5771 | val_auc=0.7839
Epoch 011 | time=1.5s | train_loss=0.2729 | val_loss=0.5684 | val_auc=0.7913
  ✓ New best model (epoch 11, val_loss=0.5684, val_auc=0.7913) saved to checkpoints/chembert_lincs_vs_cnn_seed999.pt
Epoch 012 | time=1.5s | train_loss=0.2613 | val_loss=0.5652 | val_auc=0.7949
  ✓ New best model (epoch 12, val_loss=0.5652, val_auc=0.7949) saved to checkpoints/chembert_lincs_vs_cnn_seed999.pt
Epoch 013 | time=1.5s | train_loss=0.2506 | val_loss=0.5677 | val_auc=0.7987
  ✓ New best model (epoch 13, val_loss=0.5677, val_auc=0.7987) saved to checkpoints/chembert_lincs_vs_cnn_seed999.pt
Epoch 014 | time=1.5s | train_loss=0.2396 | val_loss=0.5835 | val_auc=0.7902
Epoch 015 | time=1.5s | train_loss=0.2235 | val_loss=0.5622 | val_auc=0.8042
  ✓ New best model (epoch 15, val_loss=0.5622, val_auc=0.8042) saved to checkpoints/chembert_lincs_vs_cnn_seed999.pt
Epoch 016 | time=1.5s | train_loss=0.2156 | val_loss=0.5574 | val_auc=0.8080
  ✓ New best model (epoch 16, val_loss=0.5574, val_auc=0.8080) saved to checkpoints/chembert_lincs_vs_cnn_seed999.pt
Epoch 017 | time=1.5s | train_loss=0.2091 | val_loss=0.5715 | val_auc=0.8024
Epoch 018 | time=1.5s | train_loss=0.2059 | val_loss=0.5630 | val_auc=0.8051
Epoch 019 | time=1.5s | train_loss=0.2003 | val_loss=0.5739 | val_auc=0.7997
Epoch 020 | time=1.5s | train_loss=0.1937 | val_loss=0.5942 | val_auc=0.7926
Epoch 021 | time=1.5s | train_loss=0.1905 | val_loss=0.5676 | val_auc=0.8072
Epoch 022 | time=1.5s | train_loss=0.1865 | val_loss=0.5836 | val_auc=0.8030
Epoch 023 | time=1.5s | train_loss=0.1775 | val_loss=0.5796 | val_auc=0.8052
Epoch 024 | time=1.5s | train_loss=0.1763 | val_loss=0.5867 | val_auc=0.8015
Epoch 025 | time=1.5s | train_loss=0.1744 | val_loss=0.5795 | val_auc=0.8077
Epoch 026 | time=1.5s | train_loss=0.1726 | val_loss=0.5893 | val_auc=0.8019
Early stopping — no improvement for 10 epochs

Best model: epoch 16, val_loss=0.5893, val_auc=0.8080

═══ Test Results ═══
           auc: 0.7326
         auprc: 0.6543
            f1: 0.6711
     precision: 0.6287
        recall: 0.7197
          loss: 0.6892
