/home/kappy/Repos/Multimodal-models-for-predicting-drug-target-interactions/.venv/lib/python3.11/site-packages/outdated/__init__.py:36: UserWarning: pkg_resources is deprecated as an API. See https://setuptools.pypa.io/en/latest/pkg_resources.html. The pkg_resources package is slated for removal as early as 2025-11-30. Refrain from using this package or pin to Setuptools<81.
  from pkg_resources import parse_version
Using device: cuda
Loading clean data from: /home/kappy/Repos/Multimodal-models-for-predicting-drug-target-interactions/src/datasets/lincs_balanced.parquet
Dataset size: 27498
Train: 19558  Val: 2885  Test: 5055
ChemBERTProcessor: loaded 236379 embeddings (dim=768) from /home/kappy/Repos/Multimodal-models-for-predicting-drug-target-interactions/src/datasets/ChemBERTa-zinc-base-v1.pt
SMILES encoders:  ['ChemBERTEncoder', 'LincsGraphEncoder']
Protein encoders: ['ProteinCNNEncoder']
MultimodalDTI(
  (smiles_encoders): ModuleList(
    (0): ChemBERTEncoder(
      (projection): Sequential(
        (0): Linear(in_features=768, out_features=128, bias=True)
        (1): LayerNorm((128,), eps=1e-05, elementwise_affine=True)
        (2): ReLU()
      )
    )
    (1): LincsGraphEncoder(
      (proj): Linear(in_features=1, out_features=128, bias=True)
      (convs): ModuleList(
        (0-1): 2 x DenseGCNConv(
          (linear): Linear(in_features=128, out_features=128, bias=False)
        )
      )
      (bns): ModuleList(
        (0-1): 2 x BatchNorm1d(128, eps=1e-05, momentum=0.1, affine=True, track_running_stats=True)
      )
      (pool_proj): Linear(in_features=128, out_features=128, bias=True)
    )
  )
  (protein_encoders): ModuleList(
    (0): ProteinCNNEncoder(
      (embedding): Embedding(21, 128, padding_idx=0)
      (conv_blocks): ModuleList(
        (0): Sequential(
          (0): Conv1d(128, 64, kernel_size=(3,), stride=(1,), padding=(1,))
          (1): BatchNorm1d(64, eps=1e-05, momentum=0.1, affine=True, track_running_stats=True)
          (2): ReLU()
          (3): Conv1d(64, 64, kernel_size=(3,), stride=(1,), padding=(1,))
          (4): BatchNorm1d(64, eps=1e-05, momentum=0.1, affine=True, track_running_stats=True)
          (5): ReLU()
        )
        (1): Sequential(
          (0): Conv1d(128, 64, kernel_size=(7,), stride=(1,), padding=(3,))
          (1): BatchNorm1d(64, eps=1e-05, momentum=0.1, affine=True, track_running_stats=True)
          (2): ReLU()
          (3): Conv1d(64, 64, kernel_size=(7,), stride=(1,), padding=(3,))
          (4): BatchNorm1d(64, eps=1e-05, momentum=0.1, affine=True, track_running_stats=True)
          (5): ReLU()
        )
        (2): Sequential(
          (0): Conv1d(128, 64, kernel_size=(15,), stride=(1,), padding=(7,))
          (1): BatchNorm1d(64, eps=1e-05, momentum=0.1, affine=True, track_running_stats=True)
          (2): ReLU()
          (3): Conv1d(64, 64, kernel_size=(15,), stride=(1,), padding=(7,))
          (4): BatchNorm1d(64, eps=1e-05, momentum=0.1, affine=True, track_running_stats=True)
          (5): ReLU()
        )
      )
    )
  )
  (fusion): MLPFusion(
    (classifier): Sequential(
      (0): Linear(in_features=448, out_features=128, bias=True)
      (1): BatchNorm1d(128, eps=1e-05, momentum=0.1, affine=True, track_running_stats=True)
      (2): ReLU()
      (3): Dropout(p=0.5, inplace=False)
      (4): Linear(in_features=128, out_features=32, bias=True)
      (5): BatchNorm1d(32, eps=1e-05, momentum=0.1, affine=True, track_running_stats=True)
      (6): ReLU()
      (7): Dropout(p=0.5, inplace=False)
      (8): Linear(in_features=32, out_features=1, bias=True)
    )
  )
)
Epoch 001 | time=7.2s | train_loss=0.6104 | val_loss=0.6318 | val_auc=0.7022
  ✓ New best model (epoch 1, val_loss=0.6318, val_auc=0.7022) saved to checkpoints/chembert_lincs_graph_vs_cnn.pt
Epoch 002 | time=6.8s | train_loss=0.5065 | val_loss=0.6083 | val_auc=0.7320
  ✓ New best model (epoch 2, val_loss=0.6083, val_auc=0.7320) saved to checkpoints/chembert_lincs_graph_vs_cnn.pt
Epoch 003 | time=6.8s | train_loss=0.4473 | val_loss=0.5867 | val_auc=0.7627
  ✓ New best model (epoch 3, val_loss=0.5867, val_auc=0.7627) saved to checkpoints/chembert_lincs_graph_vs_cnn.pt
Epoch 004 | time=6.8s | train_loss=0.4075 | val_loss=0.5855 | val_auc=0.7602
Epoch 005 | time=6.8s | train_loss=0.3765 | val_loss=0.5800 | val_auc=0.7778
  ✓ New best model (epoch 5, val_loss=0.5800, val_auc=0.7778) saved to checkpoints/chembert_lincs_graph_vs_cnn.pt
Epoch 006 | time=6.8s | train_loss=0.3489 | val_loss=0.5850 | val_auc=0.7735
Epoch 007 | time=6.8s | train_loss=0.3254 | val_loss=0.5677 | val_auc=0.7836
  ✓ New best model (epoch 7, val_loss=0.5677, val_auc=0.7836) saved to checkpoints/chembert_lincs_graph_vs_cnn.pt
Epoch 008 | time=6.8s | train_loss=0.3068 | val_loss=0.5824 | val_auc=0.7768
Epoch 009 | time=6.8s | train_loss=0.2910 | val_loss=0.5738 | val_auc=0.7865
  ✓ New best model (epoch 9, val_loss=0.5738, val_auc=0.7865) saved to checkpoints/chembert_lincs_graph_vs_cnn.pt
Epoch 010 | time=6.9s | train_loss=0.2778 | val_loss=0.5942 | val_auc=0.7783
Epoch 011 | time=6.9s | train_loss=0.2640 | val_loss=0.5964 | val_auc=0.7765
Epoch 012 | time=6.8s | train_loss=0.2531 | val_loss=0.5972 | val_auc=0.7842
Epoch 013 | time=6.8s | train_loss=0.2401 | val_loss=0.6099 | val_auc=0.7762
Epoch 014 | time=6.8s | train_loss=0.2234 | val_loss=0.6118 | val_auc=0.7803
Epoch 015 | time=6.8s | train_loss=0.2145 | val_loss=0.6053 | val_auc=0.7816
Epoch 016 | time=6.8s | train_loss=0.2080 | val_loss=0.6083 | val_auc=0.7859
Epoch 017 | time=6.8s | train_loss=0.2020 | val_loss=0.6223 | val_auc=0.7826
Epoch 018 | time=6.9s | train_loss=0.1969 | val_loss=0.6303 | val_auc=0.7850
Epoch 019 | time=6.9s | train_loss=0.1915 | val_loss=0.6210 | val_auc=0.7830
Early stopping — no improvement for 10 epochs

Best model: epoch 9, val_loss=0.6210, val_auc=0.7865

═══ Test Results ═══
           auc: 0.7269
         auprc: 0.6368
            f1: 0.6477
     precision: 0.6336
        recall: 0.6625
          loss: 0.6574
