Uninstalled 1 package in 7ms
Installed 1 package in 11ms
/net/storage/pr3/plgrid/plggmlcil/plgkstankie/vvv/Multimodal-models-for-predicting-drug-target-interactions/.venv/lib/python3.11/site-packages/outdated/__init__.py:36: UserWarning: pkg_resources is deprecated as an API. See https://setuptools.pypa.io/en/latest/pkg_resources.html. The pkg_resources package is slated for removal as early as 2025-11-30. Refrain from using this package or pin to Setuptools<81.
  from pkg_resources import parse_version
Setting global random seed to 42
Using device: cuda
Loading clean data from: /net/storage/pr3/plgrid/plggmlcil/plgkstankie/vvv/Multimodal-models-for-predicting-drug-target-interactions/src/datasets/lincs_balanced.parquet
Dataset size: 27498
Train: 19558  Val: 2885  Test: 5055
ChemBERTProcessor: loaded 236379 embeddings (dim=768) from /net/storage/pr3/plgrid/plggmlcil/plgkstankie/vvv/Multimodal-models-for-predicting-drug-target-interactions/src/datasets/ChemBERTa-zinc-base-v1.pt
SMILES encoders:  ['ChemBERTEncoder']
Protein encoders: ['ProteinCNNEncoder']
MultimodalDTI(
  (smiles_encoders): ModuleList(
    (0): ChemBERTEncoder(
      (projection): Sequential(
        (0): Linear(in_features=768, out_features=128, bias=True)
        (1): LayerNorm((128,), eps=1e-05, elementwise_affine=True)
        (2): ReLU()
      )
    )
  )
  (protein_encoders): ModuleList(
    (0): ProteinCNNEncoder(
      (embedding): Embedding(21, 128, padding_idx=0)
      (conv_blocks): ModuleList(
        (0): Sequential(
          (0): Conv1d(128, 64, kernel_size=(3,), stride=(1,), padding=(1,))
          (1): BatchNorm1d(64, eps=1e-05, momentum=0.1, affine=True, track_running_stats=True)
          (2): ReLU()
          (3): Conv1d(64, 64, kernel_size=(3,), stride=(1,), padding=(1,))
          (4): BatchNorm1d(64, eps=1e-05, momentum=0.1, affine=True, track_running_stats=True)
          (5): ReLU()
        )
        (1): Sequential(
          (0): Conv1d(128, 64, kernel_size=(7,), stride=(1,), padding=(3,))
          (1): BatchNorm1d(64, eps=1e-05, momentum=0.1, affine=True, track_running_stats=True)
          (2): ReLU()
          (3): Conv1d(64, 64, kernel_size=(7,), stride=(1,), padding=(3,))
          (4): BatchNorm1d(64, eps=1e-05, momentum=0.1, affine=True, track_running_stats=True)
          (5): ReLU()
        )
        (2): Sequential(
          (0): Conv1d(128, 64, kernel_size=(15,), stride=(1,), padding=(7,))
          (1): BatchNorm1d(64, eps=1e-05, momentum=0.1, affine=True, track_running_stats=True)
          (2): ReLU()
          (3): Conv1d(64, 64, kernel_size=(15,), stride=(1,), padding=(7,))
          (4): BatchNorm1d(64, eps=1e-05, momentum=0.1, affine=True, track_running_stats=True)
          (5): ReLU()
        )
      )
    )
  )
  (fusion): MLPFusion(
    (classifier): Sequential(
      (0): Linear(in_features=320, out_features=128, bias=True)
      (1): BatchNorm1d(128, eps=1e-05, momentum=0.1, affine=True, track_running_stats=True)
      (2): ReLU()
      (3): Dropout(p=0.5, inplace=False)
      (4): Linear(in_features=128, out_features=32, bias=True)
      (5): BatchNorm1d(32, eps=1e-05, momentum=0.1, affine=True, track_running_stats=True)
      (6): ReLU()
      (7): Dropout(p=0.5, inplace=False)
      (8): Linear(in_features=32, out_features=1, bias=True)
    )
  )
)
Epoch 001 | time=2.1s | train_loss=0.5922 | val_loss=0.6186 | val_auc=0.7233
  ✓ New best model (epoch 1, val_loss=0.6186, val_auc=0.7233) saved to checkpoints/chembert_vs_cnn_seed42.pt
Epoch 002 | time=1.4s | train_loss=0.4903 | val_loss=0.6009 | val_auc=0.7429
  ✓ New best model (epoch 2, val_loss=0.6009, val_auc=0.7429) saved to checkpoints/chembert_vs_cnn_seed42.pt
Epoch 003 | time=1.4s | train_loss=0.4359 | val_loss=0.5866 | val_auc=0.7637
  ✓ New best model (epoch 3, val_loss=0.5866, val_auc=0.7637) saved to checkpoints/chembert_vs_cnn_seed42.pt
Epoch 004 | time=1.4s | train_loss=0.3988 | val_loss=0.5909 | val_auc=0.7621
Epoch 005 | time=1.4s | train_loss=0.3688 | val_loss=0.5893 | val_auc=0.7667
  ✓ New best model (epoch 5, val_loss=0.5893, val_auc=0.7667) saved to checkpoints/chembert_vs_cnn_seed42.pt
Epoch 006 | time=1.4s | train_loss=0.3431 | val_loss=0.5790 | val_auc=0.7783
  ✓ New best model (epoch 6, val_loss=0.5790, val_auc=0.7783) saved to checkpoints/chembert_vs_cnn_seed42.pt
Epoch 007 | time=1.4s | train_loss=0.3193 | val_loss=0.5983 | val_auc=0.7684
Epoch 008 | time=1.4s | train_loss=0.3011 | val_loss=0.5909 | val_auc=0.7737
Epoch 009 | time=1.4s | train_loss=0.2853 | val_loss=0.5907 | val_auc=0.7781
Epoch 010 | time=1.4s | train_loss=0.2689 | val_loss=0.5787 | val_auc=0.7868
  ✓ New best model (epoch 10, val_loss=0.5787, val_auc=0.7868) saved to checkpoints/chembert_vs_cnn_seed42.pt
Epoch 011 | time=1.4s | train_loss=0.2545 | val_loss=0.5668 | val_auc=0.7926
  ✓ New best model (epoch 11, val_loss=0.5668, val_auc=0.7926) saved to checkpoints/chembert_vs_cnn_seed42.pt
Epoch 012 | time=1.4s | train_loss=0.2455 | val_loss=0.5935 | val_auc=0.7856
Epoch 013 | time=1.4s | train_loss=0.2349 | val_loss=0.5815 | val_auc=0.7949
  ✓ New best model (epoch 13, val_loss=0.5815, val_auc=0.7949) saved to checkpoints/chembert_vs_cnn_seed42.pt
Epoch 014 | time=1.4s | train_loss=0.2259 | val_loss=0.5908 | val_auc=0.7858
Epoch 015 | time=1.4s | train_loss=0.2156 | val_loss=0.6032 | val_auc=0.7831
Epoch 016 | time=1.4s | train_loss=0.2064 | val_loss=0.5890 | val_auc=0.7956
  ✓ New best model (epoch 16, val_loss=0.5890, val_auc=0.7956) saved to checkpoints/chembert_vs_cnn_seed42.pt
Epoch 017 | time=1.4s | train_loss=0.2023 | val_loss=0.6010 | val_auc=0.7938
Epoch 018 | time=1.4s | train_loss=0.1879 | val_loss=0.6123 | val_auc=0.7890
Epoch 019 | time=1.4s | train_loss=0.1816 | val_loss=0.6273 | val_auc=0.7855
Epoch 020 | time=1.4s | train_loss=0.1744 | val_loss=0.6243 | val_auc=0.7825
Epoch 021 | time=1.4s | train_loss=0.1715 | val_loss=0.6147 | val_auc=0.7931
Epoch 022 | time=1.4s | train_loss=0.1661 | val_loss=0.6425 | val_auc=0.7769
Epoch 023 | time=1.4s | train_loss=0.1623 | val_loss=0.6417 | val_auc=0.7796
Epoch 024 | time=1.4s | train_loss=0.1532 | val_loss=0.6364 | val_auc=0.7893
Epoch 025 | time=1.4s | train_loss=0.1477 | val_loss=0.6573 | val_auc=0.7789
Epoch 026 | time=1.4s | train_loss=0.1491 | val_loss=0.6594 | val_auc=0.7808
Early stopping — no improvement for 10 epochs

Best model: epoch 16, val_loss=0.6594, val_auc=0.7956

═══ Test Results ═══
           auc: 0.7116
         auprc: 0.6753
            f1: 0.6384
     precision: 0.6008
        recall: 0.6809
          loss: 0.7210
