Uninstalled 1 package in 9ms
Installed 1 package in 35ms
/net/storage/pr3/plgrid/plggmlcil/plgkstankie/vvv/Multimodal-models-for-predicting-drug-target-interactions/.venv/lib/python3.11/site-packages/outdated/__init__.py:36: UserWarning: pkg_resources is deprecated as an API. See https://setuptools.pypa.io/en/latest/pkg_resources.html. The pkg_resources package is slated for removal as early as 2025-11-30. Refrain from using this package or pin to Setuptools<81.
  from pkg_resources import parse_version
Setting global random seed to 123
Using device: cuda
Loading clean data from: /net/storage/pr3/plgrid/plggmlcil/plgkstankie/vvv/Multimodal-models-for-predicting-drug-target-interactions/src/datasets/lincs_balanced.parquet
Dataset size: 27498
Train: 19558  Val: 2885  Test: 5055
ChemBERTProcessor: loaded 236379 embeddings (dim=768) from /net/storage/pr3/plgrid/plggmlcil/plgkstankie/vvv/Multimodal-models-for-predicting-drug-target-interactions/src/datasets/ChemBERTa-zinc-base-v1.pt
SMILES encoders:  ['ChemBERTEncoder', 'LincsGraphEncoder']
Protein encoders: ['ProteinCNNEncoder']
MultimodalDTI(
  (smiles_encoders): ModuleList(
    (0): ChemBERTEncoder(
      (projection): Sequential(
        (0): Linear(in_features=768, out_features=128, bias=True)
        (1): LayerNorm((128,), eps=1e-05, elementwise_affine=True)
        (2): ReLU()
      )
    )
    (1): LincsGraphEncoder(
      (proj): Linear(in_features=1, out_features=128, bias=True)
      (convs): ModuleList(
        (0-1): 2 x DenseGCNConv(
          (linear): Linear(in_features=128, out_features=128, bias=False)
        )
      )
      (bns): ModuleList(
        (0-1): 2 x BatchNorm1d(128, eps=1e-05, momentum=0.1, affine=True, track_running_stats=True)
      )
      (pool_proj): Linear(in_features=128, out_features=128, bias=True)
    )
  )
  (protein_encoders): ModuleList(
    (0): ProteinCNNEncoder(
      (embedding): Embedding(21, 128, padding_idx=0)
      (conv_blocks): ModuleList(
        (0): Sequential(
          (0): Conv1d(128, 64, kernel_size=(3,), stride=(1,), padding=(1,))
          (1): BatchNorm1d(64, eps=1e-05, momentum=0.1, affine=True, track_running_stats=True)
          (2): ReLU()
          (3): Conv1d(64, 64, kernel_size=(3,), stride=(1,), padding=(1,))
          (4): BatchNorm1d(64, eps=1e-05, momentum=0.1, affine=True, track_running_stats=True)
          (5): ReLU()
        )
        (1): Sequential(
          (0): Conv1d(128, 64, kernel_size=(7,), stride=(1,), padding=(3,))
          (1): BatchNorm1d(64, eps=1e-05, momentum=0.1, affine=True, track_running_stats=True)
          (2): ReLU()
          (3): Conv1d(64, 64, kernel_size=(7,), stride=(1,), padding=(3,))
          (4): BatchNorm1d(64, eps=1e-05, momentum=0.1, affine=True, track_running_stats=True)
          (5): ReLU()
        )
        (2): Sequential(
          (0): Conv1d(128, 64, kernel_size=(15,), stride=(1,), padding=(7,))
          (1): BatchNorm1d(64, eps=1e-05, momentum=0.1, affine=True, track_running_stats=True)
          (2): ReLU()
          (3): Conv1d(64, 64, kernel_size=(15,), stride=(1,), padding=(7,))
          (4): BatchNorm1d(64, eps=1e-05, momentum=0.1, affine=True, track_running_stats=True)
          (5): ReLU()
        )
      )
    )
  )
  (fusion): MLPFusion(
    (classifier): Sequential(
      (0): Linear(in_features=448, out_features=128, bias=True)
      (1): BatchNorm1d(128, eps=1e-05, momentum=0.1, affine=True, track_running_stats=True)
      (2): ReLU()
      (3): Dropout(p=0.5, inplace=False)
      (4): Linear(in_features=128, out_features=32, bias=True)
      (5): BatchNorm1d(32, eps=1e-05, momentum=0.1, affine=True, track_running_stats=True)
      (6): ReLU()
      (7): Dropout(p=0.5, inplace=False)
      (8): Linear(in_features=32, out_features=1, bias=True)
    )
  )
)
Epoch 001 | time=11.0s | train_loss=0.5983 | val_loss=0.6208 | val_auc=0.7194
  ✓ New best model (epoch 1, val_loss=0.6208, val_auc=0.7194) saved to checkpoints/chembert_lincs_graph_vs_cnn_seed123.pt
Epoch 002 | time=2.7s | train_loss=0.4975 | val_loss=0.5953 | val_auc=0.7525
  ✓ New best model (epoch 2, val_loss=0.5953, val_auc=0.7525) saved to checkpoints/chembert_lincs_graph_vs_cnn_seed123.pt
Epoch 003 | time=2.7s | train_loss=0.4447 | val_loss=0.5796 | val_auc=0.7672
  ✓ New best model (epoch 3, val_loss=0.5796, val_auc=0.7672) saved to checkpoints/chembert_lincs_graph_vs_cnn_seed123.pt
Epoch 004 | time=2.6s | train_loss=0.4067 | val_loss=0.5665 | val_auc=0.7797
  ✓ New best model (epoch 4, val_loss=0.5665, val_auc=0.7797) saved to checkpoints/chembert_lincs_graph_vs_cnn_seed123.pt
Epoch 005 | time=2.6s | train_loss=0.3760 | val_loss=0.5626 | val_auc=0.7860
  ✓ New best model (epoch 5, val_loss=0.5626, val_auc=0.7860) saved to checkpoints/chembert_lincs_graph_vs_cnn_seed123.pt
Epoch 006 | time=2.6s | train_loss=0.3477 | val_loss=0.5629 | val_auc=0.7814
Epoch 007 | time=2.6s | train_loss=0.3290 | val_loss=0.5580 | val_auc=0.7880
  ✓ New best model (epoch 7, val_loss=0.5580, val_auc=0.7880) saved to checkpoints/chembert_lincs_graph_vs_cnn_seed123.pt
Epoch 008 | time=2.6s | train_loss=0.3085 | val_loss=0.5508 | val_auc=0.7981
  ✓ New best model (epoch 8, val_loss=0.5508, val_auc=0.7981) saved to checkpoints/chembert_lincs_graph_vs_cnn_seed123.pt
Epoch 009 | time=2.6s | train_loss=0.2936 | val_loss=0.5517 | val_auc=0.7983
  ✓ New best model (epoch 9, val_loss=0.5517, val_auc=0.7983) saved to checkpoints/chembert_lincs_graph_vs_cnn_seed123.pt
Epoch 010 | time=2.6s | train_loss=0.2773 | val_loss=0.5583 | val_auc=0.7962
Epoch 011 | time=2.6s | train_loss=0.2673 | val_loss=0.5766 | val_auc=0.7810
Epoch 012 | time=2.7s | train_loss=0.2546 | val_loss=0.5575 | val_auc=0.8011
  ✓ New best model (epoch 12, val_loss=0.5575, val_auc=0.8011) saved to checkpoints/chembert_lincs_graph_vs_cnn_seed123.pt
Epoch 013 | time=2.7s | train_loss=0.2400 | val_loss=0.5523 | val_auc=0.8035
  ✓ New best model (epoch 13, val_loss=0.5523, val_auc=0.8035) saved to checkpoints/chembert_lincs_graph_vs_cnn_seed123.pt
Epoch 014 | time=2.6s | train_loss=0.2298 | val_loss=0.5612 | val_auc=0.7979
Epoch 015 | time=2.6s | train_loss=0.2182 | val_loss=0.5670 | val_auc=0.7964
Epoch 016 | time=2.6s | train_loss=0.2048 | val_loss=0.5613 | val_auc=0.8014
Epoch 017 | time=2.6s | train_loss=0.2002 | val_loss=0.5686 | val_auc=0.7986
Epoch 018 | time=2.6s | train_loss=0.1939 | val_loss=0.5783 | val_auc=0.7955
Epoch 019 | time=2.6s | train_loss=0.1898 | val_loss=0.5772 | val_auc=0.7969
Epoch 020 | time=2.6s | train_loss=0.1847 | val_loss=0.5720 | val_auc=0.7987
Epoch 021 | time=2.7s | train_loss=0.1748 | val_loss=0.5774 | val_auc=0.7958
Epoch 022 | time=2.7s | train_loss=0.1707 | val_loss=0.5808 | val_auc=0.7965
Epoch 023 | time=2.7s | train_loss=0.1712 | val_loss=0.5715 | val_auc=0.8043
  ✓ New best model (epoch 23, val_loss=0.5715, val_auc=0.8043) saved to checkpoints/chembert_lincs_graph_vs_cnn_seed123.pt
Epoch 024 | time=3.2s | train_loss=0.1693 | val_loss=0.5826 | val_auc=0.7970
Epoch 025 | time=2.8s | train_loss=0.1634 | val_loss=0.5817 | val_auc=0.7997
Epoch 026 | time=2.6s | train_loss=0.1645 | val_loss=0.5918 | val_auc=0.7961
Epoch 027 | time=2.6s | train_loss=0.1571 | val_loss=0.5892 | val_auc=0.7969
Epoch 028 | time=2.6s | train_loss=0.1570 | val_loss=0.5860 | val_auc=0.7980
Epoch 029 | time=2.6s | train_loss=0.1583 | val_loss=0.5813 | val_auc=0.8017
Epoch 030 | time=2.6s | train_loss=0.1577 | val_loss=0.5843 | val_auc=0.7994
Epoch 031 | time=2.6s | train_loss=0.1518 | val_loss=0.5868 | val_auc=0.7997
Epoch 032 | time=2.6s | train_loss=0.1538 | val_loss=0.5892 | val_auc=0.7988
Epoch 033 | time=2.7s | train_loss=0.1492 | val_loss=0.5870 | val_auc=0.7997
Early stopping — no improvement for 10 epochs

Best model: epoch 23, val_loss=0.5870, val_auc=0.8043

═══ Test Results ═══
           auc: 0.7135
         auprc: 0.6390
            f1: 0.6426
     precision: 0.6403
        recall: 0.6449
          loss: 0.7700
