Uninstalled 1 package in 7ms
Installed 1 package in 11ms
/net/storage/pr3/plgrid/plggmlcil/plgkstankie/vvv/Multimodal-models-for-predicting-drug-target-interactions/.venv/lib/python3.11/site-packages/outdated/__init__.py:36: UserWarning: pkg_resources is deprecated as an API. See https://setuptools.pypa.io/en/latest/pkg_resources.html. The pkg_resources package is slated for removal as early as 2025-11-30. Refrain from using this package or pin to Setuptools<81.
  from pkg_resources import parse_version
Setting global random seed to 2026
Using device: cuda
Loading clean data from: /net/storage/pr3/plgrid/plggmlcil/plgkstankie/vvv/Multimodal-models-for-predicting-drug-target-interactions/src/datasets/lincs_balanced.parquet
Dataset size: 27498
Train: 19558  Val: 2885  Test: 5055
ChemBERTProcessor: loaded 236379 embeddings (dim=768) from /net/storage/pr3/plgrid/plggmlcil/plgkstankie/vvv/Multimodal-models-for-predicting-drug-target-interactions/src/datasets/ChemBERTa-zinc-base-v1.pt
SMILES encoders:  ['ChemBERTEncoder', 'LincsGraphEncoder']
Protein encoders: ['ProteinCNNEncoder']
MultimodalDTI(
  (smiles_encoders): ModuleList(
    (0): ChemBERTEncoder(
      (projection): Sequential(
        (0): Linear(in_features=768, out_features=128, bias=True)
        (1): LayerNorm((128,), eps=1e-05, elementwise_affine=True)
        (2): ReLU()
      )
    )
    (1): LincsGraphEncoder(
      (proj): Linear(in_features=1, out_features=128, bias=True)
      (convs): ModuleList(
        (0-1): 2 x DenseGCNConv(
          (linear): Linear(in_features=128, out_features=128, bias=False)
        )
      )
      (bns): ModuleList(
        (0-1): 2 x BatchNorm1d(128, eps=1e-05, momentum=0.1, affine=True, track_running_stats=True)
      )
      (pool_proj): Linear(in_features=128, out_features=128, bias=True)
    )
  )
  (protein_encoders): ModuleList(
    (0): ProteinCNNEncoder(
      (embedding): Embedding(21, 128, padding_idx=0)
      (conv_blocks): ModuleList(
        (0): Sequential(
          (0): Conv1d(128, 64, kernel_size=(3,), stride=(1,), padding=(1,))
          (1): BatchNorm1d(64, eps=1e-05, momentum=0.1, affine=True, track_running_stats=True)
          (2): ReLU()
          (3): Conv1d(64, 64, kernel_size=(3,), stride=(1,), padding=(1,))
          (4): BatchNorm1d(64, eps=1e-05, momentum=0.1, affine=True, track_running_stats=True)
          (5): ReLU()
        )
        (1): Sequential(
          (0): Conv1d(128, 64, kernel_size=(7,), stride=(1,), padding=(3,))
          (1): BatchNorm1d(64, eps=1e-05, momentum=0.1, affine=True, track_running_stats=True)
          (2): ReLU()
          (3): Conv1d(64, 64, kernel_size=(7,), stride=(1,), padding=(3,))
          (4): BatchNorm1d(64, eps=1e-05, momentum=0.1, affine=True, track_running_stats=True)
          (5): ReLU()
        )
        (2): Sequential(
          (0): Conv1d(128, 64, kernel_size=(15,), stride=(1,), padding=(7,))
          (1): BatchNorm1d(64, eps=1e-05, momentum=0.1, affine=True, track_running_stats=True)
          (2): ReLU()
          (3): Conv1d(64, 64, kernel_size=(15,), stride=(1,), padding=(7,))
          (4): BatchNorm1d(64, eps=1e-05, momentum=0.1, affine=True, track_running_stats=True)
          (5): ReLU()
        )
      )
    )
  )
  (fusion): MLPFusion(
    (classifier): Sequential(
      (0): Linear(in_features=448, out_features=128, bias=True)
      (1): BatchNorm1d(128, eps=1e-05, momentum=0.1, affine=True, track_running_stats=True)
      (2): ReLU()
      (3): Dropout(p=0.5, inplace=False)
      (4): Linear(in_features=128, out_features=32, bias=True)
      (5): BatchNorm1d(32, eps=1e-05, momentum=0.1, affine=True, track_running_stats=True)
      (6): ReLU()
      (7): Dropout(p=0.5, inplace=False)
      (8): Linear(in_features=32, out_features=1, bias=True)
    )
  )
)
Epoch 001 | time=3.3s | train_loss=0.6120 | val_loss=0.6261 | val_auc=0.7216
  ✓ New best model (epoch 1, val_loss=0.6261, val_auc=0.7216) saved to checkpoints/chembert_lincs_graph_vs_cnn_seed2026.pt
Epoch 002 | time=2.6s | train_loss=0.5102 | val_loss=0.5953 | val_auc=0.7572
  ✓ New best model (epoch 2, val_loss=0.5953, val_auc=0.7572) saved to checkpoints/chembert_lincs_graph_vs_cnn_seed2026.pt
Epoch 003 | time=2.6s | train_loss=0.4534 | val_loss=0.5968 | val_auc=0.7606
  ✓ New best model (epoch 3, val_loss=0.5968, val_auc=0.7606) saved to checkpoints/chembert_lincs_graph_vs_cnn_seed2026.pt
Epoch 004 | time=2.6s | train_loss=0.4159 | val_loss=0.5999 | val_auc=0.7587
Epoch 005 | time=2.7s | train_loss=0.3867 | val_loss=0.5829 | val_auc=0.7814
  ✓ New best model (epoch 5, val_loss=0.5829, val_auc=0.7814) saved to checkpoints/chembert_lincs_graph_vs_cnn_seed2026.pt
Epoch 006 | time=2.7s | train_loss=0.3577 | val_loss=0.5742 | val_auc=0.7767
Epoch 007 | time=2.6s | train_loss=0.3362 | val_loss=0.5822 | val_auc=0.7820
  ✓ New best model (epoch 7, val_loss=0.5822, val_auc=0.7820) saved to checkpoints/chembert_lincs_graph_vs_cnn_seed2026.pt
Epoch 008 | time=2.7s | train_loss=0.3169 | val_loss=0.5643 | val_auc=0.7951
  ✓ New best model (epoch 8, val_loss=0.5643, val_auc=0.7951) saved to checkpoints/chembert_lincs_graph_vs_cnn_seed2026.pt
Epoch 009 | time=2.7s | train_loss=0.2972 | val_loss=0.5778 | val_auc=0.7939
Epoch 010 | time=2.7s | train_loss=0.2788 | val_loss=0.5737 | val_auc=0.7887
Epoch 011 | time=2.8s | train_loss=0.2651 | val_loss=0.5587 | val_auc=0.7952
  ✓ New best model (epoch 11, val_loss=0.5587, val_auc=0.7952) saved to checkpoints/chembert_lincs_graph_vs_cnn_seed2026.pt
Epoch 012 | time=2.6s | train_loss=0.2527 | val_loss=0.5686 | val_auc=0.7950
Epoch 013 | time=2.6s | train_loss=0.2417 | val_loss=0.5527 | val_auc=0.8062
  ✓ New best model (epoch 13, val_loss=0.5527, val_auc=0.8062) saved to checkpoints/chembert_lincs_graph_vs_cnn_seed2026.pt
Epoch 014 | time=2.6s | train_loss=0.2303 | val_loss=0.5637 | val_auc=0.8018
Epoch 015 | time=2.6s | train_loss=0.2235 | val_loss=0.5771 | val_auc=0.7991
Epoch 016 | time=2.7s | train_loss=0.2112 | val_loss=0.5655 | val_auc=0.8084
  ✓ New best model (epoch 16, val_loss=0.5655, val_auc=0.8084) saved to checkpoints/chembert_lincs_graph_vs_cnn_seed2026.pt
Epoch 017 | time=2.6s | train_loss=0.2022 | val_loss=0.5947 | val_auc=0.7913
Epoch 018 | time=2.7s | train_loss=0.1958 | val_loss=0.5701 | val_auc=0.8040
Epoch 019 | time=2.7s | train_loss=0.1877 | val_loss=0.5940 | val_auc=0.7989
Epoch 020 | time=2.6s | train_loss=0.1726 | val_loss=0.5901 | val_auc=0.8028
Epoch 021 | time=2.7s | train_loss=0.1680 | val_loss=0.5785 | val_auc=0.8108
  ✓ New best model (epoch 21, val_loss=0.5785, val_auc=0.8108) saved to checkpoints/chembert_lincs_graph_vs_cnn_seed2026.pt
Epoch 022 | time=2.7s | train_loss=0.1632 | val_loss=0.5628 | val_auc=0.8142
  ✓ New best model (epoch 22, val_loss=0.5628, val_auc=0.8142) saved to checkpoints/chembert_lincs_graph_vs_cnn_seed2026.pt
Epoch 023 | time=2.6s | train_loss=0.1568 | val_loss=0.5907 | val_auc=0.8085
Epoch 024 | time=2.7s | train_loss=0.1531 | val_loss=0.5808 | val_auc=0.8136
Epoch 025 | time=2.7s | train_loss=0.1503 | val_loss=0.5785 | val_auc=0.8182
  ✓ New best model (epoch 25, val_loss=0.5785, val_auc=0.8182) saved to checkpoints/chembert_lincs_graph_vs_cnn_seed2026.pt
Epoch 026 | time=2.7s | train_loss=0.1451 | val_loss=0.5904 | val_auc=0.8081
Epoch 027 | time=2.6s | train_loss=0.1397 | val_loss=0.5868 | val_auc=0.8100
Epoch 028 | time=2.6s | train_loss=0.1387 | val_loss=0.5803 | val_auc=0.8149
Epoch 029 | time=2.6s | train_loss=0.1345 | val_loss=0.5932 | val_auc=0.8087
Epoch 030 | time=2.7s | train_loss=0.1338 | val_loss=0.5837 | val_auc=0.8158
Epoch 031 | time=2.6s | train_loss=0.1309 | val_loss=0.6020 | val_auc=0.8079
Epoch 032 | time=2.6s | train_loss=0.1303 | val_loss=0.6071 | val_auc=0.8085
Epoch 033 | time=2.6s | train_loss=0.1280 | val_loss=0.5993 | val_auc=0.8097
Epoch 034 | time=2.6s | train_loss=0.1255 | val_loss=0.5963 | val_auc=0.8097
Epoch 035 | time=2.6s | train_loss=0.1280 | val_loss=0.5949 | val_auc=0.8119
Early stopping — no improvement for 10 epochs

Best model: epoch 25, val_loss=0.5949, val_auc=0.8182

═══ Test Results ═══
           auc: 0.6981
         auprc: 0.6465
            f1: 0.6189
     precision: 0.5886
        recall: 0.6525
          loss: 0.8036
