Uninstalled 1 package in 7ms
Installed 1 package in 14ms
/net/storage/pr3/plgrid/plggmlcil/plgkstankie/vvv/Multimodal-models-for-predicting-drug-target-interactions/.venv/lib/python3.11/site-packages/outdated/__init__.py:36: UserWarning: pkg_resources is deprecated as an API. See https://setuptools.pypa.io/en/latest/pkg_resources.html. The pkg_resources package is slated for removal as early as 2025-11-30. Refrain from using this package or pin to Setuptools<81.
  from pkg_resources import parse_version
Setting global random seed to 42
Using device: cuda
Loading clean data from: /net/storage/pr3/plgrid/plggmlcil/plgkstankie/vvv/Multimodal-models-for-predicting-drug-target-interactions/src/datasets/lincs_balanced.parquet
Dataset size: 27498
Train: 19558  Val: 2885  Test: 5055
ChemBERTProcessor: loaded 236379 embeddings (dim=768) from /net/storage/pr3/plgrid/plggmlcil/plgkstankie/vvv/Multimodal-models-for-predicting-drug-target-interactions/src/datasets/ChemBERTa-zinc-base-v1.pt
SMILES encoders:  ['ChemBERTEncoder', 'LincsEncoder']
Protein encoders: ['ProteinCNNEncoder']
MultimodalDTI(
  (smiles_encoders): ModuleList(
    (0): ChemBERTEncoder(
      (projection): Sequential(
        (0): Linear(in_features=768, out_features=128, bias=True)
        (1): LayerNorm((128,), eps=1e-05, elementwise_affine=True)
        (2): ReLU()
      )
    )
    (1): LincsEncoder(
      (mlp): Sequential(
        (0): Linear(in_features=978, out_features=128, bias=True)
        (1): BatchNorm1d(128, eps=1e-05, momentum=0.1, affine=True, track_running_stats=True)
        (2): ReLU()
        (3): Dropout(p=0.5, inplace=False)
        (4): Linear(in_features=128, out_features=128, bias=True)
        (5): BatchNorm1d(128, eps=1e-05, momentum=0.1, affine=True, track_running_stats=True)
        (6): ReLU()
      )
    )
  )
  (protein_encoders): ModuleList(
    (0): ProteinCNNEncoder(
      (embedding): Embedding(21, 128, padding_idx=0)
      (conv_blocks): ModuleList(
        (0): Sequential(
          (0): Conv1d(128, 64, kernel_size=(3,), stride=(1,), padding=(1,))
          (1): BatchNorm1d(64, eps=1e-05, momentum=0.1, affine=True, track_running_stats=True)
          (2): ReLU()
          (3): Conv1d(64, 64, kernel_size=(3,), stride=(1,), padding=(1,))
          (4): BatchNorm1d(64, eps=1e-05, momentum=0.1, affine=True, track_running_stats=True)
          (5): ReLU()
        )
        (1): Sequential(
          (0): Conv1d(128, 64, kernel_size=(7,), stride=(1,), padding=(3,))
          (1): BatchNorm1d(64, eps=1e-05, momentum=0.1, affine=True, track_running_stats=True)
          (2): ReLU()
          (3): Conv1d(64, 64, kernel_size=(7,), stride=(1,), padding=(3,))
          (4): BatchNorm1d(64, eps=1e-05, momentum=0.1, affine=True, track_running_stats=True)
          (5): ReLU()
        )
        (2): Sequential(
          (0): Conv1d(128, 64, kernel_size=(15,), stride=(1,), padding=(7,))
          (1): BatchNorm1d(64, eps=1e-05, momentum=0.1, affine=True, track_running_stats=True)
          (2): ReLU()
          (3): Conv1d(64, 64, kernel_size=(15,), stride=(1,), padding=(7,))
          (4): BatchNorm1d(64, eps=1e-05, momentum=0.1, affine=True, track_running_stats=True)
          (5): ReLU()
        )
      )
    )
  )
  (fusion): MLPFusion(
    (classifier): Sequential(
      (0): Linear(in_features=448, out_features=128, bias=True)
      (1): BatchNorm1d(128, eps=1e-05, momentum=0.1, affine=True, track_running_stats=True)
      (2): ReLU()
      (3): Dropout(p=0.5, inplace=False)
      (4): Linear(in_features=128, out_features=32, bias=True)
      (5): BatchNorm1d(32, eps=1e-05, momentum=0.1, affine=True, track_running_stats=True)
      (6): ReLU()
      (7): Dropout(p=0.5, inplace=False)
      (8): Linear(in_features=32, out_features=1, bias=True)
    )
  )
)
Epoch 001 | time=2.2s | train_loss=0.6242 | val_loss=0.6391 | val_auc=0.6977
  ✓ New best model (epoch 1, val_loss=0.6391, val_auc=0.6977) saved to checkpoints/chembert_lincs_vs_cnn_seed42.pt
Epoch 002 | time=1.5s | train_loss=0.5252 | val_loss=0.6101 | val_auc=0.7364
  ✓ New best model (epoch 2, val_loss=0.6101, val_auc=0.7364) saved to checkpoints/chembert_lincs_vs_cnn_seed42.pt
Epoch 003 | time=1.5s | train_loss=0.4696 | val_loss=0.6012 | val_auc=0.7411
  ✓ New best model (epoch 3, val_loss=0.6012, val_auc=0.7411) saved to checkpoints/chembert_lincs_vs_cnn_seed42.pt
Epoch 004 | time=1.5s | train_loss=0.4282 | val_loss=0.5805 | val_auc=0.7691
  ✓ New best model (epoch 4, val_loss=0.5805, val_auc=0.7691) saved to checkpoints/chembert_lincs_vs_cnn_seed42.pt
Epoch 005 | time=1.5s | train_loss=0.3948 | val_loss=0.5784 | val_auc=0.7694
  ✓ New best model (epoch 5, val_loss=0.5784, val_auc=0.7694) saved to checkpoints/chembert_lincs_vs_cnn_seed42.pt
Epoch 006 | time=1.5s | train_loss=0.3684 | val_loss=0.5776 | val_auc=0.7663
Epoch 007 | time=1.5s | train_loss=0.3451 | val_loss=0.5783 | val_auc=0.7723
  ✓ New best model (epoch 7, val_loss=0.5783, val_auc=0.7723) saved to checkpoints/chembert_lincs_vs_cnn_seed42.pt
Epoch 008 | time=1.5s | train_loss=0.3247 | val_loss=0.5788 | val_auc=0.7736
  ✓ New best model (epoch 8, val_loss=0.5788, val_auc=0.7736) saved to checkpoints/chembert_lincs_vs_cnn_seed42.pt
Epoch 009 | time=1.5s | train_loss=0.3074 | val_loss=0.5811 | val_auc=0.7698
Epoch 010 | time=1.5s | train_loss=0.2912 | val_loss=0.5810 | val_auc=0.7722
Epoch 011 | time=1.5s | train_loss=0.2812 | val_loss=0.5857 | val_auc=0.7679
Epoch 012 | time=1.5s | train_loss=0.2659 | val_loss=0.5867 | val_auc=0.7755
  ✓ New best model (epoch 12, val_loss=0.5867, val_auc=0.7755) saved to checkpoints/chembert_lincs_vs_cnn_seed42.pt
Epoch 013 | time=1.5s | train_loss=0.2503 | val_loss=0.5714 | val_auc=0.7875
  ✓ New best model (epoch 13, val_loss=0.5714, val_auc=0.7875) saved to checkpoints/chembert_lincs_vs_cnn_seed42.pt
Epoch 014 | time=1.5s | train_loss=0.2408 | val_loss=0.5808 | val_auc=0.7844
Epoch 015 | time=1.5s | train_loss=0.2382 | val_loss=0.5768 | val_auc=0.7839
Epoch 016 | time=1.5s | train_loss=0.2283 | val_loss=0.5761 | val_auc=0.7835
Epoch 017 | time=1.5s | train_loss=0.2236 | val_loss=0.5902 | val_auc=0.7779
Epoch 018 | time=1.5s | train_loss=0.2185 | val_loss=0.5696 | val_auc=0.7919
  ✓ New best model (epoch 18, val_loss=0.5696, val_auc=0.7919) saved to checkpoints/chembert_lincs_vs_cnn_seed42.pt
Epoch 019 | time=1.5s | train_loss=0.2129 | val_loss=0.5940 | val_auc=0.7776
Epoch 020 | time=1.5s | train_loss=0.2092 | val_loss=0.5989 | val_auc=0.7801
Epoch 021 | time=1.5s | train_loss=0.2030 | val_loss=0.5886 | val_auc=0.7870
Epoch 022 | time=1.5s | train_loss=0.1978 | val_loss=0.5964 | val_auc=0.7810
Epoch 023 | time=1.5s | train_loss=0.1947 | val_loss=0.5858 | val_auc=0.7872
Epoch 024 | time=1.5s | train_loss=0.1908 | val_loss=0.6084 | val_auc=0.7804
Epoch 025 | time=1.5s | train_loss=0.1856 | val_loss=0.5913 | val_auc=0.7881
Epoch 026 | time=1.5s | train_loss=0.1811 | val_loss=0.6082 | val_auc=0.7814
Epoch 027 | time=1.5s | train_loss=0.1793 | val_loss=0.6045 | val_auc=0.7811
Epoch 028 | time=1.5s | train_loss=0.1766 | val_loss=0.6041 | val_auc=0.7863
Early stopping — no improvement for 10 epochs

Best model: epoch 18, val_loss=0.6041, val_auc=0.7919

═══ Test Results ═══
           auc: 0.7147
         auprc: 0.6243
            f1: 0.6397
     precision: 0.6245
        recall: 0.6557
          loss: 0.7215
