/home/kappy/Repos/Multimodal-models-for-predicting-drug-target-interactions/.venv/lib/python3.11/site-packages/outdated/__init__.py:36: UserWarning: pkg_resources is deprecated as an API. See https://setuptools.pypa.io/en/latest/pkg_resources.html. The pkg_resources package is slated for removal as early as 2025-11-30. Refrain from using this package or pin to Setuptools<81.
  from pkg_resources import parse_version
Using device: cuda
Loading clean data from: /home/kappy/Repos/Multimodal-models-for-predicting-drug-target-interactions/src/datasets/lincs_balanced.parquet
Dataset size: 27498
Train: 19558  Val: 2885  Test: 5055
ChemBERTProcessor: loaded 236379 embeddings (dim=768) from /home/kappy/Repos/Multimodal-models-for-predicting-drug-target-interactions/src/datasets/ChemBERTa-zinc-base-v1.pt
SMILES encoders:  ['ChemBERTEncoder', 'LincsEncoder', 'LincsGraphEncoder']
Protein encoders: ['ProteinCNNEncoder']
MultimodalDTI(
  (smiles_encoders): ModuleList(
    (0): ChemBERTEncoder(
      (projection): Sequential(
        (0): Linear(in_features=768, out_features=128, bias=True)
        (1): LayerNorm((128,), eps=1e-05, elementwise_affine=True)
        (2): ReLU()
      )
    )
    (1): LincsEncoder(
      (mlp): Sequential(
        (0): Linear(in_features=978, out_features=128, bias=True)
        (1): BatchNorm1d(128, eps=1e-05, momentum=0.1, affine=True, track_running_stats=True)
        (2): ReLU()
        (3): Dropout(p=0.5, inplace=False)
        (4): Linear(in_features=128, out_features=128, bias=True)
        (5): BatchNorm1d(128, eps=1e-05, momentum=0.1, affine=True, track_running_stats=True)
        (6): ReLU()
      )
    )
    (2): LincsGraphEncoder(
      (proj): Linear(in_features=1, out_features=128, bias=True)
      (convs): ModuleList(
        (0-1): 2 x DenseGCNConv(
          (linear): Linear(in_features=128, out_features=128, bias=False)
        )
      )
      (bns): ModuleList(
        (0-1): 2 x BatchNorm1d(128, eps=1e-05, momentum=0.1, affine=True, track_running_stats=True)
      )
      (pool_proj): Linear(in_features=128, out_features=128, bias=True)
    )
  )
  (protein_encoders): ModuleList(
    (0): ProteinCNNEncoder(
      (embedding): Embedding(21, 128, padding_idx=0)
      (conv_blocks): ModuleList(
        (0): Sequential(
          (0): Conv1d(128, 64, kernel_size=(3,), stride=(1,), padding=(1,))
          (1): BatchNorm1d(64, eps=1e-05, momentum=0.1, affine=True, track_running_stats=True)
          (2): ReLU()
          (3): Conv1d(64, 64, kernel_size=(3,), stride=(1,), padding=(1,))
          (4): BatchNorm1d(64, eps=1e-05, momentum=0.1, affine=True, track_running_stats=True)
          (5): ReLU()
        )
        (1): Sequential(
          (0): Conv1d(128, 64, kernel_size=(7,), stride=(1,), padding=(3,))
          (1): BatchNorm1d(64, eps=1e-05, momentum=0.1, affine=True, track_running_stats=True)
          (2): ReLU()
          (3): Conv1d(64, 64, kernel_size=(7,), stride=(1,), padding=(3,))
          (4): BatchNorm1d(64, eps=1e-05, momentum=0.1, affine=True, track_running_stats=True)
          (5): ReLU()
        )
        (2): Sequential(
          (0): Conv1d(128, 64, kernel_size=(15,), stride=(1,), padding=(7,))
          (1): BatchNorm1d(64, eps=1e-05, momentum=0.1, affine=True, track_running_stats=True)
          (2): ReLU()
          (3): Conv1d(64, 64, kernel_size=(15,), stride=(1,), padding=(7,))
          (4): BatchNorm1d(64, eps=1e-05, momentum=0.1, affine=True, track_running_stats=True)
          (5): ReLU()
        )
      )
    )
  )
  (fusion): MLPFusion(
    (classifier): Sequential(
      (0): Linear(in_features=576, out_features=128, bias=True)
      (1): BatchNorm1d(128, eps=1e-05, momentum=0.1, affine=True, track_running_stats=True)
      (2): ReLU()
      (3): Dropout(p=0.5, inplace=False)
      (4): Linear(in_features=128, out_features=32, bias=True)
      (5): BatchNorm1d(32, eps=1e-05, momentum=0.1, affine=True, track_running_stats=True)
      (6): ReLU()
      (7): Dropout(p=0.5, inplace=False)
      (8): Linear(in_features=32, out_features=1, bias=True)
    )
  )
)
Epoch 001 | time=7.3s | train_loss=0.6027 | val_loss=0.6366 | val_auc=0.6957
  ✓ New best model (epoch 1, val_loss=0.6366, val_auc=0.6957) saved to checkpoints/chembert_lincs_lincs_graph_vs_cnn.pt
Epoch 002 | time=6.9s | train_loss=0.4977 | val_loss=0.5971 | val_auc=0.7492
  ✓ New best model (epoch 2, val_loss=0.5971, val_auc=0.7492) saved to checkpoints/chembert_lincs_lincs_graph_vs_cnn.pt
Epoch 003 | time=6.9s | train_loss=0.4449 | val_loss=0.5761 | val_auc=0.7682
  ✓ New best model (epoch 3, val_loss=0.5761, val_auc=0.7682) saved to checkpoints/chembert_lincs_lincs_graph_vs_cnn.pt
Epoch 004 | time=7.0s | train_loss=0.4058 | val_loss=0.5653 | val_auc=0.7812
  ✓ New best model (epoch 4, val_loss=0.5653, val_auc=0.7812) saved to checkpoints/chembert_lincs_lincs_graph_vs_cnn.pt
Epoch 005 | time=6.9s | train_loss=0.3786 | val_loss=0.5653 | val_auc=0.7784
Epoch 006 | time=6.9s | train_loss=0.3524 | val_loss=0.5603 | val_auc=0.7853
  ✓ New best model (epoch 6, val_loss=0.5603, val_auc=0.7853) saved to checkpoints/chembert_lincs_lincs_graph_vs_cnn.pt
Epoch 007 | time=6.9s | train_loss=0.3297 | val_loss=0.5626 | val_auc=0.7911
  ✓ New best model (epoch 7, val_loss=0.5626, val_auc=0.7911) saved to checkpoints/chembert_lincs_lincs_graph_vs_cnn.pt
Epoch 008 | time=6.9s | train_loss=0.3077 | val_loss=0.5659 | val_auc=0.7919
  ✓ New best model (epoch 8, val_loss=0.5659, val_auc=0.7919) saved to checkpoints/chembert_lincs_lincs_graph_vs_cnn.pt
Epoch 009 | time=6.9s | train_loss=0.2961 | val_loss=0.5626 | val_auc=0.7919
  ✓ New best model (epoch 9, val_loss=0.5626, val_auc=0.7919) saved to checkpoints/chembert_lincs_lincs_graph_vs_cnn.pt
Epoch 010 | time=6.9s | train_loss=0.2811 | val_loss=0.5756 | val_auc=0.7866
Epoch 011 | time=6.9s | train_loss=0.2645 | val_loss=0.5709 | val_auc=0.7902
Epoch 012 | time=6.9s | train_loss=0.2549 | val_loss=0.5694 | val_auc=0.7978
  ✓ New best model (epoch 12, val_loss=0.5694, val_auc=0.7978) saved to checkpoints/chembert_lincs_lincs_graph_vs_cnn.pt
Epoch 013 | time=6.9s | train_loss=0.2412 | val_loss=0.5723 | val_auc=0.7946
Epoch 014 | time=6.9s | train_loss=0.2329 | val_loss=0.5686 | val_auc=0.7981
  ✓ New best model (epoch 14, val_loss=0.5686, val_auc=0.7981) saved to checkpoints/chembert_lincs_lincs_graph_vs_cnn.pt
Epoch 015 | time=6.9s | train_loss=0.2262 | val_loss=0.5687 | val_auc=0.7975
Epoch 016 | time=6.9s | train_loss=0.2211 | val_loss=0.5665 | val_auc=0.8042
  ✓ New best model (epoch 16, val_loss=0.5665, val_auc=0.8042) saved to checkpoints/chembert_lincs_lincs_graph_vs_cnn.pt
Epoch 017 | time=6.9s | train_loss=0.2153 | val_loss=0.5615 | val_auc=0.8032
Epoch 018 | time=6.9s | train_loss=0.2107 | val_loss=0.5810 | val_auc=0.7929
Epoch 019 | time=6.9s | train_loss=0.2024 | val_loss=0.5750 | val_auc=0.7988
Epoch 020 | time=6.9s | train_loss=0.1979 | val_loss=0.5790 | val_auc=0.7963
Epoch 021 | time=6.9s | train_loss=0.1930 | val_loss=0.5768 | val_auc=0.7993
Traceback (most recent call last):
  File "/home/kappy/Repos/Multimodal-models-for-predicting-drug-target-interactions/src/main.py", line 388, in <module>
    main()
  File "/home/kappy/Repos/Multimodal-models-for-predicting-drug-target-interactions/src/main.py", line 378, in main
    model = trainer.fit(train_loader, val_loader, epochs=train_cfg.get("epochs", 50))
            ^^^^^^^^^^^^^^^^^^^^^^^^^^^^^^^^^^^^^^^^^^^^^^^^^^^^^^^^^^^^^^^^^^^^^^^^^
  File "/home/kappy/Repos/Multimodal-models-for-predicting-drug-target-interactions/src/training/trainer.py", line 119, in fit
    train_loss = self.train_epoch(train_loader)
                 ^^^^^^^^^^^^^^^^^^^^^^^^^^^^^^
  File "/home/kappy/Repos/Multimodal-models-for-predicting-drug-target-interactions/src/training/trainer.py", line 70, in train_epoch
    total_loss += loss.item()
                  ^^^^^^^^^^^
KeyboardInterrupt
