Uninstalled 1 package in 19ms
Installed 1 package in 29ms
/net/storage/pr3/plgrid/plggmlcil/plgkstankie/vvv/Multimodal-models-for-predicting-drug-target-interactions/.venv/lib/python3.11/site-packages/outdated/__init__.py:36: UserWarning: pkg_resources is deprecated as an API. See https://setuptools.pypa.io/en/latest/pkg_resources.html. The pkg_resources package is slated for removal as early as 2025-11-30. Refrain from using this package or pin to Setuptools<81.
  from pkg_resources import parse_version
Setting global random seed to 2026
Using device: cuda
Loading clean data from: /net/storage/pr3/plgrid/plggmlcil/plgkstankie/vvv/Multimodal-models-for-predicting-drug-target-interactions/src/datasets/lincs_balanced.parquet
Dataset size: 27498
Train: 19558  Val: 2885  Test: 5055
ChemBERTProcessor: loaded 236379 embeddings (dim=768) from /net/storage/pr3/plgrid/plggmlcil/plgkstankie/vvv/Multimodal-models-for-predicting-drug-target-interactions/src/datasets/ChemBERTa-zinc-base-v1.pt
SMILES encoders:  ['ChemBERTEncoder']
Protein encoders: ['ProteinCNNEncoder']
MultimodalDTI(
  (smiles_encoders): ModuleList(
    (0): ChemBERTEncoder(
      (projection): Sequential(
        (0): Linear(in_features=768, out_features=128, bias=True)
        (1): LayerNorm((128,), eps=1e-05, elementwise_affine=True)
        (2): ReLU()
      )
    )
  )
  (protein_encoders): ModuleList(
    (0): ProteinCNNEncoder(
      (embedding): Embedding(21, 128, padding_idx=0)
      (conv_blocks): ModuleList(
        (0): Sequential(
          (0): Conv1d(128, 64, kernel_size=(3,), stride=(1,), padding=(1,))
          (1): BatchNorm1d(64, eps=1e-05, momentum=0.1, affine=True, track_running_stats=True)
          (2): ReLU()
          (3): Conv1d(64, 64, kernel_size=(3,), stride=(1,), padding=(1,))
          (4): BatchNorm1d(64, eps=1e-05, momentum=0.1, affine=True, track_running_stats=True)
          (5): ReLU()
        )
        (1): Sequential(
          (0): Conv1d(128, 64, kernel_size=(7,), stride=(1,), padding=(3,))
          (1): BatchNorm1d(64, eps=1e-05, momentum=0.1, affine=True, track_running_stats=True)
          (2): ReLU()
          (3): Conv1d(64, 64, kernel_size=(7,), stride=(1,), padding=(3,))
          (4): BatchNorm1d(64, eps=1e-05, momentum=0.1, affine=True, track_running_stats=True)
          (5): ReLU()
        )
        (2): Sequential(
          (0): Conv1d(128, 64, kernel_size=(15,), stride=(1,), padding=(7,))
          (1): BatchNorm1d(64, eps=1e-05, momentum=0.1, affine=True, track_running_stats=True)
          (2): ReLU()
          (3): Conv1d(64, 64, kernel_size=(15,), stride=(1,), padding=(7,))
          (4): BatchNorm1d(64, eps=1e-05, momentum=0.1, affine=True, track_running_stats=True)
          (5): ReLU()
        )
      )
    )
  )
  (fusion): MLPFusion(
    (classifier): Sequential(
      (0): Linear(in_features=320, out_features=128, bias=True)
      (1): BatchNorm1d(128, eps=1e-05, momentum=0.1, affine=True, track_running_stats=True)
      (2): ReLU()
      (3): Dropout(p=0.5, inplace=False)
      (4): Linear(in_features=128, out_features=32, bias=True)
      (5): BatchNorm1d(32, eps=1e-05, momentum=0.1, affine=True, track_running_stats=True)
      (6): ReLU()
      (7): Dropout(p=0.5, inplace=False)
      (8): Linear(in_features=32, out_features=1, bias=True)
    )
  )
)
Epoch 001 | time=2.1s | train_loss=0.5953 | val_loss=0.6340 | val_auc=0.6954
  ✓ New best model (epoch 1, val_loss=0.6340, val_auc=0.6954) saved to checkpoints/chembert_vs_cnn_seed2026.pt
Epoch 002 | time=1.4s | train_loss=0.4979 | val_loss=0.5937 | val_auc=0.7507
  ✓ New best model (epoch 2, val_loss=0.5937, val_auc=0.7507) saved to checkpoints/chembert_vs_cnn_seed2026.pt
Epoch 003 | time=1.4s | train_loss=0.4445 | val_loss=0.5821 | val_auc=0.7599
  ✓ New best model (epoch 3, val_loss=0.5821, val_auc=0.7599) saved to checkpoints/chembert_vs_cnn_seed2026.pt
Epoch 004 | time=1.4s | train_loss=0.4064 | val_loss=0.5676 | val_auc=0.7795
  ✓ New best model (epoch 4, val_loss=0.5676, val_auc=0.7795) saved to checkpoints/chembert_vs_cnn_seed2026.pt
Epoch 005 | time=1.4s | train_loss=0.3741 | val_loss=0.5591 | val_auc=0.7848
  ✓ New best model (epoch 5, val_loss=0.5591, val_auc=0.7848) saved to checkpoints/chembert_vs_cnn_seed2026.pt
Epoch 006 | time=1.4s | train_loss=0.3490 | val_loss=0.5666 | val_auc=0.7833
Epoch 007 | time=1.4s | train_loss=0.3275 | val_loss=0.5618 | val_auc=0.7863
  ✓ New best model (epoch 7, val_loss=0.5618, val_auc=0.7863) saved to checkpoints/chembert_vs_cnn_seed2026.pt
Epoch 008 | time=1.4s | train_loss=0.3077 | val_loss=0.5544 | val_auc=0.7944
  ✓ New best model (epoch 8, val_loss=0.5544, val_auc=0.7944) saved to checkpoints/chembert_vs_cnn_seed2026.pt
Epoch 009 | time=1.4s | train_loss=0.2938 | val_loss=0.5621 | val_auc=0.7907
Epoch 010 | time=1.4s | train_loss=0.2779 | val_loss=0.5594 | val_auc=0.7915
Epoch 011 | time=1.4s | train_loss=0.2631 | val_loss=0.5521 | val_auc=0.7967
  ✓ New best model (epoch 11, val_loss=0.5521, val_auc=0.7967) saved to checkpoints/chembert_vs_cnn_seed2026.pt
Epoch 012 | time=1.4s | train_loss=0.2529 | val_loss=0.5650 | val_auc=0.7890
Epoch 013 | time=1.4s | train_loss=0.2396 | val_loss=0.5549 | val_auc=0.8000
  ✓ New best model (epoch 13, val_loss=0.5549, val_auc=0.8000) saved to checkpoints/chembert_vs_cnn_seed2026.pt
Epoch 014 | time=1.4s | train_loss=0.2271 | val_loss=0.5718 | val_auc=0.7892
Epoch 015 | time=1.4s | train_loss=0.2184 | val_loss=0.5671 | val_auc=0.8044
  ✓ New best model (epoch 15, val_loss=0.5671, val_auc=0.8044) saved to checkpoints/chembert_vs_cnn_seed2026.pt
Epoch 016 | time=1.4s | train_loss=0.2131 | val_loss=0.5771 | val_auc=0.7955
Epoch 017 | time=1.4s | train_loss=0.2087 | val_loss=0.5801 | val_auc=0.7949
Epoch 018 | time=1.4s | train_loss=0.1917 | val_loss=0.5917 | val_auc=0.7917
Epoch 019 | time=1.4s | train_loss=0.1833 | val_loss=0.5897 | val_auc=0.7945
Epoch 020 | time=1.4s | train_loss=0.1750 | val_loss=0.6006 | val_auc=0.7883
Epoch 021 | time=1.4s | train_loss=0.1696 | val_loss=0.6003 | val_auc=0.7925
Epoch 022 | time=1.4s | train_loss=0.1688 | val_loss=0.5921 | val_auc=0.8015
Epoch 023 | time=1.4s | train_loss=0.1627 | val_loss=0.6017 | val_auc=0.7947
Epoch 024 | time=1.4s | train_loss=0.1575 | val_loss=0.6019 | val_auc=0.7966
Epoch 025 | time=1.4s | train_loss=0.1532 | val_loss=0.6171 | val_auc=0.7894
Early stopping — no improvement for 10 epochs

Best model: epoch 15, val_loss=0.6171, val_auc=0.8044

═══ Test Results ═══
           auc: 0.7263
         auprc: 0.6569
            f1: 0.6222
     precision: 0.6490
        recall: 0.5976
          loss: 0.7134
