Uninstalled 1 package in 7ms
Installed 1 package in 204ms
/net/storage/pr3/plgrid/plggmlcil/plgkstankie/vvv/Multimodal-models-for-predicting-drug-target-interactions/.venv/lib/python3.11/site-packages/outdated/__init__.py:36: UserWarning: pkg_resources is deprecated as an API. See https://setuptools.pypa.io/en/latest/pkg_resources.html. The pkg_resources package is slated for removal as early as 2025-11-30. Refrain from using this package or pin to Setuptools<81.
  from pkg_resources import parse_version
Setting global random seed to 999
Using device: cuda
Loading clean data from: /net/storage/pr3/plgrid/plggmlcil/plgkstankie/vvv/Multimodal-models-for-predicting-drug-target-interactions/src/datasets/lincs_balanced.parquet
Dataset size: 27498
Train: 19558  Val: 2885  Test: 5055
ChemBERTProcessor: loaded 236379 embeddings (dim=768) from /net/storage/pr3/plgrid/plggmlcil/plgkstankie/vvv/Multimodal-models-for-predicting-drug-target-interactions/src/datasets/ChemBERTa-zinc-base-v1.pt
SMILES encoders:  ['ChemBERTEncoder', 'LincsGraphEncoder']
Protein encoders: ['ProteinCNNEncoder']
MultimodalDTI(
  (smiles_encoders): ModuleList(
    (0): ChemBERTEncoder(
      (projection): Sequential(
        (0): Linear(in_features=768, out_features=128, bias=True)
        (1): LayerNorm((128,), eps=1e-05, elementwise_affine=True)
        (2): ReLU()
      )
    )
    (1): LincsGraphEncoder(
      (proj): Linear(in_features=1, out_features=128, bias=True)
      (convs): ModuleList(
        (0-1): 2 x DenseGCNConv(
          (linear): Linear(in_features=128, out_features=128, bias=False)
        )
      )
      (bns): ModuleList(
        (0-1): 2 x BatchNorm1d(128, eps=1e-05, momentum=0.1, affine=True, track_running_stats=True)
      )
      (pool_proj): Linear(in_features=128, out_features=128, bias=True)
    )
  )
  (protein_encoders): ModuleList(
    (0): ProteinCNNEncoder(
      (embedding): Embedding(21, 128, padding_idx=0)
      (conv_blocks): ModuleList(
        (0): Sequential(
          (0): Conv1d(128, 64, kernel_size=(3,), stride=(1,), padding=(1,))
          (1): BatchNorm1d(64, eps=1e-05, momentum=0.1, affine=True, track_running_stats=True)
          (2): ReLU()
          (3): Conv1d(64, 64, kernel_size=(3,), stride=(1,), padding=(1,))
          (4): BatchNorm1d(64, eps=1e-05, momentum=0.1, affine=True, track_running_stats=True)
          (5): ReLU()
        )
        (1): Sequential(
          (0): Conv1d(128, 64, kernel_size=(7,), stride=(1,), padding=(3,))
          (1): BatchNorm1d(64, eps=1e-05, momentum=0.1, affine=True, track_running_stats=True)
          (2): ReLU()
          (3): Conv1d(64, 64, kernel_size=(7,), stride=(1,), padding=(3,))
          (4): BatchNorm1d(64, eps=1e-05, momentum=0.1, affine=True, track_running_stats=True)
          (5): ReLU()
        )
        (2): Sequential(
          (0): Conv1d(128, 64, kernel_size=(15,), stride=(1,), padding=(7,))
          (1): BatchNorm1d(64, eps=1e-05, momentum=0.1, affine=True, track_running_stats=True)
          (2): ReLU()
          (3): Conv1d(64, 64, kernel_size=(15,), stride=(1,), padding=(7,))
          (4): BatchNorm1d(64, eps=1e-05, momentum=0.1, affine=True, track_running_stats=True)
          (5): ReLU()
        )
      )
    )
  )
  (fusion): MLPFusion(
    (classifier): Sequential(
      (0): Linear(in_features=448, out_features=128, bias=True)
      (1): BatchNorm1d(128, eps=1e-05, momentum=0.1, affine=True, track_running_stats=True)
      (2): ReLU()
      (3): Dropout(p=0.5, inplace=False)
      (4): Linear(in_features=128, out_features=32, bias=True)
      (5): BatchNorm1d(32, eps=1e-05, momentum=0.1, affine=True, track_running_stats=True)
      (6): ReLU()
      (7): Dropout(p=0.5, inplace=False)
      (8): Linear(in_features=32, out_features=1, bias=True)
    )
  )
)
Epoch 001 | time=3.4s | train_loss=0.5995 | val_loss=0.6298 | val_auc=0.7163
  ✓ New best model (epoch 1, val_loss=0.6298, val_auc=0.7163) saved to checkpoints/chembert_lincs_graph_vs_cnn_seed999.pt
Epoch 002 | time=2.7s | train_loss=0.5079 | val_loss=0.5997 | val_auc=0.7524
  ✓ New best model (epoch 2, val_loss=0.5997, val_auc=0.7524) saved to checkpoints/chembert_lincs_graph_vs_cnn_seed999.pt
Epoch 003 | time=2.6s | train_loss=0.4570 | val_loss=0.5857 | val_auc=0.7688
  ✓ New best model (epoch 3, val_loss=0.5857, val_auc=0.7688) saved to checkpoints/chembert_lincs_graph_vs_cnn_seed999.pt
Epoch 004 | time=2.7s | train_loss=0.4213 | val_loss=0.5671 | val_auc=0.7897
  ✓ New best model (epoch 4, val_loss=0.5671, val_auc=0.7897) saved to checkpoints/chembert_lincs_graph_vs_cnn_seed999.pt
Epoch 005 | time=2.6s | train_loss=0.3911 | val_loss=0.5705 | val_auc=0.7819
Epoch 006 | time=2.6s | train_loss=0.3626 | val_loss=0.5650 | val_auc=0.7941
  ✓ New best model (epoch 6, val_loss=0.5650, val_auc=0.7941) saved to checkpoints/chembert_lincs_graph_vs_cnn_seed999.pt
Epoch 007 | time=2.6s | train_loss=0.3392 | val_loss=0.5598 | val_auc=0.7961
  ✓ New best model (epoch 7, val_loss=0.5598, val_auc=0.7961) saved to checkpoints/chembert_lincs_graph_vs_cnn_seed999.pt
Epoch 008 | time=2.7s | train_loss=0.3186 | val_loss=0.5576 | val_auc=0.7953
Epoch 009 | time=2.6s | train_loss=0.3005 | val_loss=0.5577 | val_auc=0.7974
  ✓ New best model (epoch 9, val_loss=0.5577, val_auc=0.7974) saved to checkpoints/chembert_lincs_graph_vs_cnn_seed999.pt
Epoch 010 | time=2.7s | train_loss=0.2861 | val_loss=0.5718 | val_auc=0.7894
Epoch 011 | time=2.6s | train_loss=0.2699 | val_loss=0.5548 | val_auc=0.7979
  ✓ New best model (epoch 11, val_loss=0.5548, val_auc=0.7979) saved to checkpoints/chembert_lincs_graph_vs_cnn_seed999.pt
Epoch 012 | time=2.7s | train_loss=0.2572 | val_loss=0.5673 | val_auc=0.7950
Epoch 013 | time=2.7s | train_loss=0.2455 | val_loss=0.5582 | val_auc=0.8024
  ✓ New best model (epoch 13, val_loss=0.5582, val_auc=0.8024) saved to checkpoints/chembert_lincs_graph_vs_cnn_seed999.pt
Epoch 014 | time=2.7s | train_loss=0.2320 | val_loss=0.5551 | val_auc=0.8024
Epoch 015 | time=2.6s | train_loss=0.2217 | val_loss=0.5664 | val_auc=0.7976
Epoch 016 | time=2.6s | train_loss=0.2135 | val_loss=0.5747 | val_auc=0.7971
Epoch 017 | time=2.7s | train_loss=0.2056 | val_loss=0.5777 | val_auc=0.7942
Epoch 018 | time=2.7s | train_loss=0.1903 | val_loss=0.5556 | val_auc=0.8081
  ✓ New best model (epoch 18, val_loss=0.5556, val_auc=0.8081) saved to checkpoints/chembert_lincs_graph_vs_cnn_seed999.pt
Epoch 019 | time=2.7s | train_loss=0.1811 | val_loss=0.5645 | val_auc=0.8015
Epoch 020 | time=2.7s | train_loss=0.1766 | val_loss=0.5695 | val_auc=0.8024
Epoch 021 | time=2.7s | train_loss=0.1724 | val_loss=0.5806 | val_auc=0.7987
Epoch 022 | time=2.6s | train_loss=0.1690 | val_loss=0.5814 | val_auc=0.8003
Epoch 023 | time=2.6s | train_loss=0.1644 | val_loss=0.5855 | val_auc=0.7983
Epoch 024 | time=2.7s | train_loss=0.1604 | val_loss=0.5777 | val_auc=0.8016
Epoch 025 | time=2.7s | train_loss=0.1547 | val_loss=0.5784 | val_auc=0.8030
Epoch 026 | time=2.7s | train_loss=0.1524 | val_loss=0.5808 | val_auc=0.8018
Epoch 027 | time=2.7s | train_loss=0.1477 | val_loss=0.5825 | val_auc=0.8017
Epoch 028 | time=2.6s | train_loss=0.1483 | val_loss=0.5748 | val_auc=0.8084
  ✓ New best model (epoch 28, val_loss=0.5748, val_auc=0.8084) saved to checkpoints/chembert_lincs_graph_vs_cnn_seed999.pt
Epoch 029 | time=2.7s | train_loss=0.1455 | val_loss=0.5874 | val_auc=0.8017
Epoch 030 | time=2.7s | train_loss=0.1427 | val_loss=0.5911 | val_auc=0.8002
Epoch 031 | time=2.6s | train_loss=0.1407 | val_loss=0.5875 | val_auc=0.8017
Epoch 032 | time=2.6s | train_loss=0.1380 | val_loss=0.5839 | val_auc=0.8035
Epoch 033 | time=2.7s | train_loss=0.1357 | val_loss=0.5810 | val_auc=0.8053
Epoch 034 | time=2.6s | train_loss=0.1355 | val_loss=0.5872 | val_auc=0.8043
Epoch 035 | time=2.6s | train_loss=0.1361 | val_loss=0.5857 | val_auc=0.8051
Epoch 036 | time=2.7s | train_loss=0.1317 | val_loss=0.5834 | val_auc=0.8059
Epoch 037 | time=2.7s | train_loss=0.1336 | val_loss=0.5846 | val_auc=0.8057
Epoch 038 | time=2.6s | train_loss=0.1323 | val_loss=0.5842 | val_auc=0.8056
Early stopping — no improvement for 10 epochs

Best model: epoch 28, val_loss=0.5842, val_auc=0.8084

═══ Test Results ═══
           auc: 0.7072
         auprc: 0.6183
            f1: 0.6434
     precision: 0.6210
        recall: 0.6674
          loss: 0.8119
