/home/kappy/Repos/Multimodal-models-for-predicting-drug-target-interactions/.venv/lib/python3.11/site-packages/outdated/__init__.py:36: UserWarning: pkg_resources is deprecated as an API. See https://setuptools.pypa.io/en/latest/pkg_resources.html. The pkg_resources package is slated for removal as early as 2025-11-30. Refrain from using this package or pin to Setuptools<81.
  from pkg_resources import parse_version
Using device: cuda
Loading clean data from: /home/kappy/Repos/Multimodal-models-for-predicting-drug-target-interactions/src/datasets/lincs_balanced.parquet
Dataset size: 27498
Train: 19558  Val: 2885  Test: 5055
ChemBERTProcessor: loaded 236379 embeddings (dim=768) from /home/kappy/Repos/Multimodal-models-for-predicting-drug-target-interactions/src/datasets/ChemBERTa-zinc-base-v1.pt
SMILES encoders:  ['ChemBERTEncoder', 'LincsEncoder']
Protein encoders: ['ProteinCNNEncoder']
MultimodalDTI(
  (smiles_encoders): ModuleList(
    (0): ChemBERTEncoder(
      (projection): Sequential(
        (0): Linear(in_features=768, out_features=128, bias=True)
        (1): LayerNorm((128,), eps=1e-05, elementwise_affine=True)
        (2): ReLU()
      )
    )
    (1): LincsEncoder(
      (mlp): Sequential(
        (0): Linear(in_features=978, out_features=128, bias=True)
        (1): BatchNorm1d(128, eps=1e-05, momentum=0.1, affine=True, track_running_stats=True)
        (2): ReLU()
        (3): Dropout(p=0.5, inplace=False)
        (4): Linear(in_features=128, out_features=128, bias=True)
        (5): BatchNorm1d(128, eps=1e-05, momentum=0.1, affine=True, track_running_stats=True)
        (6): ReLU()
      )
    )
  )
  (protein_encoders): ModuleList(
    (0): ProteinCNNEncoder(
      (embedding): Embedding(21, 128, padding_idx=0)
      (conv_blocks): ModuleList(
        (0): Sequential(
          (0): Conv1d(128, 64, kernel_size=(3,), stride=(1,), padding=(1,))
          (1): BatchNorm1d(64, eps=1e-05, momentum=0.1, affine=True, track_running_stats=True)
          (2): ReLU()
          (3): Conv1d(64, 64, kernel_size=(3,), stride=(1,), padding=(1,))
          (4): BatchNorm1d(64, eps=1e-05, momentum=0.1, affine=True, track_running_stats=True)
          (5): ReLU()
        )
        (1): Sequential(
          (0): Conv1d(128, 64, kernel_size=(7,), stride=(1,), padding=(3,))
          (1): BatchNorm1d(64, eps=1e-05, momentum=0.1, affine=True, track_running_stats=True)
          (2): ReLU()
          (3): Conv1d(64, 64, kernel_size=(7,), stride=(1,), padding=(3,))
          (4): BatchNorm1d(64, eps=1e-05, momentum=0.1, affine=True, track_running_stats=True)
          (5): ReLU()
        )
        (2): Sequential(
          (0): Conv1d(128, 64, kernel_size=(15,), stride=(1,), padding=(7,))
          (1): BatchNorm1d(64, eps=1e-05, momentum=0.1, affine=True, track_running_stats=True)
          (2): ReLU()
          (3): Conv1d(64, 64, kernel_size=(15,), stride=(1,), padding=(7,))
          (4): BatchNorm1d(64, eps=1e-05, momentum=0.1, affine=True, track_running_stats=True)
          (5): ReLU()
        )
      )
    )
  )
  (fusion): MLPFusion(
    (classifier): Sequential(
      (0): Linear(in_features=448, out_features=128, bias=True)
      (1): BatchNorm1d(128, eps=1e-05, momentum=0.1, affine=True, track_running_stats=True)
      (2): ReLU()
      (3): Dropout(p=0.5, inplace=False)
      (4): Linear(in_features=128, out_features=32, bias=True)
      (5): BatchNorm1d(32, eps=1e-05, momentum=0.1, affine=True, track_running_stats=True)
      (6): ReLU()
      (7): Dropout(p=0.5, inplace=False)
      (8): Linear(in_features=32, out_features=1, bias=True)
    )
  )
)
Epoch 001 | time=3.2s | train_loss=0.6086 | val_loss=0.6335 | val_auc=0.7036
  ✓ New best model (epoch 1, val_loss=0.6335, val_auc=0.7036) saved to checkpoints/chembert_lincs_vs_cnn.pt
Epoch 002 | time=2.8s | train_loss=0.5073 | val_loss=0.5940 | val_auc=0.7579
  ✓ New best model (epoch 2, val_loss=0.5940, val_auc=0.7579) saved to checkpoints/chembert_lincs_vs_cnn.pt
Epoch 003 | time=2.8s | train_loss=0.4525 | val_loss=0.5875 | val_auc=0.7578
Epoch 004 | time=2.8s | train_loss=0.4154 | val_loss=0.5702 | val_auc=0.7810
  ✓ New best model (epoch 4, val_loss=0.5702, val_auc=0.7810) saved to checkpoints/chembert_lincs_vs_cnn.pt
Epoch 005 | time=2.8s | train_loss=0.3848 | val_loss=0.5704 | val_auc=0.7771
Epoch 006 | time=2.8s | train_loss=0.3602 | val_loss=0.5666 | val_auc=0.7847
  ✓ New best model (epoch 6, val_loss=0.5666, val_auc=0.7847) saved to checkpoints/chembert_lincs_vs_cnn.pt
Epoch 007 | time=2.8s | train_loss=0.3387 | val_loss=0.5706 | val_auc=0.7836
Epoch 008 | time=2.8s | train_loss=0.3196 | val_loss=0.5741 | val_auc=0.7786
Epoch 009 | time=2.8s | train_loss=0.3036 | val_loss=0.5875 | val_auc=0.7784
Epoch 010 | time=2.8s | train_loss=0.2873 | val_loss=0.5615 | val_auc=0.7941
  ✓ New best model (epoch 10, val_loss=0.5615, val_auc=0.7941) saved to checkpoints/chembert_lincs_vs_cnn.pt
Epoch 011 | time=2.8s | train_loss=0.2763 | val_loss=0.5642 | val_auc=0.7906
Epoch 012 | time=2.8s | train_loss=0.2621 | val_loss=0.5929 | val_auc=0.7712
Epoch 013 | time=2.8s | train_loss=0.2513 | val_loss=0.5681 | val_auc=0.7949
  ✓ New best model (epoch 13, val_loss=0.5681, val_auc=0.7949) saved to checkpoints/chembert_lincs_vs_cnn.pt
Epoch 014 | time=2.8s | train_loss=0.2417 | val_loss=0.5849 | val_auc=0.7896
Epoch 015 | time=2.8s | train_loss=0.2303 | val_loss=0.5708 | val_auc=0.7961
  ✓ New best model (epoch 15, val_loss=0.5708, val_auc=0.7961) saved to checkpoints/chembert_lincs_vs_cnn.pt
Epoch 016 | time=2.8s | train_loss=0.2229 | val_loss=0.5849 | val_auc=0.7948
Epoch 017 | time=2.8s | train_loss=0.2090 | val_loss=0.5842 | val_auc=0.7915
Epoch 018 | time=2.8s | train_loss=0.2013 | val_loss=0.5891 | val_auc=0.7894
Epoch 019 | time=2.8s | train_loss=0.1969 | val_loss=0.5811 | val_auc=0.7965
  ✓ New best model (epoch 19, val_loss=0.5811, val_auc=0.7965) saved to checkpoints/chembert_lincs_vs_cnn.pt
Epoch 020 | time=2.8s | train_loss=0.1913 | val_loss=0.6015 | val_auc=0.7881
Epoch 021 | time=2.8s | train_loss=0.1871 | val_loss=0.6054 | val_auc=0.7879
Epoch 022 | time=2.8s | train_loss=0.1840 | val_loss=0.5892 | val_auc=0.7974
  ✓ New best model (epoch 22, val_loss=0.5892, val_auc=0.7974) saved to checkpoints/chembert_lincs_vs_cnn.pt
Epoch 023 | time=2.8s | train_loss=0.1778 | val_loss=0.6009 | val_auc=0.7912
Epoch 024 | time=2.8s | train_loss=0.1736 | val_loss=0.5959 | val_auc=0.7957
Epoch 025 | time=2.8s | train_loss=0.1709 | val_loss=0.6111 | val_auc=0.7902
Epoch 026 | time=2.8s | train_loss=0.1695 | val_loss=0.5984 | val_auc=0.7937
Epoch 027 | time=2.8s | train_loss=0.1652 | val_loss=0.6048 | val_auc=0.7920
Epoch 028 | time=2.8s | train_loss=0.1648 | val_loss=0.6018 | val_auc=0.7962
Epoch 029 | time=2.8s | train_loss=0.1599 | val_loss=0.5981 | val_auc=0.7952
Epoch 030 | time=2.8s | train_loss=0.1594 | val_loss=0.6079 | val_auc=0.7922
Epoch 031 | time=2.8s | train_loss=0.1583 | val_loss=0.6061 | val_auc=0.7938
Epoch 032 | time=2.8s | train_loss=0.1577 | val_loss=0.6129 | val_auc=0.7912
Early stopping — no improvement for 10 epochs

Best model: epoch 22, val_loss=0.6129, val_auc=0.7974

═══ Test Results ═══
           auc: 0.7366
         auprc: 0.6521
            f1: 0.6567
     precision: 0.6485
        recall: 0.6652
          loss: 0.7354
