Uninstalled 1 package in 8ms
Installed 1 package in 11ms
/net/storage/pr3/plgrid/plggmlcil/plgkstankie/vvv/Multimodal-models-for-predicting-drug-target-interactions/.venv/lib/python3.11/site-packages/outdated/__init__.py:36: UserWarning: pkg_resources is deprecated as an API. See https://setuptools.pypa.io/en/latest/pkg_resources.html. The pkg_resources package is slated for removal as early as 2025-11-30. Refrain from using this package or pin to Setuptools<81.
  from pkg_resources import parse_version
Setting global random seed to 1024
Using device: cuda
Loading clean data from: /net/storage/pr3/plgrid/plggmlcil/plgkstankie/vvv/Multimodal-models-for-predicting-drug-target-interactions/src/datasets/lincs_balanced.parquet
Dataset size: 27498
Train: 19558  Val: 2885  Test: 5055
ChemBERTProcessor: loaded 236379 embeddings (dim=768) from /net/storage/pr3/plgrid/plggmlcil/plgkstankie/vvv/Multimodal-models-for-predicting-drug-target-interactions/src/datasets/ChemBERTa-zinc-base-v1.pt
SMILES encoders:  ['ChemBERTEncoder', 'LincsEncoder']
Protein encoders: ['ProteinCNNEncoder']
MultimodalDTI(
  (smiles_encoders): ModuleList(
    (0): ChemBERTEncoder(
      (projection): Sequential(
        (0): Linear(in_features=768, out_features=128, bias=True)
        (1): LayerNorm((128,), eps=1e-05, elementwise_affine=True)
        (2): ReLU()
      )
    )
    (1): LincsEncoder(
      (mlp): Sequential(
        (0): Linear(in_features=978, out_features=128, bias=True)
        (1): BatchNorm1d(128, eps=1e-05, momentum=0.1, affine=True, track_running_stats=True)
        (2): ReLU()
        (3): Dropout(p=0.5, inplace=False)
        (4): Linear(in_features=128, out_features=128, bias=True)
        (5): BatchNorm1d(128, eps=1e-05, momentum=0.1, affine=True, track_running_stats=True)
        (6): ReLU()
      )
    )
  )
  (protein_encoders): ModuleList(
    (0): ProteinCNNEncoder(
      (embedding): Embedding(21, 128, padding_idx=0)
      (conv_blocks): ModuleList(
        (0): Sequential(
          (0): Conv1d(128, 64, kernel_size=(3,), stride=(1,), padding=(1,))
          (1): BatchNorm1d(64, eps=1e-05, momentum=0.1, affine=True, track_running_stats=True)
          (2): ReLU()
          (3): Conv1d(64, 64, kernel_size=(3,), stride=(1,), padding=(1,))
          (4): BatchNorm1d(64, eps=1e-05, momentum=0.1, affine=True, track_running_stats=True)
          (5): ReLU()
        )
        (1): Sequential(
          (0): Conv1d(128, 64, kernel_size=(7,), stride=(1,), padding=(3,))
          (1): BatchNorm1d(64, eps=1e-05, momentum=0.1, affine=True, track_running_stats=True)
          (2): ReLU()
          (3): Conv1d(64, 64, kernel_size=(7,), stride=(1,), padding=(3,))
          (4): BatchNorm1d(64, eps=1e-05, momentum=0.1, affine=True, track_running_stats=True)
          (5): ReLU()
        )
        (2): Sequential(
          (0): Conv1d(128, 64, kernel_size=(15,), stride=(1,), padding=(7,))
          (1): BatchNorm1d(64, eps=1e-05, momentum=0.1, affine=True, track_running_stats=True)
          (2): ReLU()
          (3): Conv1d(64, 64, kernel_size=(15,), stride=(1,), padding=(7,))
          (4): BatchNorm1d(64, eps=1e-05, momentum=0.1, affine=True, track_running_stats=True)
          (5): ReLU()
        )
      )
    )
  )
  (fusion): MLPFusion(
    (classifier): Sequential(
      (0): Linear(in_features=448, out_features=128, bias=True)
      (1): BatchNorm1d(128, eps=1e-05, momentum=0.1, affine=True, track_running_stats=True)
      (2): ReLU()
      (3): Dropout(p=0.5, inplace=False)
      (4): Linear(in_features=128, out_features=32, bias=True)
      (5): BatchNorm1d(32, eps=1e-05, momentum=0.1, affine=True, track_running_stats=True)
      (6): ReLU()
      (7): Dropout(p=0.5, inplace=False)
      (8): Linear(in_features=32, out_features=1, bias=True)
    )
  )
)
Epoch 001 | time=14.0s | train_loss=0.6000 | val_loss=0.6329 | val_auc=0.7029
  ✓ New best model (epoch 1, val_loss=0.6329, val_auc=0.7029) saved to checkpoints/chembert_lincs_vs_cnn_seed1024.pt
Epoch 002 | time=1.5s | train_loss=0.4956 | val_loss=0.6085 | val_auc=0.7349
  ✓ New best model (epoch 2, val_loss=0.6085, val_auc=0.7349) saved to checkpoints/chembert_lincs_vs_cnn_seed1024.pt
Epoch 003 | time=1.5s | train_loss=0.4388 | val_loss=0.5899 | val_auc=0.7539
  ✓ New best model (epoch 3, val_loss=0.5899, val_auc=0.7539) saved to checkpoints/chembert_lincs_vs_cnn_seed1024.pt
Epoch 004 | time=1.5s | train_loss=0.3971 | val_loss=0.5721 | val_auc=0.7741
  ✓ New best model (epoch 4, val_loss=0.5721, val_auc=0.7741) saved to checkpoints/chembert_lincs_vs_cnn_seed1024.pt
Epoch 005 | time=1.5s | train_loss=0.3719 | val_loss=0.5772 | val_auc=0.7771
  ✓ New best model (epoch 5, val_loss=0.5772, val_auc=0.7771) saved to checkpoints/chembert_lincs_vs_cnn_seed1024.pt
Epoch 006 | time=1.5s | train_loss=0.3435 | val_loss=0.5699 | val_auc=0.7795
  ✓ New best model (epoch 6, val_loss=0.5699, val_auc=0.7795) saved to checkpoints/chembert_lincs_vs_cnn_seed1024.pt
Epoch 007 | time=1.6s | train_loss=0.3242 | val_loss=0.5855 | val_auc=0.7658
Epoch 008 | time=1.6s | train_loss=0.3044 | val_loss=0.5823 | val_auc=0.7703
Epoch 009 | time=1.6s | train_loss=0.2895 | val_loss=0.5699 | val_auc=0.7797
  ✓ New best model (epoch 9, val_loss=0.5699, val_auc=0.7797) saved to checkpoints/chembert_lincs_vs_cnn_seed1024.pt
Epoch 010 | time=1.6s | train_loss=0.2738 | val_loss=0.5721 | val_auc=0.7864
  ✓ New best model (epoch 10, val_loss=0.5721, val_auc=0.7864) saved to checkpoints/chembert_lincs_vs_cnn_seed1024.pt
Epoch 011 | time=1.6s | train_loss=0.2623 | val_loss=0.5814 | val_auc=0.7808
Epoch 012 | time=1.6s | train_loss=0.2490 | val_loss=0.5834 | val_auc=0.7831
Epoch 013 | time=1.6s | train_loss=0.2328 | val_loss=0.5719 | val_auc=0.7912
  ✓ New best model (epoch 13, val_loss=0.5719, val_auc=0.7912) saved to checkpoints/chembert_lincs_vs_cnn_seed1024.pt
Epoch 014 | time=1.6s | train_loss=0.2265 | val_loss=0.5845 | val_auc=0.7909
Epoch 015 | time=1.6s | train_loss=0.2183 | val_loss=0.5836 | val_auc=0.7904
Epoch 016 | time=1.6s | train_loss=0.2181 | val_loss=0.5986 | val_auc=0.7853
Epoch 017 | time=1.6s | train_loss=0.2083 | val_loss=0.6040 | val_auc=0.7839
Epoch 018 | time=1.5s | train_loss=0.2036 | val_loss=0.5949 | val_auc=0.7833
Epoch 019 | time=1.6s | train_loss=0.1987 | val_loss=0.5860 | val_auc=0.7918
  ✓ New best model (epoch 19, val_loss=0.5860, val_auc=0.7918) saved to checkpoints/chembert_lincs_vs_cnn_seed1024.pt
Epoch 020 | time=1.6s | train_loss=0.1924 | val_loss=0.5959 | val_auc=0.7902
Epoch 021 | time=1.6s | train_loss=0.1898 | val_loss=0.5964 | val_auc=0.7903
Epoch 022 | time=1.6s | train_loss=0.1873 | val_loss=0.5999 | val_auc=0.7912
Epoch 023 | time=1.6s | train_loss=0.1851 | val_loss=0.6016 | val_auc=0.7915
Epoch 024 | time=1.6s | train_loss=0.1831 | val_loss=0.6155 | val_auc=0.7886
Epoch 025 | time=1.5s | train_loss=0.1809 | val_loss=0.6075 | val_auc=0.7896
Epoch 026 | time=1.6s | train_loss=0.1790 | val_loss=0.6142 | val_auc=0.7864
Epoch 027 | time=1.5s | train_loss=0.1771 | val_loss=0.5995 | val_auc=0.7924
  ✓ New best model (epoch 27, val_loss=0.5995, val_auc=0.7924) saved to checkpoints/chembert_lincs_vs_cnn_seed1024.pt
Epoch 028 | time=1.6s | train_loss=0.1757 | val_loss=0.6128 | val_auc=0.7869
Epoch 029 | time=1.6s | train_loss=0.1772 | val_loss=0.6167 | val_auc=0.7884
Epoch 030 | time=1.6s | train_loss=0.1737 | val_loss=0.6128 | val_auc=0.7879
Epoch 031 | time=1.6s | train_loss=0.1730 | val_loss=0.6152 | val_auc=0.7891
Epoch 032 | time=1.6s | train_loss=0.1708 | val_loss=0.6173 | val_auc=0.7891
Epoch 033 | time=1.6s | train_loss=0.1696 | val_loss=0.6139 | val_auc=0.7907
Epoch 034 | time=1.6s | train_loss=0.1674 | val_loss=0.6123 | val_auc=0.7918
Epoch 035 | time=1.6s | train_loss=0.1680 | val_loss=0.6181 | val_auc=0.7879
Epoch 036 | time=1.6s | train_loss=0.1674 | val_loss=0.6249 | val_auc=0.7891
Epoch 037 | time=1.6s | train_loss=0.1696 | val_loss=0.6173 | val_auc=0.7878
Early stopping — no improvement for 10 epochs

Best model: epoch 27, val_loss=0.6173, val_auc=0.7924

═══ Test Results ═══
           auc: 0.7518
         auprc: 0.6614
            f1: 0.6773
     precision: 0.6773
        recall: 0.6773
          loss: 0.6906
