/home/kappy/Repos/Multimodal-models-for-predicting-drug-target-interactions/.venv/lib/python3.11/site-packages/outdated/__init__.py:36: UserWarning: pkg_resources is deprecated as an API. See https://setuptools.pypa.io/en/latest/pkg_resources.html. The pkg_resources package is slated for removal as early as 2025-11-30. Refrain from using this package or pin to Setuptools<81.
  from pkg_resources import parse_version
Using device: cuda
Loading clean data from: /home/kappy/Repos/Multimodal-models-for-predicting-drug-target-interactions/src/datasets/lincs_balanced.parquet
Dataset size: 27498
Train: 19558  Val: 2885  Test: 5055
ChemBERTProcessor: loaded 236379 embeddings (dim=768) from /home/kappy/Repos/Multimodal-models-for-predicting-drug-target-interactions/src/datasets/ChemBERTa-zinc-base-v1.pt
SMILES encoders:  ['ChemBERTEncoder']
Protein encoders: ['ProteinCNNEncoder']
MultimodalDTI(
  (smiles_encoders): ModuleList(
    (0): ChemBERTEncoder(
      (projection): Sequential(
        (0): Linear(in_features=768, out_features=128, bias=True)
        (1): LayerNorm((128,), eps=1e-05, elementwise_affine=True)
        (2): ReLU()
      )
    )
  )
  (protein_encoders): ModuleList(
    (0): ProteinCNNEncoder(
      (embedding): Embedding(21, 128, padding_idx=0)
      (conv_blocks): ModuleList(
        (0): Sequential(
          (0): Conv1d(128, 64, kernel_size=(3,), stride=(1,), padding=(1,))
          (1): BatchNorm1d(64, eps=1e-05, momentum=0.1, affine=True, track_running_stats=True)
          (2): ReLU()
          (3): Conv1d(64, 64, kernel_size=(3,), stride=(1,), padding=(1,))
          (4): BatchNorm1d(64, eps=1e-05, momentum=0.1, affine=True, track_running_stats=True)
          (5): ReLU()
        )
        (1): Sequential(
          (0): Conv1d(128, 64, kernel_size=(7,), stride=(1,), padding=(3,))
          (1): BatchNorm1d(64, eps=1e-05, momentum=0.1, affine=True, track_running_stats=True)
          (2): ReLU()
          (3): Conv1d(64, 64, kernel_size=(7,), stride=(1,), padding=(3,))
          (4): BatchNorm1d(64, eps=1e-05, momentum=0.1, affine=True, track_running_stats=True)
          (5): ReLU()
        )
        (2): Sequential(
          (0): Conv1d(128, 64, kernel_size=(15,), stride=(1,), padding=(7,))
          (1): BatchNorm1d(64, eps=1e-05, momentum=0.1, affine=True, track_running_stats=True)
          (2): ReLU()
          (3): Conv1d(64, 64, kernel_size=(15,), stride=(1,), padding=(7,))
          (4): BatchNorm1d(64, eps=1e-05, momentum=0.1, affine=True, track_running_stats=True)
          (5): ReLU()
        )
      )
    )
  )
  (fusion): MLPFusion(
    (classifier): Sequential(
      (0): Linear(in_features=320, out_features=128, bias=True)
      (1): BatchNorm1d(128, eps=1e-05, momentum=0.1, affine=True, track_running_stats=True)
      (2): ReLU()
      (3): Dropout(p=0.5, inplace=False)
      (4): Linear(in_features=128, out_features=32, bias=True)
      (5): BatchNorm1d(32, eps=1e-05, momentum=0.1, affine=True, track_running_stats=True)
      (6): ReLU()
      (7): Dropout(p=0.5, inplace=False)
      (8): Linear(in_features=32, out_features=1, bias=True)
    )
  )
)
Epoch 001 | time=3.2s | train_loss=0.6060 | val_loss=0.6320 | val_auc=0.7124
  ✓ New best model (epoch 1, val_loss=0.6320, val_auc=0.7124) saved to checkpoints/chembert_vs_cnn.pt
Epoch 002 | time=2.8s | train_loss=0.5138 | val_loss=0.6037 | val_auc=0.7490
  ✓ New best model (epoch 2, val_loss=0.6037, val_auc=0.7490) saved to checkpoints/chembert_vs_cnn.pt
Epoch 003 | time=2.8s | train_loss=0.4647 | val_loss=0.5884 | val_auc=0.7700
  ✓ New best model (epoch 3, val_loss=0.5884, val_auc=0.7700) saved to checkpoints/chembert_vs_cnn.pt
Epoch 004 | time=2.8s | train_loss=0.4263 | val_loss=0.5950 | val_auc=0.7586
Epoch 005 | time=2.8s | train_loss=0.3947 | val_loss=0.5947 | val_auc=0.7546
Epoch 006 | time=2.8s | train_loss=0.3709 | val_loss=0.5816 | val_auc=0.7723
  ✓ New best model (epoch 6, val_loss=0.5816, val_auc=0.7723) saved to checkpoints/chembert_vs_cnn.pt
Epoch 007 | time=2.8s | train_loss=0.3476 | val_loss=0.5901 | val_auc=0.7666
Epoch 008 | time=2.8s | train_loss=0.3293 | val_loss=0.5921 | val_auc=0.7686
Epoch 009 | time=2.8s | train_loss=0.3109 | val_loss=0.6063 | val_auc=0.7575
Epoch 010 | time=2.8s | train_loss=0.2939 | val_loss=0.6087 | val_auc=0.7588
Epoch 011 | time=2.7s | train_loss=0.2821 | val_loss=0.6063 | val_auc=0.7609
Epoch 012 | time=2.7s | train_loss=0.2702 | val_loss=0.6083 | val_auc=0.7616
Epoch 013 | time=2.7s | train_loss=0.2518 | val_loss=0.6197 | val_auc=0.7586
Epoch 014 | time=2.7s | train_loss=0.2423 | val_loss=0.6144 | val_auc=0.7629
Epoch 015 | time=2.8s | train_loss=0.2341 | val_loss=0.6083 | val_auc=0.7657
Epoch 016 | time=2.7s | train_loss=0.2286 | val_loss=0.6201 | val_auc=0.7608
Early stopping — no improvement for 10 epochs

Best model: epoch 6, val_loss=0.6201, val_auc=0.7723

═══ Test Results ═══
           auc: 0.7238
         auprc: 0.6486
            f1: 0.6448
     precision: 0.6119
        recall: 0.6814
          loss: 0.6118
