Uninstalled 1 package in 8ms
Installed 1 package in 12ms
/net/storage/pr3/plgrid/plggmlcil/plgkstankie/vvv/Multimodal-models-for-predicting-drug-target-interactions/.venv/lib/python3.11/site-packages/outdated/__init__.py:36: UserWarning: pkg_resources is deprecated as an API. See https://setuptools.pypa.io/en/latest/pkg_resources.html. The pkg_resources package is slated for removal as early as 2025-11-30. Refrain from using this package or pin to Setuptools<81.
  from pkg_resources import parse_version
Setting global random seed to 2026
Using device: cuda
Loading clean data from: /net/storage/pr3/plgrid/plggmlcil/plgkstankie/vvv/Multimodal-models-for-predicting-drug-target-interactions/src/datasets/lincs_balanced.parquet
Dataset size: 27498
Train: 19558  Val: 2885  Test: 5055
ChemBERTProcessor: loaded 236379 embeddings (dim=768) from /net/storage/pr3/plgrid/plggmlcil/plgkstankie/vvv/Multimodal-models-for-predicting-drug-target-interactions/src/datasets/ChemBERTa-zinc-base-v1.pt
SMILES encoders:  ['FingerprintMLPEncoder', 'ChemBERTEncoder', 'LincsEncoder']
Protein encoders: ['ProteinCNNEncoder']
MultimodalDTI(
  (smiles_encoders): ModuleList(
    (0): FingerprintMLPEncoder(
      (mlp): Sequential(
        (0): Linear(in_features=1024, out_features=256, bias=True)
        (1): BatchNorm1d(256, eps=1e-05, momentum=0.1, affine=True, track_running_stats=True)
        (2): ReLU()
        (3): Dropout(p=0.5, inplace=False)
        (4): Linear(in_features=256, out_features=128, bias=True)
        (5): BatchNorm1d(128, eps=1e-05, momentum=0.1, affine=True, track_running_stats=True)
        (6): ReLU()
      )
    )
    (1): ChemBERTEncoder(
      (projection): Sequential(
        (0): Linear(in_features=768, out_features=128, bias=True)
        (1): LayerNorm((128,), eps=1e-05, elementwise_affine=True)
        (2): ReLU()
      )
    )
    (2): LincsEncoder(
      (mlp): Sequential(
        (0): Linear(in_features=978, out_features=128, bias=True)
        (1): BatchNorm1d(128, eps=1e-05, momentum=0.1, affine=True, track_running_stats=True)
        (2): ReLU()
        (3): Dropout(p=0.5, inplace=False)
        (4): Linear(in_features=128, out_features=128, bias=True)
        (5): BatchNorm1d(128, eps=1e-05, momentum=0.1, affine=True, track_running_stats=True)
        (6): ReLU()
      )
    )
  )
  (protein_encoders): ModuleList(
    (0): ProteinCNNEncoder(
      (embedding): Embedding(21, 128, padding_idx=0)
      (conv_blocks): ModuleList(
        (0): Sequential(
          (0): Conv1d(128, 64, kernel_size=(3,), stride=(1,), padding=(1,))
          (1): BatchNorm1d(64, eps=1e-05, momentum=0.1, affine=True, track_running_stats=True)
          (2): ReLU()
          (3): Conv1d(64, 64, kernel_size=(3,), stride=(1,), padding=(1,))
          (4): BatchNorm1d(64, eps=1e-05, momentum=0.1, affine=True, track_running_stats=True)
          (5): ReLU()
        )
        (1): Sequential(
          (0): Conv1d(128, 64, kernel_size=(7,), stride=(1,), padding=(3,))
          (1): BatchNorm1d(64, eps=1e-05, momentum=0.1, affine=True, track_running_stats=True)
          (2): ReLU()
          (3): Conv1d(64, 64, kernel_size=(7,), stride=(1,), padding=(3,))
          (4): BatchNorm1d(64, eps=1e-05, momentum=0.1, affine=True, track_running_stats=True)
          (5): ReLU()
        )
        (2): Sequential(
          (0): Conv1d(128, 64, kernel_size=(15,), stride=(1,), padding=(7,))
          (1): BatchNorm1d(64, eps=1e-05, momentum=0.1, affine=True, track_running_stats=True)
          (2): ReLU()
          (3): Conv1d(64, 64, kernel_size=(15,), stride=(1,), padding=(7,))
          (4): BatchNorm1d(64, eps=1e-05, momentum=0.1, affine=True, track_running_stats=True)
          (5): ReLU()
        )
      )
    )
  )
  (fusion): MLPFusion(
    (classifier): Sequential(
      (0): Linear(in_features=576, out_features=128, bias=True)
      (1): BatchNorm1d(128, eps=1e-05, momentum=0.1, affine=True, track_running_stats=True)
      (2): ReLU()
      (3): Dropout(p=0.5, inplace=False)
      (4): Linear(in_features=128, out_features=32, bias=True)
      (5): BatchNorm1d(32, eps=1e-05, momentum=0.1, affine=True, track_running_stats=True)
      (6): ReLU()
      (7): Dropout(p=0.5, inplace=False)
      (8): Linear(in_features=32, out_features=1, bias=True)
    )
  )
)
Epoch 001 | time=2.9s | train_loss=0.6106 | val_loss=0.6267 | val_auc=0.7139
  ✓ New best model (epoch 1, val_loss=0.6267, val_auc=0.7139) saved to checkpoints/fp_chembert_lincs_vs_cnn_seed2026.pt
Epoch 002 | time=2.2s | train_loss=0.4949 | val_loss=0.5926 | val_auc=0.7554
  ✓ New best model (epoch 2, val_loss=0.5926, val_auc=0.7554) saved to checkpoints/fp_chembert_lincs_vs_cnn_seed2026.pt
Epoch 003 | time=2.2s | train_loss=0.4389 | val_loss=0.5721 | val_auc=0.7722
  ✓ New best model (epoch 3, val_loss=0.5721, val_auc=0.7722) saved to checkpoints/fp_chembert_lincs_vs_cnn_seed2026.pt
Epoch 004 | time=2.2s | train_loss=0.3968 | val_loss=0.5600 | val_auc=0.7823
  ✓ New best model (epoch 4, val_loss=0.5600, val_auc=0.7823) saved to checkpoints/fp_chembert_lincs_vs_cnn_seed2026.pt
Epoch 005 | time=2.2s | train_loss=0.3675 | val_loss=0.5576 | val_auc=0.7878
  ✓ New best model (epoch 5, val_loss=0.5576, val_auc=0.7878) saved to checkpoints/fp_chembert_lincs_vs_cnn_seed2026.pt
Epoch 006 | time=2.2s | train_loss=0.3435 | val_loss=0.5484 | val_auc=0.7987
  ✓ New best model (epoch 6, val_loss=0.5484, val_auc=0.7987) saved to checkpoints/fp_chembert_lincs_vs_cnn_seed2026.pt
Epoch 007 | time=2.2s | train_loss=0.3227 | val_loss=0.5383 | val_auc=0.8080
  ✓ New best model (epoch 7, val_loss=0.5383, val_auc=0.8080) saved to checkpoints/fp_chembert_lincs_vs_cnn_seed2026.pt
Epoch 008 | time=2.2s | train_loss=0.3009 | val_loss=0.5486 | val_auc=0.8022
Epoch 009 | time=2.2s | train_loss=0.2835 | val_loss=0.5321 | val_auc=0.8135
  ✓ New best model (epoch 9, val_loss=0.5321, val_auc=0.8135) saved to checkpoints/fp_chembert_lincs_vs_cnn_seed2026.pt
Epoch 010 | time=2.2s | train_loss=0.2696 | val_loss=0.5340 | val_auc=0.8136
  ✓ New best model (epoch 10, val_loss=0.5340, val_auc=0.8136) saved to checkpoints/fp_chembert_lincs_vs_cnn_seed2026.pt
Epoch 011 | time=2.2s | train_loss=0.2561 | val_loss=0.5260 | val_auc=0.8182
  ✓ New best model (epoch 11, val_loss=0.5260, val_auc=0.8182) saved to checkpoints/fp_chembert_lincs_vs_cnn_seed2026.pt
Epoch 012 | time=2.2s | train_loss=0.2435 | val_loss=0.5290 | val_auc=0.8204
  ✓ New best model (epoch 12, val_loss=0.5290, val_auc=0.8204) saved to checkpoints/fp_chembert_lincs_vs_cnn_seed2026.pt
Epoch 013 | time=2.2s | train_loss=0.2330 | val_loss=0.5425 | val_auc=0.8165
Epoch 014 | time=2.2s | train_loss=0.2210 | val_loss=0.5223 | val_auc=0.8259
  ✓ New best model (epoch 14, val_loss=0.5223, val_auc=0.8259) saved to checkpoints/fp_chembert_lincs_vs_cnn_seed2026.pt
Epoch 015 | time=2.2s | train_loss=0.2149 | val_loss=0.5477 | val_auc=0.8148
Epoch 016 | time=2.2s | train_loss=0.2042 | val_loss=0.5676 | val_auc=0.8095
Epoch 017 | time=2.2s | train_loss=0.1982 | val_loss=0.5564 | val_auc=0.8183
Epoch 018 | time=2.2s | train_loss=0.1885 | val_loss=0.5309 | val_auc=0.8305
  ✓ New best model (epoch 18, val_loss=0.5309, val_auc=0.8305) saved to checkpoints/fp_chembert_lincs_vs_cnn_seed2026.pt
Epoch 019 | time=2.2s | train_loss=0.1834 | val_loss=0.5652 | val_auc=0.8158
Epoch 020 | time=2.2s | train_loss=0.1720 | val_loss=0.5584 | val_auc=0.8194
Epoch 021 | time=2.2s | train_loss=0.1607 | val_loss=0.5541 | val_auc=0.8250
Epoch 022 | time=2.2s | train_loss=0.1585 | val_loss=0.5540 | val_auc=0.8272
Epoch 023 | time=2.2s | train_loss=0.1556 | val_loss=0.5614 | val_auc=0.8277
Epoch 024 | time=2.2s | train_loss=0.1503 | val_loss=0.5588 | val_auc=0.8292
Epoch 025 | time=2.2s | train_loss=0.1477 | val_loss=0.5654 | val_auc=0.8268
Epoch 026 | time=2.2s | train_loss=0.1466 | val_loss=0.5657 | val_auc=0.8296
Epoch 027 | time=2.2s | train_loss=0.1394 | val_loss=0.5687 | val_auc=0.8271
Epoch 028 | time=2.2s | train_loss=0.1372 | val_loss=0.5697 | val_auc=0.8288
Early stopping — no improvement for 10 epochs

Best model: epoch 18, val_loss=0.5697, val_auc=0.8305

═══ Test Results ═══
           auc: 0.7291
         auprc: 0.6690
            f1: 0.6371
     precision: 0.6211
        recall: 0.6539
          loss: 0.7285
