Uninstalled 1 package in 10ms
Installed 1 package in 34ms
/net/storage/pr3/plgrid/plggmlcil/plgkstankie/vvv/Multimodal-models-for-predicting-drug-target-interactions/.venv/lib/python3.11/site-packages/outdated/__init__.py:36: UserWarning: pkg_resources is deprecated as an API. See https://setuptools.pypa.io/en/latest/pkg_resources.html. The pkg_resources package is slated for removal as early as 2025-11-30. Refrain from using this package or pin to Setuptools<81.
  from pkg_resources import parse_version
Setting global random seed to 42
Using device: cuda
Loading clean data from: /net/storage/pr3/plgrid/plggmlcil/plgkstankie/vvv/Multimodal-models-for-predicting-drug-target-interactions/src/datasets/lincs_balanced.parquet
Dataset size: 27498
Train: 19558  Val: 2885  Test: 5055
ChemBERTProcessor: loaded 236379 embeddings (dim=768) from /net/storage/pr3/plgrid/plggmlcil/plgkstankie/vvv/Multimodal-models-for-predicting-drug-target-interactions/src/datasets/ChemBERTa-zinc-base-v1.pt
SMILES encoders:  ['FingerprintMLPEncoder', 'ChemBERTEncoder', 'LincsEncoder']
Protein encoders: ['ProteinCNNEncoder']
MultimodalDTI(
  (smiles_encoders): ModuleList(
    (0): FingerprintMLPEncoder(
      (mlp): Sequential(
        (0): Linear(in_features=1024, out_features=256, bias=True)
        (1): BatchNorm1d(256, eps=1e-05, momentum=0.1, affine=True, track_running_stats=True)
        (2): ReLU()
        (3): Dropout(p=0.5, inplace=False)
        (4): Linear(in_features=256, out_features=128, bias=True)
        (5): BatchNorm1d(128, eps=1e-05, momentum=0.1, affine=True, track_running_stats=True)
        (6): ReLU()
      )
    )
    (1): ChemBERTEncoder(
      (projection): Sequential(
        (0): Linear(in_features=768, out_features=128, bias=True)
        (1): LayerNorm((128,), eps=1e-05, elementwise_affine=True)
        (2): ReLU()
      )
    )
    (2): LincsEncoder(
      (mlp): Sequential(
        (0): Linear(in_features=978, out_features=128, bias=True)
        (1): BatchNorm1d(128, eps=1e-05, momentum=0.1, affine=True, track_running_stats=True)
        (2): ReLU()
        (3): Dropout(p=0.5, inplace=False)
        (4): Linear(in_features=128, out_features=128, bias=True)
        (5): BatchNorm1d(128, eps=1e-05, momentum=0.1, affine=True, track_running_stats=True)
        (6): ReLU()
      )
    )
  )
  (protein_encoders): ModuleList(
    (0): ProteinCNNEncoder(
      (embedding): Embedding(21, 128, padding_idx=0)
      (conv_blocks): ModuleList(
        (0): Sequential(
          (0): Conv1d(128, 64, kernel_size=(3,), stride=(1,), padding=(1,))
          (1): BatchNorm1d(64, eps=1e-05, momentum=0.1, affine=True, track_running_stats=True)
          (2): ReLU()
          (3): Conv1d(64, 64, kernel_size=(3,), stride=(1,), padding=(1,))
          (4): BatchNorm1d(64, eps=1e-05, momentum=0.1, affine=True, track_running_stats=True)
          (5): ReLU()
        )
        (1): Sequential(
          (0): Conv1d(128, 64, kernel_size=(7,), stride=(1,), padding=(3,))
          (1): BatchNorm1d(64, eps=1e-05, momentum=0.1, affine=True, track_running_stats=True)
          (2): ReLU()
          (3): Conv1d(64, 64, kernel_size=(7,), stride=(1,), padding=(3,))
          (4): BatchNorm1d(64, eps=1e-05, momentum=0.1, affine=True, track_running_stats=True)
          (5): ReLU()
        )
        (2): Sequential(
          (0): Conv1d(128, 64, kernel_size=(15,), stride=(1,), padding=(7,))
          (1): BatchNorm1d(64, eps=1e-05, momentum=0.1, affine=True, track_running_stats=True)
          (2): ReLU()
          (3): Conv1d(64, 64, kernel_size=(15,), stride=(1,), padding=(7,))
          (4): BatchNorm1d(64, eps=1e-05, momentum=0.1, affine=True, track_running_stats=True)
          (5): ReLU()
        )
      )
    )
  )
  (fusion): MLPFusion(
    (classifier): Sequential(
      (0): Linear(in_features=576, out_features=128, bias=True)
      (1): BatchNorm1d(128, eps=1e-05, momentum=0.1, affine=True, track_running_stats=True)
      (2): ReLU()
      (3): Dropout(p=0.5, inplace=False)
      (4): Linear(in_features=128, out_features=32, bias=True)
      (5): BatchNorm1d(32, eps=1e-05, momentum=0.1, affine=True, track_running_stats=True)
      (6): ReLU()
      (7): Dropout(p=0.5, inplace=False)
      (8): Linear(in_features=32, out_features=1, bias=True)
    )
  )
)
Epoch 001 | time=12.5s | train_loss=0.6228 | val_loss=0.6470 | val_auc=0.6921
  ✓ New best model (epoch 1, val_loss=0.6470, val_auc=0.6921) saved to checkpoints/fp_chembert_lincs_vs_cnn_seed42.pt
Epoch 002 | time=2.2s | train_loss=0.5133 | val_loss=0.6180 | val_auc=0.7355
  ✓ New best model (epoch 2, val_loss=0.6180, val_auc=0.7355) saved to checkpoints/fp_chembert_lincs_vs_cnn_seed42.pt
Epoch 003 | time=2.2s | train_loss=0.4575 | val_loss=0.5993 | val_auc=0.7606
  ✓ New best model (epoch 3, val_loss=0.5993, val_auc=0.7606) saved to checkpoints/fp_chembert_lincs_vs_cnn_seed42.pt
Epoch 004 | time=2.2s | train_loss=0.4179 | val_loss=0.5974 | val_auc=0.7630
  ✓ New best model (epoch 4, val_loss=0.5974, val_auc=0.7630) saved to checkpoints/fp_chembert_lincs_vs_cnn_seed42.pt
Epoch 005 | time=2.2s | train_loss=0.3872 | val_loss=0.6017 | val_auc=0.7566
Epoch 006 | time=2.2s | train_loss=0.3586 | val_loss=0.5853 | val_auc=0.7801
  ✓ New best model (epoch 6, val_loss=0.5853, val_auc=0.7801) saved to checkpoints/fp_chembert_lincs_vs_cnn_seed42.pt
Epoch 007 | time=2.2s | train_loss=0.3368 | val_loss=0.5820 | val_auc=0.7847
  ✓ New best model (epoch 7, val_loss=0.5820, val_auc=0.7847) saved to checkpoints/fp_chembert_lincs_vs_cnn_seed42.pt
Epoch 008 | time=2.2s | train_loss=0.3161 | val_loss=0.5815 | val_auc=0.7865
  ✓ New best model (epoch 8, val_loss=0.5815, val_auc=0.7865) saved to checkpoints/fp_chembert_lincs_vs_cnn_seed42.pt
Epoch 009 | time=2.2s | train_loss=0.2989 | val_loss=0.5804 | val_auc=0.7901
  ✓ New best model (epoch 9, val_loss=0.5804, val_auc=0.7901) saved to checkpoints/fp_chembert_lincs_vs_cnn_seed42.pt
Epoch 010 | time=2.2s | train_loss=0.2822 | val_loss=0.5909 | val_auc=0.7873
Epoch 011 | time=2.2s | train_loss=0.2699 | val_loss=0.5812 | val_auc=0.7947
  ✓ New best model (epoch 11, val_loss=0.5812, val_auc=0.7947) saved to checkpoints/fp_chembert_lincs_vs_cnn_seed42.pt
Epoch 012 | time=2.2s | train_loss=0.2534 | val_loss=0.5626 | val_auc=0.8017
  ✓ New best model (epoch 12, val_loss=0.5626, val_auc=0.8017) saved to checkpoints/fp_chembert_lincs_vs_cnn_seed42.pt
Epoch 013 | time=2.2s | train_loss=0.2435 | val_loss=0.5679 | val_auc=0.8041
  ✓ New best model (epoch 13, val_loss=0.5679, val_auc=0.8041) saved to checkpoints/fp_chembert_lincs_vs_cnn_seed42.pt
Epoch 014 | time=2.2s | train_loss=0.2313 | val_loss=0.5922 | val_auc=0.7948
Epoch 015 | time=2.2s | train_loss=0.2193 | val_loss=0.5842 | val_auc=0.8053
  ✓ New best model (epoch 15, val_loss=0.5842, val_auc=0.8053) saved to checkpoints/fp_chembert_lincs_vs_cnn_seed42.pt
Epoch 016 | time=9.8s | train_loss=0.2119 | val_loss=0.5660 | val_auc=0.8109
  ✓ New best model (epoch 16, val_loss=0.5660, val_auc=0.8109) saved to checkpoints/fp_chembert_lincs_vs_cnn_seed42.pt
Epoch 017 | time=2.2s | train_loss=0.2005 | val_loss=0.5987 | val_auc=0.8057
Epoch 018 | time=2.2s | train_loss=0.1960 | val_loss=0.5893 | val_auc=0.8116
  ✓ New best model (epoch 18, val_loss=0.5893, val_auc=0.8116) saved to checkpoints/fp_chembert_lincs_vs_cnn_seed42.pt
Epoch 019 | time=2.2s | train_loss=0.1801 | val_loss=0.5887 | val_auc=0.8116
  ✓ New best model (epoch 19, val_loss=0.5887, val_auc=0.8116) saved to checkpoints/fp_chembert_lincs_vs_cnn_seed42.pt
Epoch 020 | time=2.2s | train_loss=0.1773 | val_loss=0.5981 | val_auc=0.8126
  ✓ New best model (epoch 20, val_loss=0.5981, val_auc=0.8126) saved to checkpoints/fp_chembert_lincs_vs_cnn_seed42.pt
Epoch 021 | time=2.2s | train_loss=0.1681 | val_loss=0.5892 | val_auc=0.8156
  ✓ New best model (epoch 21, val_loss=0.5892, val_auc=0.8156) saved to checkpoints/fp_chembert_lincs_vs_cnn_seed42.pt
Epoch 022 | time=2.2s | train_loss=0.1673 | val_loss=0.5954 | val_auc=0.8158
  ✓ New best model (epoch 22, val_loss=0.5954, val_auc=0.8158) saved to checkpoints/fp_chembert_lincs_vs_cnn_seed42.pt
Epoch 023 | time=3.4s | train_loss=0.1637 | val_loss=0.5874 | val_auc=0.8211
  ✓ New best model (epoch 23, val_loss=0.5874, val_auc=0.8211) saved to checkpoints/fp_chembert_lincs_vs_cnn_seed42.pt
Epoch 024 | time=2.2s | train_loss=0.1588 | val_loss=0.5969 | val_auc=0.8169
Epoch 025 | time=2.2s | train_loss=0.1546 | val_loss=0.5970 | val_auc=0.8210
Epoch 026 | time=2.2s | train_loss=0.1518 | val_loss=0.5899 | val_auc=0.8216
  ✓ New best model (epoch 26, val_loss=0.5899, val_auc=0.8216) saved to checkpoints/fp_chembert_lincs_vs_cnn_seed42.pt
Epoch 027 | time=2.2s | train_loss=0.1496 | val_loss=0.5899 | val_auc=0.8229
  ✓ New best model (epoch 27, val_loss=0.5899, val_auc=0.8229) saved to checkpoints/fp_chembert_lincs_vs_cnn_seed42.pt
Epoch 028 | time=2.2s | train_loss=0.1488 | val_loss=0.6059 | val_auc=0.8211
Epoch 029 | time=2.2s | train_loss=0.1466 | val_loss=0.5945 | val_auc=0.8233
  ✓ New best model (epoch 29, val_loss=0.5945, val_auc=0.8233) saved to checkpoints/fp_chembert_lincs_vs_cnn_seed42.pt
Epoch 030 | time=2.2s | train_loss=0.1441 | val_loss=0.6079 | val_auc=0.8182
Epoch 031 | time=2.2s | train_loss=0.1424 | val_loss=0.6061 | val_auc=0.8221
Epoch 032 | time=2.2s | train_loss=0.1390 | val_loss=0.6022 | val_auc=0.8228
Epoch 033 | time=2.2s | train_loss=0.1380 | val_loss=0.6075 | val_auc=0.8237
  ✓ New best model (epoch 33, val_loss=0.6075, val_auc=0.8237) saved to checkpoints/fp_chembert_lincs_vs_cnn_seed42.pt
Epoch 034 | time=2.2s | train_loss=0.1357 | val_loss=0.6021 | val_auc=0.8228
Epoch 035 | time=2.2s | train_loss=0.1349 | val_loss=0.6130 | val_auc=0.8230
Epoch 036 | time=2.2s | train_loss=0.1323 | val_loss=0.6076 | val_auc=0.8222
Epoch 037 | time=2.2s | train_loss=0.1319 | val_loss=0.6161 | val_auc=0.8232
Epoch 038 | time=2.3s | train_loss=0.1353 | val_loss=0.6035 | val_auc=0.8242
  ✓ New best model (epoch 38, val_loss=0.6035, val_auc=0.8242) saved to checkpoints/fp_chembert_lincs_vs_cnn_seed42.pt
Epoch 039 | time=2.3s | train_loss=0.1331 | val_loss=0.6074 | val_auc=0.8239
Epoch 040 | time=2.2s | train_loss=0.1348 | val_loss=0.6086 | val_auc=0.8239
Epoch 041 | time=2.2s | train_loss=0.1312 | val_loss=0.6090 | val_auc=0.8231
Epoch 042 | time=2.2s | train_loss=0.1290 | val_loss=0.6077 | val_auc=0.8226
Epoch 043 | time=2.3s | train_loss=0.1312 | val_loss=0.6213 | val_auc=0.8223
Epoch 044 | time=2.3s | train_loss=0.1294 | val_loss=0.6093 | val_auc=0.8237
Epoch 045 | time=2.3s | train_loss=0.1291 | val_loss=0.6103 | val_auc=0.8242
Epoch 046 | time=2.3s | train_loss=0.1320 | val_loss=0.6138 | val_auc=0.8244
  ✓ New best model (epoch 46, val_loss=0.6138, val_auc=0.8244) saved to checkpoints/fp_chembert_lincs_vs_cnn_seed42.pt
Epoch 047 | time=2.2s | train_loss=0.1300 | val_loss=0.6121 | val_auc=0.8242
Epoch 048 | time=2.2s | train_loss=0.1308 | val_loss=0.6054 | val_auc=0.8253
  ✓ New best model (epoch 48, val_loss=0.6054, val_auc=0.8253) saved to checkpoints/fp_chembert_lincs_vs_cnn_seed42.pt
Epoch 049 | time=2.2s | train_loss=0.1295 | val_loss=0.6081 | val_auc=0.8243
Epoch 050 | time=2.2s | train_loss=0.1294 | val_loss=0.6079 | val_auc=0.8250
Epoch 051 | time=2.2s | train_loss=0.1294 | val_loss=0.6124 | val_auc=0.8244
Epoch 052 | time=2.2s | train_loss=0.1271 | val_loss=0.6172 | val_auc=0.8247
Epoch 053 | time=2.2s | train_loss=0.1289 | val_loss=0.6141 | val_auc=0.8241
Epoch 054 | time=2.2s | train_loss=0.1291 | val_loss=0.6191 | val_auc=0.8244
Epoch 055 | time=2.2s | train_loss=0.1284 | val_loss=0.6143 | val_auc=0.8237
Epoch 056 | time=2.2s | train_loss=0.1285 | val_loss=0.6155 | val_auc=0.8240
Epoch 057 | time=2.2s | train_loss=0.1277 | val_loss=0.6172 | val_auc=0.8240
Epoch 058 | time=2.2s | train_loss=0.1292 | val_loss=0.6149 | val_auc=0.8238
Early stopping — no improvement for 10 epochs

Best model: epoch 48, val_loss=0.6149, val_auc=0.8253

═══ Test Results ═══
           auc: 0.7286
         auprc: 0.6618
            f1: 0.6314
     precision: 0.6173
        recall: 0.6462
          loss: 0.7963
