Uninstalled 1 package in 7ms
Installed 1 package in 11ms
/net/storage/pr3/plgrid/plggmlcil/plgkstankie/vvv/Multimodal-models-for-predicting-drug-target-interactions/.venv/lib/python3.11/site-packages/outdated/__init__.py:36: UserWarning: pkg_resources is deprecated as an API. See https://setuptools.pypa.io/en/latest/pkg_resources.html. The pkg_resources package is slated for removal as early as 2025-11-30. Refrain from using this package or pin to Setuptools<81.
  from pkg_resources import parse_version
Setting global random seed to 999
Using device: cuda
Loading clean data from: /net/storage/pr3/plgrid/plggmlcil/plgkstankie/vvv/Multimodal-models-for-predicting-drug-target-interactions/src/datasets/lincs_balanced.parquet
Dataset size: 27498
Train: 19558  Val: 2885  Test: 5055
ChemBERTProcessor: loaded 236379 embeddings (dim=768) from /net/storage/pr3/plgrid/plggmlcil/plgkstankie/vvv/Multimodal-models-for-predicting-drug-target-interactions/src/datasets/ChemBERTa-zinc-base-v1.pt
SMILES encoders:  ['FingerprintMLPEncoder', 'ChemBERTEncoder', 'LincsGraphEncoder']
Protein encoders: ['ProteinCNNEncoder']
MultimodalDTI(
  (smiles_encoders): ModuleList(
    (0): FingerprintMLPEncoder(
      (mlp): Sequential(
        (0): Linear(in_features=1024, out_features=256, bias=True)
        (1): BatchNorm1d(256, eps=1e-05, momentum=0.1, affine=True, track_running_stats=True)
        (2): ReLU()
        (3): Dropout(p=0.5, inplace=False)
        (4): Linear(in_features=256, out_features=128, bias=True)
        (5): BatchNorm1d(128, eps=1e-05, momentum=0.1, affine=True, track_running_stats=True)
        (6): ReLU()
      )
    )
    (1): ChemBERTEncoder(
      (projection): Sequential(
        (0): Linear(in_features=768, out_features=128, bias=True)
        (1): LayerNorm((128,), eps=1e-05, elementwise_affine=True)
        (2): ReLU()
      )
    )
    (2): LincsGraphEncoder(
      (proj): Linear(in_features=1, out_features=128, bias=True)
      (convs): ModuleList(
        (0-1): 2 x DenseGCNConv(
          (linear): Linear(in_features=128, out_features=128, bias=False)
        )
      )
      (bns): ModuleList(
        (0-1): 2 x BatchNorm1d(128, eps=1e-05, momentum=0.1, affine=True, track_running_stats=True)
      )
      (pool_proj): Linear(in_features=128, out_features=128, bias=True)
    )
  )
  (protein_encoders): ModuleList(
    (0): ProteinCNNEncoder(
      (embedding): Embedding(21, 128, padding_idx=0)
      (conv_blocks): ModuleList(
        (0): Sequential(
          (0): Conv1d(128, 64, kernel_size=(3,), stride=(1,), padding=(1,))
          (1): BatchNorm1d(64, eps=1e-05, momentum=0.1, affine=True, track_running_stats=True)
          (2): ReLU()
          (3): Conv1d(64, 64, kernel_size=(3,), stride=(1,), padding=(1,))
          (4): BatchNorm1d(64, eps=1e-05, momentum=0.1, affine=True, track_running_stats=True)
          (5): ReLU()
        )
        (1): Sequential(
          (0): Conv1d(128, 64, kernel_size=(7,), stride=(1,), padding=(3,))
          (1): BatchNorm1d(64, eps=1e-05, momentum=0.1, affine=True, track_running_stats=True)
          (2): ReLU()
          (3): Conv1d(64, 64, kernel_size=(7,), stride=(1,), padding=(3,))
          (4): BatchNorm1d(64, eps=1e-05, momentum=0.1, affine=True, track_running_stats=True)
          (5): ReLU()
        )
        (2): Sequential(
          (0): Conv1d(128, 64, kernel_size=(15,), stride=(1,), padding=(7,))
          (1): BatchNorm1d(64, eps=1e-05, momentum=0.1, affine=True, track_running_stats=True)
          (2): ReLU()
          (3): Conv1d(64, 64, kernel_size=(15,), stride=(1,), padding=(7,))
          (4): BatchNorm1d(64, eps=1e-05, momentum=0.1, affine=True, track_running_stats=True)
          (5): ReLU()
        )
      )
    )
  )
  (fusion): MLPFusion(
    (classifier): Sequential(
      (0): Linear(in_features=576, out_features=128, bias=True)
      (1): BatchNorm1d(128, eps=1e-05, momentum=0.1, affine=True, track_running_stats=True)
      (2): ReLU()
      (3): Dropout(p=0.5, inplace=False)
      (4): Linear(in_features=128, out_features=32, bias=True)
      (5): BatchNorm1d(32, eps=1e-05, momentum=0.1, affine=True, track_running_stats=True)
      (6): ReLU()
      (7): Dropout(p=0.5, inplace=False)
      (8): Linear(in_features=32, out_features=1, bias=True)
    )
  )
)
Epoch 001 | time=3.6s | train_loss=0.6117 | val_loss=0.6279 | val_auc=0.7129
  ✓ New best model (epoch 1, val_loss=0.6279, val_auc=0.7129) saved to checkpoints/fp_chembert_lincs_graph_vs_cnn_seed999.pt
Epoch 002 | time=2.9s | train_loss=0.5054 | val_loss=0.6032 | val_auc=0.7512
  ✓ New best model (epoch 2, val_loss=0.6032, val_auc=0.7512) saved to checkpoints/fp_chembert_lincs_graph_vs_cnn_seed999.pt
Epoch 003 | time=2.9s | train_loss=0.4489 | val_loss=0.5780 | val_auc=0.7779
  ✓ New best model (epoch 3, val_loss=0.5780, val_auc=0.7779) saved to checkpoints/fp_chembert_lincs_graph_vs_cnn_seed999.pt
Epoch 004 | time=2.9s | train_loss=0.4147 | val_loss=0.5682 | val_auc=0.7868
  ✓ New best model (epoch 4, val_loss=0.5682, val_auc=0.7868) saved to checkpoints/fp_chembert_lincs_graph_vs_cnn_seed999.pt
Epoch 005 | time=2.9s | train_loss=0.3815 | val_loss=0.5579 | val_auc=0.7961
  ✓ New best model (epoch 5, val_loss=0.5579, val_auc=0.7961) saved to checkpoints/fp_chembert_lincs_graph_vs_cnn_seed999.pt
Epoch 006 | time=2.9s | train_loss=0.3545 | val_loss=0.5601 | val_auc=0.7977
  ✓ New best model (epoch 6, val_loss=0.5601, val_auc=0.7977) saved to checkpoints/fp_chembert_lincs_graph_vs_cnn_seed999.pt
Epoch 007 | time=2.9s | train_loss=0.3342 | val_loss=0.5565 | val_auc=0.7980
  ✓ New best model (epoch 7, val_loss=0.5565, val_auc=0.7980) saved to checkpoints/fp_chembert_lincs_graph_vs_cnn_seed999.pt
Epoch 008 | time=2.9s | train_loss=0.3086 | val_loss=0.5530 | val_auc=0.8042
  ✓ New best model (epoch 8, val_loss=0.5530, val_auc=0.8042) saved to checkpoints/fp_chembert_lincs_graph_vs_cnn_seed999.pt
Epoch 009 | time=2.9s | train_loss=0.2919 | val_loss=0.5475 | val_auc=0.8104
  ✓ New best model (epoch 9, val_loss=0.5475, val_auc=0.8104) saved to checkpoints/fp_chembert_lincs_graph_vs_cnn_seed999.pt
Epoch 010 | time=2.9s | train_loss=0.2767 | val_loss=0.5587 | val_auc=0.8034
Epoch 011 | time=2.9s | train_loss=0.2641 | val_loss=0.5564 | val_auc=0.8075
Epoch 012 | time=2.9s | train_loss=0.2462 | val_loss=0.5511 | val_auc=0.8122
  ✓ New best model (epoch 12, val_loss=0.5511, val_auc=0.8122) saved to checkpoints/fp_chembert_lincs_graph_vs_cnn_seed999.pt
Epoch 013 | time=2.9s | train_loss=0.2355 | val_loss=0.5456 | val_auc=0.8175
  ✓ New best model (epoch 13, val_loss=0.5456, val_auc=0.8175) saved to checkpoints/fp_chembert_lincs_graph_vs_cnn_seed999.pt
Epoch 014 | time=2.9s | train_loss=0.2262 | val_loss=0.5722 | val_auc=0.8081
Epoch 015 | time=2.9s | train_loss=0.2157 | val_loss=0.5651 | val_auc=0.8130
Epoch 016 | time=2.9s | train_loss=0.2066 | val_loss=0.5715 | val_auc=0.8058
Epoch 017 | time=2.9s | train_loss=0.1954 | val_loss=0.5589 | val_auc=0.8173
Epoch 018 | time=2.9s | train_loss=0.1878 | val_loss=0.5519 | val_auc=0.8227
  ✓ New best model (epoch 18, val_loss=0.5519, val_auc=0.8227) saved to checkpoints/fp_chembert_lincs_graph_vs_cnn_seed999.pt
Epoch 019 | time=2.9s | train_loss=0.1808 | val_loss=0.5605 | val_auc=0.8204
Epoch 020 | time=2.9s | train_loss=0.1651 | val_loss=0.5567 | val_auc=0.8284
  ✓ New best model (epoch 20, val_loss=0.5567, val_auc=0.8284) saved to checkpoints/fp_chembert_lincs_graph_vs_cnn_seed999.pt
Epoch 021 | time=2.9s | train_loss=0.1601 | val_loss=0.5659 | val_auc=0.8255
Epoch 022 | time=2.9s | train_loss=0.1568 | val_loss=0.5721 | val_auc=0.8242
Epoch 023 | time=2.9s | train_loss=0.1549 | val_loss=0.5687 | val_auc=0.8253
Epoch 024 | time=2.9s | train_loss=0.1507 | val_loss=0.5772 | val_auc=0.8255
Epoch 025 | time=2.9s | train_loss=0.1480 | val_loss=0.5754 | val_auc=0.8233
Epoch 026 | time=2.9s | train_loss=0.1403 | val_loss=0.5815 | val_auc=0.8227
Epoch 027 | time=8.4s | train_loss=0.1401 | val_loss=0.5822 | val_auc=0.8254
Epoch 028 | time=3.0s | train_loss=0.1358 | val_loss=0.5834 | val_auc=0.8236
Epoch 029 | time=2.9s | train_loss=0.1365 | val_loss=0.5818 | val_auc=0.8250
Epoch 030 | time=2.9s | train_loss=0.1328 | val_loss=0.5884 | val_auc=0.8253
Early stopping — no improvement for 10 epochs

Best model: epoch 20, val_loss=0.5884, val_auc=0.8284

═══ Test Results ═══
           auc: 0.7218
         auprc: 0.6377
            f1: 0.6487
     precision: 0.6299
        recall: 0.6688
          loss: 0.7589
