Uninstalled 1 package in 7ms
Installed 1 package in 12ms
/net/storage/pr3/plgrid/plggmlcil/plgkstankie/vvv/Multimodal-models-for-predicting-drug-target-interactions/.venv/lib/python3.11/site-packages/outdated/__init__.py:36: UserWarning: pkg_resources is deprecated as an API. See https://setuptools.pypa.io/en/latest/pkg_resources.html. The pkg_resources package is slated for removal as early as 2025-11-30. Refrain from using this package or pin to Setuptools<81.
  from pkg_resources import parse_version
Setting global random seed to 999
Using device: cuda
Loading clean data from: /net/storage/pr3/plgrid/plggmlcil/plgkstankie/vvv/Multimodal-models-for-predicting-drug-target-interactions/src/datasets/lincs_balanced.parquet
Dataset size: 27498
Train: 19558  Val: 2885  Test: 5055
ChemBERTProcessor: loaded 236379 embeddings (dim=768) from /net/storage/pr3/plgrid/plggmlcil/plgkstankie/vvv/Multimodal-models-for-predicting-drug-target-interactions/src/datasets/ChemBERTa-zinc-base-v1.pt
SMILES encoders:  ['FingerprintMLPEncoder', 'ChemBERTEncoder']
Protein encoders: ['ProteinCNNEncoder']
MultimodalDTI(
  (smiles_encoders): ModuleList(
    (0): FingerprintMLPEncoder(
      (mlp): Sequential(
        (0): Linear(in_features=1024, out_features=256, bias=True)
        (1): BatchNorm1d(256, eps=1e-05, momentum=0.1, affine=True, track_running_stats=True)
        (2): ReLU()
        (3): Dropout(p=0.5, inplace=False)
        (4): Linear(in_features=256, out_features=128, bias=True)
        (5): BatchNorm1d(128, eps=1e-05, momentum=0.1, affine=True, track_running_stats=True)
        (6): ReLU()
      )
    )
    (1): ChemBERTEncoder(
      (projection): Sequential(
        (0): Linear(in_features=768, out_features=128, bias=True)
        (1): LayerNorm((128,), eps=1e-05, elementwise_affine=True)
        (2): ReLU()
      )
    )
  )
  (protein_encoders): ModuleList(
    (0): ProteinCNNEncoder(
      (embedding): Embedding(21, 128, padding_idx=0)
      (conv_blocks): ModuleList(
        (0): Sequential(
          (0): Conv1d(128, 64, kernel_size=(3,), stride=(1,), padding=(1,))
          (1): BatchNorm1d(64, eps=1e-05, momentum=0.1, affine=True, track_running_stats=True)
          (2): ReLU()
          (3): Conv1d(64, 64, kernel_size=(3,), stride=(1,), padding=(1,))
          (4): BatchNorm1d(64, eps=1e-05, momentum=0.1, affine=True, track_running_stats=True)
          (5): ReLU()
        )
        (1): Sequential(
          (0): Conv1d(128, 64, kernel_size=(7,), stride=(1,), padding=(3,))
          (1): BatchNorm1d(64, eps=1e-05, momentum=0.1, affine=True, track_running_stats=True)
          (2): ReLU()
          (3): Conv1d(64, 64, kernel_size=(7,), stride=(1,), padding=(3,))
          (4): BatchNorm1d(64, eps=1e-05, momentum=0.1, affine=True, track_running_stats=True)
          (5): ReLU()
        )
        (2): Sequential(
          (0): Conv1d(128, 64, kernel_size=(15,), stride=(1,), padding=(7,))
          (1): BatchNorm1d(64, eps=1e-05, momentum=0.1, affine=True, track_running_stats=True)
          (2): ReLU()
          (3): Conv1d(64, 64, kernel_size=(15,), stride=(1,), padding=(7,))
          (4): BatchNorm1d(64, eps=1e-05, momentum=0.1, affine=True, track_running_stats=True)
          (5): ReLU()
        )
      )
    )
  )
  (fusion): MLPFusion(
    (classifier): Sequential(
      (0): Linear(in_features=448, out_features=128, bias=True)
      (1): BatchNorm1d(128, eps=1e-05, momentum=0.1, affine=True, track_running_stats=True)
      (2): ReLU()
      (3): Dropout(p=0.5, inplace=False)
      (4): Linear(in_features=128, out_features=32, bias=True)
      (5): BatchNorm1d(32, eps=1e-05, momentum=0.1, affine=True, track_running_stats=True)
      (6): ReLU()
      (7): Dropout(p=0.5, inplace=False)
      (8): Linear(in_features=32, out_features=1, bias=True)
    )
  )
)
Epoch 001 | time=2.7s | train_loss=0.6112 | val_loss=0.6381 | val_auc=0.6996
  ✓ New best model (epoch 1, val_loss=0.6381, val_auc=0.6996) saved to checkpoints/fp_chembert_vs_cnn_seed999.pt
Epoch 002 | time=2.1s | train_loss=0.5107 | val_loss=0.6053 | val_auc=0.7449
  ✓ New best model (epoch 2, val_loss=0.6053, val_auc=0.7449) saved to checkpoints/fp_chembert_vs_cnn_seed999.pt
Epoch 003 | time=2.8s | train_loss=0.4604 | val_loss=0.5900 | val_auc=0.7558
  ✓ New best model (epoch 3, val_loss=0.5900, val_auc=0.7558) saved to checkpoints/fp_chembert_vs_cnn_seed999.pt
Epoch 004 | time=2.1s | train_loss=0.4199 | val_loss=0.5775 | val_auc=0.7655
  ✓ New best model (epoch 4, val_loss=0.5775, val_auc=0.7655) saved to checkpoints/fp_chembert_vs_cnn_seed999.pt
Epoch 005 | time=2.1s | train_loss=0.3864 | val_loss=0.5619 | val_auc=0.7819
  ✓ New best model (epoch 5, val_loss=0.5619, val_auc=0.7819) saved to checkpoints/fp_chembert_vs_cnn_seed999.pt
Epoch 006 | time=2.1s | train_loss=0.3579 | val_loss=0.5639 | val_auc=0.7809
Epoch 007 | time=2.1s | train_loss=0.3366 | val_loss=0.5463 | val_auc=0.8040
  ✓ New best model (epoch 7, val_loss=0.5463, val_auc=0.8040) saved to checkpoints/fp_chembert_vs_cnn_seed999.pt
Epoch 008 | time=2.1s | train_loss=0.3188 | val_loss=0.5530 | val_auc=0.7964
Epoch 009 | time=2.1s | train_loss=0.3000 | val_loss=0.5518 | val_auc=0.7956
Epoch 010 | time=2.1s | train_loss=0.2811 | val_loss=0.5524 | val_auc=0.7987
Epoch 011 | time=2.1s | train_loss=0.2698 | val_loss=0.5465 | val_auc=0.8047
  ✓ New best model (epoch 11, val_loss=0.5465, val_auc=0.8047) saved to checkpoints/fp_chembert_vs_cnn_seed999.pt
Epoch 012 | time=2.1s | train_loss=0.2568 | val_loss=0.5484 | val_auc=0.8035
Epoch 013 | time=2.1s | train_loss=0.2464 | val_loss=0.5476 | val_auc=0.8058
  ✓ New best model (epoch 13, val_loss=0.5476, val_auc=0.8058) saved to checkpoints/fp_chembert_vs_cnn_seed999.pt
Epoch 014 | time=2.1s | train_loss=0.2304 | val_loss=0.5365 | val_auc=0.8112
  ✓ New best model (epoch 14, val_loss=0.5365, val_auc=0.8112) saved to checkpoints/fp_chembert_vs_cnn_seed999.pt
Epoch 015 | time=2.1s | train_loss=0.2215 | val_loss=0.5552 | val_auc=0.8066
Epoch 016 | time=2.1s | train_loss=0.2185 | val_loss=0.5383 | val_auc=0.8134
  ✓ New best model (epoch 16, val_loss=0.5383, val_auc=0.8134) saved to checkpoints/fp_chembert_vs_cnn_seed999.pt
Epoch 017 | time=2.1s | train_loss=0.2120 | val_loss=0.5401 | val_auc=0.8130
Epoch 018 | time=2.1s | train_loss=0.2067 | val_loss=0.5473 | val_auc=0.8096
Epoch 019 | time=2.1s | train_loss=0.2022 | val_loss=0.5508 | val_auc=0.8063
Epoch 020 | time=2.1s | train_loss=0.1997 | val_loss=0.5436 | val_auc=0.8102
Epoch 021 | time=2.1s | train_loss=0.1897 | val_loss=0.5380 | val_auc=0.8153
  ✓ New best model (epoch 21, val_loss=0.5380, val_auc=0.8153) saved to checkpoints/fp_chembert_vs_cnn_seed999.pt
Epoch 022 | time=2.1s | train_loss=0.1847 | val_loss=0.5467 | val_auc=0.8111
Epoch 023 | time=2.1s | train_loss=0.1847 | val_loss=0.5374 | val_auc=0.8186
  ✓ New best model (epoch 23, val_loss=0.5374, val_auc=0.8186) saved to checkpoints/fp_chembert_vs_cnn_seed999.pt
Epoch 024 | time=2.1s | train_loss=0.1820 | val_loss=0.5374 | val_auc=0.8177
Epoch 025 | time=2.1s | train_loss=0.1796 | val_loss=0.5460 | val_auc=0.8124
Epoch 026 | time=2.1s | train_loss=0.1762 | val_loss=0.5493 | val_auc=0.8105
Epoch 027 | time=2.1s | train_loss=0.1761 | val_loss=0.5429 | val_auc=0.8151
Epoch 028 | time=2.1s | train_loss=0.1708 | val_loss=0.5435 | val_auc=0.8155
Epoch 029 | time=2.1s | train_loss=0.1715 | val_loss=0.5426 | val_auc=0.8165
Epoch 030 | time=2.1s | train_loss=0.1686 | val_loss=0.5409 | val_auc=0.8169
Epoch 031 | time=2.1s | train_loss=0.1670 | val_loss=0.5461 | val_auc=0.8153
Epoch 032 | time=2.1s | train_loss=0.1686 | val_loss=0.5432 | val_auc=0.8172
Epoch 033 | time=2.1s | train_loss=0.1659 | val_loss=0.5436 | val_auc=0.8173
Early stopping — no improvement for 10 epochs

Best model: epoch 23, val_loss=0.5436, val_auc=0.8186

═══ Test Results ═══
           auc: 0.7342
         auprc: 0.6554
            f1: 0.6374
     precision: 0.6096
        recall: 0.6679
          loss: 0.7104
