Uninstalled 1 package in 8ms
Installed 1 package in 11ms
/net/storage/pr3/plgrid/plggmlcil/plgkstankie/vvv/Multimodal-models-for-predicting-drug-target-interactions/.venv/lib/python3.11/site-packages/outdated/__init__.py:36: UserWarning: pkg_resources is deprecated as an API. See https://setuptools.pypa.io/en/latest/pkg_resources.html. The pkg_resources package is slated for removal as early as 2025-11-30. Refrain from using this package or pin to Setuptools<81.
  from pkg_resources import parse_version
Setting global random seed to 123
Using device: cuda
Loading clean data from: /net/storage/pr3/plgrid/plggmlcil/plgkstankie/vvv/Multimodal-models-for-predicting-drug-target-interactions/src/datasets/lincs_balanced.parquet
Dataset size: 27498
Train: 19558  Val: 2885  Test: 5055
ChemBERTProcessor: loaded 236379 embeddings (dim=768) from /net/storage/pr3/plgrid/plggmlcil/plgkstankie/vvv/Multimodal-models-for-predicting-drug-target-interactions/src/datasets/ChemBERTa-zinc-base-v1.pt
SMILES encoders:  ['FingerprintMLPEncoder', 'ChemBERTEncoder']
Protein encoders: ['ProteinCNNEncoder']
MultimodalDTI(
  (smiles_encoders): ModuleList(
    (0): FingerprintMLPEncoder(
      (mlp): Sequential(
        (0): Linear(in_features=1024, out_features=256, bias=True)
        (1): BatchNorm1d(256, eps=1e-05, momentum=0.1, affine=True, track_running_stats=True)
        (2): ReLU()
        (3): Dropout(p=0.5, inplace=False)
        (4): Linear(in_features=256, out_features=128, bias=True)
        (5): BatchNorm1d(128, eps=1e-05, momentum=0.1, affine=True, track_running_stats=True)
        (6): ReLU()
      )
    )
    (1): ChemBERTEncoder(
      (projection): Sequential(
        (0): Linear(in_features=768, out_features=128, bias=True)
        (1): LayerNorm((128,), eps=1e-05, elementwise_affine=True)
        (2): ReLU()
      )
    )
  )
  (protein_encoders): ModuleList(
    (0): ProteinCNNEncoder(
      (embedding): Embedding(21, 128, padding_idx=0)
      (conv_blocks): ModuleList(
        (0): Sequential(
          (0): Conv1d(128, 64, kernel_size=(3,), stride=(1,), padding=(1,))
          (1): BatchNorm1d(64, eps=1e-05, momentum=0.1, affine=True, track_running_stats=True)
          (2): ReLU()
          (3): Conv1d(64, 64, kernel_size=(3,), stride=(1,), padding=(1,))
          (4): BatchNorm1d(64, eps=1e-05, momentum=0.1, affine=True, track_running_stats=True)
          (5): ReLU()
        )
        (1): Sequential(
          (0): Conv1d(128, 64, kernel_size=(7,), stride=(1,), padding=(3,))
          (1): BatchNorm1d(64, eps=1e-05, momentum=0.1, affine=True, track_running_stats=True)
          (2): ReLU()
          (3): Conv1d(64, 64, kernel_size=(7,), stride=(1,), padding=(3,))
          (4): BatchNorm1d(64, eps=1e-05, momentum=0.1, affine=True, track_running_stats=True)
          (5): ReLU()
        )
        (2): Sequential(
          (0): Conv1d(128, 64, kernel_size=(15,), stride=(1,), padding=(7,))
          (1): BatchNorm1d(64, eps=1e-05, momentum=0.1, affine=True, track_running_stats=True)
          (2): ReLU()
          (3): Conv1d(64, 64, kernel_size=(15,), stride=(1,), padding=(7,))
          (4): BatchNorm1d(64, eps=1e-05, momentum=0.1, affine=True, track_running_stats=True)
          (5): ReLU()
        )
      )
    )
  )
  (fusion): MLPFusion(
    (classifier): Sequential(
      (0): Linear(in_features=448, out_features=128, bias=True)
      (1): BatchNorm1d(128, eps=1e-05, momentum=0.1, affine=True, track_running_stats=True)
      (2): ReLU()
      (3): Dropout(p=0.5, inplace=False)
      (4): Linear(in_features=128, out_features=32, bias=True)
      (5): BatchNorm1d(32, eps=1e-05, momentum=0.1, affine=True, track_running_stats=True)
      (6): ReLU()
      (7): Dropout(p=0.5, inplace=False)
      (8): Linear(in_features=32, out_features=1, bias=True)
    )
  )
)
Epoch 001 | time=2.7s | train_loss=0.6147 | val_loss=0.6344 | val_auc=0.7059
  ✓ New best model (epoch 1, val_loss=0.6344, val_auc=0.7059) saved to checkpoints/fp_chembert_vs_cnn_seed123.pt
Epoch 002 | time=2.1s | train_loss=0.5118 | val_loss=0.5966 | val_auc=0.7519
  ✓ New best model (epoch 2, val_loss=0.5966, val_auc=0.7519) saved to checkpoints/fp_chembert_vs_cnn_seed123.pt
Epoch 003 | time=2.1s | train_loss=0.4518 | val_loss=0.5778 | val_auc=0.7751
  ✓ New best model (epoch 3, val_loss=0.5778, val_auc=0.7751) saved to checkpoints/fp_chembert_vs_cnn_seed123.pt
Epoch 004 | time=2.1s | train_loss=0.4103 | val_loss=0.5774 | val_auc=0.7701
Epoch 005 | time=2.1s | train_loss=0.3792 | val_loss=0.5602 | val_auc=0.7859
  ✓ New best model (epoch 5, val_loss=0.5602, val_auc=0.7859) saved to checkpoints/fp_chembert_vs_cnn_seed123.pt
Epoch 006 | time=2.1s | train_loss=0.3534 | val_loss=0.5550 | val_auc=0.7886
  ✓ New best model (epoch 6, val_loss=0.5550, val_auc=0.7886) saved to checkpoints/fp_chembert_vs_cnn_seed123.pt
Epoch 007 | time=2.1s | train_loss=0.3311 | val_loss=0.5605 | val_auc=0.7928
  ✓ New best model (epoch 7, val_loss=0.5605, val_auc=0.7928) saved to checkpoints/fp_chembert_vs_cnn_seed123.pt
Epoch 008 | time=2.1s | train_loss=0.3098 | val_loss=0.5539 | val_auc=0.7965
  ✓ New best model (epoch 8, val_loss=0.5539, val_auc=0.7965) saved to checkpoints/fp_chembert_vs_cnn_seed123.pt
Epoch 009 | time=2.1s | train_loss=0.2915 | val_loss=0.5584 | val_auc=0.7932
Epoch 010 | time=2.1s | train_loss=0.2785 | val_loss=0.5464 | val_auc=0.8043
  ✓ New best model (epoch 10, val_loss=0.5464, val_auc=0.8043) saved to checkpoints/fp_chembert_vs_cnn_seed123.pt
Epoch 011 | time=2.1s | train_loss=0.2605 | val_loss=0.5525 | val_auc=0.8031
Epoch 012 | time=2.1s | train_loss=0.2491 | val_loss=0.5490 | val_auc=0.8057
  ✓ New best model (epoch 12, val_loss=0.5490, val_auc=0.8057) saved to checkpoints/fp_chembert_vs_cnn_seed123.pt
Epoch 013 | time=2.1s | train_loss=0.2336 | val_loss=0.5557 | val_auc=0.8007
Epoch 014 | time=2.1s | train_loss=0.2257 | val_loss=0.5585 | val_auc=0.7977
Epoch 015 | time=2.1s | train_loss=0.2116 | val_loss=0.5524 | val_auc=0.8094
  ✓ New best model (epoch 15, val_loss=0.5524, val_auc=0.8094) saved to checkpoints/fp_chembert_vs_cnn_seed123.pt
Epoch 016 | time=2.1s | train_loss=0.2085 | val_loss=0.5547 | val_auc=0.8101
  ✓ New best model (epoch 16, val_loss=0.5547, val_auc=0.8101) saved to checkpoints/fp_chembert_vs_cnn_seed123.pt
Epoch 017 | time=2.1s | train_loss=0.1947 | val_loss=0.5538 | val_auc=0.8085
Epoch 018 | time=2.1s | train_loss=0.1887 | val_loss=0.5600 | val_auc=0.8075
Epoch 019 | time=2.1s | train_loss=0.1837 | val_loss=0.5712 | val_auc=0.8056
Epoch 020 | time=2.1s | train_loss=0.1760 | val_loss=0.5614 | val_auc=0.8079
Epoch 021 | time=2.1s | train_loss=0.1749 | val_loss=0.5656 | val_auc=0.8122
  ✓ New best model (epoch 21, val_loss=0.5656, val_auc=0.8122) saved to checkpoints/fp_chembert_vs_cnn_seed123.pt
Epoch 022 | time=2.1s | train_loss=0.1683 | val_loss=0.5716 | val_auc=0.8034
Epoch 023 | time=2.1s | train_loss=0.1607 | val_loss=0.5577 | val_auc=0.8148
  ✓ New best model (epoch 23, val_loss=0.5577, val_auc=0.8148) saved to checkpoints/fp_chembert_vs_cnn_seed123.pt
Epoch 024 | time=2.1s | train_loss=0.1613 | val_loss=0.5648 | val_auc=0.8110
Epoch 025 | time=2.1s | train_loss=0.1571 | val_loss=0.5719 | val_auc=0.8078
Epoch 026 | time=2.1s | train_loss=0.1581 | val_loss=0.5714 | val_auc=0.8107
Epoch 027 | time=2.1s | train_loss=0.1545 | val_loss=0.5605 | val_auc=0.8162
  ✓ New best model (epoch 27, val_loss=0.5605, val_auc=0.8162) saved to checkpoints/fp_chembert_vs_cnn_seed123.pt
Epoch 028 | time=2.1s | train_loss=0.1513 | val_loss=0.5677 | val_auc=0.8144
Epoch 029 | time=2.1s | train_loss=0.1493 | val_loss=0.5627 | val_auc=0.8136
Epoch 030 | time=2.1s | train_loss=0.1465 | val_loss=0.5675 | val_auc=0.8116
Epoch 031 | time=2.1s | train_loss=0.1452 | val_loss=0.5641 | val_auc=0.8140
Epoch 032 | time=2.1s | train_loss=0.1448 | val_loss=0.5682 | val_auc=0.8115
Epoch 033 | time=2.1s | train_loss=0.1428 | val_loss=0.5671 | val_auc=0.8139
Epoch 034 | time=2.1s | train_loss=0.1437 | val_loss=0.5702 | val_auc=0.8122
Epoch 035 | time=2.1s | train_loss=0.1414 | val_loss=0.5698 | val_auc=0.8111
Epoch 036 | time=2.1s | train_loss=0.1392 | val_loss=0.5694 | val_auc=0.8108
Epoch 037 | time=2.1s | train_loss=0.1399 | val_loss=0.5690 | val_auc=0.8146
Early stopping — no improvement for 10 epochs

Best model: epoch 27, val_loss=0.5690, val_auc=0.8162

═══ Test Results ═══
           auc: 0.7165
         auprc: 0.6512
            f1: 0.6458
     precision: 0.6156
        recall: 0.6791
          loss: 0.7692
