Uninstalled 1 package in 8ms
Installed 1 package in 11ms
/net/storage/pr3/plgrid/plggmlcil/plgkstankie/vvv/Multimodal-models-for-predicting-drug-target-interactions/.venv/lib/python3.11/site-packages/outdated/__init__.py:36: UserWarning: pkg_resources is deprecated as an API. See https://setuptools.pypa.io/en/latest/pkg_resources.html. The pkg_resources package is slated for removal as early as 2025-11-30. Refrain from using this package or pin to Setuptools<81.
  from pkg_resources import parse_version
Setting global random seed to 2026
Using device: cuda
Loading clean data from: /net/storage/pr3/plgrid/plggmlcil/plgkstankie/vvv/Multimodal-models-for-predicting-drug-target-interactions/src/datasets/lincs_balanced.parquet
Dataset size: 27498
Train: 19558  Val: 2885  Test: 5055
ChemBERTProcessor: loaded 236379 embeddings (dim=768) from /net/storage/pr3/plgrid/plggmlcil/plgkstankie/vvv/Multimodal-models-for-predicting-drug-target-interactions/src/datasets/ChemBERTa-zinc-base-v1.pt
SMILES encoders:  ['FingerprintMLPEncoder', 'ChemBERTEncoder']
Protein encoders: ['ProteinCNNEncoder']
MultimodalDTI(
  (smiles_encoders): ModuleList(
    (0): FingerprintMLPEncoder(
      (mlp): Sequential(
        (0): Linear(in_features=1024, out_features=256, bias=True)
        (1): BatchNorm1d(256, eps=1e-05, momentum=0.1, affine=True, track_running_stats=True)
        (2): ReLU()
        (3): Dropout(p=0.5, inplace=False)
        (4): Linear(in_features=256, out_features=128, bias=True)
        (5): BatchNorm1d(128, eps=1e-05, momentum=0.1, affine=True, track_running_stats=True)
        (6): ReLU()
      )
    )
    (1): ChemBERTEncoder(
      (projection): Sequential(
        (0): Linear(in_features=768, out_features=128, bias=True)
        (1): LayerNorm((128,), eps=1e-05, elementwise_affine=True)
        (2): ReLU()
      )
    )
  )
  (protein_encoders): ModuleList(
    (0): ProteinCNNEncoder(
      (embedding): Embedding(21, 128, padding_idx=0)
      (conv_blocks): ModuleList(
        (0): Sequential(
          (0): Conv1d(128, 64, kernel_size=(3,), stride=(1,), padding=(1,))
          (1): BatchNorm1d(64, eps=1e-05, momentum=0.1, affine=True, track_running_stats=True)
          (2): ReLU()
          (3): Conv1d(64, 64, kernel_size=(3,), stride=(1,), padding=(1,))
          (4): BatchNorm1d(64, eps=1e-05, momentum=0.1, affine=True, track_running_stats=True)
          (5): ReLU()
        )
        (1): Sequential(
          (0): Conv1d(128, 64, kernel_size=(7,), stride=(1,), padding=(3,))
          (1): BatchNorm1d(64, eps=1e-05, momentum=0.1, affine=True, track_running_stats=True)
          (2): ReLU()
          (3): Conv1d(64, 64, kernel_size=(7,), stride=(1,), padding=(3,))
          (4): BatchNorm1d(64, eps=1e-05, momentum=0.1, affine=True, track_running_stats=True)
          (5): ReLU()
        )
        (2): Sequential(
          (0): Conv1d(128, 64, kernel_size=(15,), stride=(1,), padding=(7,))
          (1): BatchNorm1d(64, eps=1e-05, momentum=0.1, affine=True, track_running_stats=True)
          (2): ReLU()
          (3): Conv1d(64, 64, kernel_size=(15,), stride=(1,), padding=(7,))
          (4): BatchNorm1d(64, eps=1e-05, momentum=0.1, affine=True, track_running_stats=True)
          (5): ReLU()
        )
      )
    )
  )
  (fusion): MLPFusion(
    (classifier): Sequential(
      (0): Linear(in_features=448, out_features=128, bias=True)
      (1): BatchNorm1d(128, eps=1e-05, momentum=0.1, affine=True, track_running_stats=True)
      (2): ReLU()
      (3): Dropout(p=0.5, inplace=False)
      (4): Linear(in_features=128, out_features=32, bias=True)
      (5): BatchNorm1d(32, eps=1e-05, momentum=0.1, affine=True, track_running_stats=True)
      (6): ReLU()
      (7): Dropout(p=0.5, inplace=False)
      (8): Linear(in_features=32, out_features=1, bias=True)
    )
  )
)
Epoch 001 | time=2.8s | train_loss=0.6120 | val_loss=0.6460 | val_auc=0.6867
  ✓ New best model (epoch 1, val_loss=0.6460, val_auc=0.6867) saved to checkpoints/fp_chembert_vs_cnn_seed2026.pt
Epoch 002 | time=2.1s | train_loss=0.5089 | val_loss=0.5960 | val_auc=0.7530
  ✓ New best model (epoch 2, val_loss=0.5960, val_auc=0.7530) saved to checkpoints/fp_chembert_vs_cnn_seed2026.pt
Epoch 003 | time=2.1s | train_loss=0.4522 | val_loss=0.5867 | val_auc=0.7642
  ✓ New best model (epoch 3, val_loss=0.5867, val_auc=0.7642) saved to checkpoints/fp_chembert_vs_cnn_seed2026.pt
Epoch 004 | time=2.1s | train_loss=0.4119 | val_loss=0.5680 | val_auc=0.7807
  ✓ New best model (epoch 4, val_loss=0.5680, val_auc=0.7807) saved to checkpoints/fp_chembert_vs_cnn_seed2026.pt
Epoch 005 | time=2.1s | train_loss=0.3794 | val_loss=0.5645 | val_auc=0.7896
  ✓ New best model (epoch 5, val_loss=0.5645, val_auc=0.7896) saved to checkpoints/fp_chembert_vs_cnn_seed2026.pt
Epoch 006 | time=2.1s | train_loss=0.3513 | val_loss=0.5535 | val_auc=0.7957
  ✓ New best model (epoch 6, val_loss=0.5535, val_auc=0.7957) saved to checkpoints/fp_chembert_vs_cnn_seed2026.pt
Epoch 007 | time=2.1s | train_loss=0.3278 | val_loss=0.5514 | val_auc=0.7982
  ✓ New best model (epoch 7, val_loss=0.5514, val_auc=0.7982) saved to checkpoints/fp_chembert_vs_cnn_seed2026.pt
Epoch 008 | time=2.1s | train_loss=0.3116 | val_loss=0.5504 | val_auc=0.7998
  ✓ New best model (epoch 8, val_loss=0.5504, val_auc=0.7998) saved to checkpoints/fp_chembert_vs_cnn_seed2026.pt
Epoch 009 | time=2.1s | train_loss=0.2938 | val_loss=0.5431 | val_auc=0.8039
  ✓ New best model (epoch 9, val_loss=0.5431, val_auc=0.8039) saved to checkpoints/fp_chembert_vs_cnn_seed2026.pt
Epoch 010 | time=2.1s | train_loss=0.2781 | val_loss=0.5416 | val_auc=0.8065
  ✓ New best model (epoch 10, val_loss=0.5416, val_auc=0.8065) saved to checkpoints/fp_chembert_vs_cnn_seed2026.pt
Epoch 011 | time=2.1s | train_loss=0.2642 | val_loss=0.5412 | val_auc=0.8083
  ✓ New best model (epoch 11, val_loss=0.5412, val_auc=0.8083) saved to checkpoints/fp_chembert_vs_cnn_seed2026.pt
Epoch 012 | time=2.1s | train_loss=0.2523 | val_loss=0.5373 | val_auc=0.8129
  ✓ New best model (epoch 12, val_loss=0.5373, val_auc=0.8129) saved to checkpoints/fp_chembert_vs_cnn_seed2026.pt
Epoch 013 | time=2.1s | train_loss=0.2379 | val_loss=0.5382 | val_auc=0.8092
Epoch 014 | time=2.1s | train_loss=0.2270 | val_loss=0.5299 | val_auc=0.8168
  ✓ New best model (epoch 14, val_loss=0.5299, val_auc=0.8168) saved to checkpoints/fp_chembert_vs_cnn_seed2026.pt
Epoch 015 | time=2.1s | train_loss=0.2209 | val_loss=0.5141 | val_auc=0.8274
  ✓ New best model (epoch 15, val_loss=0.5141, val_auc=0.8274) saved to checkpoints/fp_chembert_vs_cnn_seed2026.pt
Epoch 016 | time=2.1s | train_loss=0.2106 | val_loss=0.5325 | val_auc=0.8162
Epoch 017 | time=2.1s | train_loss=0.2028 | val_loss=0.5294 | val_auc=0.8208
Epoch 018 | time=2.1s | train_loss=0.1936 | val_loss=0.5229 | val_auc=0.8258
Epoch 019 | time=2.1s | train_loss=0.1871 | val_loss=0.5296 | val_auc=0.8225
Epoch 020 | time=2.1s | train_loss=0.1828 | val_loss=0.5288 | val_auc=0.8263
Epoch 021 | time=2.1s | train_loss=0.1750 | val_loss=0.5354 | val_auc=0.8243
Epoch 022 | time=2.1s | train_loss=0.1610 | val_loss=0.5251 | val_auc=0.8296
  ✓ New best model (epoch 22, val_loss=0.5251, val_auc=0.8296) saved to checkpoints/fp_chembert_vs_cnn_seed2026.pt
Epoch 023 | time=2.1s | train_loss=0.1573 | val_loss=0.5339 | val_auc=0.8284
Epoch 024 | time=2.1s | train_loss=0.1528 | val_loss=0.5430 | val_auc=0.8256
Epoch 025 | time=2.1s | train_loss=0.1472 | val_loss=0.5424 | val_auc=0.8271
Epoch 026 | time=2.1s | train_loss=0.1453 | val_loss=0.5501 | val_auc=0.8251
Epoch 027 | time=2.1s | train_loss=0.1403 | val_loss=0.5485 | val_auc=0.8253
Epoch 028 | time=2.1s | train_loss=0.1345 | val_loss=0.5394 | val_auc=0.8307
  ✓ New best model (epoch 28, val_loss=0.5394, val_auc=0.8307) saved to checkpoints/fp_chembert_vs_cnn_seed2026.pt
Epoch 029 | time=2.1s | train_loss=0.1361 | val_loss=0.5400 | val_auc=0.8309
  ✓ New best model (epoch 29, val_loss=0.5400, val_auc=0.8309) saved to checkpoints/fp_chembert_vs_cnn_seed2026.pt
Epoch 030 | time=2.1s | train_loss=0.1307 | val_loss=0.5434 | val_auc=0.8309
  ✓ New best model (epoch 30, val_loss=0.5434, val_auc=0.8309) saved to checkpoints/fp_chembert_vs_cnn_seed2026.pt
Epoch 031 | time=2.1s | train_loss=0.1303 | val_loss=0.5449 | val_auc=0.8318
  ✓ New best model (epoch 31, val_loss=0.5449, val_auc=0.8318) saved to checkpoints/fp_chembert_vs_cnn_seed2026.pt
Epoch 032 | time=2.1s | train_loss=0.1281 | val_loss=0.5498 | val_auc=0.8282
Epoch 033 | time=2.1s | train_loss=0.1247 | val_loss=0.5437 | val_auc=0.8315
Epoch 034 | time=2.1s | train_loss=0.1231 | val_loss=0.5477 | val_auc=0.8316
Epoch 035 | time=2.1s | train_loss=0.1220 | val_loss=0.5464 | val_auc=0.8324
  ✓ New best model (epoch 35, val_loss=0.5464, val_auc=0.8324) saved to checkpoints/fp_chembert_vs_cnn_seed2026.pt
Epoch 036 | time=2.1s | train_loss=0.1230 | val_loss=0.5516 | val_auc=0.8303
Epoch 037 | time=2.1s | train_loss=0.1218 | val_loss=0.5541 | val_auc=0.8296
Epoch 038 | time=2.1s | train_loss=0.1200 | val_loss=0.5535 | val_auc=0.8311
Epoch 039 | time=2.1s | train_loss=0.1237 | val_loss=0.5530 | val_auc=0.8324
  ✓ New best model (epoch 39, val_loss=0.5530, val_auc=0.8324) saved to checkpoints/fp_chembert_vs_cnn_seed2026.pt
Epoch 040 | time=2.1s | train_loss=0.1189 | val_loss=0.5464 | val_auc=0.8322
Epoch 041 | time=2.1s | train_loss=0.1163 | val_loss=0.5572 | val_auc=0.8311
Epoch 042 | time=2.1s | train_loss=0.1155 | val_loss=0.5562 | val_auc=0.8323
Epoch 043 | time=2.1s | train_loss=0.1170 | val_loss=0.5505 | val_auc=0.8329
  ✓ New best model (epoch 43, val_loss=0.5505, val_auc=0.8329) saved to checkpoints/fp_chembert_vs_cnn_seed2026.pt
Epoch 044 | time=2.1s | train_loss=0.1167 | val_loss=0.5526 | val_auc=0.8329
Epoch 045 | time=2.1s | train_loss=0.1147 | val_loss=0.5588 | val_auc=0.8319
Epoch 046 | time=2.1s | train_loss=0.1162 | val_loss=0.5532 | val_auc=0.8329
  ✓ New best model (epoch 46, val_loss=0.5532, val_auc=0.8329) saved to checkpoints/fp_chembert_vs_cnn_seed2026.pt
Epoch 047 | time=2.1s | train_loss=0.1155 | val_loss=0.5524 | val_auc=0.8329
  ✓ New best model (epoch 47, val_loss=0.5524, val_auc=0.8329) saved to checkpoints/fp_chembert_vs_cnn_seed2026.pt
Epoch 048 | time=2.1s | train_loss=0.1144 | val_loss=0.5607 | val_auc=0.8315
Epoch 049 | time=2.1s | train_loss=0.1121 | val_loss=0.5557 | val_auc=0.8331
  ✓ New best model (epoch 49, val_loss=0.5557, val_auc=0.8331) saved to checkpoints/fp_chembert_vs_cnn_seed2026.pt
Epoch 050 | time=2.1s | train_loss=0.1167 | val_loss=0.5565 | val_auc=0.8332
  ✓ New best model (epoch 50, val_loss=0.5565, val_auc=0.8332) saved to checkpoints/fp_chembert_vs_cnn_seed2026.pt
Epoch 051 | time=2.1s | train_loss=0.1124 | val_loss=0.5560 | val_auc=0.8333
  ✓ New best model (epoch 51, val_loss=0.5560, val_auc=0.8333) saved to checkpoints/fp_chembert_vs_cnn_seed2026.pt
Epoch 052 | time=2.1s | train_loss=0.1136 | val_loss=0.5599 | val_auc=0.8323
Epoch 053 | time=2.1s | train_loss=0.1129 | val_loss=0.5553 | val_auc=0.8329
Epoch 054 | time=2.1s | train_loss=0.1142 | val_loss=0.5567 | val_auc=0.8329
Epoch 055 | time=2.1s | train_loss=0.1167 | val_loss=0.5585 | val_auc=0.8321
Epoch 056 | time=2.1s | train_loss=0.1142 | val_loss=0.5549 | val_auc=0.8336
  ✓ New best model (epoch 56, val_loss=0.5549, val_auc=0.8336) saved to checkpoints/fp_chembert_vs_cnn_seed2026.pt
Epoch 057 | time=2.1s | train_loss=0.1135 | val_loss=0.5518 | val_auc=0.8336
  ✓ New best model (epoch 57, val_loss=0.5518, val_auc=0.8336) saved to checkpoints/fp_chembert_vs_cnn_seed2026.pt
Epoch 058 | time=2.1s | train_loss=0.1130 | val_loss=0.5499 | val_auc=0.8333
Epoch 059 | time=2.1s | train_loss=0.1119 | val_loss=0.5531 | val_auc=0.8331
Epoch 060 | time=2.1s | train_loss=0.1155 | val_loss=0.5521 | val_auc=0.8331
Epoch 061 | time=2.1s | train_loss=0.1136 | val_loss=0.5561 | val_auc=0.8325
Epoch 062 | time=2.1s | train_loss=0.1132 | val_loss=0.5518 | val_auc=0.8335
Epoch 063 | time=2.1s | train_loss=0.1146 | val_loss=0.5583 | val_auc=0.8325
Epoch 064 | time=2.1s | train_loss=0.1130 | val_loss=0.5569 | val_auc=0.8330
Epoch 065 | time=2.1s | train_loss=0.1152 | val_loss=0.5559 | val_auc=0.8326
Epoch 066 | time=2.1s | train_loss=0.1134 | val_loss=0.5560 | val_auc=0.8330
Epoch 067 | time=2.1s | train_loss=0.1132 | val_loss=0.5587 | val_auc=0.8325
Early stopping — no improvement for 10 epochs

Best model: epoch 57, val_loss=0.5587, val_auc=0.8336

═══ Test Results ═══
           auc: 0.7233
         auprc: 0.6578
            f1: 0.6341
     precision: 0.6178
        recall: 0.6512
          loss: 0.8236
