Uninstalled 1 package in 7ms
Installed 1 package in 11ms
/net/storage/pr3/plgrid/plggmlcil/plgkstankie/vvv/Multimodal-models-for-predicting-drug-target-interactions/.venv/lib/python3.11/site-packages/outdated/__init__.py:36: UserWarning: pkg_resources is deprecated as an API. See https://setuptools.pypa.io/en/latest/pkg_resources.html. The pkg_resources package is slated for removal as early as 2025-11-30. Refrain from using this package or pin to Setuptools<81.
  from pkg_resources import parse_version
Setting global random seed to 1024
Using device: cuda
Loading clean data from: /net/storage/pr3/plgrid/plggmlcil/plgkstankie/vvv/Multimodal-models-for-predicting-drug-target-interactions/src/datasets/lincs_balanced.parquet
Dataset size: 27498
Train: 19558  Val: 2885  Test: 5055
ChemBERTProcessor: loaded 236379 embeddings (dim=768) from /net/storage/pr3/plgrid/plggmlcil/plgkstankie/vvv/Multimodal-models-for-predicting-drug-target-interactions/src/datasets/ChemBERTa-zinc-base-v1.pt
SMILES encoders:  ['FingerprintMLPEncoder', 'ChemBERTEncoder']
Protein encoders: ['ProteinCNNEncoder']
MultimodalDTI(
  (smiles_encoders): ModuleList(
    (0): FingerprintMLPEncoder(
      (mlp): Sequential(
        (0): Linear(in_features=1024, out_features=256, bias=True)
        (1): BatchNorm1d(256, eps=1e-05, momentum=0.1, affine=True, track_running_stats=True)
        (2): ReLU()
        (3): Dropout(p=0.5, inplace=False)
        (4): Linear(in_features=256, out_features=128, bias=True)
        (5): BatchNorm1d(128, eps=1e-05, momentum=0.1, affine=True, track_running_stats=True)
        (6): ReLU()
      )
    )
    (1): ChemBERTEncoder(
      (projection): Sequential(
        (0): Linear(in_features=768, out_features=128, bias=True)
        (1): LayerNorm((128,), eps=1e-05, elementwise_affine=True)
        (2): ReLU()
      )
    )
  )
  (protein_encoders): ModuleList(
    (0): ProteinCNNEncoder(
      (embedding): Embedding(21, 128, padding_idx=0)
      (conv_blocks): ModuleList(
        (0): Sequential(
          (0): Conv1d(128, 64, kernel_size=(3,), stride=(1,), padding=(1,))
          (1): BatchNorm1d(64, eps=1e-05, momentum=0.1, affine=True, track_running_stats=True)
          (2): ReLU()
          (3): Conv1d(64, 64, kernel_size=(3,), stride=(1,), padding=(1,))
          (4): BatchNorm1d(64, eps=1e-05, momentum=0.1, affine=True, track_running_stats=True)
          (5): ReLU()
        )
        (1): Sequential(
          (0): Conv1d(128, 64, kernel_size=(7,), stride=(1,), padding=(3,))
          (1): BatchNorm1d(64, eps=1e-05, momentum=0.1, affine=True, track_running_stats=True)
          (2): ReLU()
          (3): Conv1d(64, 64, kernel_size=(7,), stride=(1,), padding=(3,))
          (4): BatchNorm1d(64, eps=1e-05, momentum=0.1, affine=True, track_running_stats=True)
          (5): ReLU()
        )
        (2): Sequential(
          (0): Conv1d(128, 64, kernel_size=(15,), stride=(1,), padding=(7,))
          (1): BatchNorm1d(64, eps=1e-05, momentum=0.1, affine=True, track_running_stats=True)
          (2): ReLU()
          (3): Conv1d(64, 64, kernel_size=(15,), stride=(1,), padding=(7,))
          (4): BatchNorm1d(64, eps=1e-05, momentum=0.1, affine=True, track_running_stats=True)
          (5): ReLU()
        )
      )
    )
  )
  (fusion): MLPFusion(
    (classifier): Sequential(
      (0): Linear(in_features=448, out_features=128, bias=True)
      (1): BatchNorm1d(128, eps=1e-05, momentum=0.1, affine=True, track_running_stats=True)
      (2): ReLU()
      (3): Dropout(p=0.5, inplace=False)
      (4): Linear(in_features=128, out_features=32, bias=True)
      (5): BatchNorm1d(32, eps=1e-05, momentum=0.1, affine=True, track_running_stats=True)
      (6): ReLU()
      (7): Dropout(p=0.5, inplace=False)
      (8): Linear(in_features=32, out_features=1, bias=True)
    )
  )
)
Epoch 001 | time=2.8s | train_loss=0.6048 | val_loss=0.6324 | val_auc=0.7029
  ✓ New best model (epoch 1, val_loss=0.6324, val_auc=0.7029) saved to checkpoints/fp_chembert_vs_cnn_seed1024.pt
Epoch 002 | time=2.1s | train_loss=0.4966 | val_loss=0.6096 | val_auc=0.7366
  ✓ New best model (epoch 2, val_loss=0.6096, val_auc=0.7366) saved to checkpoints/fp_chembert_vs_cnn_seed1024.pt
Epoch 003 | time=2.1s | train_loss=0.4433 | val_loss=0.5851 | val_auc=0.7608
  ✓ New best model (epoch 3, val_loss=0.5851, val_auc=0.7608) saved to checkpoints/fp_chembert_vs_cnn_seed1024.pt
Epoch 004 | time=2.1s | train_loss=0.4009 | val_loss=0.5815 | val_auc=0.7750
  ✓ New best model (epoch 4, val_loss=0.5815, val_auc=0.7750) saved to checkpoints/fp_chembert_vs_cnn_seed1024.pt
Epoch 005 | time=2.1s | train_loss=0.3697 | val_loss=0.5763 | val_auc=0.7754
  ✓ New best model (epoch 5, val_loss=0.5763, val_auc=0.7754) saved to checkpoints/fp_chembert_vs_cnn_seed1024.pt
Epoch 006 | time=2.1s | train_loss=0.3400 | val_loss=0.5743 | val_auc=0.7798
  ✓ New best model (epoch 6, val_loss=0.5743, val_auc=0.7798) saved to checkpoints/fp_chembert_vs_cnn_seed1024.pt
Epoch 007 | time=2.1s | train_loss=0.3205 | val_loss=0.5662 | val_auc=0.7863
  ✓ New best model (epoch 7, val_loss=0.5662, val_auc=0.7863) saved to checkpoints/fp_chembert_vs_cnn_seed1024.pt
Epoch 008 | time=2.1s | train_loss=0.3025 | val_loss=0.5583 | val_auc=0.7947
  ✓ New best model (epoch 8, val_loss=0.5583, val_auc=0.7947) saved to checkpoints/fp_chembert_vs_cnn_seed1024.pt
Epoch 009 | time=2.1s | train_loss=0.2820 | val_loss=0.5687 | val_auc=0.7903
Epoch 010 | time=2.1s | train_loss=0.2695 | val_loss=0.5616 | val_auc=0.7976
  ✓ New best model (epoch 10, val_loss=0.5616, val_auc=0.7976) saved to checkpoints/fp_chembert_vs_cnn_seed1024.pt
Epoch 011 | time=2.1s | train_loss=0.2545 | val_loss=0.5509 | val_auc=0.8039
  ✓ New best model (epoch 11, val_loss=0.5509, val_auc=0.8039) saved to checkpoints/fp_chembert_vs_cnn_seed1024.pt
Epoch 012 | time=2.1s | train_loss=0.2408 | val_loss=0.5606 | val_auc=0.8005
Epoch 013 | time=2.1s | train_loss=0.2299 | val_loss=0.5555 | val_auc=0.8120
  ✓ New best model (epoch 13, val_loss=0.5555, val_auc=0.8120) saved to checkpoints/fp_chembert_vs_cnn_seed1024.pt
Epoch 014 | time=2.1s | train_loss=0.2197 | val_loss=0.5554 | val_auc=0.8078
Epoch 015 | time=2.1s | train_loss=0.2089 | val_loss=0.5553 | val_auc=0.8144
  ✓ New best model (epoch 15, val_loss=0.5553, val_auc=0.8144) saved to checkpoints/fp_chembert_vs_cnn_seed1024.pt
Epoch 016 | time=2.1s | train_loss=0.2022 | val_loss=0.5557 | val_auc=0.8172
  ✓ New best model (epoch 16, val_loss=0.5557, val_auc=0.8172) saved to checkpoints/fp_chembert_vs_cnn_seed1024.pt
Epoch 017 | time=2.1s | train_loss=0.1958 | val_loss=0.5571 | val_auc=0.8187
  ✓ New best model (epoch 17, val_loss=0.5571, val_auc=0.8187) saved to checkpoints/fp_chembert_vs_cnn_seed1024.pt
Epoch 018 | time=2.1s | train_loss=0.1810 | val_loss=0.5626 | val_auc=0.8147
Epoch 019 | time=2.1s | train_loss=0.1745 | val_loss=0.5645 | val_auc=0.8137
Epoch 020 | time=2.1s | train_loss=0.1718 | val_loss=0.5645 | val_auc=0.8203
  ✓ New best model (epoch 20, val_loss=0.5645, val_auc=0.8203) saved to checkpoints/fp_chembert_vs_cnn_seed1024.pt
Epoch 021 | time=2.1s | train_loss=0.1665 | val_loss=0.5665 | val_auc=0.8167
Epoch 022 | time=2.1s | train_loss=0.1605 | val_loss=0.5681 | val_auc=0.8189
Epoch 023 | time=2.1s | train_loss=0.1568 | val_loss=0.5676 | val_auc=0.8203
  ✓ New best model (epoch 23, val_loss=0.5676, val_auc=0.8203) saved to checkpoints/fp_chembert_vs_cnn_seed1024.pt
Epoch 024 | time=2.1s | train_loss=0.1513 | val_loss=0.5711 | val_auc=0.8187
Epoch 025 | time=2.1s | train_loss=0.1461 | val_loss=0.5705 | val_auc=0.8196
Epoch 026 | time=2.1s | train_loss=0.1449 | val_loss=0.5683 | val_auc=0.8202
Epoch 027 | time=2.1s | train_loss=0.1456 | val_loss=0.5757 | val_auc=0.8184
Epoch 028 | time=2.1s | train_loss=0.1418 | val_loss=0.5744 | val_auc=0.8212
  ✓ New best model (epoch 28, val_loss=0.5744, val_auc=0.8212) saved to checkpoints/fp_chembert_vs_cnn_seed1024.pt
Epoch 029 | time=2.1s | train_loss=0.1392 | val_loss=0.5760 | val_auc=0.8174
Epoch 030 | time=2.1s | train_loss=0.1368 | val_loss=0.5760 | val_auc=0.8191
Epoch 031 | time=2.1s | train_loss=0.1349 | val_loss=0.5749 | val_auc=0.8215
  ✓ New best model (epoch 31, val_loss=0.5749, val_auc=0.8215) saved to checkpoints/fp_chembert_vs_cnn_seed1024.pt
Epoch 032 | time=2.1s | train_loss=0.1355 | val_loss=0.5842 | val_auc=0.8184
Epoch 033 | time=2.1s | train_loss=0.1325 | val_loss=0.5784 | val_auc=0.8199
Epoch 034 | time=2.1s | train_loss=0.1339 | val_loss=0.5839 | val_auc=0.8187
Epoch 035 | time=2.1s | train_loss=0.1324 | val_loss=0.5865 | val_auc=0.8179
Epoch 036 | time=2.1s | train_loss=0.1336 | val_loss=0.5841 | val_auc=0.8195
Epoch 037 | time=2.1s | train_loss=0.1307 | val_loss=0.5815 | val_auc=0.8201
Epoch 038 | time=2.1s | train_loss=0.1282 | val_loss=0.5836 | val_auc=0.8206
Epoch 039 | time=2.1s | train_loss=0.1288 | val_loss=0.5874 | val_auc=0.8189
Epoch 040 | time=2.1s | train_loss=0.1302 | val_loss=0.5836 | val_auc=0.8200
Epoch 041 | time=2.1s | train_loss=0.1300 | val_loss=0.5886 | val_auc=0.8188
Early stopping — no improvement for 10 epochs

Best model: epoch 31, val_loss=0.5886, val_auc=0.8215

═══ Test Results ═══
           auc: 0.7286
         auprc: 0.6611
            f1: 0.6439
     precision: 0.6292
        recall: 0.6593
          loss: 0.7775
