Uninstalled 1 package in 20ms
Installed 1 package in 46ms
/net/storage/pr3/plgrid/plggmlcil/plgkstankie/vvv/Multimodal-models-for-predicting-drug-target-interactions/.venv/lib/python3.11/site-packages/outdated/__init__.py:36: UserWarning: pkg_resources is deprecated as an API. See https://setuptools.pypa.io/en/latest/pkg_resources.html. The pkg_resources package is slated for removal as early as 2025-11-30. Refrain from using this package or pin to Setuptools<81.
  from pkg_resources import parse_version
Setting global random seed to 1024
Using device: cuda
Loading clean data from: /net/storage/pr3/plgrid/plggmlcil/plgkstankie/vvv/Multimodal-models-for-predicting-drug-target-interactions/src/datasets/lincs_balanced.parquet
Dataset size: 27498
Train: 19558  Val: 2885  Test: 5055
ChemBERTProcessor: loaded 236379 embeddings (dim=768) from /net/storage/pr3/plgrid/plggmlcil/plgkstankie/vvv/Multimodal-models-for-predicting-drug-target-interactions/src/datasets/ChemBERTa-zinc-base-v1.pt
SMILES encoders:  ['FingerprintMLPEncoder', 'ChemBERTEncoder', 'LincsGraphEncoder']
Protein encoders: ['ProteinCNNEncoder']
MultimodalDTI(
  (smiles_encoders): ModuleList(
    (0): FingerprintMLPEncoder(
      (mlp): Sequential(
        (0): Linear(in_features=1024, out_features=256, bias=True)
        (1): BatchNorm1d(256, eps=1e-05, momentum=0.1, affine=True, track_running_stats=True)
        (2): ReLU()
        (3): Dropout(p=0.5, inplace=False)
        (4): Linear(in_features=256, out_features=128, bias=True)
        (5): BatchNorm1d(128, eps=1e-05, momentum=0.1, affine=True, track_running_stats=True)
        (6): ReLU()
      )
    )
    (1): ChemBERTEncoder(
      (projection): Sequential(
        (0): Linear(in_features=768, out_features=128, bias=True)
        (1): LayerNorm((128,), eps=1e-05, elementwise_affine=True)
        (2): ReLU()
      )
    )
    (2): LincsGraphEncoder(
      (proj): Linear(in_features=1, out_features=128, bias=True)
      (convs): ModuleList(
        (0-1): 2 x DenseGCNConv(
          (linear): Linear(in_features=128, out_features=128, bias=False)
        )
      )
      (bns): ModuleList(
        (0-1): 2 x BatchNorm1d(128, eps=1e-05, momentum=0.1, affine=True, track_running_stats=True)
      )
      (pool_proj): Linear(in_features=128, out_features=128, bias=True)
    )
  )
  (protein_encoders): ModuleList(
    (0): ProteinCNNEncoder(
      (embedding): Embedding(21, 128, padding_idx=0)
      (conv_blocks): ModuleList(
        (0): Sequential(
          (0): Conv1d(128, 64, kernel_size=(3,), stride=(1,), padding=(1,))
          (1): BatchNorm1d(64, eps=1e-05, momentum=0.1, affine=True, track_running_stats=True)
          (2): ReLU()
          (3): Conv1d(64, 64, kernel_size=(3,), stride=(1,), padding=(1,))
          (4): BatchNorm1d(64, eps=1e-05, momentum=0.1, affine=True, track_running_stats=True)
          (5): ReLU()
        )
        (1): Sequential(
          (0): Conv1d(128, 64, kernel_size=(7,), stride=(1,), padding=(3,))
          (1): BatchNorm1d(64, eps=1e-05, momentum=0.1, affine=True, track_running_stats=True)
          (2): ReLU()
          (3): Conv1d(64, 64, kernel_size=(7,), stride=(1,), padding=(3,))
          (4): BatchNorm1d(64, eps=1e-05, momentum=0.1, affine=True, track_running_stats=True)
          (5): ReLU()
        )
        (2): Sequential(
          (0): Conv1d(128, 64, kernel_size=(15,), stride=(1,), padding=(7,))
          (1): BatchNorm1d(64, eps=1e-05, momentum=0.1, affine=True, track_running_stats=True)
          (2): ReLU()
          (3): Conv1d(64, 64, kernel_size=(15,), stride=(1,), padding=(7,))
          (4): BatchNorm1d(64, eps=1e-05, momentum=0.1, affine=True, track_running_stats=True)
          (5): ReLU()
        )
      )
    )
  )
  (fusion): MLPFusion(
    (classifier): Sequential(
      (0): Linear(in_features=576, out_features=128, bias=True)
      (1): BatchNorm1d(128, eps=1e-05, momentum=0.1, affine=True, track_running_stats=True)
      (2): ReLU()
      (3): Dropout(p=0.5, inplace=False)
      (4): Linear(in_features=128, out_features=32, bias=True)
      (5): BatchNorm1d(32, eps=1e-05, momentum=0.1, affine=True, track_running_stats=True)
      (6): ReLU()
      (7): Dropout(p=0.5, inplace=False)
      (8): Linear(in_features=32, out_features=1, bias=True)
    )
  )
)
Epoch 001 | time=7.7s | train_loss=0.6026 | val_loss=0.6414 | val_auc=0.6936
  ✓ New best model (epoch 1, val_loss=0.6414, val_auc=0.6936) saved to checkpoints/fp_chembert_lincs_graph_vs_cnn_seed1024.pt
Epoch 002 | time=2.9s | train_loss=0.4925 | val_loss=0.6027 | val_auc=0.7419
  ✓ New best model (epoch 2, val_loss=0.6027, val_auc=0.7419) saved to checkpoints/fp_chembert_lincs_graph_vs_cnn_seed1024.pt
Epoch 003 | time=3.0s | train_loss=0.4389 | val_loss=0.5803 | val_auc=0.7764
  ✓ New best model (epoch 3, val_loss=0.5803, val_auc=0.7764) saved to checkpoints/fp_chembert_lincs_graph_vs_cnn_seed1024.pt
Epoch 004 | time=2.9s | train_loss=0.3991 | val_loss=0.5813 | val_auc=0.7688
Epoch 005 | time=2.9s | train_loss=0.3656 | val_loss=0.5808 | val_auc=0.7735
Epoch 006 | time=2.9s | train_loss=0.3430 | val_loss=0.5703 | val_auc=0.7833
  ✓ New best model (epoch 6, val_loss=0.5703, val_auc=0.7833) saved to checkpoints/fp_chembert_lincs_graph_vs_cnn_seed1024.pt
Epoch 007 | time=2.9s | train_loss=0.3190 | val_loss=0.5663 | val_auc=0.7903
  ✓ New best model (epoch 7, val_loss=0.5663, val_auc=0.7903) saved to checkpoints/fp_chembert_lincs_graph_vs_cnn_seed1024.pt
Epoch 008 | time=2.9s | train_loss=0.3002 | val_loss=0.5662 | val_auc=0.7901
Epoch 009 | time=2.9s | train_loss=0.2793 | val_loss=0.5512 | val_auc=0.8034
  ✓ New best model (epoch 9, val_loss=0.5512, val_auc=0.8034) saved to checkpoints/fp_chembert_lincs_graph_vs_cnn_seed1024.pt
Epoch 010 | time=2.9s | train_loss=0.2666 | val_loss=0.5607 | val_auc=0.7965
Epoch 011 | time=2.9s | train_loss=0.2538 | val_loss=0.5661 | val_auc=0.7996
Epoch 012 | time=2.9s | train_loss=0.2405 | val_loss=0.5576 | val_auc=0.8031
Epoch 013 | time=2.9s | train_loss=0.2278 | val_loss=0.5638 | val_auc=0.8053
  ✓ New best model (epoch 13, val_loss=0.5638, val_auc=0.8053) saved to checkpoints/fp_chembert_lincs_graph_vs_cnn_seed1024.pt
Epoch 014 | time=2.9s | train_loss=0.2200 | val_loss=0.5716 | val_auc=0.7994
Epoch 015 | time=2.9s | train_loss=0.2066 | val_loss=0.5877 | val_auc=0.7901
Epoch 016 | time=3.2s | train_loss=0.1959 | val_loss=0.5634 | val_auc=0.8059
  ✓ New best model (epoch 16, val_loss=0.5634, val_auc=0.8059) saved to checkpoints/fp_chembert_lincs_graph_vs_cnn_seed1024.pt
Epoch 017 | time=2.9s | train_loss=0.1906 | val_loss=0.5651 | val_auc=0.8109
  ✓ New best model (epoch 17, val_loss=0.5651, val_auc=0.8109) saved to checkpoints/fp_chembert_lincs_graph_vs_cnn_seed1024.pt
Epoch 018 | time=2.9s | train_loss=0.1818 | val_loss=0.5719 | val_auc=0.8082
Epoch 019 | time=2.9s | train_loss=0.1784 | val_loss=0.5691 | val_auc=0.8089
Epoch 020 | time=2.9s | train_loss=0.1763 | val_loss=0.5711 | val_auc=0.8099
Epoch 021 | time=3.0s | train_loss=0.1669 | val_loss=0.5772 | val_auc=0.8088
Epoch 022 | time=2.9s | train_loss=0.1637 | val_loss=0.5803 | val_auc=0.8071
Epoch 023 | time=3.0s | train_loss=0.1577 | val_loss=0.5798 | val_auc=0.8100
Epoch 024 | time=2.9s | train_loss=0.1547 | val_loss=0.5731 | val_auc=0.8111
  ✓ New best model (epoch 24, val_loss=0.5731, val_auc=0.8111) saved to checkpoints/fp_chembert_lincs_graph_vs_cnn_seed1024.pt
Epoch 025 | time=2.9s | train_loss=0.1552 | val_loss=0.5822 | val_auc=0.8103
Epoch 026 | time=2.9s | train_loss=0.1529 | val_loss=0.5776 | val_auc=0.8122
  ✓ New best model (epoch 26, val_loss=0.5776, val_auc=0.8122) saved to checkpoints/fp_chembert_lincs_graph_vs_cnn_seed1024.pt
Epoch 027 | time=2.9s | train_loss=0.1510 | val_loss=0.5835 | val_auc=0.8104
Epoch 028 | time=2.9s | train_loss=0.1500 | val_loss=0.5784 | val_auc=0.8137
  ✓ New best model (epoch 28, val_loss=0.5784, val_auc=0.8137) saved to checkpoints/fp_chembert_lincs_graph_vs_cnn_seed1024.pt
Epoch 029 | time=2.9s | train_loss=0.1465 | val_loss=0.5763 | val_auc=0.8131
Epoch 030 | time=8.3s | train_loss=0.1440 | val_loss=0.5814 | val_auc=0.8149
  ✓ New best model (epoch 30, val_loss=0.5814, val_auc=0.8149) saved to checkpoints/fp_chembert_lincs_graph_vs_cnn_seed1024.pt
Epoch 031 | time=3.0s | train_loss=0.1425 | val_loss=0.5798 | val_auc=0.8130
Epoch 032 | time=2.9s | train_loss=0.1427 | val_loss=0.5819 | val_auc=0.8136
Epoch 033 | time=2.9s | train_loss=0.1413 | val_loss=0.5812 | val_auc=0.8126
Epoch 034 | time=2.9s | train_loss=0.1409 | val_loss=0.5847 | val_auc=0.8111
Epoch 035 | time=2.9s | train_loss=0.1378 | val_loss=0.5820 | val_auc=0.8121
Epoch 036 | time=2.9s | train_loss=0.1393 | val_loss=0.5850 | val_auc=0.8116
Epoch 037 | time=2.9s | train_loss=0.1380 | val_loss=0.5782 | val_auc=0.8130
Epoch 038 | time=2.9s | train_loss=0.1376 | val_loss=0.5802 | val_auc=0.8146
Epoch 039 | time=2.9s | train_loss=0.1365 | val_loss=0.5858 | val_auc=0.8146
Epoch 040 | time=2.9s | train_loss=0.1353 | val_loss=0.5834 | val_auc=0.8139
Early stopping — no improvement for 10 epochs

Best model: epoch 30, val_loss=0.5834, val_auc=0.8149

═══ Test Results ═══
           auc: 0.7484
         auprc: 0.6633
            f1: 0.6699
     precision: 0.6610
        recall: 0.6791
          loss: 0.7385
