Uninstalled 1 package in 31ms
Installed 1 package in 36ms
/net/storage/pr3/plgrid/plggmlcil/plgkstankie/vvv/Multimodal-models-for-predicting-drug-target-interactions/.venv/lib/python3.11/site-packages/outdated/__init__.py:36: UserWarning: pkg_resources is deprecated as an API. See https://setuptools.pypa.io/en/latest/pkg_resources.html. The pkg_resources package is slated for removal as early as 2025-11-30. Refrain from using this package or pin to Setuptools<81.
  from pkg_resources import parse_version
Setting global random seed to 123
Using device: cuda
Loading clean data from: /net/storage/pr3/plgrid/plggmlcil/plgkstankie/vvv/Multimodal-models-for-predicting-drug-target-interactions/src/datasets/lincs_balanced.parquet
Dataset size: 27498
Train: 19558  Val: 2885  Test: 5055
ChemBERTProcessor: loaded 236379 embeddings (dim=768) from /net/storage/pr3/plgrid/plggmlcil/plgkstankie/vvv/Multimodal-models-for-predicting-drug-target-interactions/src/datasets/ChemBERTa-zinc-base-v1.pt
SMILES encoders:  ['FingerprintMLPEncoder', 'ChemBERTEncoder', 'LincsEncoder']
Protein encoders: ['ProteinCNNEncoder']
MultimodalDTI(
  (smiles_encoders): ModuleList(
    (0): FingerprintMLPEncoder(
      (mlp): Sequential(
        (0): Linear(in_features=1024, out_features=256, bias=True)
        (1): BatchNorm1d(256, eps=1e-05, momentum=0.1, affine=True, track_running_stats=True)
        (2): ReLU()
        (3): Dropout(p=0.5, inplace=False)
        (4): Linear(in_features=256, out_features=128, bias=True)
        (5): BatchNorm1d(128, eps=1e-05, momentum=0.1, affine=True, track_running_stats=True)
        (6): ReLU()
      )
    )
    (1): ChemBERTEncoder(
      (projection): Sequential(
        (0): Linear(in_features=768, out_features=128, bias=True)
        (1): LayerNorm((128,), eps=1e-05, elementwise_affine=True)
        (2): ReLU()
      )
    )
    (2): LincsEncoder(
      (mlp): Sequential(
        (0): Linear(in_features=978, out_features=128, bias=True)
        (1): BatchNorm1d(128, eps=1e-05, momentum=0.1, affine=True, track_running_stats=True)
        (2): ReLU()
        (3): Dropout(p=0.5, inplace=False)
        (4): Linear(in_features=128, out_features=128, bias=True)
        (5): BatchNorm1d(128, eps=1e-05, momentum=0.1, affine=True, track_running_stats=True)
        (6): ReLU()
      )
    )
  )
  (protein_encoders): ModuleList(
    (0): ProteinCNNEncoder(
      (embedding): Embedding(21, 128, padding_idx=0)
      (conv_blocks): ModuleList(
        (0): Sequential(
          (0): Conv1d(128, 64, kernel_size=(3,), stride=(1,), padding=(1,))
          (1): BatchNorm1d(64, eps=1e-05, momentum=0.1, affine=True, track_running_stats=True)
          (2): ReLU()
          (3): Conv1d(64, 64, kernel_size=(3,), stride=(1,), padding=(1,))
          (4): BatchNorm1d(64, eps=1e-05, momentum=0.1, affine=True, track_running_stats=True)
          (5): ReLU()
        )
        (1): Sequential(
          (0): Conv1d(128, 64, kernel_size=(7,), stride=(1,), padding=(3,))
          (1): BatchNorm1d(64, eps=1e-05, momentum=0.1, affine=True, track_running_stats=True)
          (2): ReLU()
          (3): Conv1d(64, 64, kernel_size=(7,), stride=(1,), padding=(3,))
          (4): BatchNorm1d(64, eps=1e-05, momentum=0.1, affine=True, track_running_stats=True)
          (5): ReLU()
        )
        (2): Sequential(
          (0): Conv1d(128, 64, kernel_size=(15,), stride=(1,), padding=(7,))
          (1): BatchNorm1d(64, eps=1e-05, momentum=0.1, affine=True, track_running_stats=True)
          (2): ReLU()
          (3): Conv1d(64, 64, kernel_size=(15,), stride=(1,), padding=(7,))
          (4): BatchNorm1d(64, eps=1e-05, momentum=0.1, affine=True, track_running_stats=True)
          (5): ReLU()
        )
      )
    )
  )
  (fusion): MLPFusion(
    (classifier): Sequential(
      (0): Linear(in_features=576, out_features=128, bias=True)
      (1): BatchNorm1d(128, eps=1e-05, momentum=0.1, affine=True, track_running_stats=True)
      (2): ReLU()
      (3): Dropout(p=0.5, inplace=False)
      (4): Linear(in_features=128, out_features=32, bias=True)
      (5): BatchNorm1d(32, eps=1e-05, momentum=0.1, affine=True, track_running_stats=True)
      (6): ReLU()
      (7): Dropout(p=0.5, inplace=False)
      (8): Linear(in_features=32, out_features=1, bias=True)
    )
  )
)
Epoch 001 | time=6.4s | train_loss=0.6193 | val_loss=0.6319 | val_auc=0.7032
  ✓ New best model (epoch 1, val_loss=0.6319, val_auc=0.7032) saved to checkpoints/fp_chembert_lincs_vs_cnn_seed123.pt
Epoch 002 | time=2.2s | train_loss=0.5151 | val_loss=0.5974 | val_auc=0.7441
  ✓ New best model (epoch 2, val_loss=0.5974, val_auc=0.7441) saved to checkpoints/fp_chembert_lincs_vs_cnn_seed123.pt
Epoch 003 | time=2.2s | train_loss=0.4569 | val_loss=0.5752 | val_auc=0.7686
  ✓ New best model (epoch 3, val_loss=0.5752, val_auc=0.7686) saved to checkpoints/fp_chembert_lincs_vs_cnn_seed123.pt
Epoch 004 | time=2.2s | train_loss=0.4166 | val_loss=0.5631 | val_auc=0.7751
  ✓ New best model (epoch 4, val_loss=0.5631, val_auc=0.7751) saved to checkpoints/fp_chembert_lincs_vs_cnn_seed123.pt
Epoch 005 | time=2.2s | train_loss=0.3863 | val_loss=0.5587 | val_auc=0.7833
  ✓ New best model (epoch 5, val_loss=0.5587, val_auc=0.7833) saved to checkpoints/fp_chembert_lincs_vs_cnn_seed123.pt
Epoch 006 | time=2.2s | train_loss=0.3561 | val_loss=0.5524 | val_auc=0.7923
  ✓ New best model (epoch 6, val_loss=0.5524, val_auc=0.7923) saved to checkpoints/fp_chembert_lincs_vs_cnn_seed123.pt
Epoch 007 | time=2.2s | train_loss=0.3351 | val_loss=0.5494 | val_auc=0.7930
  ✓ New best model (epoch 7, val_loss=0.5494, val_auc=0.7930) saved to checkpoints/fp_chembert_lincs_vs_cnn_seed123.pt
Epoch 008 | time=2.2s | train_loss=0.3127 | val_loss=0.5510 | val_auc=0.7961
  ✓ New best model (epoch 8, val_loss=0.5510, val_auc=0.7961) saved to checkpoints/fp_chembert_lincs_vs_cnn_seed123.pt
Epoch 009 | time=2.2s | train_loss=0.2978 | val_loss=0.5527 | val_auc=0.7947
Epoch 010 | time=2.2s | train_loss=0.2833 | val_loss=0.5455 | val_auc=0.8020
  ✓ New best model (epoch 10, val_loss=0.5455, val_auc=0.8020) saved to checkpoints/fp_chembert_lincs_vs_cnn_seed123.pt
Epoch 011 | time=2.2s | train_loss=0.2663 | val_loss=0.5441 | val_auc=0.8065
  ✓ New best model (epoch 11, val_loss=0.5441, val_auc=0.8065) saved to checkpoints/fp_chembert_lincs_vs_cnn_seed123.pt
Epoch 012 | time=2.2s | train_loss=0.2540 | val_loss=0.5518 | val_auc=0.8004
Epoch 013 | time=2.2s | train_loss=0.2433 | val_loss=0.5500 | val_auc=0.8071
  ✓ New best model (epoch 13, val_loss=0.5500, val_auc=0.8071) saved to checkpoints/fp_chembert_lincs_vs_cnn_seed123.pt
Epoch 014 | time=2.2s | train_loss=0.2350 | val_loss=0.5510 | val_auc=0.8070
Epoch 015 | time=2.2s | train_loss=0.2240 | val_loss=0.5389 | val_auc=0.8120
  ✓ New best model (epoch 15, val_loss=0.5389, val_auc=0.8120) saved to checkpoints/fp_chembert_lincs_vs_cnn_seed123.pt
Epoch 016 | time=2.2s | train_loss=0.2147 | val_loss=0.5563 | val_auc=0.8096
Epoch 017 | time=2.2s | train_loss=0.2074 | val_loss=0.5475 | val_auc=0.8166
  ✓ New best model (epoch 17, val_loss=0.5475, val_auc=0.8166) saved to checkpoints/fp_chembert_lincs_vs_cnn_seed123.pt
Epoch 018 | time=2.2s | train_loss=0.1964 | val_loss=0.5479 | val_auc=0.8178
  ✓ New best model (epoch 18, val_loss=0.5479, val_auc=0.8178) saved to checkpoints/fp_chembert_lincs_vs_cnn_seed123.pt
Epoch 019 | time=2.2s | train_loss=0.1924 | val_loss=0.5583 | val_auc=0.8128
Epoch 020 | time=2.2s | train_loss=0.1837 | val_loss=0.5589 | val_auc=0.8135
Epoch 021 | time=2.2s | train_loss=0.1757 | val_loss=0.5729 | val_auc=0.8124
Epoch 022 | time=2.2s | train_loss=0.1675 | val_loss=0.5609 | val_auc=0.8202
  ✓ New best model (epoch 22, val_loss=0.5609, val_auc=0.8202) saved to checkpoints/fp_chembert_lincs_vs_cnn_seed123.pt
Epoch 023 | time=2.2s | train_loss=0.1578 | val_loss=0.5616 | val_auc=0.8211
  ✓ New best model (epoch 23, val_loss=0.5616, val_auc=0.8211) saved to checkpoints/fp_chembert_lincs_vs_cnn_seed123.pt
Epoch 024 | time=2.2s | train_loss=0.1582 | val_loss=0.5689 | val_auc=0.8181
Epoch 025 | time=2.2s | train_loss=0.1515 | val_loss=0.5754 | val_auc=0.8194
Epoch 026 | time=2.2s | train_loss=0.1515 | val_loss=0.5733 | val_auc=0.8206
Epoch 027 | time=2.2s | train_loss=0.1452 | val_loss=0.5826 | val_auc=0.8184
Epoch 028 | time=2.2s | train_loss=0.1434 | val_loss=0.5782 | val_auc=0.8215
  ✓ New best model (epoch 28, val_loss=0.5782, val_auc=0.8215) saved to checkpoints/fp_chembert_lincs_vs_cnn_seed123.pt
Epoch 029 | time=2.2s | train_loss=0.1368 | val_loss=0.5661 | val_auc=0.8265
  ✓ New best model (epoch 29, val_loss=0.5661, val_auc=0.8265) saved to checkpoints/fp_chembert_lincs_vs_cnn_seed123.pt
Epoch 030 | time=2.2s | train_loss=0.1356 | val_loss=0.5873 | val_auc=0.8186
Epoch 031 | time=2.2s | train_loss=0.1358 | val_loss=0.5839 | val_auc=0.8222
Epoch 032 | time=2.2s | train_loss=0.1342 | val_loss=0.5751 | val_auc=0.8234
Epoch 033 | time=2.2s | train_loss=0.1363 | val_loss=0.5887 | val_auc=0.8204
Epoch 034 | time=2.2s | train_loss=0.1315 | val_loss=0.5914 | val_auc=0.8210
Epoch 035 | time=2.2s | train_loss=0.1318 | val_loss=0.5863 | val_auc=0.8214
Epoch 036 | time=2.2s | train_loss=0.1295 | val_loss=0.5832 | val_auc=0.8252
Epoch 037 | time=2.2s | train_loss=0.1281 | val_loss=0.5813 | val_auc=0.8261
Epoch 038 | time=2.2s | train_loss=0.1257 | val_loss=0.5833 | val_auc=0.8253
Epoch 039 | time=2.2s | train_loss=0.1260 | val_loss=0.5901 | val_auc=0.8243
Early stopping — no improvement for 10 epochs

Best model: epoch 29, val_loss=0.5901, val_auc=0.8265

═══ Test Results ═══
           auc: 0.7358
         auprc: 0.6592
            f1: 0.6585
     precision: 0.6217
        recall: 0.6999
          loss: 0.8099
