Uninstalled 1 package in 17ms
Installed 1 package in 36ms
/net/storage/pr3/plgrid/plggmlcil/plgkstankie/vvv/Multimodal-models-for-predicting-drug-target-interactions/.venv/lib/python3.11/site-packages/outdated/__init__.py:36: UserWarning: pkg_resources is deprecated as an API. See https://setuptools.pypa.io/en/latest/pkg_resources.html. The pkg_resources package is slated for removal as early as 2025-11-30. Refrain from using this package or pin to Setuptools<81.
  from pkg_resources import parse_version
Setting global random seed to 2026
Using device: cuda
Loading clean data from: /net/storage/pr3/plgrid/plggmlcil/plgkstankie/vvv/Multimodal-models-for-predicting-drug-target-interactions/src/datasets/lincs_balanced.parquet
Dataset size: 27498
Train: 19558  Val: 2885  Test: 5055
ChemBERTProcessor: loaded 236379 embeddings (dim=768) from /net/storage/pr3/plgrid/plggmlcil/plgkstankie/vvv/Multimodal-models-for-predicting-drug-target-interactions/src/datasets/ChemBERTa-zinc-base-v1.pt
SMILES encoders:  ['FingerprintMLPEncoder', 'ChemBERTEncoder', 'LincsGraphEncoder']
Protein encoders: ['ProteinCNNEncoder']
MultimodalDTI(
  (smiles_encoders): ModuleList(
    (0): FingerprintMLPEncoder(
      (mlp): Sequential(
        (0): Linear(in_features=1024, out_features=256, bias=True)
        (1): BatchNorm1d(256, eps=1e-05, momentum=0.1, affine=True, track_running_stats=True)
        (2): ReLU()
        (3): Dropout(p=0.5, inplace=False)
        (4): Linear(in_features=256, out_features=128, bias=True)
        (5): BatchNorm1d(128, eps=1e-05, momentum=0.1, affine=True, track_running_stats=True)
        (6): ReLU()
      )
    )
    (1): ChemBERTEncoder(
      (projection): Sequential(
        (0): Linear(in_features=768, out_features=128, bias=True)
        (1): LayerNorm((128,), eps=1e-05, elementwise_affine=True)
        (2): ReLU()
      )
    )
    (2): LincsGraphEncoder(
      (proj): Linear(in_features=1, out_features=128, bias=True)
      (convs): ModuleList(
        (0-1): 2 x DenseGCNConv(
          (linear): Linear(in_features=128, out_features=128, bias=False)
        )
      )
      (bns): ModuleList(
        (0-1): 2 x BatchNorm1d(128, eps=1e-05, momentum=0.1, affine=True, track_running_stats=True)
      )
      (pool_proj): Linear(in_features=128, out_features=128, bias=True)
    )
  )
  (protein_encoders): ModuleList(
    (0): ProteinCNNEncoder(
      (embedding): Embedding(21, 128, padding_idx=0)
      (conv_blocks): ModuleList(
        (0): Sequential(
          (0): Conv1d(128, 64, kernel_size=(3,), stride=(1,), padding=(1,))
          (1): BatchNorm1d(64, eps=1e-05, momentum=0.1, affine=True, track_running_stats=True)
          (2): ReLU()
          (3): Conv1d(64, 64, kernel_size=(3,), stride=(1,), padding=(1,))
          (4): BatchNorm1d(64, eps=1e-05, momentum=0.1, affine=True, track_running_stats=True)
          (5): ReLU()
        )
        (1): Sequential(
          (0): Conv1d(128, 64, kernel_size=(7,), stride=(1,), padding=(3,))
          (1): BatchNorm1d(64, eps=1e-05, momentum=0.1, affine=True, track_running_stats=True)
          (2): ReLU()
          (3): Conv1d(64, 64, kernel_size=(7,), stride=(1,), padding=(3,))
          (4): BatchNorm1d(64, eps=1e-05, momentum=0.1, affine=True, track_running_stats=True)
          (5): ReLU()
        )
        (2): Sequential(
          (0): Conv1d(128, 64, kernel_size=(15,), stride=(1,), padding=(7,))
          (1): BatchNorm1d(64, eps=1e-05, momentum=0.1, affine=True, track_running_stats=True)
          (2): ReLU()
          (3): Conv1d(64, 64, kernel_size=(15,), stride=(1,), padding=(7,))
          (4): BatchNorm1d(64, eps=1e-05, momentum=0.1, affine=True, track_running_stats=True)
          (5): ReLU()
        )
      )
    )
  )
  (fusion): MLPFusion(
    (classifier): Sequential(
      (0): Linear(in_features=576, out_features=128, bias=True)
      (1): BatchNorm1d(128, eps=1e-05, momentum=0.1, affine=True, track_running_stats=True)
      (2): ReLU()
      (3): Dropout(p=0.5, inplace=False)
      (4): Linear(in_features=128, out_features=32, bias=True)
      (5): BatchNorm1d(32, eps=1e-05, momentum=0.1, affine=True, track_running_stats=True)
      (6): ReLU()
      (7): Dropout(p=0.5, inplace=False)
      (8): Linear(in_features=32, out_features=1, bias=True)
    )
  )
)
Epoch 001 | time=15.1s | train_loss=0.6471 | val_loss=0.6463 | val_auc=0.7105
  ✓ New best model (epoch 1, val_loss=0.6463, val_auc=0.7105) saved to checkpoints/fp_chembert_lincs_graph_vs_cnn_seed2026.pt
Epoch 002 | time=2.9s | train_loss=0.5328 | val_loss=0.6024 | val_auc=0.7504
  ✓ New best model (epoch 2, val_loss=0.6024, val_auc=0.7504) saved to checkpoints/fp_chembert_lincs_graph_vs_cnn_seed2026.pt
Epoch 003 | time=2.9s | train_loss=0.4695 | val_loss=0.5728 | val_auc=0.7861
  ✓ New best model (epoch 3, val_loss=0.5728, val_auc=0.7861) saved to checkpoints/fp_chembert_lincs_graph_vs_cnn_seed2026.pt
Epoch 004 | time=2.9s | train_loss=0.4310 | val_loss=0.5651 | val_auc=0.7942
  ✓ New best model (epoch 4, val_loss=0.5651, val_auc=0.7942) saved to checkpoints/fp_chembert_lincs_graph_vs_cnn_seed2026.pt
Epoch 005 | time=5.5s | train_loss=0.3971 | val_loss=0.5639 | val_auc=0.7914
Epoch 006 | time=2.9s | train_loss=0.3716 | val_loss=0.5619 | val_auc=0.7838
Epoch 007 | time=2.9s | train_loss=0.3501 | val_loss=0.5476 | val_auc=0.7989
  ✓ New best model (epoch 7, val_loss=0.5476, val_auc=0.7989) saved to checkpoints/fp_chembert_lincs_graph_vs_cnn_seed2026.pt
Epoch 008 | time=2.9s | train_loss=0.3295 | val_loss=0.5376 | val_auc=0.8085
  ✓ New best model (epoch 8, val_loss=0.5376, val_auc=0.8085) saved to checkpoints/fp_chembert_lincs_graph_vs_cnn_seed2026.pt
Epoch 009 | time=2.9s | train_loss=0.3107 | val_loss=0.5449 | val_auc=0.7976
Epoch 010 | time=2.9s | train_loss=0.2961 | val_loss=0.5420 | val_auc=0.8055
Epoch 011 | time=2.9s | train_loss=0.2797 | val_loss=0.5357 | val_auc=0.8089
  ✓ New best model (epoch 11, val_loss=0.5357, val_auc=0.8089) saved to checkpoints/fp_chembert_lincs_graph_vs_cnn_seed2026.pt
Epoch 012 | time=2.9s | train_loss=0.2684 | val_loss=0.5231 | val_auc=0.8200
  ✓ New best model (epoch 12, val_loss=0.5231, val_auc=0.8200) saved to checkpoints/fp_chembert_lincs_graph_vs_cnn_seed2026.pt
Epoch 013 | time=2.9s | train_loss=0.2580 | val_loss=0.5445 | val_auc=0.8030
Epoch 014 | time=2.9s | train_loss=0.2463 | val_loss=0.5266 | val_auc=0.8176
Epoch 015 | time=2.9s | train_loss=0.2373 | val_loss=0.5302 | val_auc=0.8147
Epoch 016 | time=2.9s | train_loss=0.2274 | val_loss=0.5467 | val_auc=0.8085
Epoch 017 | time=2.9s | train_loss=0.2151 | val_loss=0.5404 | val_auc=0.8117
Epoch 018 | time=2.9s | train_loss=0.2061 | val_loss=0.5311 | val_auc=0.8218
  ✓ New best model (epoch 18, val_loss=0.5311, val_auc=0.8218) saved to checkpoints/fp_chembert_lincs_graph_vs_cnn_seed2026.pt
Epoch 019 | time=2.9s | train_loss=0.1953 | val_loss=0.5391 | val_auc=0.8182
Epoch 020 | time=2.9s | train_loss=0.1901 | val_loss=0.5393 | val_auc=0.8174
Epoch 021 | time=4.4s | train_loss=0.1848 | val_loss=0.5423 | val_auc=0.8153
Epoch 022 | time=2.9s | train_loss=0.1836 | val_loss=0.5459 | val_auc=0.8157
Epoch 023 | time=2.9s | train_loss=0.1782 | val_loss=0.5346 | val_auc=0.8228
  ✓ New best model (epoch 23, val_loss=0.5346, val_auc=0.8228) saved to checkpoints/fp_chembert_lincs_graph_vs_cnn_seed2026.pt
Epoch 024 | time=2.9s | train_loss=0.1735 | val_loss=0.5444 | val_auc=0.8186
Epoch 025 | time=2.9s | train_loss=0.1642 | val_loss=0.5476 | val_auc=0.8178
Epoch 026 | time=2.9s | train_loss=0.1635 | val_loss=0.5452 | val_auc=0.8190
Epoch 027 | time=2.9s | train_loss=0.1607 | val_loss=0.5420 | val_auc=0.8229
  ✓ New best model (epoch 27, val_loss=0.5420, val_auc=0.8229) saved to checkpoints/fp_chembert_lincs_graph_vs_cnn_seed2026.pt
Epoch 028 | time=2.9s | train_loss=0.1583 | val_loss=0.5454 | val_auc=0.8199
Epoch 029 | time=2.9s | train_loss=0.1555 | val_loss=0.5439 | val_auc=0.8228
Epoch 030 | time=2.9s | train_loss=0.1559 | val_loss=0.5503 | val_auc=0.8196
Epoch 031 | time=2.9s | train_loss=0.1516 | val_loss=0.5491 | val_auc=0.8203
Epoch 032 | time=2.9s | train_loss=0.1506 | val_loss=0.5507 | val_auc=0.8212
Epoch 033 | time=2.9s | train_loss=0.1501 | val_loss=0.5497 | val_auc=0.8212
Epoch 034 | time=2.9s | train_loss=0.1495 | val_loss=0.5518 | val_auc=0.8213
Epoch 035 | time=2.9s | train_loss=0.1483 | val_loss=0.5538 | val_auc=0.8205
Epoch 036 | time=2.9s | train_loss=0.1487 | val_loss=0.5521 | val_auc=0.8215
Epoch 037 | time=2.9s | train_loss=0.1452 | val_loss=0.5546 | val_auc=0.8198
Early stopping — no improvement for 10 epochs

Best model: epoch 27, val_loss=0.5546, val_auc=0.8229

═══ Test Results ═══
           auc: 0.7284
         auprc: 0.6515
            f1: 0.6445
     precision: 0.6274
        recall: 0.6625
          loss: 0.7603
