Uninstalled 1 package in 8ms
Installed 1 package in 11ms
/net/storage/pr3/plgrid/plggmlcil/plgkstankie/vvv/Multimodal-models-for-predicting-drug-target-interactions/.venv/lib/python3.11/site-packages/outdated/__init__.py:36: UserWarning: pkg_resources is deprecated as an API. See https://setuptools.pypa.io/en/latest/pkg_resources.html. The pkg_resources package is slated for removal as early as 2025-11-30. Refrain from using this package or pin to Setuptools<81.
  from pkg_resources import parse_version
Setting global random seed to 999
Using device: cuda
Loading clean data from: /net/storage/pr3/plgrid/plggmlcil/plgkstankie/vvv/Multimodal-models-for-predicting-drug-target-interactions/src/datasets/lincs_balanced.parquet
Dataset size: 27498
Train: 19558  Val: 2885  Test: 5055
SMILES encoders:  ['FingerprintMLPEncoder', 'LincsGraphEncoder']
Protein encoders: ['ProteinCNNEncoder']
MultimodalDTI(
  (smiles_encoders): ModuleList(
    (0): FingerprintMLPEncoder(
      (mlp): Sequential(
        (0): Linear(in_features=1024, out_features=256, bias=True)
        (1): BatchNorm1d(256, eps=1e-05, momentum=0.1, affine=True, track_running_stats=True)
        (2): ReLU()
        (3): Dropout(p=0.5, inplace=False)
        (4): Linear(in_features=256, out_features=128, bias=True)
        (5): BatchNorm1d(128, eps=1e-05, momentum=0.1, affine=True, track_running_stats=True)
        (6): ReLU()
      )
    )
    (1): LincsGraphEncoder(
      (proj): Linear(in_features=1, out_features=128, bias=True)
      (convs): ModuleList(
        (0-1): 2 x DenseGCNConv(
          (linear): Linear(in_features=128, out_features=128, bias=False)
        )
      )
      (bns): ModuleList(
        (0-1): 2 x BatchNorm1d(128, eps=1e-05, momentum=0.1, affine=True, track_running_stats=True)
      )
      (pool_proj): Linear(in_features=128, out_features=128, bias=True)
    )
  )
  (protein_encoders): ModuleList(
    (0): ProteinCNNEncoder(
      (embedding): Embedding(21, 128, padding_idx=0)
      (conv_blocks): ModuleList(
        (0): Sequential(
          (0): Conv1d(128, 64, kernel_size=(3,), stride=(1,), padding=(1,))
          (1): BatchNorm1d(64, eps=1e-05, momentum=0.1, affine=True, track_running_stats=True)
          (2): ReLU()
          (3): Conv1d(64, 64, kernel_size=(3,), stride=(1,), padding=(1,))
          (4): BatchNorm1d(64, eps=1e-05, momentum=0.1, affine=True, track_running_stats=True)
          (5): ReLU()
        )
        (1): Sequential(
          (0): Conv1d(128, 64, kernel_size=(7,), stride=(1,), padding=(3,))
          (1): BatchNorm1d(64, eps=1e-05, momentum=0.1, affine=True, track_running_stats=True)
          (2): ReLU()
          (3): Conv1d(64, 64, kernel_size=(7,), stride=(1,), padding=(3,))
          (4): BatchNorm1d(64, eps=1e-05, momentum=0.1, affine=True, track_running_stats=True)
          (5): ReLU()
        )
        (2): Sequential(
          (0): Conv1d(128, 64, kernel_size=(15,), stride=(1,), padding=(7,))
          (1): BatchNorm1d(64, eps=1e-05, momentum=0.1, affine=True, track_running_stats=True)
          (2): ReLU()
          (3): Conv1d(64, 64, kernel_size=(15,), stride=(1,), padding=(7,))
          (4): BatchNorm1d(64, eps=1e-05, momentum=0.1, affine=True, track_running_stats=True)
          (5): ReLU()
        )
      )
    )
  )
  (fusion): MLPFusion(
    (classifier): Sequential(
      (0): Linear(in_features=448, out_features=128, bias=True)
      (1): BatchNorm1d(128, eps=1e-05, momentum=0.1, affine=True, track_running_stats=True)
      (2): ReLU()
      (3): Dropout(p=0.5, inplace=False)
      (4): Linear(in_features=128, out_features=32, bias=True)
      (5): BatchNorm1d(32, eps=1e-05, momentum=0.1, affine=True, track_running_stats=True)
      (6): ReLU()
      (7): Dropout(p=0.5, inplace=False)
      (8): Linear(in_features=32, out_features=1, bias=True)
    )
  )
)
Epoch 001 | time=3.6s | train_loss=0.6158 | val_loss=0.6348 | val_auc=0.7070
  ✓ New best model (epoch 1, val_loss=0.6348, val_auc=0.7070) saved to checkpoints/fp_lincs_graph_vs_cnn_seed999.pt
Epoch 002 | time=2.9s | train_loss=0.5213 | val_loss=0.6075 | val_auc=0.7390
  ✓ New best model (epoch 2, val_loss=0.6075, val_auc=0.7390) saved to checkpoints/fp_lincs_graph_vs_cnn_seed999.pt
Epoch 003 | time=2.9s | train_loss=0.4687 | val_loss=0.5956 | val_auc=0.7512
  ✓ New best model (epoch 3, val_loss=0.5956, val_auc=0.7512) saved to checkpoints/fp_lincs_graph_vs_cnn_seed999.pt
Epoch 004 | time=2.9s | train_loss=0.4280 | val_loss=0.5843 | val_auc=0.7571
  ✓ New best model (epoch 4, val_loss=0.5843, val_auc=0.7571) saved to checkpoints/fp_lincs_graph_vs_cnn_seed999.pt
Epoch 005 | time=2.9s | train_loss=0.3945 | val_loss=0.5728 | val_auc=0.7724
  ✓ New best model (epoch 5, val_loss=0.5728, val_auc=0.7724) saved to checkpoints/fp_lincs_graph_vs_cnn_seed999.pt
Epoch 006 | time=2.9s | train_loss=0.3667 | val_loss=0.5568 | val_auc=0.7922
  ✓ New best model (epoch 6, val_loss=0.5568, val_auc=0.7922) saved to checkpoints/fp_lincs_graph_vs_cnn_seed999.pt
Epoch 007 | time=2.9s | train_loss=0.3439 | val_loss=0.5582 | val_auc=0.7919
Epoch 008 | time=2.9s | train_loss=0.3218 | val_loss=0.5580 | val_auc=0.7924
  ✓ New best model (epoch 8, val_loss=0.5580, val_auc=0.7924) saved to checkpoints/fp_lincs_graph_vs_cnn_seed999.pt
Epoch 009 | time=2.9s | train_loss=0.3055 | val_loss=0.5667 | val_auc=0.7915
Epoch 010 | time=2.9s | train_loss=0.2875 | val_loss=0.5650 | val_auc=0.7914
Epoch 011 | time=2.9s | train_loss=0.2752 | val_loss=0.5519 | val_auc=0.8072
  ✓ New best model (epoch 11, val_loss=0.5519, val_auc=0.8072) saved to checkpoints/fp_lincs_graph_vs_cnn_seed999.pt
Epoch 012 | time=2.9s | train_loss=0.2595 | val_loss=0.5609 | val_auc=0.8020
Epoch 013 | time=2.9s | train_loss=0.2497 | val_loss=0.5569 | val_auc=0.8042
Epoch 014 | time=2.9s | train_loss=0.2375 | val_loss=0.5628 | val_auc=0.8059
Epoch 015 | time=2.9s | train_loss=0.2293 | val_loss=0.5643 | val_auc=0.8068
Epoch 016 | time=2.9s | train_loss=0.2197 | val_loss=0.5702 | val_auc=0.8095
  ✓ New best model (epoch 16, val_loss=0.5702, val_auc=0.8095) saved to checkpoints/fp_lincs_graph_vs_cnn_seed999.pt
Epoch 017 | time=2.9s | train_loss=0.2099 | val_loss=0.5822 | val_auc=0.8014
Epoch 018 | time=2.9s | train_loss=0.2002 | val_loss=0.5753 | val_auc=0.8101
  ✓ New best model (epoch 18, val_loss=0.5753, val_auc=0.8101) saved to checkpoints/fp_lincs_graph_vs_cnn_seed999.pt
Epoch 019 | time=3.0s | train_loss=0.1947 | val_loss=0.5836 | val_auc=0.8054
Epoch 020 | time=2.9s | train_loss=0.1877 | val_loss=0.5657 | val_auc=0.8156
  ✓ New best model (epoch 20, val_loss=0.5657, val_auc=0.8156) saved to checkpoints/fp_lincs_graph_vs_cnn_seed999.pt
Epoch 021 | time=2.9s | train_loss=0.1830 | val_loss=0.5698 | val_auc=0.8189
  ✓ New best model (epoch 21, val_loss=0.5698, val_auc=0.8189) saved to checkpoints/fp_lincs_graph_vs_cnn_seed999.pt
Epoch 022 | time=2.9s | train_loss=0.1822 | val_loss=0.5775 | val_auc=0.8200
  ✓ New best model (epoch 22, val_loss=0.5775, val_auc=0.8200) saved to checkpoints/fp_lincs_graph_vs_cnn_seed999.pt
Epoch 023 | time=2.9s | train_loss=0.1811 | val_loss=0.5731 | val_auc=0.8177
Epoch 024 | time=2.9s | train_loss=0.1710 | val_loss=0.5802 | val_auc=0.8191
Epoch 025 | time=2.9s | train_loss=0.1688 | val_loss=0.5836 | val_auc=0.8193
Epoch 026 | time=2.9s | train_loss=0.1681 | val_loss=0.5822 | val_auc=0.8185
Epoch 027 | time=2.9s | train_loss=0.1661 | val_loss=0.5888 | val_auc=0.8174
Epoch 028 | time=2.9s | train_loss=0.1634 | val_loss=0.5913 | val_auc=0.8167
Epoch 029 | time=2.9s | train_loss=0.1622 | val_loss=0.5866 | val_auc=0.8185
Epoch 030 | time=2.9s | train_loss=0.1573 | val_loss=0.5873 | val_auc=0.8175
Epoch 031 | time=2.9s | train_loss=0.1556 | val_loss=0.5866 | val_auc=0.8207
  ✓ New best model (epoch 31, val_loss=0.5866, val_auc=0.8207) saved to checkpoints/fp_lincs_graph_vs_cnn_seed999.pt
Epoch 032 | time=2.9s | train_loss=0.1561 | val_loss=0.5931 | val_auc=0.8195
Epoch 033 | time=2.9s | train_loss=0.1552 | val_loss=0.5873 | val_auc=0.8214
  ✓ New best model (epoch 33, val_loss=0.5873, val_auc=0.8214) saved to checkpoints/fp_lincs_graph_vs_cnn_seed999.pt
Epoch 034 | time=2.9s | train_loss=0.1572 | val_loss=0.5883 | val_auc=0.8223
  ✓ New best model (epoch 34, val_loss=0.5883, val_auc=0.8223) saved to checkpoints/fp_lincs_graph_vs_cnn_seed999.pt
Epoch 035 | time=2.9s | train_loss=0.1531 | val_loss=0.5836 | val_auc=0.8234
  ✓ New best model (epoch 35, val_loss=0.5836, val_auc=0.8234) saved to checkpoints/fp_lincs_graph_vs_cnn_seed999.pt
Epoch 036 | time=2.9s | train_loss=0.1513 | val_loss=0.5952 | val_auc=0.8220
Epoch 037 | time=2.9s | train_loss=0.1523 | val_loss=0.5913 | val_auc=0.8230
Epoch 038 | time=2.9s | train_loss=0.1500 | val_loss=0.5856 | val_auc=0.8222
Epoch 039 | time=2.9s | train_loss=0.1511 | val_loss=0.5954 | val_auc=0.8223
Epoch 040 | time=2.9s | train_loss=0.1471 | val_loss=0.5878 | val_auc=0.8230
Epoch 041 | time=2.9s | train_loss=0.1510 | val_loss=0.5913 | val_auc=0.8245
  ✓ New best model (epoch 41, val_loss=0.5913, val_auc=0.8245) saved to checkpoints/fp_lincs_graph_vs_cnn_seed999.pt
Epoch 042 | time=2.9s | train_loss=0.1493 | val_loss=0.5939 | val_auc=0.8229
Epoch 043 | time=2.9s | train_loss=0.1500 | val_loss=0.5931 | val_auc=0.8233
Epoch 044 | time=2.9s | train_loss=0.1480 | val_loss=0.5913 | val_auc=0.8227
Epoch 045 | time=2.9s | train_loss=0.1468 | val_loss=0.5901 | val_auc=0.8241
Epoch 046 | time=2.9s | train_loss=0.1485 | val_loss=0.5860 | val_auc=0.8241
Epoch 047 | time=2.9s | train_loss=0.1491 | val_loss=0.5925 | val_auc=0.8230
Epoch 048 | time=2.9s | train_loss=0.1479 | val_loss=0.5883 | val_auc=0.8244
Epoch 049 | time=2.9s | train_loss=0.1504 | val_loss=0.5835 | val_auc=0.8262
  ✓ New best model (epoch 49, val_loss=0.5835, val_auc=0.8262) saved to checkpoints/fp_lincs_graph_vs_cnn_seed999.pt
Epoch 050 | time=2.9s | train_loss=0.1460 | val_loss=0.5958 | val_auc=0.8238
Epoch 051 | time=2.9s | train_loss=0.1493 | val_loss=0.5871 | val_auc=0.8241
Epoch 052 | time=2.9s | train_loss=0.1453 | val_loss=0.5890 | val_auc=0.8247
Epoch 053 | time=2.9s | train_loss=0.1474 | val_loss=0.5956 | val_auc=0.8227
Epoch 054 | time=2.9s | train_loss=0.1467 | val_loss=0.5928 | val_auc=0.8240
Epoch 055 | time=2.9s | train_loss=0.1461 | val_loss=0.5957 | val_auc=0.8234
Epoch 056 | time=3.0s | train_loss=0.1481 | val_loss=0.5907 | val_auc=0.8244
Epoch 057 | time=2.9s | train_loss=0.1460 | val_loss=0.5917 | val_auc=0.8243
Epoch 058 | time=2.9s | train_loss=0.1460 | val_loss=0.5912 | val_auc=0.8239
Epoch 059 | time=2.9s | train_loss=0.1493 | val_loss=0.5937 | val_auc=0.8243
Early stopping — no improvement for 10 epochs

Best model: epoch 49, val_loss=0.5937, val_auc=0.8262

═══ Test Results ═══
           auc: 0.7554
         auprc: 0.6967
            f1: 0.6497
     precision: 0.6559
        recall: 0.6435
          loss: 0.7117
