Uninstalled 1 package in 8ms
Installed 1 package in 11ms
/net/storage/pr3/plgrid/plggmlcil/plgkstankie/vvv/Multimodal-models-for-predicting-drug-target-interactions/.venv/lib/python3.11/site-packages/outdated/__init__.py:36: UserWarning: pkg_resources is deprecated as an API. See https://setuptools.pypa.io/en/latest/pkg_resources.html. The pkg_resources package is slated for removal as early as 2025-11-30. Refrain from using this package or pin to Setuptools<81.
  from pkg_resources import parse_version
Setting global random seed to 123
Using device: cuda
Loading clean data from: /net/storage/pr3/plgrid/plggmlcil/plgkstankie/vvv/Multimodal-models-for-predicting-drug-target-interactions/src/datasets/lincs_balanced.parquet
Dataset size: 27498
Train: 19558  Val: 2885  Test: 5055
SMILES encoders:  ['FingerprintMLPEncoder', 'LincsGraphEncoder']
Protein encoders: ['ProteinCNNEncoder']
MultimodalDTI(
  (smiles_encoders): ModuleList(
    (0): FingerprintMLPEncoder(
      (mlp): Sequential(
        (0): Linear(in_features=1024, out_features=256, bias=True)
        (1): BatchNorm1d(256, eps=1e-05, momentum=0.1, affine=True, track_running_stats=True)
        (2): ReLU()
        (3): Dropout(p=0.5, inplace=False)
        (4): Linear(in_features=256, out_features=128, bias=True)
        (5): BatchNorm1d(128, eps=1e-05, momentum=0.1, affine=True, track_running_stats=True)
        (6): ReLU()
      )
    )
    (1): LincsGraphEncoder(
      (proj): Linear(in_features=1, out_features=128, bias=True)
      (convs): ModuleList(
        (0-1): 2 x DenseGCNConv(
          (linear): Linear(in_features=128, out_features=128, bias=False)
        )
      )
      (bns): ModuleList(
        (0-1): 2 x BatchNorm1d(128, eps=1e-05, momentum=0.1, affine=True, track_running_stats=True)
      )
      (pool_proj): Linear(in_features=128, out_features=128, bias=True)
    )
  )
  (protein_encoders): ModuleList(
    (0): ProteinCNNEncoder(
      (embedding): Embedding(21, 128, padding_idx=0)
      (conv_blocks): ModuleList(
        (0): Sequential(
          (0): Conv1d(128, 64, kernel_size=(3,), stride=(1,), padding=(1,))
          (1): BatchNorm1d(64, eps=1e-05, momentum=0.1, affine=True, track_running_stats=True)
          (2): ReLU()
          (3): Conv1d(64, 64, kernel_size=(3,), stride=(1,), padding=(1,))
          (4): BatchNorm1d(64, eps=1e-05, momentum=0.1, affine=True, track_running_stats=True)
          (5): ReLU()
        )
        (1): Sequential(
          (0): Conv1d(128, 64, kernel_size=(7,), stride=(1,), padding=(3,))
          (1): BatchNorm1d(64, eps=1e-05, momentum=0.1, affine=True, track_running_stats=True)
          (2): ReLU()
          (3): Conv1d(64, 64, kernel_size=(7,), stride=(1,), padding=(3,))
          (4): BatchNorm1d(64, eps=1e-05, momentum=0.1, affine=True, track_running_stats=True)
          (5): ReLU()
        )
        (2): Sequential(
          (0): Conv1d(128, 64, kernel_size=(15,), stride=(1,), padding=(7,))
          (1): BatchNorm1d(64, eps=1e-05, momentum=0.1, affine=True, track_running_stats=True)
          (2): ReLU()
          (3): Conv1d(64, 64, kernel_size=(15,), stride=(1,), padding=(7,))
          (4): BatchNorm1d(64, eps=1e-05, momentum=0.1, affine=True, track_running_stats=True)
          (5): ReLU()
        )
      )
    )
  )
  (fusion): MLPFusion(
    (classifier): Sequential(
      (0): Linear(in_features=448, out_features=128, bias=True)
      (1): BatchNorm1d(128, eps=1e-05, momentum=0.1, affine=True, track_running_stats=True)
      (2): ReLU()
      (3): Dropout(p=0.5, inplace=False)
      (4): Linear(in_features=128, out_features=32, bias=True)
      (5): BatchNorm1d(32, eps=1e-05, momentum=0.1, affine=True, track_running_stats=True)
      (6): ReLU()
      (7): Dropout(p=0.5, inplace=False)
      (8): Linear(in_features=32, out_features=1, bias=True)
    )
  )
)
Epoch 001 | time=3.5s | train_loss=0.6030 | val_loss=0.6294 | val_auc=0.7068
  ✓ New best model (epoch 1, val_loss=0.6294, val_auc=0.7068) saved to checkpoints/fp_lincs_graph_vs_cnn_seed123.pt
Epoch 002 | time=2.9s | train_loss=0.5017 | val_loss=0.6115 | val_auc=0.7311
  ✓ New best model (epoch 2, val_loss=0.6115, val_auc=0.7311) saved to checkpoints/fp_lincs_graph_vs_cnn_seed123.pt
Epoch 003 | time=3.6s | train_loss=0.4513 | val_loss=0.5880 | val_auc=0.7607
  ✓ New best model (epoch 3, val_loss=0.5880, val_auc=0.7607) saved to checkpoints/fp_lincs_graph_vs_cnn_seed123.pt
Epoch 004 | time=2.9s | train_loss=0.4144 | val_loss=0.5832 | val_auc=0.7654
  ✓ New best model (epoch 4, val_loss=0.5832, val_auc=0.7654) saved to checkpoints/fp_lincs_graph_vs_cnn_seed123.pt
Epoch 005 | time=2.9s | train_loss=0.3825 | val_loss=0.5657 | val_auc=0.7889
  ✓ New best model (epoch 5, val_loss=0.5657, val_auc=0.7889) saved to checkpoints/fp_lincs_graph_vs_cnn_seed123.pt
Epoch 006 | time=2.9s | train_loss=0.3555 | val_loss=0.5724 | val_auc=0.7828
Epoch 007 | time=2.9s | train_loss=0.3344 | val_loss=0.5595 | val_auc=0.7960
  ✓ New best model (epoch 7, val_loss=0.5595, val_auc=0.7960) saved to checkpoints/fp_lincs_graph_vs_cnn_seed123.pt
Epoch 008 | time=2.9s | train_loss=0.3156 | val_loss=0.5762 | val_auc=0.7818
Epoch 009 | time=2.9s | train_loss=0.2953 | val_loss=0.5560 | val_auc=0.8037
  ✓ New best model (epoch 9, val_loss=0.5560, val_auc=0.8037) saved to checkpoints/fp_lincs_graph_vs_cnn_seed123.pt
Epoch 010 | time=2.9s | train_loss=0.2834 | val_loss=0.5570 | val_auc=0.8007
Epoch 011 | time=2.9s | train_loss=0.2679 | val_loss=0.5553 | val_auc=0.8113
  ✓ New best model (epoch 11, val_loss=0.5553, val_auc=0.8113) saved to checkpoints/fp_lincs_graph_vs_cnn_seed123.pt
Epoch 012 | time=2.9s | train_loss=0.2560 | val_loss=0.5659 | val_auc=0.8065
Epoch 013 | time=2.9s | train_loss=0.2434 | val_loss=0.5702 | val_auc=0.8048
Epoch 014 | time=2.9s | train_loss=0.2369 | val_loss=0.5690 | val_auc=0.8107
Epoch 015 | time=2.9s | train_loss=0.2261 | val_loss=0.5815 | val_auc=0.8009
Epoch 016 | time=2.9s | train_loss=0.2186 | val_loss=0.5796 | val_auc=0.8119
  ✓ New best model (epoch 16, val_loss=0.5796, val_auc=0.8119) saved to checkpoints/fp_lincs_graph_vs_cnn_seed123.pt
Epoch 017 | time=2.9s | train_loss=0.2090 | val_loss=0.5748 | val_auc=0.8158
  ✓ New best model (epoch 17, val_loss=0.5748, val_auc=0.8158) saved to checkpoints/fp_lincs_graph_vs_cnn_seed123.pt
Epoch 018 | time=2.9s | train_loss=0.1962 | val_loss=0.5715 | val_auc=0.8204
  ✓ New best model (epoch 18, val_loss=0.5715, val_auc=0.8204) saved to checkpoints/fp_lincs_graph_vs_cnn_seed123.pt
Epoch 019 | time=3.1s | train_loss=0.1891 | val_loss=0.5708 | val_auc=0.8211
  ✓ New best model (epoch 19, val_loss=0.5708, val_auc=0.8211) saved to checkpoints/fp_lincs_graph_vs_cnn_seed123.pt
Epoch 020 | time=2.9s | train_loss=0.1865 | val_loss=0.5670 | val_auc=0.8266
  ✓ New best model (epoch 20, val_loss=0.5670, val_auc=0.8266) saved to checkpoints/fp_lincs_graph_vs_cnn_seed123.pt
Epoch 021 | time=2.9s | train_loss=0.1829 | val_loss=0.5742 | val_auc=0.8193
Epoch 022 | time=2.9s | train_loss=0.1801 | val_loss=0.5859 | val_auc=0.8228
Epoch 023 | time=2.9s | train_loss=0.1744 | val_loss=0.5965 | val_auc=0.8145
Epoch 024 | time=2.9s | train_loss=0.1704 | val_loss=0.5849 | val_auc=0.8217
Epoch 025 | time=2.9s | train_loss=0.1718 | val_loss=0.5818 | val_auc=0.8240
Epoch 026 | time=2.9s | train_loss=0.1664 | val_loss=0.5878 | val_auc=0.8225
Epoch 027 | time=2.9s | train_loss=0.1641 | val_loss=0.5868 | val_auc=0.8253
Epoch 028 | time=2.9s | train_loss=0.1612 | val_loss=0.5882 | val_auc=0.8245
Epoch 029 | time=2.9s | train_loss=0.1633 | val_loss=0.5836 | val_auc=0.8257
Epoch 030 | time=2.9s | train_loss=0.1575 | val_loss=0.5861 | val_auc=0.8268
  ✓ New best model (epoch 30, val_loss=0.5861, val_auc=0.8268) saved to checkpoints/fp_lincs_graph_vs_cnn_seed123.pt
Epoch 031 | time=2.9s | train_loss=0.1553 | val_loss=0.5829 | val_auc=0.8270
  ✓ New best model (epoch 31, val_loss=0.5829, val_auc=0.8270) saved to checkpoints/fp_lincs_graph_vs_cnn_seed123.pt
Epoch 032 | time=2.9s | train_loss=0.1563 | val_loss=0.5834 | val_auc=0.8294
  ✓ New best model (epoch 32, val_loss=0.5834, val_auc=0.8294) saved to checkpoints/fp_lincs_graph_vs_cnn_seed123.pt
Epoch 033 | time=2.9s | train_loss=0.1530 | val_loss=0.5894 | val_auc=0.8250
Epoch 034 | time=2.9s | train_loss=0.1535 | val_loss=0.5911 | val_auc=0.8249
Epoch 035 | time=2.9s | train_loss=0.1511 | val_loss=0.5925 | val_auc=0.8248
Epoch 036 | time=2.9s | train_loss=0.1502 | val_loss=0.5901 | val_auc=0.8260
Epoch 037 | time=2.9s | train_loss=0.1493 | val_loss=0.5942 | val_auc=0.8250
Epoch 038 | time=2.9s | train_loss=0.1494 | val_loss=0.5945 | val_auc=0.8238
Epoch 039 | time=2.9s | train_loss=0.1505 | val_loss=0.5944 | val_auc=0.8265
Epoch 040 | time=2.9s | train_loss=0.1490 | val_loss=0.5911 | val_auc=0.8275
Epoch 041 | time=2.9s | train_loss=0.1471 | val_loss=0.5958 | val_auc=0.8260
Epoch 042 | time=2.9s | train_loss=0.1472 | val_loss=0.5942 | val_auc=0.8266
Early stopping — no improvement for 10 epochs

Best model: epoch 32, val_loss=0.5942, val_auc=0.8294

═══ Test Results ═══
           auc: 0.7465
         auprc: 0.6883
            f1: 0.6706
     precision: 0.6338
        recall: 0.7120
          loss: 0.7337
