/home/kappy/Repos/Multimodal-models-for-predicting-drug-target-interactions/.venv/lib/python3.11/site-packages/outdated/__init__.py:36: UserWarning: pkg_resources is deprecated as an API. See https://setuptools.pypa.io/en/latest/pkg_resources.html. The pkg_resources package is slated for removal as early as 2025-11-30. Refrain from using this package or pin to Setuptools<81.
  from pkg_resources import parse_version
Using device: cuda
Loading clean data from: /home/kappy/Repos/Multimodal-models-for-predicting-drug-target-interactions/src/datasets/lincs_balanced.parquet
Dataset size: 27498
Train: 19558  Val: 2885  Test: 5055
SMILES encoders:  ['FingerprintMLPEncoder', 'LincsEncoder']
Protein encoders: ['ProteinCNNEncoder']
MultimodalDTI(
  (smiles_encoders): ModuleList(
    (0): FingerprintMLPEncoder(
      (mlp): Sequential(
        (0): Linear(in_features=1024, out_features=256, bias=True)
        (1): BatchNorm1d(256, eps=1e-05, momentum=0.1, affine=True, track_running_stats=True)
        (2): ReLU()
        (3): Dropout(p=0.5, inplace=False)
        (4): Linear(in_features=256, out_features=128, bias=True)
        (5): BatchNorm1d(128, eps=1e-05, momentum=0.1, affine=True, track_running_stats=True)
        (6): ReLU()
      )
    )
    (1): LincsEncoder(
      (mlp): Sequential(
        (0): Linear(in_features=978, out_features=128, bias=True)
        (1): BatchNorm1d(128, eps=1e-05, momentum=0.1, affine=True, track_running_stats=True)
        (2): ReLU()
        (3): Dropout(p=0.5, inplace=False)
        (4): Linear(in_features=128, out_features=128, bias=True)
        (5): BatchNorm1d(128, eps=1e-05, momentum=0.1, affine=True, track_running_stats=True)
        (6): ReLU()
      )
    )
  )
  (protein_encoders): ModuleList(
    (0): ProteinCNNEncoder(
      (embedding): Embedding(21, 128, padding_idx=0)
      (conv_blocks): ModuleList(
        (0): Sequential(
          (0): Conv1d(128, 64, kernel_size=(3,), stride=(1,), padding=(1,))
          (1): BatchNorm1d(64, eps=1e-05, momentum=0.1, affine=True, track_running_stats=True)
          (2): ReLU()
          (3): Conv1d(64, 64, kernel_size=(3,), stride=(1,), padding=(1,))
          (4): BatchNorm1d(64, eps=1e-05, momentum=0.1, affine=True, track_running_stats=True)
          (5): ReLU()
        )
        (1): Sequential(
          (0): Conv1d(128, 64, kernel_size=(7,), stride=(1,), padding=(3,))
          (1): BatchNorm1d(64, eps=1e-05, momentum=0.1, affine=True, track_running_stats=True)
          (2): ReLU()
          (3): Conv1d(64, 64, kernel_size=(7,), stride=(1,), padding=(3,))
          (4): BatchNorm1d(64, eps=1e-05, momentum=0.1, affine=True, track_running_stats=True)
          (5): ReLU()
        )
        (2): Sequential(
          (0): Conv1d(128, 64, kernel_size=(15,), stride=(1,), padding=(7,))
          (1): BatchNorm1d(64, eps=1e-05, momentum=0.1, affine=True, track_running_stats=True)
          (2): ReLU()
          (3): Conv1d(64, 64, kernel_size=(15,), stride=(1,), padding=(7,))
          (4): BatchNorm1d(64, eps=1e-05, momentum=0.1, affine=True, track_running_stats=True)
          (5): ReLU()
        )
      )
    )
  )
  (fusion): MLPFusion(
    (classifier): Sequential(
      (0): Linear(in_features=448, out_features=128, bias=True)
      (1): BatchNorm1d(128, eps=1e-05, momentum=0.1, affine=True, track_running_stats=True)
      (2): ReLU()
      (3): Dropout(p=0.5, inplace=False)
      (4): Linear(in_features=128, out_features=32, bias=True)
      (5): BatchNorm1d(32, eps=1e-05, momentum=0.1, affine=True, track_running_stats=True)
      (6): ReLU()
      (7): Dropout(p=0.5, inplace=False)
      (8): Linear(in_features=32, out_features=1, bias=True)
    )
  )
)
Epoch 001 | time=3.2s | train_loss=0.6445 | val_loss=0.6500 | val_auc=0.6881
  ✓ New best model (epoch 1, val_loss=0.6500, val_auc=0.6881) saved to checkpoints/fp_lincs_vs_cnn.pt
Epoch 002 | time=2.9s | train_loss=0.5549 | val_loss=0.6200 | val_auc=0.7295
  ✓ New best model (epoch 2, val_loss=0.6200, val_auc=0.7295) saved to checkpoints/fp_lincs_vs_cnn.pt
Epoch 003 | time=2.9s | train_loss=0.5043 | val_loss=0.5946 | val_auc=0.7537
  ✓ New best model (epoch 3, val_loss=0.5946, val_auc=0.7537) saved to checkpoints/fp_lincs_vs_cnn.pt
Epoch 004 | time=2.9s | train_loss=0.4607 | val_loss=0.5810 | val_auc=0.7626
  ✓ New best model (epoch 4, val_loss=0.5810, val_auc=0.7626) saved to checkpoints/fp_lincs_vs_cnn.pt
Epoch 005 | time=2.9s | train_loss=0.4273 | val_loss=0.5722 | val_auc=0.7673
  ✓ New best model (epoch 5, val_loss=0.5722, val_auc=0.7673) saved to checkpoints/fp_lincs_vs_cnn.pt
Epoch 006 | time=2.9s | train_loss=0.3957 | val_loss=0.5681 | val_auc=0.7694
  ✓ New best model (epoch 6, val_loss=0.5681, val_auc=0.7694) saved to checkpoints/fp_lincs_vs_cnn.pt
Epoch 007 | time=2.9s | train_loss=0.3733 | val_loss=0.5581 | val_auc=0.7867
  ✓ New best model (epoch 7, val_loss=0.5581, val_auc=0.7867) saved to checkpoints/fp_lincs_vs_cnn.pt
Epoch 008 | time=2.9s | train_loss=0.3484 | val_loss=0.5469 | val_auc=0.7952
  ✓ New best model (epoch 8, val_loss=0.5469, val_auc=0.7952) saved to checkpoints/fp_lincs_vs_cnn.pt
Epoch 009 | time=2.8s | train_loss=0.3275 | val_loss=0.5447 | val_auc=0.8005
  ✓ New best model (epoch 9, val_loss=0.5447, val_auc=0.8005) saved to checkpoints/fp_lincs_vs_cnn.pt
Epoch 010 | time=2.9s | train_loss=0.3121 | val_loss=0.5529 | val_auc=0.7897
Epoch 011 | time=2.9s | train_loss=0.2970 | val_loss=0.5645 | val_auc=0.7874
Epoch 012 | time=2.9s | train_loss=0.2846 | val_loss=0.5492 | val_auc=0.8000
Epoch 013 | time=2.9s | train_loss=0.2732 | val_loss=0.5615 | val_auc=0.7967
Epoch 014 | time=2.9s | train_loss=0.2594 | val_loss=0.5621 | val_auc=0.7976
Epoch 015 | time=2.9s | train_loss=0.2484 | val_loss=0.5501 | val_auc=0.8043
  ✓ New best model (epoch 15, val_loss=0.5501, val_auc=0.8043) saved to checkpoints/fp_lincs_vs_cnn.pt
Epoch 016 | time=2.9s | train_loss=0.2319 | val_loss=0.5605 | val_auc=0.8044
  ✓ New best model (epoch 16, val_loss=0.5605, val_auc=0.8044) saved to checkpoints/fp_lincs_vs_cnn.pt
Epoch 017 | time=2.9s | train_loss=0.2280 | val_loss=0.5474 | val_auc=0.8123
  ✓ New best model (epoch 17, val_loss=0.5474, val_auc=0.8123) saved to checkpoints/fp_lincs_vs_cnn.pt
Epoch 018 | time=2.9s | train_loss=0.2229 | val_loss=0.5503 | val_auc=0.8142
  ✓ New best model (epoch 18, val_loss=0.5503, val_auc=0.8142) saved to checkpoints/fp_lincs_vs_cnn.pt
Epoch 019 | time=2.9s | train_loss=0.2163 | val_loss=0.5474 | val_auc=0.8146
  ✓ New best model (epoch 19, val_loss=0.5474, val_auc=0.8146) saved to checkpoints/fp_lincs_vs_cnn.pt
Epoch 020 | time=2.9s | train_loss=0.2119 | val_loss=0.5590 | val_auc=0.8116
Epoch 021 | time=2.9s | train_loss=0.2084 | val_loss=0.5664 | val_auc=0.8111
Epoch 022 | time=2.9s | train_loss=0.2029 | val_loss=0.5619 | val_auc=0.8128
Epoch 023 | time=2.9s | train_loss=0.2008 | val_loss=0.5589 | val_auc=0.8134
Epoch 024 | time=2.9s | train_loss=0.1977 | val_loss=0.5513 | val_auc=0.8179
  ✓ New best model (epoch 24, val_loss=0.5513, val_auc=0.8179) saved to checkpoints/fp_lincs_vs_cnn.pt
Epoch 025 | time=2.9s | train_loss=0.1932 | val_loss=0.5570 | val_auc=0.8162
Epoch 026 | time=2.9s | train_loss=0.1915 | val_loss=0.5530 | val_auc=0.8185
  ✓ New best model (epoch 26, val_loss=0.5530, val_auc=0.8185) saved to checkpoints/fp_lincs_vs_cnn.pt
Epoch 027 | time=2.9s | train_loss=0.1910 | val_loss=0.5476 | val_auc=0.8215
  ✓ New best model (epoch 27, val_loss=0.5476, val_auc=0.8215) saved to checkpoints/fp_lincs_vs_cnn.pt
Epoch 028 | time=2.9s | train_loss=0.1864 | val_loss=0.5504 | val_auc=0.8213
Epoch 029 | time=2.9s | train_loss=0.1823 | val_loss=0.5532 | val_auc=0.8215
  ✓ New best model (epoch 29, val_loss=0.5532, val_auc=0.8215) saved to checkpoints/fp_lincs_vs_cnn.pt
Epoch 030 | time=2.9s | train_loss=0.1834 | val_loss=0.5562 | val_auc=0.8225
  ✓ New best model (epoch 30, val_loss=0.5562, val_auc=0.8225) saved to checkpoints/fp_lincs_vs_cnn.pt
Epoch 031 | time=2.9s | train_loss=0.1799 | val_loss=0.5613 | val_auc=0.8195
Epoch 032 | time=2.9s | train_loss=0.1819 | val_loss=0.5562 | val_auc=0.8213
Epoch 033 | time=2.9s | train_loss=0.1803 | val_loss=0.5561 | val_auc=0.8207
Epoch 034 | time=2.9s | train_loss=0.1805 | val_loss=0.5555 | val_auc=0.8225
  ✓ New best model (epoch 34, val_loss=0.5555, val_auc=0.8225) saved to checkpoints/fp_lincs_vs_cnn.pt
Epoch 035 | time=2.9s | train_loss=0.1794 | val_loss=0.5525 | val_auc=0.8216
Epoch 036 | time=2.9s | train_loss=0.1784 | val_loss=0.5628 | val_auc=0.8203
Epoch 037 | time=2.9s | train_loss=0.1794 | val_loss=0.5625 | val_auc=0.8192
Epoch 038 | time=2.9s | train_loss=0.1777 | val_loss=0.5585 | val_auc=0.8204
Epoch 039 | time=2.9s | train_loss=0.1749 | val_loss=0.5531 | val_auc=0.8225
  ✓ New best model (epoch 39, val_loss=0.5531, val_auc=0.8225) saved to checkpoints/fp_lincs_vs_cnn.pt
Epoch 040 | time=2.9s | train_loss=0.1768 | val_loss=0.5568 | val_auc=0.8207
Epoch 041 | time=2.8s | train_loss=0.1730 | val_loss=0.5578 | val_auc=0.8214
Epoch 042 | time=2.8s | train_loss=0.1753 | val_loss=0.5586 | val_auc=0.8207
Epoch 043 | time=2.9s | train_loss=0.1731 | val_loss=0.5652 | val_auc=0.8184
Epoch 044 | time=2.9s | train_loss=0.1750 | val_loss=0.5705 | val_auc=0.8173
Epoch 045 | time=2.9s | train_loss=0.1725 | val_loss=0.5597 | val_auc=0.8222
Epoch 046 | time=2.9s | train_loss=0.1715 | val_loss=0.5618 | val_auc=0.8210
Epoch 047 | time=2.9s | train_loss=0.1724 | val_loss=0.5607 | val_auc=0.8221
Epoch 048 | time=2.9s | train_loss=0.1727 | val_loss=0.5636 | val_auc=0.8204
Epoch 049 | time=2.9s | train_loss=0.1739 | val_loss=0.5551 | val_auc=0.8238
  ✓ New best model (epoch 49, val_loss=0.5551, val_auc=0.8238) saved to checkpoints/fp_lincs_vs_cnn.pt
Epoch 050 | time=2.9s | train_loss=0.1737 | val_loss=0.5616 | val_auc=0.8209
Epoch 051 | time=2.9s | train_loss=0.1709 | val_loss=0.5640 | val_auc=0.8192
Epoch 052 | time=2.9s | train_loss=0.1708 | val_loss=0.5611 | val_auc=0.8210
Epoch 053 | time=2.9s | train_loss=0.1716 | val_loss=0.5589 | val_auc=0.8217
Epoch 054 | time=2.9s | train_loss=0.1699 | val_loss=0.5692 | val_auc=0.8189
Epoch 055 | time=2.9s | train_loss=0.1718 | val_loss=0.5585 | val_auc=0.8218
Epoch 056 | time=2.9s | train_loss=0.1715 | val_loss=0.5659 | val_auc=0.8196
Epoch 057 | time=2.9s | train_loss=0.1715 | val_loss=0.5727 | val_auc=0.8188
Epoch 058 | time=2.9s | train_loss=0.1702 | val_loss=0.5611 | val_auc=0.8211
Epoch 059 | time=2.9s | train_loss=0.1728 | val_loss=0.5680 | val_auc=0.8209
Early stopping — no improvement for 10 epochs

Best model: epoch 49, val_loss=0.5680, val_auc=0.8238

═══ Test Results ═══
           auc: 0.7449
         auprc: 0.6813
            f1: 0.6659
     precision: 0.6813
        recall: 0.6512
          loss: 0.6850
