/home/kappy/Repos/Multimodal-models-for-predicting-drug-target-interactions/.venv/lib/python3.11/site-packages/outdated/__init__.py:36: UserWarning: pkg_resources is deprecated as an API. See https://setuptools.pypa.io/en/latest/pkg_resources.html. The pkg_resources package is slated for removal as early as 2025-11-30. Refrain from using this package or pin to Setuptools<81.
  from pkg_resources import parse_version
Using device: cuda
Loading clean data from: /home/kappy/Repos/Multimodal-models-for-predicting-drug-target-interactions/src/datasets/lincs_balanced.parquet
Dataset size: 27498
Train: 19558  Val: 2885  Test: 5055
SMILES encoders:  ['FingerprintMLPEncoder', 'LincsGraphEncoder']
Protein encoders: ['ProteinCNNEncoder']
MultimodalDTI(
  (smiles_encoders): ModuleList(
    (0): FingerprintMLPEncoder(
      (mlp): Sequential(
        (0): Linear(in_features=1024, out_features=256, bias=True)
        (1): BatchNorm1d(256, eps=1e-05, momentum=0.1, affine=True, track_running_stats=True)
        (2): ReLU()
        (3): Dropout(p=0.5, inplace=False)
        (4): Linear(in_features=256, out_features=128, bias=True)
        (5): BatchNorm1d(128, eps=1e-05, momentum=0.1, affine=True, track_running_stats=True)
        (6): ReLU()
      )
    )
    (1): LincsGraphEncoder(
      (proj): Linear(in_features=1, out_features=128, bias=True)
      (convs): ModuleList(
        (0-1): 2 x DenseGCNConv(
          (linear): Linear(in_features=128, out_features=128, bias=False)
        )
      )
      (bns): ModuleList(
        (0-1): 2 x BatchNorm1d(128, eps=1e-05, momentum=0.1, affine=True, track_running_stats=True)
      )
      (pool_proj): Linear(in_features=128, out_features=128, bias=True)
    )
  )
  (protein_encoders): ModuleList(
    (0): ProteinCNNEncoder(
      (embedding): Embedding(21, 128, padding_idx=0)
      (conv_blocks): ModuleList(
        (0): Sequential(
          (0): Conv1d(128, 64, kernel_size=(3,), stride=(1,), padding=(1,))
          (1): BatchNorm1d(64, eps=1e-05, momentum=0.1, affine=True, track_running_stats=True)
          (2): ReLU()
          (3): Conv1d(64, 64, kernel_size=(3,), stride=(1,), padding=(1,))
          (4): BatchNorm1d(64, eps=1e-05, momentum=0.1, affine=True, track_running_stats=True)
          (5): ReLU()
        )
        (1): Sequential(
          (0): Conv1d(128, 64, kernel_size=(7,), stride=(1,), padding=(3,))
          (1): BatchNorm1d(64, eps=1e-05, momentum=0.1, affine=True, track_running_stats=True)
          (2): ReLU()
          (3): Conv1d(64, 64, kernel_size=(7,), stride=(1,), padding=(3,))
          (4): BatchNorm1d(64, eps=1e-05, momentum=0.1, affine=True, track_running_stats=True)
          (5): ReLU()
        )
        (2): Sequential(
          (0): Conv1d(128, 64, kernel_size=(15,), stride=(1,), padding=(7,))
          (1): BatchNorm1d(64, eps=1e-05, momentum=0.1, affine=True, track_running_stats=True)
          (2): ReLU()
          (3): Conv1d(64, 64, kernel_size=(15,), stride=(1,), padding=(7,))
          (4): BatchNorm1d(64, eps=1e-05, momentum=0.1, affine=True, track_running_stats=True)
          (5): ReLU()
        )
      )
    )
  )
  (fusion): MLPFusion(
    (classifier): Sequential(
      (0): Linear(in_features=448, out_features=128, bias=True)
      (1): BatchNorm1d(128, eps=1e-05, momentum=0.1, affine=True, track_running_stats=True)
      (2): ReLU()
      (3): Dropout(p=0.5, inplace=False)
      (4): Linear(in_features=128, out_features=32, bias=True)
      (5): BatchNorm1d(32, eps=1e-05, momentum=0.1, affine=True, track_running_stats=True)
      (6): ReLU()
      (7): Dropout(p=0.5, inplace=False)
      (8): Linear(in_features=32, out_features=1, bias=True)
    )
  )
)
Epoch 001 | time=7.3s | train_loss=0.6139 | val_loss=0.6343 | val_auc=0.7020
  ✓ New best model (epoch 1, val_loss=0.6343, val_auc=0.7020) saved to checkpoints/fp_lincs_graph_vs_cnn.pt
Epoch 002 | time=6.9s | train_loss=0.5170 | val_loss=0.5972 | val_auc=0.7597
  ✓ New best model (epoch 2, val_loss=0.5972, val_auc=0.7597) saved to checkpoints/fp_lincs_graph_vs_cnn.pt
Epoch 003 | time=6.9s | train_loss=0.4621 | val_loss=0.5895 | val_auc=0.7575
Epoch 004 | time=6.9s | train_loss=0.4204 | val_loss=0.5816 | val_auc=0.7650
  ✓ New best model (epoch 4, val_loss=0.5816, val_auc=0.7650) saved to checkpoints/fp_lincs_graph_vs_cnn.pt
Epoch 005 | time=6.9s | train_loss=0.3921 | val_loss=0.5762 | val_auc=0.7661
  ✓ New best model (epoch 5, val_loss=0.5762, val_auc=0.7661) saved to checkpoints/fp_lincs_graph_vs_cnn.pt
Epoch 006 | time=6.9s | train_loss=0.3629 | val_loss=0.5568 | val_auc=0.7917
  ✓ New best model (epoch 6, val_loss=0.5568, val_auc=0.7917) saved to checkpoints/fp_lincs_graph_vs_cnn.pt
Epoch 007 | time=6.9s | train_loss=0.3394 | val_loss=0.5520 | val_auc=0.7928
  ✓ New best model (epoch 7, val_loss=0.5520, val_auc=0.7928) saved to checkpoints/fp_lincs_graph_vs_cnn.pt
Epoch 008 | time=6.9s | train_loss=0.3188 | val_loss=0.5501 | val_auc=0.7965
  ✓ New best model (epoch 8, val_loss=0.5501, val_auc=0.7965) saved to checkpoints/fp_lincs_graph_vs_cnn.pt
Epoch 009 | time=6.9s | train_loss=0.3010 | val_loss=0.5476 | val_auc=0.7995
  ✓ New best model (epoch 9, val_loss=0.5476, val_auc=0.7995) saved to checkpoints/fp_lincs_graph_vs_cnn.pt
Epoch 010 | time=6.9s | train_loss=0.2865 | val_loss=0.5564 | val_auc=0.7927
Epoch 011 | time=6.9s | train_loss=0.2743 | val_loss=0.5543 | val_auc=0.7958
Epoch 012 | time=6.9s | train_loss=0.2599 | val_loss=0.5559 | val_auc=0.7963
Epoch 013 | time=6.9s | train_loss=0.2481 | val_loss=0.5615 | val_auc=0.8011
  ✓ New best model (epoch 13, val_loss=0.5615, val_auc=0.8011) saved to checkpoints/fp_lincs_graph_vs_cnn.pt
Epoch 014 | time=6.9s | train_loss=0.2387 | val_loss=0.5529 | val_auc=0.8076
  ✓ New best model (epoch 14, val_loss=0.5529, val_auc=0.8076) saved to checkpoints/fp_lincs_graph_vs_cnn.pt
Epoch 015 | time=6.9s | train_loss=0.2277 | val_loss=0.5389 | val_auc=0.8201
  ✓ New best model (epoch 15, val_loss=0.5389, val_auc=0.8201) saved to checkpoints/fp_lincs_graph_vs_cnn.pt
Epoch 016 | time=6.9s | train_loss=0.2206 | val_loss=0.5553 | val_auc=0.8074
Epoch 017 | time=6.9s | train_loss=0.2139 | val_loss=0.5420 | val_auc=0.8236
  ✓ New best model (epoch 17, val_loss=0.5420, val_auc=0.8236) saved to checkpoints/fp_lincs_graph_vs_cnn.pt
Epoch 018 | time=6.9s | train_loss=0.2047 | val_loss=0.5762 | val_auc=0.8142
Epoch 019 | time=6.9s | train_loss=0.1968 | val_loss=0.5893 | val_auc=0.8055
Epoch 020 | time=6.9s | train_loss=0.1911 | val_loss=0.5816 | val_auc=0.8097
Epoch 021 | time=6.9s | train_loss=0.1843 | val_loss=0.5895 | val_auc=0.8165
Epoch 022 | time=6.9s | train_loss=0.1728 | val_loss=0.5674 | val_auc=0.8223
Epoch 023 | time=6.9s | train_loss=0.1670 | val_loss=0.5850 | val_auc=0.8172
Epoch 024 | time=6.9s | train_loss=0.1656 | val_loss=0.5682 | val_auc=0.8265
  ✓ New best model (epoch 24, val_loss=0.5682, val_auc=0.8265) saved to checkpoints/fp_lincs_graph_vs_cnn.pt
Epoch 025 | time=6.9s | train_loss=0.1598 | val_loss=0.5776 | val_auc=0.8240
Epoch 026 | time=6.9s | train_loss=0.1562 | val_loss=0.5940 | val_auc=0.8250
Epoch 027 | time=6.9s | train_loss=0.1550 | val_loss=0.5844 | val_auc=0.8251
Epoch 028 | time=6.9s | train_loss=0.1508 | val_loss=0.5836 | val_auc=0.8253
Epoch 029 | time=6.9s | train_loss=0.1474 | val_loss=0.5858 | val_auc=0.8270
  ✓ New best model (epoch 29, val_loss=0.5858, val_auc=0.8270) saved to checkpoints/fp_lincs_graph_vs_cnn.pt
Epoch 030 | time=6.9s | train_loss=0.1485 | val_loss=0.5881 | val_auc=0.8271
  ✓ New best model (epoch 30, val_loss=0.5881, val_auc=0.8271) saved to checkpoints/fp_lincs_graph_vs_cnn.pt
Epoch 031 | time=6.9s | train_loss=0.1455 | val_loss=0.5875 | val_auc=0.8282
  ✓ New best model (epoch 31, val_loss=0.5875, val_auc=0.8282) saved to checkpoints/fp_lincs_graph_vs_cnn.pt
Epoch 032 | time=6.9s | train_loss=0.1429 | val_loss=0.5877 | val_auc=0.8301
  ✓ New best model (epoch 32, val_loss=0.5877, val_auc=0.8301) saved to checkpoints/fp_lincs_graph_vs_cnn.pt
Epoch 033 | time=6.9s | train_loss=0.1437 | val_loss=0.5861 | val_auc=0.8304
  ✓ New best model (epoch 33, val_loss=0.5861, val_auc=0.8304) saved to checkpoints/fp_lincs_graph_vs_cnn.pt
Epoch 034 | time=6.9s | train_loss=0.1400 | val_loss=0.5965 | val_auc=0.8274
Epoch 035 | time=6.9s | train_loss=0.1376 | val_loss=0.5801 | val_auc=0.8322
  ✓ New best model (epoch 35, val_loss=0.5801, val_auc=0.8322) saved to checkpoints/fp_lincs_graph_vs_cnn.pt
Epoch 036 | time=6.9s | train_loss=0.1385 | val_loss=0.5839 | val_auc=0.8330
  ✓ New best model (epoch 36, val_loss=0.5839, val_auc=0.8330) saved to checkpoints/fp_lincs_graph_vs_cnn.pt
Epoch 037 | time=6.9s | train_loss=0.1395 | val_loss=0.5808 | val_auc=0.8325
Epoch 038 | time=6.9s | train_loss=0.1369 | val_loss=0.5941 | val_auc=0.8283
Epoch 039 | time=6.9s | train_loss=0.1367 | val_loss=0.5896 | val_auc=0.8311
Epoch 040 | time=6.9s | train_loss=0.1292 | val_loss=0.5888 | val_auc=0.8326
Epoch 041 | time=6.9s | train_loss=0.1342 | val_loss=0.5946 | val_auc=0.8315
Epoch 042 | time=6.9s | train_loss=0.1331 | val_loss=0.5835 | val_auc=0.8324
Epoch 043 | time=6.9s | train_loss=0.1325 | val_loss=0.5840 | val_auc=0.8337
  ✓ New best model (epoch 43, val_loss=0.5840, val_auc=0.8337) saved to checkpoints/fp_lincs_graph_vs_cnn.pt
Epoch 044 | time=6.9s | train_loss=0.1313 | val_loss=0.5924 | val_auc=0.8296
Epoch 045 | time=6.9s | train_loss=0.1354 | val_loss=0.5950 | val_auc=0.8314
Epoch 046 | time=6.9s | train_loss=0.1294 | val_loss=0.5889 | val_auc=0.8324
Epoch 047 | time=6.9s | train_loss=0.1309 | val_loss=0.5871 | val_auc=0.8327
Epoch 048 | time=6.9s | train_loss=0.1306 | val_loss=0.5934 | val_auc=0.8308
Epoch 049 | time=6.9s | train_loss=0.1298 | val_loss=0.5885 | val_auc=0.8324
Epoch 050 | time=6.9s | train_loss=0.1276 | val_loss=0.5923 | val_auc=0.8312
Epoch 051 | time=6.9s | train_loss=0.1286 | val_loss=0.5878 | val_auc=0.8336
Epoch 052 | time=6.9s | train_loss=0.1292 | val_loss=0.5893 | val_auc=0.8331
Epoch 053 | time=6.9s | train_loss=0.1302 | val_loss=0.5866 | val_auc=0.8328
Early stopping — no improvement for 10 epochs

Best model: epoch 43, val_loss=0.5866, val_auc=0.8337

═══ Test Results ═══
           auc: 0.7535
         auprc: 0.7135
            f1: 0.6419
     precision: 0.6349
        recall: 0.6489
          loss: 0.7473
