Uninstalled 1 package in 7ms
Installed 1 package in 11ms
/net/storage/pr3/plgrid/plggmlcil/plgkstankie/vvv/Multimodal-models-for-predicting-drug-target-interactions/.venv/lib/python3.11/site-packages/outdated/__init__.py:36: UserWarning: pkg_resources is deprecated as an API. See https://setuptools.pypa.io/en/latest/pkg_resources.html. The pkg_resources package is slated for removal as early as 2025-11-30. Refrain from using this package or pin to Setuptools<81.
  from pkg_resources import parse_version
Setting global random seed to 1024
Using device: cuda
Loading clean data from: /net/storage/pr3/plgrid/plggmlcil/plgkstankie/vvv/Multimodal-models-for-predicting-drug-target-interactions/src/datasets/lincs_balanced.parquet
Dataset size: 27498
Train: 19558  Val: 2885  Test: 5055
SMILES encoders:  ['FingerprintMLPEncoder', 'LincsGraphEncoder']
Protein encoders: ['ProteinCNNEncoder']
MultimodalDTI(
  (smiles_encoders): ModuleList(
    (0): FingerprintMLPEncoder(
      (mlp): Sequential(
        (0): Linear(in_features=1024, out_features=256, bias=True)
        (1): BatchNorm1d(256, eps=1e-05, momentum=0.1, affine=True, track_running_stats=True)
        (2): ReLU()
        (3): Dropout(p=0.5, inplace=False)
        (4): Linear(in_features=256, out_features=128, bias=True)
        (5): BatchNorm1d(128, eps=1e-05, momentum=0.1, affine=True, track_running_stats=True)
        (6): ReLU()
      )
    )
    (1): LincsGraphEncoder(
      (proj): Linear(in_features=1, out_features=128, bias=True)
      (convs): ModuleList(
        (0-1): 2 x DenseGCNConv(
          (linear): Linear(in_features=128, out_features=128, bias=False)
        )
      )
      (bns): ModuleList(
        (0-1): 2 x BatchNorm1d(128, eps=1e-05, momentum=0.1, affine=True, track_running_stats=True)
      )
      (pool_proj): Linear(in_features=128, out_features=128, bias=True)
    )
  )
  (protein_encoders): ModuleList(
    (0): ProteinCNNEncoder(
      (embedding): Embedding(21, 128, padding_idx=0)
      (conv_blocks): ModuleList(
        (0): Sequential(
          (0): Conv1d(128, 64, kernel_size=(3,), stride=(1,), padding=(1,))
          (1): BatchNorm1d(64, eps=1e-05, momentum=0.1, affine=True, track_running_stats=True)
          (2): ReLU()
          (3): Conv1d(64, 64, kernel_size=(3,), stride=(1,), padding=(1,))
          (4): BatchNorm1d(64, eps=1e-05, momentum=0.1, affine=True, track_running_stats=True)
          (5): ReLU()
        )
        (1): Sequential(
          (0): Conv1d(128, 64, kernel_size=(7,), stride=(1,), padding=(3,))
          (1): BatchNorm1d(64, eps=1e-05, momentum=0.1, affine=True, track_running_stats=True)
          (2): ReLU()
          (3): Conv1d(64, 64, kernel_size=(7,), stride=(1,), padding=(3,))
          (4): BatchNorm1d(64, eps=1e-05, momentum=0.1, affine=True, track_running_stats=True)
          (5): ReLU()
        )
        (2): Sequential(
          (0): Conv1d(128, 64, kernel_size=(15,), stride=(1,), padding=(7,))
          (1): BatchNorm1d(64, eps=1e-05, momentum=0.1, affine=True, track_running_stats=True)
          (2): ReLU()
          (3): Conv1d(64, 64, kernel_size=(15,), stride=(1,), padding=(7,))
          (4): BatchNorm1d(64, eps=1e-05, momentum=0.1, affine=True, track_running_stats=True)
          (5): ReLU()
        )
      )
    )
  )
  (fusion): MLPFusion(
    (classifier): Sequential(
      (0): Linear(in_features=448, out_features=128, bias=True)
      (1): BatchNorm1d(128, eps=1e-05, momentum=0.1, affine=True, track_running_stats=True)
      (2): ReLU()
      (3): Dropout(p=0.5, inplace=False)
      (4): Linear(in_features=128, out_features=32, bias=True)
      (5): BatchNorm1d(32, eps=1e-05, momentum=0.1, affine=True, track_running_stats=True)
      (6): ReLU()
      (7): Dropout(p=0.5, inplace=False)
      (8): Linear(in_features=32, out_features=1, bias=True)
    )
  )
)
Epoch 001 | time=3.6s | train_loss=0.6291 | val_loss=0.6483 | val_auc=0.6875
  ✓ New best model (epoch 1, val_loss=0.6483, val_auc=0.6875) saved to checkpoints/fp_lincs_graph_vs_cnn_seed1024.pt
Epoch 002 | time=2.9s | train_loss=0.5253 | val_loss=0.6213 | val_auc=0.7287
  ✓ New best model (epoch 2, val_loss=0.6213, val_auc=0.7287) saved to checkpoints/fp_lincs_graph_vs_cnn_seed1024.pt
Epoch 003 | time=2.9s | train_loss=0.4746 | val_loss=0.5976 | val_auc=0.7561
  ✓ New best model (epoch 3, val_loss=0.5976, val_auc=0.7561) saved to checkpoints/fp_lincs_graph_vs_cnn_seed1024.pt
Epoch 004 | time=2.9s | train_loss=0.4346 | val_loss=0.5832 | val_auc=0.7763
  ✓ New best model (epoch 4, val_loss=0.5832, val_auc=0.7763) saved to checkpoints/fp_lincs_graph_vs_cnn_seed1024.pt
Epoch 005 | time=2.9s | train_loss=0.4015 | val_loss=0.5832 | val_auc=0.7768
  ✓ New best model (epoch 5, val_loss=0.5832, val_auc=0.7768) saved to checkpoints/fp_lincs_graph_vs_cnn_seed1024.pt
Epoch 006 | time=2.9s | train_loss=0.3765 | val_loss=0.5633 | val_auc=0.8009
  ✓ New best model (epoch 6, val_loss=0.5633, val_auc=0.8009) saved to checkpoints/fp_lincs_graph_vs_cnn_seed1024.pt
Epoch 007 | time=2.9s | train_loss=0.3537 | val_loss=0.5816 | val_auc=0.7813
Epoch 008 | time=2.9s | train_loss=0.3329 | val_loss=0.5750 | val_auc=0.7942
Epoch 009 | time=2.9s | train_loss=0.3154 | val_loss=0.5725 | val_auc=0.7960
Epoch 010 | time=2.9s | train_loss=0.2965 | val_loss=0.5643 | val_auc=0.8001
Epoch 011 | time=2.9s | train_loss=0.2828 | val_loss=0.5628 | val_auc=0.8021
  ✓ New best model (epoch 11, val_loss=0.5628, val_auc=0.8021) saved to checkpoints/fp_lincs_graph_vs_cnn_seed1024.pt
Epoch 012 | time=2.9s | train_loss=0.2688 | val_loss=0.5828 | val_auc=0.7866
Epoch 013 | time=2.9s | train_loss=0.2578 | val_loss=0.5614 | val_auc=0.8119
  ✓ New best model (epoch 13, val_loss=0.5614, val_auc=0.8119) saved to checkpoints/fp_lincs_graph_vs_cnn_seed1024.pt
Epoch 014 | time=2.9s | train_loss=0.2459 | val_loss=0.5496 | val_auc=0.8176
  ✓ New best model (epoch 14, val_loss=0.5496, val_auc=0.8176) saved to checkpoints/fp_lincs_graph_vs_cnn_seed1024.pt
Epoch 015 | time=2.9s | train_loss=0.2358 | val_loss=0.5611 | val_auc=0.8179
  ✓ New best model (epoch 15, val_loss=0.5611, val_auc=0.8179) saved to checkpoints/fp_lincs_graph_vs_cnn_seed1024.pt
Epoch 016 | time=2.9s | train_loss=0.2274 | val_loss=0.5716 | val_auc=0.8129
Epoch 017 | time=2.9s | train_loss=0.2179 | val_loss=0.5711 | val_auc=0.8199
  ✓ New best model (epoch 17, val_loss=0.5711, val_auc=0.8199) saved to checkpoints/fp_lincs_graph_vs_cnn_seed1024.pt
Epoch 018 | time=2.9s | train_loss=0.2076 | val_loss=0.5860 | val_auc=0.8116
Epoch 019 | time=3.0s | train_loss=0.2042 | val_loss=0.5763 | val_auc=0.8184
Epoch 020 | time=2.9s | train_loss=0.1972 | val_loss=0.5834 | val_auc=0.8177
Epoch 021 | time=2.9s | train_loss=0.1835 | val_loss=0.5832 | val_auc=0.8178
Epoch 022 | time=2.9s | train_loss=0.1808 | val_loss=0.5854 | val_auc=0.8238
  ✓ New best model (epoch 22, val_loss=0.5854, val_auc=0.8238) saved to checkpoints/fp_lincs_graph_vs_cnn_seed1024.pt
Epoch 023 | time=2.9s | train_loss=0.1758 | val_loss=0.5849 | val_auc=0.8221
Epoch 024 | time=2.9s | train_loss=0.1720 | val_loss=0.5864 | val_auc=0.8212
Epoch 025 | time=2.9s | train_loss=0.1696 | val_loss=0.5820 | val_auc=0.8274
  ✓ New best model (epoch 25, val_loss=0.5820, val_auc=0.8274) saved to checkpoints/fp_lincs_graph_vs_cnn_seed1024.pt
Epoch 026 | time=2.9s | train_loss=0.1641 | val_loss=0.5833 | val_auc=0.8259
Epoch 027 | time=2.9s | train_loss=0.1579 | val_loss=0.5988 | val_auc=0.8268
Epoch 028 | time=2.9s | train_loss=0.1565 | val_loss=0.5969 | val_auc=0.8244
Epoch 029 | time=2.9s | train_loss=0.1579 | val_loss=0.5959 | val_auc=0.8274
Epoch 030 | time=2.9s | train_loss=0.1530 | val_loss=0.5969 | val_auc=0.8292
  ✓ New best model (epoch 30, val_loss=0.5969, val_auc=0.8292) saved to checkpoints/fp_lincs_graph_vs_cnn_seed1024.pt
Epoch 031 | time=2.9s | train_loss=0.1507 | val_loss=0.5982 | val_auc=0.8314
  ✓ New best model (epoch 31, val_loss=0.5982, val_auc=0.8314) saved to checkpoints/fp_lincs_graph_vs_cnn_seed1024.pt
Epoch 032 | time=2.9s | train_loss=0.1516 | val_loss=0.5989 | val_auc=0.8276
Epoch 033 | time=2.9s | train_loss=0.1489 | val_loss=0.5927 | val_auc=0.8293
Epoch 034 | time=2.9s | train_loss=0.1435 | val_loss=0.5930 | val_auc=0.8314
  ✓ New best model (epoch 34, val_loss=0.5930, val_auc=0.8314) saved to checkpoints/fp_lincs_graph_vs_cnn_seed1024.pt
Epoch 035 | time=2.9s | train_loss=0.1429 | val_loss=0.5948 | val_auc=0.8276
Epoch 036 | time=2.9s | train_loss=0.1454 | val_loss=0.5990 | val_auc=0.8308
Epoch 037 | time=2.9s | train_loss=0.1427 | val_loss=0.6075 | val_auc=0.8253
Epoch 038 | time=2.9s | train_loss=0.1449 | val_loss=0.6004 | val_auc=0.8273
Epoch 039 | time=2.9s | train_loss=0.1422 | val_loss=0.6013 | val_auc=0.8280
Epoch 040 | time=2.9s | train_loss=0.1404 | val_loss=0.6038 | val_auc=0.8276
Epoch 041 | time=2.9s | train_loss=0.1416 | val_loss=0.6001 | val_auc=0.8299
Epoch 042 | time=2.9s | train_loss=0.1373 | val_loss=0.6027 | val_auc=0.8299
Epoch 043 | time=2.9s | train_loss=0.1393 | val_loss=0.6062 | val_auc=0.8282
Epoch 044 | time=2.9s | train_loss=0.1369 | val_loss=0.6046 | val_auc=0.8270
Early stopping — no improvement for 10 epochs

Best model: epoch 34, val_loss=0.6046, val_auc=0.8314

═══ Test Results ═══
           auc: 0.7383
         auprc: 0.6702
            f1: 0.6518
     precision: 0.6325
        recall: 0.6724
          loss: 0.7840
