Uninstalled 1 package in 8ms
Installed 1 package in 11ms
/net/storage/pr3/plgrid/plggmlcil/plgkstankie/vvv/Multimodal-models-for-predicting-drug-target-interactions/.venv/lib/python3.11/site-packages/outdated/__init__.py:36: UserWarning: pkg_resources is deprecated as an API. See https://setuptools.pypa.io/en/latest/pkg_resources.html. The pkg_resources package is slated for removal as early as 2025-11-30. Refrain from using this package or pin to Setuptools<81.
  from pkg_resources import parse_version
Setting global random seed to 42
Using device: cuda
Loading clean data from: /net/storage/pr3/plgrid/plggmlcil/plgkstankie/vvv/Multimodal-models-for-predicting-drug-target-interactions/src/datasets/lincs_balanced.parquet
Dataset size: 27498
Train: 19558  Val: 2885  Test: 5055
SMILES encoders:  ['FingerprintMLPEncoder', 'LincsGraphEncoder']
Protein encoders: ['ProteinCNNEncoder']
MultimodalDTI(
  (smiles_encoders): ModuleList(
    (0): FingerprintMLPEncoder(
      (mlp): Sequential(
        (0): Linear(in_features=1024, out_features=256, bias=True)
        (1): BatchNorm1d(256, eps=1e-05, momentum=0.1, affine=True, track_running_stats=True)
        (2): ReLU()
        (3): Dropout(p=0.5, inplace=False)
        (4): Linear(in_features=256, out_features=128, bias=True)
        (5): BatchNorm1d(128, eps=1e-05, momentum=0.1, affine=True, track_running_stats=True)
        (6): ReLU()
      )
    )
    (1): LincsGraphEncoder(
      (proj): Linear(in_features=1, out_features=128, bias=True)
      (convs): ModuleList(
        (0-1): 2 x DenseGCNConv(
          (linear): Linear(in_features=128, out_features=128, bias=False)
        )
      )
      (bns): ModuleList(
        (0-1): 2 x BatchNorm1d(128, eps=1e-05, momentum=0.1, affine=True, track_running_stats=True)
      )
      (pool_proj): Linear(in_features=128, out_features=128, bias=True)
    )
  )
  (protein_encoders): ModuleList(
    (0): ProteinCNNEncoder(
      (embedding): Embedding(21, 128, padding_idx=0)
      (conv_blocks): ModuleList(
        (0): Sequential(
          (0): Conv1d(128, 64, kernel_size=(3,), stride=(1,), padding=(1,))
          (1): BatchNorm1d(64, eps=1e-05, momentum=0.1, affine=True, track_running_stats=True)
          (2): ReLU()
          (3): Conv1d(64, 64, kernel_size=(3,), stride=(1,), padding=(1,))
          (4): BatchNorm1d(64, eps=1e-05, momentum=0.1, affine=True, track_running_stats=True)
          (5): ReLU()
        )
        (1): Sequential(
          (0): Conv1d(128, 64, kernel_size=(7,), stride=(1,), padding=(3,))
          (1): BatchNorm1d(64, eps=1e-05, momentum=0.1, affine=True, track_running_stats=True)
          (2): ReLU()
          (3): Conv1d(64, 64, kernel_size=(7,), stride=(1,), padding=(3,))
          (4): BatchNorm1d(64, eps=1e-05, momentum=0.1, affine=True, track_running_stats=True)
          (5): ReLU()
        )
        (2): Sequential(
          (0): Conv1d(128, 64, kernel_size=(15,), stride=(1,), padding=(7,))
          (1): BatchNorm1d(64, eps=1e-05, momentum=0.1, affine=True, track_running_stats=True)
          (2): ReLU()
          (3): Conv1d(64, 64, kernel_size=(15,), stride=(1,), padding=(7,))
          (4): BatchNorm1d(64, eps=1e-05, momentum=0.1, affine=True, track_running_stats=True)
          (5): ReLU()
        )
      )
    )
  )
  (fusion): MLPFusion(
    (classifier): Sequential(
      (0): Linear(in_features=448, out_features=128, bias=True)
      (1): BatchNorm1d(128, eps=1e-05, momentum=0.1, affine=True, track_running_stats=True)
      (2): ReLU()
      (3): Dropout(p=0.5, inplace=False)
      (4): Linear(in_features=128, out_features=32, bias=True)
      (5): BatchNorm1d(32, eps=1e-05, momentum=0.1, affine=True, track_running_stats=True)
      (6): ReLU()
      (7): Dropout(p=0.5, inplace=False)
      (8): Linear(in_features=32, out_features=1, bias=True)
    )
  )
)
Epoch 001 | time=3.8s | train_loss=0.6358 | val_loss=0.6553 | val_auc=0.6748
  ✓ New best model (epoch 1, val_loss=0.6553, val_auc=0.6748) saved to checkpoints/fp_lincs_graph_vs_cnn_seed42.pt
Epoch 002 | time=2.9s | train_loss=0.5315 | val_loss=0.6241 | val_auc=0.7317
  ✓ New best model (epoch 2, val_loss=0.6241, val_auc=0.7317) saved to checkpoints/fp_lincs_graph_vs_cnn_seed42.pt
Epoch 003 | time=2.9s | train_loss=0.4776 | val_loss=0.6138 | val_auc=0.7396
  ✓ New best model (epoch 3, val_loss=0.6138, val_auc=0.7396) saved to checkpoints/fp_lincs_graph_vs_cnn_seed42.pt
Epoch 004 | time=2.9s | train_loss=0.4366 | val_loss=0.5968 | val_auc=0.7591
  ✓ New best model (epoch 4, val_loss=0.5968, val_auc=0.7591) saved to checkpoints/fp_lincs_graph_vs_cnn_seed42.pt
Epoch 005 | time=2.9s | train_loss=0.4066 | val_loss=0.5899 | val_auc=0.7700
  ✓ New best model (epoch 5, val_loss=0.5899, val_auc=0.7700) saved to checkpoints/fp_lincs_graph_vs_cnn_seed42.pt
Epoch 006 | time=2.9s | train_loss=0.3797 | val_loss=0.5951 | val_auc=0.7697
Epoch 007 | time=2.9s | train_loss=0.3573 | val_loss=0.5812 | val_auc=0.7801
  ✓ New best model (epoch 7, val_loss=0.5812, val_auc=0.7801) saved to checkpoints/fp_lincs_graph_vs_cnn_seed42.pt
Epoch 008 | time=2.9s | train_loss=0.3372 | val_loss=0.5868 | val_auc=0.7758
Epoch 009 | time=2.9s | train_loss=0.3170 | val_loss=0.5755 | val_auc=0.7876
  ✓ New best model (epoch 9, val_loss=0.5755, val_auc=0.7876) saved to checkpoints/fp_lincs_graph_vs_cnn_seed42.pt
Epoch 010 | time=2.9s | train_loss=0.3005 | val_loss=0.5711 | val_auc=0.7955
  ✓ New best model (epoch 10, val_loss=0.5711, val_auc=0.7955) saved to checkpoints/fp_lincs_graph_vs_cnn_seed42.pt
Epoch 011 | time=2.9s | train_loss=0.2848 | val_loss=0.5848 | val_auc=0.7835
Epoch 012 | time=2.9s | train_loss=0.2707 | val_loss=0.5782 | val_auc=0.7917
Epoch 013 | time=2.9s | train_loss=0.2602 | val_loss=0.5648 | val_auc=0.8014
  ✓ New best model (epoch 13, val_loss=0.5648, val_auc=0.8014) saved to checkpoints/fp_lincs_graph_vs_cnn_seed42.pt
Epoch 014 | time=2.9s | train_loss=0.2452 | val_loss=0.5877 | val_auc=0.7965
Epoch 015 | time=2.9s | train_loss=0.2390 | val_loss=0.5752 | val_auc=0.8065
  ✓ New best model (epoch 15, val_loss=0.5752, val_auc=0.8065) saved to checkpoints/fp_lincs_graph_vs_cnn_seed42.pt
Epoch 016 | time=2.9s | train_loss=0.2268 | val_loss=0.6018 | val_auc=0.7920
Epoch 017 | time=2.9s | train_loss=0.2189 | val_loss=0.6301 | val_auc=0.7772
Epoch 018 | time=2.9s | train_loss=0.2116 | val_loss=0.5941 | val_auc=0.8030
Epoch 019 | time=3.0s | train_loss=0.2052 | val_loss=0.6359 | val_auc=0.7894
Epoch 020 | time=2.9s | train_loss=0.1922 | val_loss=0.6140 | val_auc=0.7979
Epoch 021 | time=2.9s | train_loss=0.1875 | val_loss=0.6116 | val_auc=0.7995
Epoch 022 | time=2.9s | train_loss=0.1813 | val_loss=0.6142 | val_auc=0.8001
Epoch 023 | time=2.9s | train_loss=0.1767 | val_loss=0.6082 | val_auc=0.8057
Epoch 024 | time=2.9s | train_loss=0.1750 | val_loss=0.6058 | val_auc=0.8091
  ✓ New best model (epoch 24, val_loss=0.6058, val_auc=0.8091) saved to checkpoints/fp_lincs_graph_vs_cnn_seed42.pt
Epoch 025 | time=2.9s | train_loss=0.1754 | val_loss=0.6449 | val_auc=0.7954
Epoch 026 | time=2.9s | train_loss=0.1658 | val_loss=0.6204 | val_auc=0.8087
Epoch 027 | time=2.9s | train_loss=0.1665 | val_loss=0.6219 | val_auc=0.8085
Epoch 028 | time=2.9s | train_loss=0.1618 | val_loss=0.6105 | val_auc=0.8135
  ✓ New best model (epoch 28, val_loss=0.6105, val_auc=0.8135) saved to checkpoints/fp_lincs_graph_vs_cnn_seed42.pt
Epoch 029 | time=2.9s | train_loss=0.1615 | val_loss=0.6200 | val_auc=0.8095
Epoch 030 | time=2.9s | train_loss=0.1598 | val_loss=0.6358 | val_auc=0.8089
Epoch 031 | time=2.9s | train_loss=0.1547 | val_loss=0.6181 | val_auc=0.8132
Epoch 032 | time=2.9s | train_loss=0.1512 | val_loss=0.6231 | val_auc=0.8109
Epoch 033 | time=2.9s | train_loss=0.1512 | val_loss=0.6188 | val_auc=0.8134
Epoch 034 | time=2.9s | train_loss=0.1526 | val_loss=0.6222 | val_auc=0.8148
  ✓ New best model (epoch 34, val_loss=0.6222, val_auc=0.8148) saved to checkpoints/fp_lincs_graph_vs_cnn_seed42.pt
Epoch 035 | time=2.9s | train_loss=0.1502 | val_loss=0.6344 | val_auc=0.8079
Epoch 036 | time=2.9s | train_loss=0.1493 | val_loss=0.6311 | val_auc=0.8075
Epoch 037 | time=2.9s | train_loss=0.1458 | val_loss=0.6309 | val_auc=0.8112
Epoch 038 | time=2.9s | train_loss=0.1495 | val_loss=0.6367 | val_auc=0.8102
Epoch 039 | time=2.9s | train_loss=0.1487 | val_loss=0.6308 | val_auc=0.8113
Epoch 040 | time=2.9s | train_loss=0.1470 | val_loss=0.6346 | val_auc=0.8091
Epoch 041 | time=2.9s | train_loss=0.1464 | val_loss=0.6323 | val_auc=0.8109
Epoch 042 | time=2.9s | train_loss=0.1459 | val_loss=0.6239 | val_auc=0.8141
Epoch 043 | time=2.9s | train_loss=0.1457 | val_loss=0.6308 | val_auc=0.8123
Epoch 044 | time=2.9s | train_loss=0.1435 | val_loss=0.6347 | val_auc=0.8108
Early stopping — no improvement for 10 epochs

Best model: epoch 34, val_loss=0.6347, val_auc=0.8148

═══ Test Results ═══
           auc: 0.7601
         auprc: 0.7028
            f1: 0.6762
     precision: 0.6720
        recall: 0.6805
          loss: 0.7158
