Uninstalled 1 package in 7ms
Installed 1 package in 11ms
/net/storage/pr3/plgrid/plggmlcil/plgkstankie/vvv/Multimodal-models-for-predicting-drug-target-interactions/.venv/lib/python3.11/site-packages/outdated/__init__.py:36: UserWarning: pkg_resources is deprecated as an API. See https://setuptools.pypa.io/en/latest/pkg_resources.html. The pkg_resources package is slated for removal as early as 2025-11-30. Refrain from using this package or pin to Setuptools<81.
  from pkg_resources import parse_version
Setting global random seed to 42
Using device: cuda
Loading clean data from: /net/storage/pr3/plgrid/plggmlcil/plgkstankie/vvv/Multimodal-models-for-predicting-drug-target-interactions/src/datasets/lincs_balanced.parquet
Dataset size: 27498
Train: 19558  Val: 2885  Test: 5055
SMILES encoders:  ['FingerprintMLPEncoder']
Protein encoders: ['ProteinCNNEncoder']
MultimodalDTI(
  (smiles_encoders): ModuleList(
    (0): FingerprintMLPEncoder(
      (mlp): Sequential(
        (0): Linear(in_features=1024, out_features=256, bias=True)
        (1): BatchNorm1d(256, eps=1e-05, momentum=0.1, affine=True, track_running_stats=True)
        (2): ReLU()
        (3): Dropout(p=0.5, inplace=False)
        (4): Linear(in_features=256, out_features=128, bias=True)
        (5): BatchNorm1d(128, eps=1e-05, momentum=0.1, affine=True, track_running_stats=True)
        (6): ReLU()
      )
    )
  )
  (protein_encoders): ModuleList(
    (0): ProteinCNNEncoder(
      (embedding): Embedding(21, 128, padding_idx=0)
      (conv_blocks): ModuleList(
        (0): Sequential(
          (0): Conv1d(128, 64, kernel_size=(3,), stride=(1,), padding=(1,))
          (1): BatchNorm1d(64, eps=1e-05, momentum=0.1, affine=True, track_running_stats=True)
          (2): ReLU()
          (3): Conv1d(64, 64, kernel_size=(3,), stride=(1,), padding=(1,))
          (4): BatchNorm1d(64, eps=1e-05, momentum=0.1, affine=True, track_running_stats=True)
          (5): ReLU()
        )
        (1): Sequential(
          (0): Conv1d(128, 64, kernel_size=(7,), stride=(1,), padding=(3,))
          (1): BatchNorm1d(64, eps=1e-05, momentum=0.1, affine=True, track_running_stats=True)
          (2): ReLU()
          (3): Conv1d(64, 64, kernel_size=(7,), stride=(1,), padding=(3,))
          (4): BatchNorm1d(64, eps=1e-05, momentum=0.1, affine=True, track_running_stats=True)
          (5): ReLU()
        )
        (2): Sequential(
          (0): Conv1d(128, 64, kernel_size=(15,), stride=(1,), padding=(7,))
          (1): BatchNorm1d(64, eps=1e-05, momentum=0.1, affine=True, track_running_stats=True)
          (2): ReLU()
          (3): Conv1d(64, 64, kernel_size=(15,), stride=(1,), padding=(7,))
          (4): BatchNorm1d(64, eps=1e-05, momentum=0.1, affine=True, track_running_stats=True)
          (5): ReLU()
        )
      )
    )
  )
  (fusion): MLPFusion(
    (classifier): Sequential(
      (0): Linear(in_features=320, out_features=128, bias=True)
      (1): BatchNorm1d(128, eps=1e-05, momentum=0.1, affine=True, track_running_stats=True)
      (2): ReLU()
      (3): Dropout(p=0.5, inplace=False)
      (4): Linear(in_features=128, out_features=32, bias=True)
      (5): BatchNorm1d(32, eps=1e-05, momentum=0.1, affine=True, track_running_stats=True)
      (6): ReLU()
      (7): Dropout(p=0.5, inplace=False)
      (8): Linear(in_features=32, out_features=1, bias=True)
    )
  )
)
Epoch 001 | time=12.3s | train_loss=0.6161 | val_loss=0.6321 | val_auc=0.7001
  ✓ New best model (epoch 1, val_loss=0.6321, val_auc=0.7001) saved to checkpoints/fp_vs_cnn_seed42.pt
Epoch 002 | time=2.1s | train_loss=0.5211 | val_loss=0.5983 | val_auc=0.7472
  ✓ New best model (epoch 2, val_loss=0.5983, val_auc=0.7472) saved to checkpoints/fp_vs_cnn_seed42.pt
Epoch 003 | time=2.1s | train_loss=0.4660 | val_loss=0.5778 | val_auc=0.7713
  ✓ New best model (epoch 3, val_loss=0.5778, val_auc=0.7713) saved to checkpoints/fp_vs_cnn_seed42.pt
Epoch 004 | time=2.2s | train_loss=0.4274 | val_loss=0.5688 | val_auc=0.7793
  ✓ New best model (epoch 4, val_loss=0.5688, val_auc=0.7793) saved to checkpoints/fp_vs_cnn_seed42.pt
Epoch 005 | time=2.2s | train_loss=0.3950 | val_loss=0.5569 | val_auc=0.7884
  ✓ New best model (epoch 5, val_loss=0.5569, val_auc=0.7884) saved to checkpoints/fp_vs_cnn_seed42.pt
Epoch 006 | time=2.1s | train_loss=0.3689 | val_loss=0.5561 | val_auc=0.7916
  ✓ New best model (epoch 6, val_loss=0.5561, val_auc=0.7916) saved to checkpoints/fp_vs_cnn_seed42.pt
Epoch 007 | time=2.1s | train_loss=0.3458 | val_loss=0.5431 | val_auc=0.8025
  ✓ New best model (epoch 7, val_loss=0.5431, val_auc=0.8025) saved to checkpoints/fp_vs_cnn_seed42.pt
Epoch 008 | time=2.1s | train_loss=0.3252 | val_loss=0.5424 | val_auc=0.8002
Epoch 009 | time=2.1s | train_loss=0.3045 | val_loss=0.5343 | val_auc=0.8085
  ✓ New best model (epoch 9, val_loss=0.5343, val_auc=0.8085) saved to checkpoints/fp_vs_cnn_seed42.pt
Epoch 010 | time=2.1s | train_loss=0.2891 | val_loss=0.5535 | val_auc=0.7974
Epoch 011 | time=2.1s | train_loss=0.2730 | val_loss=0.5365 | val_auc=0.8112
  ✓ New best model (epoch 11, val_loss=0.5365, val_auc=0.8112) saved to checkpoints/fp_vs_cnn_seed42.pt
Epoch 012 | time=2.1s | train_loss=0.2620 | val_loss=0.5463 | val_auc=0.8138
  ✓ New best model (epoch 12, val_loss=0.5463, val_auc=0.8138) saved to checkpoints/fp_vs_cnn_seed42.pt
Epoch 013 | time=2.1s | train_loss=0.2500 | val_loss=0.5489 | val_auc=0.8076
Epoch 014 | time=2.1s | train_loss=0.2396 | val_loss=0.5510 | val_auc=0.8130
Epoch 015 | time=2.1s | train_loss=0.2330 | val_loss=0.5551 | val_auc=0.8122
Epoch 016 | time=2.1s | train_loss=0.2189 | val_loss=0.5497 | val_auc=0.8131
Epoch 017 | time=2.1s | train_loss=0.2102 | val_loss=0.5537 | val_auc=0.8188
  ✓ New best model (epoch 17, val_loss=0.5537, val_auc=0.8188) saved to checkpoints/fp_vs_cnn_seed42.pt
Epoch 018 | time=2.1s | train_loss=0.2067 | val_loss=0.5507 | val_auc=0.8209
  ✓ New best model (epoch 18, val_loss=0.5507, val_auc=0.8209) saved to checkpoints/fp_vs_cnn_seed42.pt
Epoch 019 | time=2.1s | train_loss=0.2041 | val_loss=0.5515 | val_auc=0.8207
Epoch 020 | time=2.1s | train_loss=0.1969 | val_loss=0.5539 | val_auc=0.8199
Epoch 021 | time=2.1s | train_loss=0.1949 | val_loss=0.5497 | val_auc=0.8228
  ✓ New best model (epoch 21, val_loss=0.5497, val_auc=0.8228) saved to checkpoints/fp_vs_cnn_seed42.pt
Epoch 022 | time=2.1s | train_loss=0.1885 | val_loss=0.5659 | val_auc=0.8185
Epoch 023 | time=2.1s | train_loss=0.1884 | val_loss=0.5602 | val_auc=0.8213
Epoch 024 | time=2.1s | train_loss=0.1849 | val_loss=0.5640 | val_auc=0.8179
Epoch 025 | time=2.1s | train_loss=0.1801 | val_loss=0.5652 | val_auc=0.8205
Epoch 026 | time=2.1s | train_loss=0.1799 | val_loss=0.5605 | val_auc=0.8212
Epoch 027 | time=2.1s | train_loss=0.1757 | val_loss=0.5649 | val_auc=0.8219
Epoch 028 | time=2.1s | train_loss=0.1731 | val_loss=0.5676 | val_auc=0.8205
Epoch 029 | time=2.1s | train_loss=0.1721 | val_loss=0.5694 | val_auc=0.8200
Epoch 030 | time=2.1s | train_loss=0.1684 | val_loss=0.5643 | val_auc=0.8217
Epoch 031 | time=2.1s | train_loss=0.1691 | val_loss=0.5723 | val_auc=0.8218
Early stopping — no improvement for 10 epochs

Best model: epoch 21, val_loss=0.5723, val_auc=0.8228

═══ Test Results ═══
           auc: 0.7371
         auprc: 0.7045
            f1: 0.6389
     precision: 0.6340
        recall: 0.6440
          loss: 0.7020
