Uninstalled 1 package in 17ms
Installed 1 package in 117ms
/net/storage/pr3/plgrid/plggmlcil/plgkstankie/vvv/Multimodal-models-for-predicting-drug-target-interactions/.venv/lib/python3.11/site-packages/outdated/__init__.py:36: UserWarning: pkg_resources is deprecated as an API. See https://setuptools.pypa.io/en/latest/pkg_resources.html. The pkg_resources package is slated for removal as early as 2025-11-30. Refrain from using this package or pin to Setuptools<81.
  from pkg_resources import parse_version
Setting global random seed to 123
Using device: cuda
Loading clean data from: /net/storage/pr3/plgrid/plggmlcil/plgkstankie/vvv/Multimodal-models-for-predicting-drug-target-interactions/src/datasets/lincs_balanced.parquet
Dataset size: 27498
Train: 19558  Val: 2885  Test: 5055
SMILES encoders:  ['FingerprintMLPEncoder']
Protein encoders: ['ProteinCNNEncoder']
MultimodalDTI(
  (smiles_encoders): ModuleList(
    (0): FingerprintMLPEncoder(
      (mlp): Sequential(
        (0): Linear(in_features=1024, out_features=256, bias=True)
        (1): BatchNorm1d(256, eps=1e-05, momentum=0.1, affine=True, track_running_stats=True)
        (2): ReLU()
        (3): Dropout(p=0.5, inplace=False)
        (4): Linear(in_features=256, out_features=128, bias=True)
        (5): BatchNorm1d(128, eps=1e-05, momentum=0.1, affine=True, track_running_stats=True)
        (6): ReLU()
      )
    )
  )
  (protein_encoders): ModuleList(
    (0): ProteinCNNEncoder(
      (embedding): Embedding(21, 128, padding_idx=0)
      (conv_blocks): ModuleList(
        (0): Sequential(
          (0): Conv1d(128, 64, kernel_size=(3,), stride=(1,), padding=(1,))
          (1): BatchNorm1d(64, eps=1e-05, momentum=0.1, affine=True, track_running_stats=True)
          (2): ReLU()
          (3): Conv1d(64, 64, kernel_size=(3,), stride=(1,), padding=(1,))
          (4): BatchNorm1d(64, eps=1e-05, momentum=0.1, affine=True, track_running_stats=True)
          (5): ReLU()
        )
        (1): Sequential(
          (0): Conv1d(128, 64, kernel_size=(7,), stride=(1,), padding=(3,))
          (1): BatchNorm1d(64, eps=1e-05, momentum=0.1, affine=True, track_running_stats=True)
          (2): ReLU()
          (3): Conv1d(64, 64, kernel_size=(7,), stride=(1,), padding=(3,))
          (4): BatchNorm1d(64, eps=1e-05, momentum=0.1, affine=True, track_running_stats=True)
          (5): ReLU()
        )
        (2): Sequential(
          (0): Conv1d(128, 64, kernel_size=(15,), stride=(1,), padding=(7,))
          (1): BatchNorm1d(64, eps=1e-05, momentum=0.1, affine=True, track_running_stats=True)
          (2): ReLU()
          (3): Conv1d(64, 64, kernel_size=(15,), stride=(1,), padding=(7,))
          (4): BatchNorm1d(64, eps=1e-05, momentum=0.1, affine=True, track_running_stats=True)
          (5): ReLU()
        )
      )
    )
  )
  (fusion): MLPFusion(
    (classifier): Sequential(
      (0): Linear(in_features=320, out_features=128, bias=True)
      (1): BatchNorm1d(128, eps=1e-05, momentum=0.1, affine=True, track_running_stats=True)
      (2): ReLU()
      (3): Dropout(p=0.5, inplace=False)
      (4): Linear(in_features=128, out_features=32, bias=True)
      (5): BatchNorm1d(32, eps=1e-05, momentum=0.1, affine=True, track_running_stats=True)
      (6): ReLU()
      (7): Dropout(p=0.5, inplace=False)
      (8): Linear(in_features=32, out_features=1, bias=True)
    )
  )
)
Epoch 001 | time=2.7s | train_loss=0.6175 | val_loss=0.6475 | val_auc=0.6805
  ✓ New best model (epoch 1, val_loss=0.6475, val_auc=0.6805) saved to checkpoints/fp_vs_cnn_seed123.pt
Epoch 002 | time=2.1s | train_loss=0.5287 | val_loss=0.6137 | val_auc=0.7321
  ✓ New best model (epoch 2, val_loss=0.6137, val_auc=0.7321) saved to checkpoints/fp_vs_cnn_seed123.pt
Epoch 003 | time=2.1s | train_loss=0.4765 | val_loss=0.5976 | val_auc=0.7533
  ✓ New best model (epoch 3, val_loss=0.5976, val_auc=0.7533) saved to checkpoints/fp_vs_cnn_seed123.pt
Epoch 004 | time=2.1s | train_loss=0.4376 | val_loss=0.5780 | val_auc=0.7735
  ✓ New best model (epoch 4, val_loss=0.5780, val_auc=0.7735) saved to checkpoints/fp_vs_cnn_seed123.pt
Epoch 005 | time=2.1s | train_loss=0.4077 | val_loss=0.5730 | val_auc=0.7727
Epoch 006 | time=2.1s | train_loss=0.3772 | val_loss=0.5682 | val_auc=0.7804
  ✓ New best model (epoch 6, val_loss=0.5682, val_auc=0.7804) saved to checkpoints/fp_vs_cnn_seed123.pt
Epoch 007 | time=2.1s | train_loss=0.3522 | val_loss=0.5575 | val_auc=0.7893
  ✓ New best model (epoch 7, val_loss=0.5575, val_auc=0.7893) saved to checkpoints/fp_vs_cnn_seed123.pt
Epoch 008 | time=2.1s | train_loss=0.3332 | val_loss=0.5580 | val_auc=0.7992
  ✓ New best model (epoch 8, val_loss=0.5580, val_auc=0.7992) saved to checkpoints/fp_vs_cnn_seed123.pt
Epoch 009 | time=2.1s | train_loss=0.3153 | val_loss=0.5475 | val_auc=0.8055
  ✓ New best model (epoch 9, val_loss=0.5475, val_auc=0.8055) saved to checkpoints/fp_vs_cnn_seed123.pt
Epoch 010 | time=2.1s | train_loss=0.2981 | val_loss=0.5622 | val_auc=0.7935
Epoch 011 | time=2.1s | train_loss=0.2796 | val_loss=0.5466 | val_auc=0.8106
  ✓ New best model (epoch 11, val_loss=0.5466, val_auc=0.8106) saved to checkpoints/fp_vs_cnn_seed123.pt
Epoch 012 | time=2.1s | train_loss=0.2678 | val_loss=0.5514 | val_auc=0.8083
Epoch 013 | time=2.1s | train_loss=0.2573 | val_loss=0.5432 | val_auc=0.8153
  ✓ New best model (epoch 13, val_loss=0.5432, val_auc=0.8153) saved to checkpoints/fp_vs_cnn_seed123.pt
Epoch 014 | time=2.1s | train_loss=0.2465 | val_loss=0.5365 | val_auc=0.8221
  ✓ New best model (epoch 14, val_loss=0.5365, val_auc=0.8221) saved to checkpoints/fp_vs_cnn_seed123.pt
Epoch 015 | time=2.1s | train_loss=0.2366 | val_loss=0.5456 | val_auc=0.8161
Epoch 016 | time=2.1s | train_loss=0.2270 | val_loss=0.5477 | val_auc=0.8208
Epoch 017 | time=2.1s | train_loss=0.2202 | val_loss=0.5427 | val_auc=0.8222
  ✓ New best model (epoch 17, val_loss=0.5427, val_auc=0.8222) saved to checkpoints/fp_vs_cnn_seed123.pt
Epoch 018 | time=2.1s | train_loss=0.2105 | val_loss=0.5525 | val_auc=0.8184
Epoch 019 | time=2.1s | train_loss=0.2011 | val_loss=0.5548 | val_auc=0.8184
Epoch 020 | time=2.1s | train_loss=0.1960 | val_loss=0.5554 | val_auc=0.8218
Epoch 021 | time=2.1s | train_loss=0.1857 | val_loss=0.5426 | val_auc=0.8285
  ✓ New best model (epoch 21, val_loss=0.5426, val_auc=0.8285) saved to checkpoints/fp_vs_cnn_seed123.pt
Epoch 022 | time=2.1s | train_loss=0.1799 | val_loss=0.5523 | val_auc=0.8273
Epoch 023 | time=2.1s | train_loss=0.1772 | val_loss=0.5488 | val_auc=0.8286
  ✓ New best model (epoch 23, val_loss=0.5488, val_auc=0.8286) saved to checkpoints/fp_vs_cnn_seed123.pt
Epoch 024 | time=2.1s | train_loss=0.1729 | val_loss=0.5579 | val_auc=0.8240
Epoch 025 | time=2.1s | train_loss=0.1682 | val_loss=0.5636 | val_auc=0.8258
Epoch 026 | time=2.1s | train_loss=0.1681 | val_loss=0.5691 | val_auc=0.8249
Epoch 027 | time=2.1s | train_loss=0.1638 | val_loss=0.5582 | val_auc=0.8303
  ✓ New best model (epoch 27, val_loss=0.5582, val_auc=0.8303) saved to checkpoints/fp_vs_cnn_seed123.pt
Epoch 028 | time=2.1s | train_loss=0.1589 | val_loss=0.5550 | val_auc=0.8312
  ✓ New best model (epoch 28, val_loss=0.5550, val_auc=0.8312) saved to checkpoints/fp_vs_cnn_seed123.pt
Epoch 029 | time=2.1s | train_loss=0.1558 | val_loss=0.5542 | val_auc=0.8314
  ✓ New best model (epoch 29, val_loss=0.5542, val_auc=0.8314) saved to checkpoints/fp_vs_cnn_seed123.pt
Epoch 030 | time=2.1s | train_loss=0.1535 | val_loss=0.5755 | val_auc=0.8252
Epoch 031 | time=2.1s | train_loss=0.1540 | val_loss=0.5670 | val_auc=0.8288
Epoch 032 | time=2.1s | train_loss=0.1541 | val_loss=0.5640 | val_auc=0.8313
Epoch 033 | time=2.1s | train_loss=0.1488 | val_loss=0.5605 | val_auc=0.8321
  ✓ New best model (epoch 33, val_loss=0.5605, val_auc=0.8321) saved to checkpoints/fp_vs_cnn_seed123.pt
Epoch 034 | time=2.1s | train_loss=0.1492 | val_loss=0.5609 | val_auc=0.8329
  ✓ New best model (epoch 34, val_loss=0.5609, val_auc=0.8329) saved to checkpoints/fp_vs_cnn_seed123.pt
Epoch 035 | time=2.1s | train_loss=0.1471 | val_loss=0.5602 | val_auc=0.8329
Epoch 036 | time=2.1s | train_loss=0.1470 | val_loss=0.5617 | val_auc=0.8324
Epoch 037 | time=2.1s | train_loss=0.1458 | val_loss=0.5612 | val_auc=0.8327
Epoch 038 | time=2.1s | train_loss=0.1439 | val_loss=0.5654 | val_auc=0.8317
Epoch 039 | time=2.1s | train_loss=0.1434 | val_loss=0.5643 | val_auc=0.8321
Epoch 040 | time=2.1s | train_loss=0.1465 | val_loss=0.5642 | val_auc=0.8333
  ✓ New best model (epoch 40, val_loss=0.5642, val_auc=0.8333) saved to checkpoints/fp_vs_cnn_seed123.pt
Epoch 041 | time=2.1s | train_loss=0.1427 | val_loss=0.5624 | val_auc=0.8329
Epoch 042 | time=2.1s | train_loss=0.1423 | val_loss=0.5658 | val_auc=0.8332
Epoch 043 | time=2.1s | train_loss=0.1407 | val_loss=0.5674 | val_auc=0.8326
Epoch 044 | time=2.1s | train_loss=0.1408 | val_loss=0.5664 | val_auc=0.8331
Epoch 045 | time=2.1s | train_loss=0.1441 | val_loss=0.5622 | val_auc=0.8344
  ✓ New best model (epoch 45, val_loss=0.5622, val_auc=0.8344) saved to checkpoints/fp_vs_cnn_seed123.pt
Epoch 046 | time=2.1s | train_loss=0.1394 | val_loss=0.5660 | val_auc=0.8327
Epoch 047 | time=2.1s | train_loss=0.1404 | val_loss=0.5659 | val_auc=0.8325
Epoch 048 | time=2.1s | train_loss=0.1390 | val_loss=0.5675 | val_auc=0.8326
Epoch 049 | time=2.1s | train_loss=0.1360 | val_loss=0.5725 | val_auc=0.8319
Epoch 050 | time=2.1s | train_loss=0.1377 | val_loss=0.5628 | val_auc=0.8336
Epoch 051 | time=2.1s | train_loss=0.1384 | val_loss=0.5632 | val_auc=0.8334
Epoch 052 | time=2.1s | train_loss=0.1378 | val_loss=0.5707 | val_auc=0.8316
Epoch 053 | time=2.1s | train_loss=0.1414 | val_loss=0.5648 | val_auc=0.8329
Epoch 054 | time=2.1s | train_loss=0.1400 | val_loss=0.5664 | val_auc=0.8327
Epoch 055 | time=2.1s | train_loss=0.1367 | val_loss=0.5649 | val_auc=0.8329
Early stopping — no improvement for 10 epochs

Best model: epoch 45, val_loss=0.5649, val_auc=0.8344

═══ Test Results ═══
           auc: 0.7314
         auprc: 0.6896
            f1: 0.6308
     precision: 0.6493
        recall: 0.6133
          loss: 0.7540
