/home/kappy/Repos/Multimodal-models-for-predicting-drug-target-interactions/.venv/lib/python3.11/site-packages/outdated/__init__.py:36: UserWarning: pkg_resources is deprecated as an API. See https://setuptools.pypa.io/en/latest/pkg_resources.html. The pkg_resources package is slated for removal as early as 2025-11-30. Refrain from using this package or pin to Setuptools<81.
  from pkg_resources import parse_version
Using device: cuda
Loading clean data from: /home/kappy/Repos/Multimodal-models-for-predicting-drug-target-interactions/src/datasets/lincs_balanced.parquet
Dataset size: 27498
Train: 19558  Val: 2885  Test: 5055
SMILES encoders:  ['FingerprintMLPEncoder']
Protein encoders: ['ProteinCNNEncoder']
MultimodalDTI(
  (smiles_encoders): ModuleList(
    (0): FingerprintMLPEncoder(
      (mlp): Sequential(
        (0): Linear(in_features=1024, out_features=256, bias=True)
        (1): BatchNorm1d(256, eps=1e-05, momentum=0.1, affine=True, track_running_stats=True)
        (2): ReLU()
        (3): Dropout(p=0.5, inplace=False)
        (4): Linear(in_features=256, out_features=128, bias=True)
        (5): BatchNorm1d(128, eps=1e-05, momentum=0.1, affine=True, track_running_stats=True)
        (6): ReLU()
      )
    )
  )
  (protein_encoders): ModuleList(
    (0): ProteinCNNEncoder(
      (embedding): Embedding(21, 128, padding_idx=0)
      (conv_blocks): ModuleList(
        (0): Sequential(
          (0): Conv1d(128, 64, kernel_size=(3,), stride=(1,), padding=(1,))
          (1): BatchNorm1d(64, eps=1e-05, momentum=0.1, affine=True, track_running_stats=True)
          (2): ReLU()
          (3): Conv1d(64, 64, kernel_size=(3,), stride=(1,), padding=(1,))
          (4): BatchNorm1d(64, eps=1e-05, momentum=0.1, affine=True, track_running_stats=True)
          (5): ReLU()
        )
        (1): Sequential(
          (0): Conv1d(128, 64, kernel_size=(7,), stride=(1,), padding=(3,))
          (1): BatchNorm1d(64, eps=1e-05, momentum=0.1, affine=True, track_running_stats=True)
          (2): ReLU()
          (3): Conv1d(64, 64, kernel_size=(7,), stride=(1,), padding=(3,))
          (4): BatchNorm1d(64, eps=1e-05, momentum=0.1, affine=True, track_running_stats=True)
          (5): ReLU()
        )
        (2): Sequential(
          (0): Conv1d(128, 64, kernel_size=(15,), stride=(1,), padding=(7,))
          (1): BatchNorm1d(64, eps=1e-05, momentum=0.1, affine=True, track_running_stats=True)
          (2): ReLU()
          (3): Conv1d(64, 64, kernel_size=(15,), stride=(1,), padding=(7,))
          (4): BatchNorm1d(64, eps=1e-05, momentum=0.1, affine=True, track_running_stats=True)
          (5): ReLU()
        )
      )
    )
  )
  (fusion): MLPFusion(
    (classifier): Sequential(
      (0): Linear(in_features=320, out_features=128, bias=True)
      (1): BatchNorm1d(128, eps=1e-05, momentum=0.1, affine=True, track_running_stats=True)
      (2): ReLU()
      (3): Dropout(p=0.5, inplace=False)
      (4): Linear(in_features=128, out_features=32, bias=True)
      (5): BatchNorm1d(32, eps=1e-05, momentum=0.1, affine=True, track_running_stats=True)
      (6): ReLU()
      (7): Dropout(p=0.5, inplace=False)
      (8): Linear(in_features=32, out_features=1, bias=True)
    )
  )
)
Epoch 001 | time=3.2s | train_loss=0.6261 | val_loss=0.6368 | val_auc=0.7026
  ✓ New best model (epoch 1, val_loss=0.6368, val_auc=0.7026) saved to checkpoints/fp_vs_cnn.pt
Epoch 002 | time=2.8s | train_loss=0.5319 | val_loss=0.6149 | val_auc=0.7339
  ✓ New best model (epoch 2, val_loss=0.6149, val_auc=0.7339) saved to checkpoints/fp_vs_cnn.pt
Epoch 003 | time=2.8s | train_loss=0.4837 | val_loss=0.5954 | val_auc=0.7547
  ✓ New best model (epoch 3, val_loss=0.5954, val_auc=0.7547) saved to checkpoints/fp_vs_cnn.pt
Epoch 004 | time=2.8s | train_loss=0.4414 | val_loss=0.5917 | val_auc=0.7577
  ✓ New best model (epoch 4, val_loss=0.5917, val_auc=0.7577) saved to checkpoints/fp_vs_cnn.pt
Epoch 005 | time=2.8s | train_loss=0.4108 | val_loss=0.5835 | val_auc=0.7672
  ✓ New best model (epoch 5, val_loss=0.5835, val_auc=0.7672) saved to checkpoints/fp_vs_cnn.pt
Epoch 006 | time=2.8s | train_loss=0.3811 | val_loss=0.5640 | val_auc=0.7798
  ✓ New best model (epoch 6, val_loss=0.5640, val_auc=0.7798) saved to checkpoints/fp_vs_cnn.pt
Epoch 007 | time=2.8s | train_loss=0.3576 | val_loss=0.5644 | val_auc=0.7846
  ✓ New best model (epoch 7, val_loss=0.5644, val_auc=0.7846) saved to checkpoints/fp_vs_cnn.pt
Epoch 008 | time=2.8s | train_loss=0.3322 | val_loss=0.5691 | val_auc=0.7820
Epoch 009 | time=2.8s | train_loss=0.3210 | val_loss=0.5759 | val_auc=0.7756
Epoch 010 | time=2.8s | train_loss=0.3024 | val_loss=0.5694 | val_auc=0.7804
Epoch 011 | time=2.8s | train_loss=0.2870 | val_loss=0.5684 | val_auc=0.7848
  ✓ New best model (epoch 11, val_loss=0.5684, val_auc=0.7848) saved to checkpoints/fp_vs_cnn.pt
Epoch 012 | time=2.8s | train_loss=0.2733 | val_loss=0.5863 | val_auc=0.7770
Epoch 013 | time=2.8s | train_loss=0.2532 | val_loss=0.5810 | val_auc=0.7794
Epoch 014 | time=2.8s | train_loss=0.2486 | val_loss=0.5824 | val_auc=0.7803
Epoch 015 | time=2.8s | train_loss=0.2423 | val_loss=0.6055 | val_auc=0.7723
Epoch 016 | time=2.8s | train_loss=0.2352 | val_loss=0.5953 | val_auc=0.7781
Epoch 017 | time=2.8s | train_loss=0.2299 | val_loss=0.6184 | val_auc=0.7646
Epoch 018 | time=2.8s | train_loss=0.2247 | val_loss=0.6185 | val_auc=0.7718
Epoch 019 | time=2.8s | train_loss=0.2157 | val_loss=0.6038 | val_auc=0.7751
Epoch 020 | time=2.8s | train_loss=0.2165 | val_loss=0.6201 | val_auc=0.7722
Epoch 021 | time=2.8s | train_loss=0.2118 | val_loss=0.6092 | val_auc=0.7749
Early stopping — no improvement for 10 epochs

Best model: epoch 11, val_loss=0.6092, val_auc=0.7848

═══ Test Results ═══
           auc: 0.7483
         auprc: 0.6920
            f1: 0.6245
     precision: 0.6451
        recall: 0.6052
          loss: 0.5997
