Uninstalled 1 package in 8ms
Installed 1 package in 12ms
/net/storage/pr3/plgrid/plggmlcil/plgkstankie/vvv/Multimodal-models-for-predicting-drug-target-interactions/.venv/lib/python3.11/site-packages/outdated/__init__.py:36: UserWarning: pkg_resources is deprecated as an API. See https://setuptools.pypa.io/en/latest/pkg_resources.html. The pkg_resources package is slated for removal as early as 2025-11-30. Refrain from using this package or pin to Setuptools<81.
  from pkg_resources import parse_version
Setting global random seed to 123
Using device: cuda
Loading clean data from: /net/storage/pr3/plgrid/plggmlcil/plgkstankie/vvv/Multimodal-models-for-predicting-drug-target-interactions/src/datasets/lincs_balanced.parquet
Dataset size: 27498
Train: 19558  Val: 2885  Test: 5055
ChemBERTProcessor: loaded 236379 embeddings (dim=768) from /net/storage/pr3/plgrid/plggmlcil/plgkstankie/vvv/Multimodal-models-for-predicting-drug-target-interactions/src/datasets/ChemBERTa-zinc-base-v1.pt
SMILES encoders:  ['GCNEncoder', 'ChemBERTEncoder', 'LincsEncoder']
Protein encoders: ['ProteinCNNEncoder']
Building graph cache for 1264 SMILES...
  0%|          | 0/1264 [00:00<?, ?it/s] 20%|█▉        | 251/1264 [00:00<00:00, 2508.67it/s] 40%|███▉      | 502/1264 [00:00<00:00, 2429.44it/s] 59%|█████▉    | 746/1264 [00:00<00:00, 2366.80it/s] 79%|███████▉  | 999/1264 [00:00<00:00, 2428.66it/s] 99%|█████████▉| 1255/1264 [00:00<00:00, 2474.29it/s]100%|██████████| 1264/1264 [00:00<00:00, 2452.50it/s]
Valid SMILES graphs: 1264
MultimodalDTI(
  (smiles_encoders): ModuleList(
    (0): GCNEncoder(
      (atom_encoder): AtomEncoder(
        (atom_embedding_list): ModuleList(
          (0): Embedding(119, 128)
          (1): Embedding(5, 128)
          (2-3): 2 x Embedding(12, 128)
          (4): Embedding(10, 128)
          (5-6): 2 x Embedding(6, 128)
          (7-8): 2 x Embedding(2, 128)
        )
      )
      (convs): ModuleList(
        (0-2): 3 x GCNConv(128, 128)
      )
      (bns): ModuleList(
        (0-2): 3 x BatchNorm1d(128, eps=1e-05, momentum=0.1, affine=True, track_running_stats=True)
      )
    )
    (1): ChemBERTEncoder(
      (projection): Sequential(
        (0): Linear(in_features=768, out_features=128, bias=True)
        (1): LayerNorm((128,), eps=1e-05, elementwise_affine=True)
        (2): ReLU()
      )
    )
    (2): LincsEncoder(
      (mlp): Sequential(
        (0): Linear(in_features=978, out_features=128, bias=True)
        (1): BatchNorm1d(128, eps=1e-05, momentum=0.1, affine=True, track_running_stats=True)
        (2): ReLU()
        (3): Dropout(p=0.5, inplace=False)
        (4): Linear(in_features=128, out_features=128, bias=True)
        (5): BatchNorm1d(128, eps=1e-05, momentum=0.1, affine=True, track_running_stats=True)
        (6): ReLU()
      )
    )
  )
  (protein_encoders): ModuleList(
    (0): ProteinCNNEncoder(
      (embedding): Embedding(21, 128, padding_idx=0)
      (conv_blocks): ModuleList(
        (0): Sequential(
          (0): Conv1d(128, 64, kernel_size=(3,), stride=(1,), padding=(1,))
          (1): BatchNorm1d(64, eps=1e-05, momentum=0.1, affine=True, track_running_stats=True)
          (2): ReLU()
          (3): Conv1d(64, 64, kernel_size=(3,), stride=(1,), padding=(1,))
          (4): BatchNorm1d(64, eps=1e-05, momentum=0.1, affine=True, track_running_stats=True)
          (5): ReLU()
        )
        (1): Sequential(
          (0): Conv1d(128, 64, kernel_size=(7,), stride=(1,), padding=(3,))
          (1): BatchNorm1d(64, eps=1e-05, momentum=0.1, affine=True, track_running_stats=True)
          (2): ReLU()
          (3): Conv1d(64, 64, kernel_size=(7,), stride=(1,), padding=(3,))
          (4): BatchNorm1d(64, eps=1e-05, momentum=0.1, affine=True, track_running_stats=True)
          (5): ReLU()
        )
        (2): Sequential(
          (0): Conv1d(128, 64, kernel_size=(15,), stride=(1,), padding=(7,))
          (1): BatchNorm1d(64, eps=1e-05, momentum=0.1, affine=True, track_running_stats=True)
          (2): ReLU()
          (3): Conv1d(64, 64, kernel_size=(15,), stride=(1,), padding=(7,))
          (4): BatchNorm1d(64, eps=1e-05, momentum=0.1, affine=True, track_running_stats=True)
          (5): ReLU()
        )
      )
    )
  )
  (fusion): MLPFusion(
    (classifier): Sequential(
      (0): Linear(in_features=576, out_features=128, bias=True)
      (1): BatchNorm1d(128, eps=1e-05, momentum=0.1, affine=True, track_running_stats=True)
      (2): ReLU()
      (3): Dropout(p=0.5, inplace=False)
      (4): Linear(in_features=128, out_features=32, bias=True)
      (5): BatchNorm1d(32, eps=1e-05, momentum=0.1, affine=True, track_running_stats=True)
      (6): ReLU()
      (7): Dropout(p=0.5, inplace=False)
      (8): Linear(in_features=32, out_features=1, bias=True)
    )
  )
)
Epoch 001 | time=3.6s | train_loss=0.6630 | val_loss=0.6523 | val_auc=0.6981
  ✓ New best model (epoch 1, val_loss=0.6523, val_auc=0.6981) saved to checkpoints/gcn_chembert_lincs_vs_cnn_seed123.pt
Epoch 002 | time=2.6s | train_loss=0.5681 | val_loss=0.6199 | val_auc=0.7226
  ✓ New best model (epoch 2, val_loss=0.6199, val_auc=0.7226) saved to checkpoints/gcn_chembert_lincs_vs_cnn_seed123.pt
Epoch 003 | time=2.5s | train_loss=0.4951 | val_loss=0.5975 | val_auc=0.7462
  ✓ New best model (epoch 3, val_loss=0.5975, val_auc=0.7462) saved to checkpoints/gcn_chembert_lincs_vs_cnn_seed123.pt
Epoch 004 | time=2.5s | train_loss=0.4500 | val_loss=0.5826 | val_auc=0.7632
  ✓ New best model (epoch 4, val_loss=0.5826, val_auc=0.7632) saved to checkpoints/gcn_chembert_lincs_vs_cnn_seed123.pt
Epoch 005 | time=2.6s | train_loss=0.4176 | val_loss=0.5718 | val_auc=0.7697
  ✓ New best model (epoch 5, val_loss=0.5718, val_auc=0.7697) saved to checkpoints/gcn_chembert_lincs_vs_cnn_seed123.pt
Epoch 006 | time=2.5s | train_loss=0.3877 | val_loss=0.5644 | val_auc=0.7792
  ✓ New best model (epoch 6, val_loss=0.5644, val_auc=0.7792) saved to checkpoints/gcn_chembert_lincs_vs_cnn_seed123.pt
Epoch 007 | time=2.5s | train_loss=0.3663 | val_loss=0.5541 | val_auc=0.7941
  ✓ New best model (epoch 7, val_loss=0.5541, val_auc=0.7941) saved to checkpoints/gcn_chembert_lincs_vs_cnn_seed123.pt
Epoch 008 | time=2.6s | train_loss=0.3446 | val_loss=0.5324 | val_auc=0.8134
  ✓ New best model (epoch 8, val_loss=0.5324, val_auc=0.8134) saved to checkpoints/gcn_chembert_lincs_vs_cnn_seed123.pt
Epoch 009 | time=2.6s | train_loss=0.3284 | val_loss=0.5469 | val_auc=0.8001
Epoch 010 | time=2.6s | train_loss=0.3107 | val_loss=0.5301 | val_auc=0.8163
  ✓ New best model (epoch 10, val_loss=0.5301, val_auc=0.8163) saved to checkpoints/gcn_chembert_lincs_vs_cnn_seed123.pt
Epoch 011 | time=2.5s | train_loss=0.2932 | val_loss=0.5250 | val_auc=0.8203
  ✓ New best model (epoch 11, val_loss=0.5250, val_auc=0.8203) saved to checkpoints/gcn_chembert_lincs_vs_cnn_seed123.pt
Epoch 012 | time=2.6s | train_loss=0.2820 | val_loss=0.5235 | val_auc=0.8204
  ✓ New best model (epoch 12, val_loss=0.5235, val_auc=0.8204) saved to checkpoints/gcn_chembert_lincs_vs_cnn_seed123.pt
Epoch 013 | time=2.5s | train_loss=0.2687 | val_loss=0.5310 | val_auc=0.8156
Epoch 014 | time=2.5s | train_loss=0.2568 | val_loss=0.5284 | val_auc=0.8196
Epoch 015 | time=2.5s | train_loss=0.2474 | val_loss=0.5297 | val_auc=0.8181
Epoch 016 | time=2.5s | train_loss=0.2374 | val_loss=0.5239 | val_auc=0.8230
  ✓ New best model (epoch 16, val_loss=0.5239, val_auc=0.8230) saved to checkpoints/gcn_chembert_lincs_vs_cnn_seed123.pt
Epoch 017 | time=2.7s | train_loss=0.2271 | val_loss=0.5250 | val_auc=0.8264
  ✓ New best model (epoch 17, val_loss=0.5250, val_auc=0.8264) saved to checkpoints/gcn_chembert_lincs_vs_cnn_seed123.pt
Epoch 018 | time=2.6s | train_loss=0.2203 | val_loss=0.5251 | val_auc=0.8283
  ✓ New best model (epoch 18, val_loss=0.5251, val_auc=0.8283) saved to checkpoints/gcn_chembert_lincs_vs_cnn_seed123.pt
Epoch 019 | time=2.6s | train_loss=0.2095 | val_loss=0.5216 | val_auc=0.8306
  ✓ New best model (epoch 19, val_loss=0.5216, val_auc=0.8306) saved to checkpoints/gcn_chembert_lincs_vs_cnn_seed123.pt
Epoch 020 | time=2.5s | train_loss=0.2032 | val_loss=0.5190 | val_auc=0.8355
  ✓ New best model (epoch 20, val_loss=0.5190, val_auc=0.8355) saved to checkpoints/gcn_chembert_lincs_vs_cnn_seed123.pt
Epoch 021 | time=2.6s | train_loss=0.1962 | val_loss=0.5279 | val_auc=0.8318
Epoch 022 | time=2.5s | train_loss=0.1954 | val_loss=0.5243 | val_auc=0.8344
Epoch 023 | time=2.5s | train_loss=0.1913 | val_loss=0.5222 | val_auc=0.8362
  ✓ New best model (epoch 23, val_loss=0.5222, val_auc=0.8362) saved to checkpoints/gcn_chembert_lincs_vs_cnn_seed123.pt
Epoch 024 | time=2.6s | train_loss=0.1865 | val_loss=0.5427 | val_auc=0.8244
Epoch 025 | time=2.6s | train_loss=0.1838 | val_loss=0.5308 | val_auc=0.8315
Epoch 026 | time=2.5s | train_loss=0.1792 | val_loss=0.5395 | val_auc=0.8312
Epoch 027 | time=2.5s | train_loss=0.1734 | val_loss=0.5324 | val_auc=0.8326
Epoch 028 | time=2.5s | train_loss=0.1705 | val_loss=0.5270 | val_auc=0.8376
  ✓ New best model (epoch 28, val_loss=0.5270, val_auc=0.8376) saved to checkpoints/gcn_chembert_lincs_vs_cnn_seed123.pt
Epoch 029 | time=2.5s | train_loss=0.1676 | val_loss=0.5279 | val_auc=0.8367
Epoch 030 | time=2.7s | train_loss=0.1649 | val_loss=0.5391 | val_auc=0.8330
Epoch 031 | time=2.6s | train_loss=0.1637 | val_loss=0.5361 | val_auc=0.8339
Epoch 032 | time=2.5s | train_loss=0.1634 | val_loss=0.5290 | val_auc=0.8380
  ✓ New best model (epoch 32, val_loss=0.5290, val_auc=0.8380) saved to checkpoints/gcn_chembert_lincs_vs_cnn_seed123.pt
Epoch 033 | time=2.6s | train_loss=0.1608 | val_loss=0.5327 | val_auc=0.8374
Epoch 034 | time=2.5s | train_loss=0.1556 | val_loss=0.5362 | val_auc=0.8369
Epoch 035 | time=2.5s | train_loss=0.1568 | val_loss=0.5302 | val_auc=0.8383
  ✓ New best model (epoch 35, val_loss=0.5302, val_auc=0.8383) saved to checkpoints/gcn_chembert_lincs_vs_cnn_seed123.pt
Epoch 036 | time=2.5s | train_loss=0.1541 | val_loss=0.5331 | val_auc=0.8390
  ✓ New best model (epoch 36, val_loss=0.5331, val_auc=0.8390) saved to checkpoints/gcn_chembert_lincs_vs_cnn_seed123.pt
Epoch 037 | time=2.6s | train_loss=0.1554 | val_loss=0.5390 | val_auc=0.8362
Epoch 038 | time=2.6s | train_loss=0.1540 | val_loss=0.5414 | val_auc=0.8342
Epoch 039 | time=2.5s | train_loss=0.1543 | val_loss=0.5431 | val_auc=0.8357
Epoch 040 | time=2.5s | train_loss=0.1519 | val_loss=0.5411 | val_auc=0.8362
Epoch 041 | time=2.5s | train_loss=0.1511 | val_loss=0.5389 | val_auc=0.8360
Epoch 042 | time=2.5s | train_loss=0.1510 | val_loss=0.5399 | val_auc=0.8357
Epoch 043 | time=2.5s | train_loss=0.1499 | val_loss=0.5434 | val_auc=0.8360
Epoch 044 | time=2.6s | train_loss=0.1506 | val_loss=0.5424 | val_auc=0.8372
Epoch 045 | time=2.6s | train_loss=0.1511 | val_loss=0.5422 | val_auc=0.8373
Epoch 046 | time=2.5s | train_loss=0.1525 | val_loss=0.5413 | val_auc=0.8362
Early stopping — no improvement for 10 epochs

Best model: epoch 36, val_loss=0.5413, val_auc=0.8390

═══ Test Results ═══
           auc: 0.7118
         auprc: 0.6568
            f1: 0.6326
     precision: 0.6084
        recall: 0.6589
          loss: 0.7613
