/home/kappy/Repos/Multimodal-models-for-predicting-drug-target-interactions/.venv/lib/python3.11/site-packages/outdated/__init__.py:36: UserWarning: pkg_resources is deprecated as an API. See https://setuptools.pypa.io/en/latest/pkg_resources.html. The pkg_resources package is slated for removal as early as 2025-11-30. Refrain from using this package or pin to Setuptools<81.
  from pkg_resources import parse_version
Using device: cuda
Loading clean data from: /home/kappy/Repos/Multimodal-models-for-predicting-drug-target-interactions/src/datasets/lincs_balanced.parquet
Dataset size: 27498
Train: 19558  Val: 2885  Test: 5055
ChemBERTProcessor: loaded 236379 embeddings (dim=768) from /home/kappy/Repos/Multimodal-models-for-predicting-drug-target-interactions/src/datasets/ChemBERTa-zinc-base-v1.pt
SMILES encoders:  ['GCNEncoder', 'FingerprintMLPEncoder', 'ChemBERTEncoder']
Protein encoders: ['ProteinCNNEncoder']
Building graph cache for 1264 SMILES...
  0%|          | 0/1264 [00:00<?, ?it/s] 40%|███▉      | 503/1264 [00:00<00:00, 5016.24it/s] 80%|███████▉  | 1005/1264 [00:00<00:00, 4954.38it/s]100%|██████████| 1264/1264 [00:00<00:00, 5039.45it/s]
Valid SMILES graphs: 1264
MultimodalDTI(
  (smiles_encoders): ModuleList(
    (0): GCNEncoder(
      (atom_encoder): AtomEncoder(
        (atom_embedding_list): ModuleList(
          (0): Embedding(119, 128)
          (1): Embedding(5, 128)
          (2-3): 2 x Embedding(12, 128)
          (4): Embedding(10, 128)
          (5-6): 2 x Embedding(6, 128)
          (7-8): 2 x Embedding(2, 128)
        )
      )
      (convs): ModuleList(
        (0-2): 3 x GCNConv(128, 128)
      )
      (bns): ModuleList(
        (0-2): 3 x BatchNorm1d(128, eps=1e-05, momentum=0.1, affine=True, track_running_stats=True)
      )
    )
    (1): FingerprintMLPEncoder(
      (mlp): Sequential(
        (0): Linear(in_features=1024, out_features=256, bias=True)
        (1): BatchNorm1d(256, eps=1e-05, momentum=0.1, affine=True, track_running_stats=True)
        (2): ReLU()
        (3): Dropout(p=0.5, inplace=False)
        (4): Linear(in_features=256, out_features=128, bias=True)
        (5): BatchNorm1d(128, eps=1e-05, momentum=0.1, affine=True, track_running_stats=True)
        (6): ReLU()
      )
    )
    (2): ChemBERTEncoder(
      (projection): Sequential(
        (0): Linear(in_features=768, out_features=128, bias=True)
        (1): LayerNorm((128,), eps=1e-05, elementwise_affine=True)
        (2): ReLU()
      )
    )
  )
  (protein_encoders): ModuleList(
    (0): ProteinCNNEncoder(
      (embedding): Embedding(21, 128, padding_idx=0)
      (conv_blocks): ModuleList(
        (0): Sequential(
          (0): Conv1d(128, 64, kernel_size=(3,), stride=(1,), padding=(1,))
          (1): BatchNorm1d(64, eps=1e-05, momentum=0.1, affine=True, track_running_stats=True)
          (2): ReLU()
          (3): Conv1d(64, 64, kernel_size=(3,), stride=(1,), padding=(1,))
          (4): BatchNorm1d(64, eps=1e-05, momentum=0.1, affine=True, track_running_stats=True)
          (5): ReLU()
        )
        (1): Sequential(
          (0): Conv1d(128, 64, kernel_size=(7,), stride=(1,), padding=(3,))
          (1): BatchNorm1d(64, eps=1e-05, momentum=0.1, affine=True, track_running_stats=True)
          (2): ReLU()
          (3): Conv1d(64, 64, kernel_size=(7,), stride=(1,), padding=(3,))
          (4): BatchNorm1d(64, eps=1e-05, momentum=0.1, affine=True, track_running_stats=True)
          (5): ReLU()
        )
        (2): Sequential(
          (0): Conv1d(128, 64, kernel_size=(15,), stride=(1,), padding=(7,))
          (1): BatchNorm1d(64, eps=1e-05, momentum=0.1, affine=True, track_running_stats=True)
          (2): ReLU()
          (3): Conv1d(64, 64, kernel_size=(15,), stride=(1,), padding=(7,))
          (4): BatchNorm1d(64, eps=1e-05, momentum=0.1, affine=True, track_running_stats=True)
          (5): ReLU()
        )
      )
    )
  )
  (fusion): MLPFusion(
    (classifier): Sequential(
      (0): Linear(in_features=576, out_features=128, bias=True)
      (1): BatchNorm1d(128, eps=1e-05, momentum=0.1, affine=True, track_running_stats=True)
      (2): ReLU()
      (3): Dropout(p=0.5, inplace=False)
      (4): Linear(in_features=128, out_features=32, bias=True)
      (5): BatchNorm1d(32, eps=1e-05, momentum=0.1, affine=True, track_running_stats=True)
      (6): ReLU()
      (7): Dropout(p=0.5, inplace=False)
      (8): Linear(in_features=32, out_features=1, bias=True)
    )
  )
)
Epoch 001 | time=3.7s | train_loss=0.6695 | val_loss=0.6623 | val_auc=0.6911
  ✓ New best model (epoch 1, val_loss=0.6623, val_auc=0.6911) saved to checkpoints/gcn_fp_chembert_vs_cnn.pt
Epoch 002 | time=3.2s | train_loss=0.5722 | val_loss=0.6172 | val_auc=0.7399
  ✓ New best model (epoch 2, val_loss=0.6172, val_auc=0.7399) saved to checkpoints/gcn_fp_chembert_vs_cnn.pt
Epoch 003 | time=3.2s | train_loss=0.4995 | val_loss=0.5782 | val_auc=0.7775
  ✓ New best model (epoch 3, val_loss=0.5782, val_auc=0.7775) saved to checkpoints/gcn_fp_chembert_vs_cnn.pt
Epoch 004 | time=3.2s | train_loss=0.4546 | val_loss=0.5670 | val_auc=0.7791
  ✓ New best model (epoch 4, val_loss=0.5670, val_auc=0.7791) saved to checkpoints/gcn_fp_chembert_vs_cnn.pt
Epoch 005 | time=3.3s | train_loss=0.4203 | val_loss=0.5573 | val_auc=0.7868
  ✓ New best model (epoch 5, val_loss=0.5573, val_auc=0.7868) saved to checkpoints/gcn_fp_chembert_vs_cnn.pt
Epoch 006 | time=3.2s | train_loss=0.3904 | val_loss=0.5470 | val_auc=0.7955
  ✓ New best model (epoch 6, val_loss=0.5470, val_auc=0.7955) saved to checkpoints/gcn_fp_chembert_vs_cnn.pt
Epoch 007 | time=3.2s | train_loss=0.3667 | val_loss=0.5515 | val_auc=0.7925
Epoch 008 | time=3.2s | train_loss=0.3437 | val_loss=0.5355 | val_auc=0.8079
  ✓ New best model (epoch 8, val_loss=0.5355, val_auc=0.8079) saved to checkpoints/gcn_fp_chembert_vs_cnn.pt
Epoch 009 | time=3.2s | train_loss=0.3256 | val_loss=0.5295 | val_auc=0.8113
  ✓ New best model (epoch 9, val_loss=0.5295, val_auc=0.8113) saved to checkpoints/gcn_fp_chembert_vs_cnn.pt
Epoch 010 | time=3.2s | train_loss=0.3096 | val_loss=0.5269 | val_auc=0.8144
  ✓ New best model (epoch 10, val_loss=0.5269, val_auc=0.8144) saved to checkpoints/gcn_fp_chembert_vs_cnn.pt
Epoch 011 | time=3.3s | train_loss=0.2973 | val_loss=0.5217 | val_auc=0.8192
  ✓ New best model (epoch 11, val_loss=0.5217, val_auc=0.8192) saved to checkpoints/gcn_fp_chembert_vs_cnn.pt
Epoch 012 | time=3.2s | train_loss=0.2826 | val_loss=0.5362 | val_auc=0.8112
Epoch 013 | time=3.2s | train_loss=0.2689 | val_loss=0.5263 | val_auc=0.8174
Epoch 014 | time=3.3s | train_loss=0.2567 | val_loss=0.5187 | val_auc=0.8264
  ✓ New best model (epoch 14, val_loss=0.5187, val_auc=0.8264) saved to checkpoints/gcn_fp_chembert_vs_cnn.pt
Epoch 015 | time=3.2s | train_loss=0.2441 | val_loss=0.5154 | val_auc=0.8275
  ✓ New best model (epoch 15, val_loss=0.5154, val_auc=0.8275) saved to checkpoints/gcn_fp_chembert_vs_cnn.pt
Epoch 016 | time=3.2s | train_loss=0.2356 | val_loss=0.5169 | val_auc=0.8291
  ✓ New best model (epoch 16, val_loss=0.5169, val_auc=0.8291) saved to checkpoints/gcn_fp_chembert_vs_cnn.pt
Epoch 017 | time=3.3s | train_loss=0.2274 | val_loss=0.5198 | val_auc=0.8319
  ✓ New best model (epoch 17, val_loss=0.5198, val_auc=0.8319) saved to checkpoints/gcn_fp_chembert_vs_cnn.pt
Epoch 018 | time=3.2s | train_loss=0.2197 | val_loss=0.5182 | val_auc=0.8356
  ✓ New best model (epoch 18, val_loss=0.5182, val_auc=0.8356) saved to checkpoints/gcn_fp_chembert_vs_cnn.pt
Epoch 019 | time=3.2s | train_loss=0.2095 | val_loss=0.5233 | val_auc=0.8317
Epoch 020 | time=3.2s | train_loss=0.2038 | val_loss=0.5232 | val_auc=0.8306
Epoch 021 | time=3.2s | train_loss=0.1948 | val_loss=0.5269 | val_auc=0.8349
Epoch 022 | time=3.2s | train_loss=0.1852 | val_loss=0.5219 | val_auc=0.8384
  ✓ New best model (epoch 22, val_loss=0.5219, val_auc=0.8384) saved to checkpoints/gcn_fp_chembert_vs_cnn.pt
Epoch 023 | time=3.2s | train_loss=0.1807 | val_loss=0.5298 | val_auc=0.8330
Epoch 024 | time=3.2s | train_loss=0.1770 | val_loss=0.5241 | val_auc=0.8381
Epoch 025 | time=3.2s | train_loss=0.1708 | val_loss=0.5343 | val_auc=0.8345
Epoch 026 | time=3.2s | train_loss=0.1696 | val_loss=0.5273 | val_auc=0.8392
  ✓ New best model (epoch 26, val_loss=0.5273, val_auc=0.8392) saved to checkpoints/gcn_fp_chembert_vs_cnn.pt
Epoch 027 | time=3.2s | train_loss=0.1649 | val_loss=0.5349 | val_auc=0.8383
Epoch 028 | time=3.2s | train_loss=0.1592 | val_loss=0.5256 | val_auc=0.8406
  ✓ New best model (epoch 28, val_loss=0.5256, val_auc=0.8406) saved to checkpoints/gcn_fp_chembert_vs_cnn.pt
Epoch 029 | time=3.3s | train_loss=0.1548 | val_loss=0.5335 | val_auc=0.8390
Epoch 030 | time=3.3s | train_loss=0.1545 | val_loss=0.5330 | val_auc=0.8419
  ✓ New best model (epoch 30, val_loss=0.5330, val_auc=0.8419) saved to checkpoints/gcn_fp_chembert_vs_cnn.pt
Epoch 031 | time=3.2s | train_loss=0.1528 | val_loss=0.5347 | val_auc=0.8409
Epoch 032 | time=3.4s | train_loss=0.1520 | val_loss=0.5369 | val_auc=0.8387
Epoch 033 | time=3.2s | train_loss=0.1492 | val_loss=0.5340 | val_auc=0.8450
  ✓ New best model (epoch 33, val_loss=0.5340, val_auc=0.8450) saved to checkpoints/gcn_fp_chembert_vs_cnn.pt
Epoch 034 | time=3.2s | train_loss=0.1470 | val_loss=0.5386 | val_auc=0.8412
Epoch 035 | time=3.2s | train_loss=0.1461 | val_loss=0.5363 | val_auc=0.8418
Epoch 036 | time=3.2s | train_loss=0.1453 | val_loss=0.5334 | val_auc=0.8438
Epoch 037 | time=3.2s | train_loss=0.1423 | val_loss=0.5331 | val_auc=0.8435
Epoch 038 | time=3.2s | train_loss=0.1439 | val_loss=0.5323 | val_auc=0.8431
Epoch 039 | time=3.2s | train_loss=0.1436 | val_loss=0.5439 | val_auc=0.8423
Epoch 040 | time=3.3s | train_loss=0.1381 | val_loss=0.5418 | val_auc=0.8431
Epoch 041 | time=3.2s | train_loss=0.1394 | val_loss=0.5418 | val_auc=0.8417
Epoch 042 | time=3.2s | train_loss=0.1406 | val_loss=0.5396 | val_auc=0.8421
Epoch 043 | time=3.2s | train_loss=0.1381 | val_loss=0.5379 | val_auc=0.8427
Early stopping — no improvement for 10 epochs

Best model: epoch 33, val_loss=0.5379, val_auc=0.8450

═══ Test Results ═══
           auc: 0.7492
         auprc: 0.6937
            f1: 0.6498
     precision: 0.6625
        recall: 0.6377
          loss: 0.7149
