Uninstalled 1 package in 7ms
Installed 1 package in 12ms
/net/storage/pr3/plgrid/plggmlcil/plgkstankie/vvv/Multimodal-models-for-predicting-drug-target-interactions/.venv/lib/python3.11/site-packages/outdated/__init__.py:36: UserWarning: pkg_resources is deprecated as an API. See https://setuptools.pypa.io/en/latest/pkg_resources.html. The pkg_resources package is slated for removal as early as 2025-11-30. Refrain from using this package or pin to Setuptools<81.
  from pkg_resources import parse_version
Setting global random seed to 42
Using device: cuda
Loading clean data from: /net/storage/pr3/plgrid/plggmlcil/plgkstankie/vvv/Multimodal-models-for-predicting-drug-target-interactions/src/datasets/lincs_balanced.parquet
Dataset size: 27498
Train: 19558  Val: 2885  Test: 5055
SMILES encoders:  ['GCNEncoder', 'FingerprintMLPEncoder']
Protein encoders: ['ProteinCNNEncoder']
Building graph cache for 1264 SMILES...
  0%|          | 0/1264 [00:00<?, ?it/s] 18%|█▊        | 226/1264 [00:00<00:00, 2257.96it/s] 36%|███▌      | 453/1264 [00:00<00:00, 2260.49it/s] 54%|█████▍    | 682/1264 [00:00<00:00, 2269.86it/s] 72%|███████▏  | 916/1264 [00:00<00:00, 2295.99it/s] 92%|█████████▏| 1163/1264 [00:00<00:00, 2355.95it/s]100%|██████████| 1264/1264 [00:00<00:00, 2344.66it/s]
Valid SMILES graphs: 1264
MultimodalDTI(
  (smiles_encoders): ModuleList(
    (0): GCNEncoder(
      (atom_encoder): AtomEncoder(
        (atom_embedding_list): ModuleList(
          (0): Embedding(119, 128)
          (1): Embedding(5, 128)
          (2-3): 2 x Embedding(12, 128)
          (4): Embedding(10, 128)
          (5-6): 2 x Embedding(6, 128)
          (7-8): 2 x Embedding(2, 128)
        )
      )
      (convs): ModuleList(
        (0-2): 3 x GCNConv(128, 128)
      )
      (bns): ModuleList(
        (0-2): 3 x BatchNorm1d(128, eps=1e-05, momentum=0.1, affine=True, track_running_stats=True)
      )
    )
    (1): FingerprintMLPEncoder(
      (mlp): Sequential(
        (0): Linear(in_features=1024, out_features=256, bias=True)
        (1): BatchNorm1d(256, eps=1e-05, momentum=0.1, affine=True, track_running_stats=True)
        (2): ReLU()
        (3): Dropout(p=0.5, inplace=False)
        (4): Linear(in_features=256, out_features=128, bias=True)
        (5): BatchNorm1d(128, eps=1e-05, momentum=0.1, affine=True, track_running_stats=True)
        (6): ReLU()
      )
    )
  )
  (protein_encoders): ModuleList(
    (0): ProteinCNNEncoder(
      (embedding): Embedding(21, 128, padding_idx=0)
      (conv_blocks): ModuleList(
        (0): Sequential(
          (0): Conv1d(128, 64, kernel_size=(3,), stride=(1,), padding=(1,))
          (1): BatchNorm1d(64, eps=1e-05, momentum=0.1, affine=True, track_running_stats=True)
          (2): ReLU()
          (3): Conv1d(64, 64, kernel_size=(3,), stride=(1,), padding=(1,))
          (4): BatchNorm1d(64, eps=1e-05, momentum=0.1, affine=True, track_running_stats=True)
          (5): ReLU()
        )
        (1): Sequential(
          (0): Conv1d(128, 64, kernel_size=(7,), stride=(1,), padding=(3,))
          (1): BatchNorm1d(64, eps=1e-05, momentum=0.1, affine=True, track_running_stats=True)
          (2): ReLU()
          (3): Conv1d(64, 64, kernel_size=(7,), stride=(1,), padding=(3,))
          (4): BatchNorm1d(64, eps=1e-05, momentum=0.1, affine=True, track_running_stats=True)
          (5): ReLU()
        )
        (2): Sequential(
          (0): Conv1d(128, 64, kernel_size=(15,), stride=(1,), padding=(7,))
          (1): BatchNorm1d(64, eps=1e-05, momentum=0.1, affine=True, track_running_stats=True)
          (2): ReLU()
          (3): Conv1d(64, 64, kernel_size=(15,), stride=(1,), padding=(7,))
          (4): BatchNorm1d(64, eps=1e-05, momentum=0.1, affine=True, track_running_stats=True)
          (5): ReLU()
        )
      )
    )
  )
  (fusion): MLPFusion(
    (classifier): Sequential(
      (0): Linear(in_features=448, out_features=128, bias=True)
      (1): BatchNorm1d(128, eps=1e-05, momentum=0.1, affine=True, track_running_stats=True)
      (2): ReLU()
      (3): Dropout(p=0.5, inplace=False)
      (4): Linear(in_features=128, out_features=32, bias=True)
      (5): BatchNorm1d(32, eps=1e-05, momentum=0.1, affine=True, track_running_stats=True)
      (6): ReLU()
      (7): Dropout(p=0.5, inplace=False)
      (8): Linear(in_features=32, out_features=1, bias=True)
    )
  )
)
Epoch 001 | time=3.4s | train_loss=0.6598 | val_loss=0.6554 | val_auc=0.6891
  ✓ New best model (epoch 1, val_loss=0.6554, val_auc=0.6891) saved to checkpoints/gcn_fp_vs_cnn_seed42.pt
Epoch 002 | time=2.6s | train_loss=0.5775 | val_loss=0.6199 | val_auc=0.7372
  ✓ New best model (epoch 2, val_loss=0.6199, val_auc=0.7372) saved to checkpoints/gcn_fp_vs_cnn_seed42.pt
Epoch 003 | time=2.6s | train_loss=0.5116 | val_loss=0.5860 | val_auc=0.7675
  ✓ New best model (epoch 3, val_loss=0.5860, val_auc=0.7675) saved to checkpoints/gcn_fp_vs_cnn_seed42.pt
Epoch 004 | time=2.6s | train_loss=0.4671 | val_loss=0.5671 | val_auc=0.7825
  ✓ New best model (epoch 4, val_loss=0.5671, val_auc=0.7825) saved to checkpoints/gcn_fp_vs_cnn_seed42.pt
Epoch 005 | time=2.8s | train_loss=0.4305 | val_loss=0.5607 | val_auc=0.7860
  ✓ New best model (epoch 5, val_loss=0.5607, val_auc=0.7860) saved to checkpoints/gcn_fp_vs_cnn_seed42.pt
Epoch 006 | time=2.6s | train_loss=0.4042 | val_loss=0.5480 | val_auc=0.7948
  ✓ New best model (epoch 6, val_loss=0.5480, val_auc=0.7948) saved to checkpoints/gcn_fp_vs_cnn_seed42.pt
Epoch 007 | time=2.6s | train_loss=0.3788 | val_loss=0.5500 | val_auc=0.7936
Epoch 008 | time=2.7s | train_loss=0.3536 | val_loss=0.5411 | val_auc=0.7990
  ✓ New best model (epoch 8, val_loss=0.5411, val_auc=0.7990) saved to checkpoints/gcn_fp_vs_cnn_seed42.pt
Epoch 009 | time=2.6s | train_loss=0.3368 | val_loss=0.5273 | val_auc=0.8135
  ✓ New best model (epoch 9, val_loss=0.5273, val_auc=0.8135) saved to checkpoints/gcn_fp_vs_cnn_seed42.pt
Epoch 010 | time=2.6s | train_loss=0.3207 | val_loss=0.5421 | val_auc=0.8057
Epoch 011 | time=2.6s | train_loss=0.3054 | val_loss=0.5378 | val_auc=0.8093
Epoch 012 | time=2.6s | train_loss=0.2909 | val_loss=0.5316 | val_auc=0.8141
  ✓ New best model (epoch 12, val_loss=0.5316, val_auc=0.8141) saved to checkpoints/gcn_fp_vs_cnn_seed42.pt
Epoch 013 | time=2.6s | train_loss=0.2778 | val_loss=0.5416 | val_auc=0.8080
Epoch 014 | time=2.6s | train_loss=0.2650 | val_loss=0.5098 | val_auc=0.8277
  ✓ New best model (epoch 14, val_loss=0.5098, val_auc=0.8277) saved to checkpoints/gcn_fp_vs_cnn_seed42.pt
Epoch 015 | time=2.6s | train_loss=0.2571 | val_loss=0.5354 | val_auc=0.8203
Epoch 016 | time=2.6s | train_loss=0.2483 | val_loss=0.5308 | val_auc=0.8250
Epoch 017 | time=2.6s | train_loss=0.2378 | val_loss=0.5160 | val_auc=0.8348
  ✓ New best model (epoch 17, val_loss=0.5160, val_auc=0.8348) saved to checkpoints/gcn_fp_vs_cnn_seed42.pt
Epoch 018 | time=2.6s | train_loss=0.2300 | val_loss=0.5144 | val_auc=0.8338
Epoch 019 | time=2.7s | train_loss=0.2207 | val_loss=0.5299 | val_auc=0.8300
Epoch 020 | time=2.6s | train_loss=0.2163 | val_loss=0.5123 | val_auc=0.8407
  ✓ New best model (epoch 20, val_loss=0.5123, val_auc=0.8407) saved to checkpoints/gcn_fp_vs_cnn_seed42.pt
Epoch 021 | time=2.6s | train_loss=0.2048 | val_loss=0.5199 | val_auc=0.8329
Epoch 022 | time=2.6s | train_loss=0.1992 | val_loss=0.5185 | val_auc=0.8376
Epoch 023 | time=2.7s | train_loss=0.1942 | val_loss=0.5192 | val_auc=0.8410
  ✓ New best model (epoch 23, val_loss=0.5192, val_auc=0.8410) saved to checkpoints/gcn_fp_vs_cnn_seed42.pt
Epoch 024 | time=2.6s | train_loss=0.1924 | val_loss=0.5369 | val_auc=0.8361
Epoch 025 | time=2.6s | train_loss=0.1875 | val_loss=0.5221 | val_auc=0.8370
Epoch 026 | time=2.6s | train_loss=0.1817 | val_loss=0.5128 | val_auc=0.8433
  ✓ New best model (epoch 26, val_loss=0.5128, val_auc=0.8433) saved to checkpoints/gcn_fp_vs_cnn_seed42.pt
Epoch 027 | time=2.6s | train_loss=0.1794 | val_loss=0.5199 | val_auc=0.8401
Epoch 028 | time=2.6s | train_loss=0.1758 | val_loss=0.5273 | val_auc=0.8399
Epoch 029 | time=2.8s | train_loss=0.1729 | val_loss=0.5181 | val_auc=0.8458
  ✓ New best model (epoch 29, val_loss=0.5181, val_auc=0.8458) saved to checkpoints/gcn_fp_vs_cnn_seed42.pt
Epoch 030 | time=2.6s | train_loss=0.1752 | val_loss=0.5295 | val_auc=0.8423
Epoch 031 | time=2.6s | train_loss=0.1718 | val_loss=0.5290 | val_auc=0.8398
Epoch 032 | time=2.6s | train_loss=0.1696 | val_loss=0.5308 | val_auc=0.8402
Epoch 033 | time=2.8s | train_loss=0.1674 | val_loss=0.5279 | val_auc=0.8434
Epoch 034 | time=2.7s | train_loss=0.1640 | val_loss=0.5321 | val_auc=0.8428
Epoch 035 | time=2.6s | train_loss=0.1611 | val_loss=0.5341 | val_auc=0.8422
Epoch 036 | time=2.6s | train_loss=0.1611 | val_loss=0.5363 | val_auc=0.8433
Epoch 037 | time=2.7s | train_loss=0.1636 | val_loss=0.5265 | val_auc=0.8455
Epoch 038 | time=2.6s | train_loss=0.1623 | val_loss=0.5287 | val_auc=0.8440
Epoch 039 | time=2.6s | train_loss=0.1604 | val_loss=0.5239 | val_auc=0.8467
  ✓ New best model (epoch 39, val_loss=0.5239, val_auc=0.8467) saved to checkpoints/gcn_fp_vs_cnn_seed42.pt
Epoch 040 | time=2.6s | train_loss=0.1597 | val_loss=0.5347 | val_auc=0.8453
Epoch 041 | time=2.6s | train_loss=0.1589 | val_loss=0.5285 | val_auc=0.8460
Epoch 042 | time=2.6s | train_loss=0.1593 | val_loss=0.5288 | val_auc=0.8435
Epoch 043 | time=2.6s | train_loss=0.1545 | val_loss=0.5448 | val_auc=0.8438
Epoch 044 | time=2.6s | train_loss=0.1569 | val_loss=0.5290 | val_auc=0.8454
Epoch 045 | time=2.6s | train_loss=0.1609 | val_loss=0.5337 | val_auc=0.8451
Epoch 046 | time=2.6s | train_loss=0.1586 | val_loss=0.5267 | val_auc=0.8462
Epoch 047 | time=2.6s | train_loss=0.1557 | val_loss=0.5266 | val_auc=0.8449
Epoch 048 | time=2.7s | train_loss=0.1567 | val_loss=0.5299 | val_auc=0.8454
Epoch 049 | time=2.8s | train_loss=0.1578 | val_loss=0.5404 | val_auc=0.8435
Early stopping — no improvement for 10 epochs

Best model: epoch 39, val_loss=0.5404, val_auc=0.8467

═══ Test Results ═══
           auc: 0.7496
         auprc: 0.7192
            f1: 0.6693
     precision: 0.6462
        recall: 0.6940
          loss: 0.6800
