Uninstalled 1 package in 8ms
Installed 1 package in 11ms
/net/storage/pr3/plgrid/plggmlcil/plgkstankie/vvv/Multimodal-models-for-predicting-drug-target-interactions/.venv/lib/python3.11/site-packages/outdated/__init__.py:36: UserWarning: pkg_resources is deprecated as an API. See https://setuptools.pypa.io/en/latest/pkg_resources.html. The pkg_resources package is slated for removal as early as 2025-11-30. Refrain from using this package or pin to Setuptools<81.
  from pkg_resources import parse_version
Setting global random seed to 999
Using device: cuda
Loading clean data from: /net/storage/pr3/plgrid/plggmlcil/plgkstankie/vvv/Multimodal-models-for-predicting-drug-target-interactions/src/datasets/lincs_balanced.parquet
Dataset size: 27498
Train: 19558  Val: 2885  Test: 5055
SMILES encoders:  ['GCNEncoder']
Protein encoders: ['ProteinCNNEncoder']
Building graph cache for 1264 SMILES...
  0%|          | 0/1264 [00:00<?, ?it/s] 19%|█▉        | 238/1264 [00:00<00:00, 2373.62it/s] 38%|███▊      | 476/1264 [00:00<00:00, 2349.49it/s] 56%|█████▋    | 711/1264 [00:00<00:00, 2318.88it/s] 75%|███████▍  | 944/1264 [00:00<00:00, 2321.71it/s] 95%|█████████▌| 1201/1264 [00:00<00:00, 2407.89it/s]100%|██████████| 1264/1264 [00:00<00:00, 2388.18it/s]
Valid SMILES graphs: 1264
MultimodalDTI(
  (smiles_encoders): ModuleList(
    (0): GCNEncoder(
      (atom_encoder): AtomEncoder(
        (atom_embedding_list): ModuleList(
          (0): Embedding(119, 128)
          (1): Embedding(5, 128)
          (2-3): 2 x Embedding(12, 128)
          (4): Embedding(10, 128)
          (5-6): 2 x Embedding(6, 128)
          (7-8): 2 x Embedding(2, 128)
        )
      )
      (convs): ModuleList(
        (0-2): 3 x GCNConv(128, 128)
      )
      (bns): ModuleList(
        (0-2): 3 x BatchNorm1d(128, eps=1e-05, momentum=0.1, affine=True, track_running_stats=True)
      )
    )
  )
  (protein_encoders): ModuleList(
    (0): ProteinCNNEncoder(
      (embedding): Embedding(21, 128, padding_idx=0)
      (conv_blocks): ModuleList(
        (0): Sequential(
          (0): Conv1d(128, 64, kernel_size=(3,), stride=(1,), padding=(1,))
          (1): BatchNorm1d(64, eps=1e-05, momentum=0.1, affine=True, track_running_stats=True)
          (2): ReLU()
          (3): Conv1d(64, 64, kernel_size=(3,), stride=(1,), padding=(1,))
          (4): BatchNorm1d(64, eps=1e-05, momentum=0.1, affine=True, track_running_stats=True)
          (5): ReLU()
        )
        (1): Sequential(
          (0): Conv1d(128, 64, kernel_size=(7,), stride=(1,), padding=(3,))
          (1): BatchNorm1d(64, eps=1e-05, momentum=0.1, affine=True, track_running_stats=True)
          (2): ReLU()
          (3): Conv1d(64, 64, kernel_size=(7,), stride=(1,), padding=(3,))
          (4): BatchNorm1d(64, eps=1e-05, momentum=0.1, affine=True, track_running_stats=True)
          (5): ReLU()
        )
        (2): Sequential(
          (0): Conv1d(128, 64, kernel_size=(15,), stride=(1,), padding=(7,))
          (1): BatchNorm1d(64, eps=1e-05, momentum=0.1, affine=True, track_running_stats=True)
          (2): ReLU()
          (3): Conv1d(64, 64, kernel_size=(15,), stride=(1,), padding=(7,))
          (4): BatchNorm1d(64, eps=1e-05, momentum=0.1, affine=True, track_running_stats=True)
          (5): ReLU()
        )
      )
    )
  )
  (fusion): MLPFusion(
    (classifier): Sequential(
      (0): Linear(in_features=320, out_features=128, bias=True)
      (1): BatchNorm1d(128, eps=1e-05, momentum=0.1, affine=True, track_running_stats=True)
      (2): ReLU()
      (3): Dropout(p=0.5, inplace=False)
      (4): Linear(in_features=128, out_features=32, bias=True)
      (5): BatchNorm1d(32, eps=1e-05, momentum=0.1, affine=True, track_running_stats=True)
      (6): ReLU()
      (7): Dropout(p=0.5, inplace=False)
      (8): Linear(in_features=32, out_features=1, bias=True)
    )
  )
)
Epoch 001 | time=3.2s | train_loss=0.6811 | val_loss=0.6702 | val_auc=0.6453
  ✓ New best model (epoch 1, val_loss=0.6702, val_auc=0.6453) saved to checkpoints/gcn_vs_cnn_seed999.pt
Epoch 002 | time=2.3s | train_loss=0.5969 | val_loss=0.6343 | val_auc=0.7100
  ✓ New best model (epoch 2, val_loss=0.6343, val_auc=0.7100) saved to checkpoints/gcn_vs_cnn_seed999.pt
Epoch 003 | time=2.3s | train_loss=0.5294 | val_loss=0.6018 | val_auc=0.7396
  ✓ New best model (epoch 3, val_loss=0.6018, val_auc=0.7396) saved to checkpoints/gcn_vs_cnn_seed999.pt
Epoch 004 | time=2.3s | train_loss=0.4772 | val_loss=0.5776 | val_auc=0.7669
  ✓ New best model (epoch 4, val_loss=0.5776, val_auc=0.7669) saved to checkpoints/gcn_vs_cnn_seed999.pt
Epoch 005 | time=2.3s | train_loss=0.4400 | val_loss=0.5627 | val_auc=0.7810
  ✓ New best model (epoch 5, val_loss=0.5627, val_auc=0.7810) saved to checkpoints/gcn_vs_cnn_seed999.pt
Epoch 006 | time=2.3s | train_loss=0.4143 | val_loss=0.5461 | val_auc=0.7973
  ✓ New best model (epoch 6, val_loss=0.5461, val_auc=0.7973) saved to checkpoints/gcn_vs_cnn_seed999.pt
Epoch 007 | time=2.3s | train_loss=0.3891 | val_loss=0.5351 | val_auc=0.8060
  ✓ New best model (epoch 7, val_loss=0.5351, val_auc=0.8060) saved to checkpoints/gcn_vs_cnn_seed999.pt
Epoch 008 | time=2.4s | train_loss=0.3693 | val_loss=0.5283 | val_auc=0.8123
  ✓ New best model (epoch 8, val_loss=0.5283, val_auc=0.8123) saved to checkpoints/gcn_vs_cnn_seed999.pt
Epoch 009 | time=2.3s | train_loss=0.3529 | val_loss=0.5304 | val_auc=0.8114
Epoch 010 | time=2.3s | train_loss=0.3385 | val_loss=0.5242 | val_auc=0.8201
  ✓ New best model (epoch 10, val_loss=0.5242, val_auc=0.8201) saved to checkpoints/gcn_vs_cnn_seed999.pt
Epoch 011 | time=2.3s | train_loss=0.3253 | val_loss=0.5221 | val_auc=0.8212
  ✓ New best model (epoch 11, val_loss=0.5221, val_auc=0.8212) saved to checkpoints/gcn_vs_cnn_seed999.pt
Epoch 012 | time=2.3s | train_loss=0.3133 | val_loss=0.5261 | val_auc=0.8177
Epoch 013 | time=2.3s | train_loss=0.3023 | val_loss=0.5281 | val_auc=0.8174
Epoch 014 | time=2.3s | train_loss=0.2926 | val_loss=0.5254 | val_auc=0.8206
Epoch 015 | time=2.3s | train_loss=0.2833 | val_loss=0.4997 | val_auc=0.8381
  ✓ New best model (epoch 15, val_loss=0.4997, val_auc=0.8381) saved to checkpoints/gcn_vs_cnn_seed999.pt
Epoch 016 | time=2.3s | train_loss=0.2720 | val_loss=0.5150 | val_auc=0.8289
Epoch 017 | time=2.3s | train_loss=0.2643 | val_loss=0.5042 | val_auc=0.8356
Epoch 018 | time=2.3s | train_loss=0.2593 | val_loss=0.5024 | val_auc=0.8403
  ✓ New best model (epoch 18, val_loss=0.5024, val_auc=0.8403) saved to checkpoints/gcn_vs_cnn_seed999.pt
Epoch 019 | time=2.4s | train_loss=0.2487 | val_loss=0.5180 | val_auc=0.8285
Epoch 020 | time=2.3s | train_loss=0.2429 | val_loss=0.5036 | val_auc=0.8387
Epoch 021 | time=2.3s | train_loss=0.2360 | val_loss=0.4969 | val_auc=0.8447
  ✓ New best model (epoch 21, val_loss=0.4969, val_auc=0.8447) saved to checkpoints/gcn_vs_cnn_seed999.pt
Epoch 022 | time=2.3s | train_loss=0.2317 | val_loss=0.5267 | val_auc=0.8320
Epoch 023 | time=2.3s | train_loss=0.2261 | val_loss=0.5084 | val_auc=0.8440
Epoch 024 | time=2.3s | train_loss=0.2241 | val_loss=0.5144 | val_auc=0.8404
Epoch 025 | time=2.3s | train_loss=0.2169 | val_loss=0.5171 | val_auc=0.8418
Epoch 026 | time=2.3s | train_loss=0.2094 | val_loss=0.5063 | val_auc=0.8440
Epoch 027 | time=2.3s | train_loss=0.2054 | val_loss=0.5054 | val_auc=0.8486
  ✓ New best model (epoch 27, val_loss=0.5054, val_auc=0.8486) saved to checkpoints/gcn_vs_cnn_seed999.pt
Epoch 028 | time=2.4s | train_loss=0.1966 | val_loss=0.5146 | val_auc=0.8459
Epoch 029 | time=2.4s | train_loss=0.1932 | val_loss=0.5148 | val_auc=0.8451
Epoch 030 | time=2.3s | train_loss=0.1880 | val_loss=0.5057 | val_auc=0.8502
  ✓ New best model (epoch 30, val_loss=0.5057, val_auc=0.8502) saved to checkpoints/gcn_vs_cnn_seed999.pt
Epoch 031 | time=2.3s | train_loss=0.1873 | val_loss=0.4965 | val_auc=0.8566
  ✓ New best model (epoch 31, val_loss=0.4965, val_auc=0.8566) saved to checkpoints/gcn_vs_cnn_seed999.pt
Epoch 032 | time=2.3s | train_loss=0.1835 | val_loss=0.5042 | val_auc=0.8526
Epoch 033 | time=2.3s | train_loss=0.1784 | val_loss=0.5033 | val_auc=0.8547
Epoch 034 | time=2.3s | train_loss=0.1768 | val_loss=0.5112 | val_auc=0.8500
Epoch 035 | time=2.5s | train_loss=0.1804 | val_loss=0.5140 | val_auc=0.8508
Epoch 036 | time=2.4s | train_loss=0.1728 | val_loss=0.5096 | val_auc=0.8546
Epoch 037 | time=2.4s | train_loss=0.1714 | val_loss=0.5337 | val_auc=0.8455
Epoch 038 | time=2.4s | train_loss=0.1701 | val_loss=0.5228 | val_auc=0.8503
Epoch 039 | time=2.3s | train_loss=0.1655 | val_loss=0.5174 | val_auc=0.8532
Epoch 040 | time=2.3s | train_loss=0.1658 | val_loss=0.5230 | val_auc=0.8518
Epoch 041 | time=2.3s | train_loss=0.1628 | val_loss=0.5160 | val_auc=0.8560
Early stopping — no improvement for 10 epochs

Best model: epoch 31, val_loss=0.5160, val_auc=0.8566

═══ Test Results ═══
           auc: 0.7274
         auprc: 0.6506
            f1: 0.5954
     precision: 0.6347
        recall: 0.5606
          loss: 0.7624
