Uninstalled 1 package in 7ms
Installed 1 package in 11ms
/net/storage/pr3/plgrid/plggmlcil/plgkstankie/vvv/Multimodal-models-for-predicting-drug-target-interactions/.venv/lib/python3.11/site-packages/outdated/__init__.py:36: UserWarning: pkg_resources is deprecated as an API. See https://setuptools.pypa.io/en/latest/pkg_resources.html. The pkg_resources package is slated for removal as early as 2025-11-30. Refrain from using this package or pin to Setuptools<81.
  from pkg_resources import parse_version
Setting global random seed to 123
Using device: cuda
Loading clean data from: /net/storage/pr3/plgrid/plggmlcil/plgkstankie/vvv/Multimodal-models-for-predicting-drug-target-interactions/src/datasets/lincs_balanced.parquet
Dataset size: 27498
Train: 19558  Val: 2885  Test: 5055
ChemBERTProcessor: loaded 236379 embeddings (dim=768) from /net/storage/pr3/plgrid/plggmlcil/plgkstankie/vvv/Multimodal-models-for-predicting-drug-target-interactions/src/datasets/ChemBERTa-zinc-base-v1.pt
SMILES encoders:  ['GCNEncoder', 'FingerprintMLPEncoder', 'ChemBERTEncoder', 'LincsEncoder']
Protein encoders: ['ProteinCNNEncoder']
Building graph cache for 1264 SMILES...
  0%|          | 0/1264 [00:00<?, ?it/s] 20%|█▉        | 251/1264 [00:00<00:00, 2505.09it/s] 40%|███▉      | 502/1264 [00:00<00:00, 2427.43it/s] 59%|█████▉    | 745/1264 [00:00<00:00, 2360.23it/s] 79%|███████▉  | 997/1264 [00:00<00:00, 2419.91it/s] 99%|█████████▉| 1254/1264 [00:00<00:00, 2469.53it/s]100%|██████████| 1264/1264 [00:00<00:00, 2446.96it/s]
Valid SMILES graphs: 1264
MultimodalDTI(
  (smiles_encoders): ModuleList(
    (0): GCNEncoder(
      (atom_encoder): AtomEncoder(
        (atom_embedding_list): ModuleList(
          (0): Embedding(119, 128)
          (1): Embedding(5, 128)
          (2-3): 2 x Embedding(12, 128)
          (4): Embedding(10, 128)
          (5-6): 2 x Embedding(6, 128)
          (7-8): 2 x Embedding(2, 128)
        )
      )
      (convs): ModuleList(
        (0-2): 3 x GCNConv(128, 128)
      )
      (bns): ModuleList(
        (0-2): 3 x BatchNorm1d(128, eps=1e-05, momentum=0.1, affine=True, track_running_stats=True)
      )
    )
    (1): FingerprintMLPEncoder(
      (mlp): Sequential(
        (0): Linear(in_features=1024, out_features=256, bias=True)
        (1): BatchNorm1d(256, eps=1e-05, momentum=0.1, affine=True, track_running_stats=True)
        (2): ReLU()
        (3): Dropout(p=0.5, inplace=False)
        (4): Linear(in_features=256, out_features=128, bias=True)
        (5): BatchNorm1d(128, eps=1e-05, momentum=0.1, affine=True, track_running_stats=True)
        (6): ReLU()
      )
    )
    (2): ChemBERTEncoder(
      (projection): Sequential(
        (0): Linear(in_features=768, out_features=128, bias=True)
        (1): LayerNorm((128,), eps=1e-05, elementwise_affine=True)
        (2): ReLU()
      )
    )
    (3): LincsEncoder(
      (mlp): Sequential(
        (0): Linear(in_features=978, out_features=128, bias=True)
        (1): BatchNorm1d(128, eps=1e-05, momentum=0.1, affine=True, track_running_stats=True)
        (2): ReLU()
        (3): Dropout(p=0.5, inplace=False)
        (4): Linear(in_features=128, out_features=128, bias=True)
        (5): BatchNorm1d(128, eps=1e-05, momentum=0.1, affine=True, track_running_stats=True)
        (6): ReLU()
      )
    )
  )
  (protein_encoders): ModuleList(
    (0): ProteinCNNEncoder(
      (embedding): Embedding(21, 128, padding_idx=0)
      (conv_blocks): ModuleList(
        (0): Sequential(
          (0): Conv1d(128, 64, kernel_size=(3,), stride=(1,), padding=(1,))
          (1): BatchNorm1d(64, eps=1e-05, momentum=0.1, affine=True, track_running_stats=True)
          (2): ReLU()
          (3): Conv1d(64, 64, kernel_size=(3,), stride=(1,), padding=(1,))
          (4): BatchNorm1d(64, eps=1e-05, momentum=0.1, affine=True, track_running_stats=True)
          (5): ReLU()
        )
        (1): Sequential(
          (0): Conv1d(128, 64, kernel_size=(7,), stride=(1,), padding=(3,))
          (1): BatchNorm1d(64, eps=1e-05, momentum=0.1, affine=True, track_running_stats=True)
          (2): ReLU()
          (3): Conv1d(64, 64, kernel_size=(7,), stride=(1,), padding=(3,))
          (4): BatchNorm1d(64, eps=1e-05, momentum=0.1, affine=True, track_running_stats=True)
          (5): ReLU()
        )
        (2): Sequential(
          (0): Conv1d(128, 64, kernel_size=(15,), stride=(1,), padding=(7,))
          (1): BatchNorm1d(64, eps=1e-05, momentum=0.1, affine=True, track_running_stats=True)
          (2): ReLU()
          (3): Conv1d(64, 64, kernel_size=(15,), stride=(1,), padding=(7,))
          (4): BatchNorm1d(64, eps=1e-05, momentum=0.1, affine=True, track_running_stats=True)
          (5): ReLU()
        )
      )
    )
  )
  (fusion): MLPFusion(
    (classifier): Sequential(
      (0): Linear(in_features=704, out_features=128, bias=True)
      (1): BatchNorm1d(128, eps=1e-05, momentum=0.1, affine=True, track_running_stats=True)
      (2): ReLU()
      (3): Dropout(p=0.5, inplace=False)
      (4): Linear(in_features=128, out_features=32, bias=True)
      (5): BatchNorm1d(32, eps=1e-05, momentum=0.1, affine=True, track_running_stats=True)
      (6): ReLU()
      (7): Dropout(p=0.5, inplace=False)
      (8): Linear(in_features=32, out_features=1, bias=True)
    )
  )
)
Epoch 001 | time=3.5s | train_loss=0.6567 | val_loss=0.6483 | val_auc=0.6757
  ✓ New best model (epoch 1, val_loss=0.6483, val_auc=0.6757) saved to checkpoints/gcn_fp_chembert_lincs_vs_cnn_seed123.pt
Epoch 002 | time=2.8s | train_loss=0.5467 | val_loss=0.6102 | val_auc=0.7270
  ✓ New best model (epoch 2, val_loss=0.6102, val_auc=0.7270) saved to checkpoints/gcn_fp_chembert_lincs_vs_cnn_seed123.pt
Epoch 003 | time=2.8s | train_loss=0.4754 | val_loss=0.5912 | val_auc=0.7456
  ✓ New best model (epoch 3, val_loss=0.5912, val_auc=0.7456) saved to checkpoints/gcn_fp_chembert_lincs_vs_cnn_seed123.pt
Epoch 004 | time=2.8s | train_loss=0.4330 | val_loss=0.5712 | val_auc=0.7699
  ✓ New best model (epoch 4, val_loss=0.5712, val_auc=0.7699) saved to checkpoints/gcn_fp_chembert_lincs_vs_cnn_seed123.pt
Epoch 005 | time=2.8s | train_loss=0.3967 | val_loss=0.5643 | val_auc=0.7810
  ✓ New best model (epoch 5, val_loss=0.5643, val_auc=0.7810) saved to checkpoints/gcn_fp_chembert_lincs_vs_cnn_seed123.pt
Epoch 006 | time=2.8s | train_loss=0.3699 | val_loss=0.5459 | val_auc=0.7984
  ✓ New best model (epoch 6, val_loss=0.5459, val_auc=0.7984) saved to checkpoints/gcn_fp_chembert_lincs_vs_cnn_seed123.pt
Epoch 007 | time=2.8s | train_loss=0.3479 | val_loss=0.5356 | val_auc=0.8090
  ✓ New best model (epoch 7, val_loss=0.5356, val_auc=0.8090) saved to checkpoints/gcn_fp_chembert_lincs_vs_cnn_seed123.pt
Epoch 008 | time=2.8s | train_loss=0.3261 | val_loss=0.5315 | val_auc=0.8092
  ✓ New best model (epoch 8, val_loss=0.5315, val_auc=0.8092) saved to checkpoints/gcn_fp_chembert_lincs_vs_cnn_seed123.pt
Epoch 009 | time=2.8s | train_loss=0.3072 | val_loss=0.5262 | val_auc=0.8145
  ✓ New best model (epoch 9, val_loss=0.5262, val_auc=0.8145) saved to checkpoints/gcn_fp_chembert_lincs_vs_cnn_seed123.pt
Epoch 010 | time=2.8s | train_loss=0.2914 | val_loss=0.5262 | val_auc=0.8217
  ✓ New best model (epoch 10, val_loss=0.5262, val_auc=0.8217) saved to checkpoints/gcn_fp_chembert_lincs_vs_cnn_seed123.pt
Epoch 011 | time=2.8s | train_loss=0.2761 | val_loss=0.5278 | val_auc=0.8172
Epoch 012 | time=2.8s | train_loss=0.2627 | val_loss=0.5294 | val_auc=0.8183
Epoch 013 | time=2.8s | train_loss=0.2483 | val_loss=0.5335 | val_auc=0.8140
Epoch 014 | time=2.8s | train_loss=0.2393 | val_loss=0.5388 | val_auc=0.8165
Epoch 015 | time=2.8s | train_loss=0.2330 | val_loss=0.5402 | val_auc=0.8188
Epoch 016 | time=2.8s | train_loss=0.2174 | val_loss=0.5300 | val_auc=0.8266
  ✓ New best model (epoch 16, val_loss=0.5300, val_auc=0.8266) saved to checkpoints/gcn_fp_chembert_lincs_vs_cnn_seed123.pt
Epoch 017 | time=3.0s | train_loss=0.2095 | val_loss=0.5278 | val_auc=0.8286
  ✓ New best model (epoch 17, val_loss=0.5278, val_auc=0.8286) saved to checkpoints/gcn_fp_chembert_lincs_vs_cnn_seed123.pt
Epoch 018 | time=2.8s | train_loss=0.2039 | val_loss=0.5327 | val_auc=0.8245
Epoch 019 | time=2.8s | train_loss=0.1982 | val_loss=0.5368 | val_auc=0.8245
Epoch 020 | time=2.8s | train_loss=0.1974 | val_loss=0.5381 | val_auc=0.8254
Epoch 021 | time=2.8s | train_loss=0.1897 | val_loss=0.5456 | val_auc=0.8219
Epoch 022 | time=2.8s | train_loss=0.1865 | val_loss=0.5373 | val_auc=0.8297
  ✓ New best model (epoch 22, val_loss=0.5373, val_auc=0.8297) saved to checkpoints/gcn_fp_chembert_lincs_vs_cnn_seed123.pt
Epoch 023 | time=2.8s | train_loss=0.1818 | val_loss=0.5347 | val_auc=0.8288
Epoch 024 | time=2.8s | train_loss=0.1780 | val_loss=0.5401 | val_auc=0.8264
Epoch 025 | time=2.8s | train_loss=0.1763 | val_loss=0.5376 | val_auc=0.8296
Epoch 026 | time=2.8s | train_loss=0.1737 | val_loss=0.5478 | val_auc=0.8236
Epoch 027 | time=2.8s | train_loss=0.1713 | val_loss=0.5486 | val_auc=0.8264
Epoch 028 | time=2.8s | train_loss=0.1702 | val_loss=0.5438 | val_auc=0.8299
  ✓ New best model (epoch 28, val_loss=0.5438, val_auc=0.8299) saved to checkpoints/gcn_fp_chembert_lincs_vs_cnn_seed123.pt
Epoch 029 | time=2.8s | train_loss=0.1675 | val_loss=0.5472 | val_auc=0.8281
Epoch 030 | time=3.0s | train_loss=0.1654 | val_loss=0.5472 | val_auc=0.8287
Epoch 031 | time=2.8s | train_loss=0.1664 | val_loss=0.5529 | val_auc=0.8263
Epoch 032 | time=2.8s | train_loss=0.1648 | val_loss=0.5551 | val_auc=0.8283
Epoch 033 | time=2.8s | train_loss=0.1628 | val_loss=0.5496 | val_auc=0.8278
Epoch 034 | time=2.8s | train_loss=0.1583 | val_loss=0.5495 | val_auc=0.8287
Epoch 035 | time=2.8s | train_loss=0.1622 | val_loss=0.5516 | val_auc=0.8274
Epoch 036 | time=2.8s | train_loss=0.1599 | val_loss=0.5507 | val_auc=0.8281
Epoch 037 | time=2.8s | train_loss=0.1591 | val_loss=0.5520 | val_auc=0.8287
Epoch 038 | time=2.8s | train_loss=0.1575 | val_loss=0.5524 | val_auc=0.8294
Early stopping — no improvement for 10 epochs

Best model: epoch 28, val_loss=0.5524, val_auc=0.8299

═══ Test Results ═══
           auc: 0.7394
         auprc: 0.6782
            f1: 0.6564
     precision: 0.6332
        recall: 0.6814
          loss: 0.6979
