Uninstalled 1 package in 8ms
Installed 1 package in 12ms
/net/storage/pr3/plgrid/plggmlcil/plgkstankie/vvv/Multimodal-models-for-predicting-drug-target-interactions/.venv/lib/python3.11/site-packages/outdated/__init__.py:36: UserWarning: pkg_resources is deprecated as an API. See https://setuptools.pypa.io/en/latest/pkg_resources.html. The pkg_resources package is slated for removal as early as 2025-11-30. Refrain from using this package or pin to Setuptools<81.
  from pkg_resources import parse_version
Setting global random seed to 1024
Using device: cuda
Loading clean data from: /net/storage/pr3/plgrid/plggmlcil/plgkstankie/vvv/Multimodal-models-for-predicting-drug-target-interactions/src/datasets/lincs_balanced.parquet
Dataset size: 27498
Train: 19558  Val: 2885  Test: 5055
ChemBERTProcessor: loaded 236379 embeddings (dim=768) from /net/storage/pr3/plgrid/plggmlcil/plgkstankie/vvv/Multimodal-models-for-predicting-drug-target-interactions/src/datasets/ChemBERTa-zinc-base-v1.pt
SMILES encoders:  ['GCNEncoder', 'FingerprintMLPEncoder', 'ChemBERTEncoder']
Protein encoders: ['ProteinCNNEncoder']
Building graph cache for 1264 SMILES...
  0%|          | 0/1264 [00:00<?, ?it/s] 20%|█▉        | 251/1264 [00:00<00:00, 2503.20it/s] 40%|███▉      | 502/1264 [00:00<00:00, 2442.04it/s] 59%|█████▉    | 747/1264 [00:00<00:00, 2377.44it/s] 79%|███████▉  | 999/1264 [00:00<00:00, 2431.68it/s] 99%|█████████▉| 1254/1264 [00:00<00:00, 2472.06it/s]100%|██████████| 1264/1264 [00:00<00:00, 2454.09it/s]
Valid SMILES graphs: 1264
MultimodalDTI(
  (smiles_encoders): ModuleList(
    (0): GCNEncoder(
      (atom_encoder): AtomEncoder(
        (atom_embedding_list): ModuleList(
          (0): Embedding(119, 128)
          (1): Embedding(5, 128)
          (2-3): 2 x Embedding(12, 128)
          (4): Embedding(10, 128)
          (5-6): 2 x Embedding(6, 128)
          (7-8): 2 x Embedding(2, 128)
        )
      )
      (convs): ModuleList(
        (0-2): 3 x GCNConv(128, 128)
      )
      (bns): ModuleList(
        (0-2): 3 x BatchNorm1d(128, eps=1e-05, momentum=0.1, affine=True, track_running_stats=True)
      )
    )
    (1): FingerprintMLPEncoder(
      (mlp): Sequential(
        (0): Linear(in_features=1024, out_features=256, bias=True)
        (1): BatchNorm1d(256, eps=1e-05, momentum=0.1, affine=True, track_running_stats=True)
        (2): ReLU()
        (3): Dropout(p=0.5, inplace=False)
        (4): Linear(in_features=256, out_features=128, bias=True)
        (5): BatchNorm1d(128, eps=1e-05, momentum=0.1, affine=True, track_running_stats=True)
        (6): ReLU()
      )
    )
    (2): ChemBERTEncoder(
      (projection): Sequential(
        (0): Linear(in_features=768, out_features=128, bias=True)
        (1): LayerNorm((128,), eps=1e-05, elementwise_affine=True)
        (2): ReLU()
      )
    )
  )
  (protein_encoders): ModuleList(
    (0): ProteinCNNEncoder(
      (embedding): Embedding(21, 128, padding_idx=0)
      (conv_blocks): ModuleList(
        (0): Sequential(
          (0): Conv1d(128, 64, kernel_size=(3,), stride=(1,), padding=(1,))
          (1): BatchNorm1d(64, eps=1e-05, momentum=0.1, affine=True, track_running_stats=True)
          (2): ReLU()
          (3): Conv1d(64, 64, kernel_size=(3,), stride=(1,), padding=(1,))
          (4): BatchNorm1d(64, eps=1e-05, momentum=0.1, affine=True, track_running_stats=True)
          (5): ReLU()
        )
        (1): Sequential(
          (0): Conv1d(128, 64, kernel_size=(7,), stride=(1,), padding=(3,))
          (1): BatchNorm1d(64, eps=1e-05, momentum=0.1, affine=True, track_running_stats=True)
          (2): ReLU()
          (3): Conv1d(64, 64, kernel_size=(7,), stride=(1,), padding=(3,))
          (4): BatchNorm1d(64, eps=1e-05, momentum=0.1, affine=True, track_running_stats=True)
          (5): ReLU()
        )
        (2): Sequential(
          (0): Conv1d(128, 64, kernel_size=(15,), stride=(1,), padding=(7,))
          (1): BatchNorm1d(64, eps=1e-05, momentum=0.1, affine=True, track_running_stats=True)
          (2): ReLU()
          (3): Conv1d(64, 64, kernel_size=(15,), stride=(1,), padding=(7,))
          (4): BatchNorm1d(64, eps=1e-05, momentum=0.1, affine=True, track_running_stats=True)
          (5): ReLU()
        )
      )
    )
  )
  (fusion): MLPFusion(
    (classifier): Sequential(
      (0): Linear(in_features=576, out_features=128, bias=True)
      (1): BatchNorm1d(128, eps=1e-05, momentum=0.1, affine=True, track_running_stats=True)
      (2): ReLU()
      (3): Dropout(p=0.5, inplace=False)
      (4): Linear(in_features=128, out_features=32, bias=True)
      (5): BatchNorm1d(32, eps=1e-05, momentum=0.1, affine=True, track_running_stats=True)
      (6): ReLU()
      (7): Dropout(p=0.5, inplace=False)
      (8): Linear(in_features=32, out_features=1, bias=True)
    )
  )
)
Epoch 001 | time=3.4s | train_loss=0.6753 | val_loss=0.6535 | val_auc=0.6792
  ✓ New best model (epoch 1, val_loss=0.6535, val_auc=0.6792) saved to checkpoints/gcn_fp_chembert_vs_cnn_seed1024.pt
Epoch 002 | time=2.6s | train_loss=0.5645 | val_loss=0.6164 | val_auc=0.7324
  ✓ New best model (epoch 2, val_loss=0.6164, val_auc=0.7324) saved to checkpoints/gcn_fp_chembert_vs_cnn_seed1024.pt
Epoch 003 | time=2.6s | train_loss=0.4866 | val_loss=0.5809 | val_auc=0.7674
  ✓ New best model (epoch 3, val_loss=0.5809, val_auc=0.7674) saved to checkpoints/gcn_fp_chembert_vs_cnn_seed1024.pt
Epoch 004 | time=2.7s | train_loss=0.4348 | val_loss=0.5703 | val_auc=0.7761
  ✓ New best model (epoch 4, val_loss=0.5703, val_auc=0.7761) saved to checkpoints/gcn_fp_chembert_vs_cnn_seed1024.pt
Epoch 005 | time=2.7s | train_loss=0.3981 | val_loss=0.5545 | val_auc=0.7925
  ✓ New best model (epoch 5, val_loss=0.5545, val_auc=0.7925) saved to checkpoints/gcn_fp_chembert_vs_cnn_seed1024.pt
Epoch 006 | time=2.7s | train_loss=0.3694 | val_loss=0.5486 | val_auc=0.7978
  ✓ New best model (epoch 6, val_loss=0.5486, val_auc=0.7978) saved to checkpoints/gcn_fp_chembert_vs_cnn_seed1024.pt
Epoch 007 | time=2.7s | train_loss=0.3456 | val_loss=0.5360 | val_auc=0.8117
  ✓ New best model (epoch 7, val_loss=0.5360, val_auc=0.8117) saved to checkpoints/gcn_fp_chembert_vs_cnn_seed1024.pt
Epoch 008 | time=2.6s | train_loss=0.3242 | val_loss=0.5313 | val_auc=0.8176
  ✓ New best model (epoch 8, val_loss=0.5313, val_auc=0.8176) saved to checkpoints/gcn_fp_chembert_vs_cnn_seed1024.pt
Epoch 009 | time=2.7s | train_loss=0.3057 | val_loss=0.5312 | val_auc=0.8153
Epoch 010 | time=2.7s | train_loss=0.2921 | val_loss=0.5227 | val_auc=0.8262
  ✓ New best model (epoch 10, val_loss=0.5227, val_auc=0.8262) saved to checkpoints/gcn_fp_chembert_vs_cnn_seed1024.pt
Epoch 011 | time=2.7s | train_loss=0.2748 | val_loss=0.5189 | val_auc=0.8290
  ✓ New best model (epoch 11, val_loss=0.5189, val_auc=0.8290) saved to checkpoints/gcn_fp_chembert_vs_cnn_seed1024.pt
Epoch 012 | time=2.7s | train_loss=0.2623 | val_loss=0.5188 | val_auc=0.8287
Epoch 013 | time=2.7s | train_loss=0.2489 | val_loss=0.5141 | val_auc=0.8327
  ✓ New best model (epoch 13, val_loss=0.5141, val_auc=0.8327) saved to checkpoints/gcn_fp_chembert_vs_cnn_seed1024.pt
Epoch 014 | time=2.7s | train_loss=0.2382 | val_loss=0.5144 | val_auc=0.8337
  ✓ New best model (epoch 14, val_loss=0.5144, val_auc=0.8337) saved to checkpoints/gcn_fp_chembert_vs_cnn_seed1024.pt
Epoch 015 | time=2.6s | train_loss=0.2292 | val_loss=0.5151 | val_auc=0.8350
  ✓ New best model (epoch 15, val_loss=0.5151, val_auc=0.8350) saved to checkpoints/gcn_fp_chembert_vs_cnn_seed1024.pt
Epoch 016 | time=2.7s | train_loss=0.2187 | val_loss=0.5139 | val_auc=0.8387
  ✓ New best model (epoch 16, val_loss=0.5139, val_auc=0.8387) saved to checkpoints/gcn_fp_chembert_vs_cnn_seed1024.pt
Epoch 017 | time=2.7s | train_loss=0.2124 | val_loss=0.5240 | val_auc=0.8326
Epoch 018 | time=3.1s | train_loss=0.2041 | val_loss=0.5128 | val_auc=0.8411
  ✓ New best model (epoch 18, val_loss=0.5128, val_auc=0.8411) saved to checkpoints/gcn_fp_chembert_vs_cnn_seed1024.pt
Epoch 019 | time=2.6s | train_loss=0.1958 | val_loss=0.5242 | val_auc=0.8370
Epoch 020 | time=2.7s | train_loss=0.1894 | val_loss=0.5137 | val_auc=0.8450
  ✓ New best model (epoch 20, val_loss=0.5137, val_auc=0.8450) saved to checkpoints/gcn_fp_chembert_vs_cnn_seed1024.pt
Epoch 021 | time=2.6s | train_loss=0.1834 | val_loss=0.5319 | val_auc=0.8358
Epoch 022 | time=2.7s | train_loss=0.1765 | val_loss=0.5152 | val_auc=0.8475
  ✓ New best model (epoch 22, val_loss=0.5152, val_auc=0.8475) saved to checkpoints/gcn_fp_chembert_vs_cnn_seed1024.pt
Epoch 023 | time=2.6s | train_loss=0.1693 | val_loss=0.5269 | val_auc=0.8446
Epoch 024 | time=2.7s | train_loss=0.1692 | val_loss=0.5308 | val_auc=0.8431
Epoch 025 | time=2.7s | train_loss=0.1572 | val_loss=0.5271 | val_auc=0.8475
  ✓ New best model (epoch 25, val_loss=0.5271, val_auc=0.8475) saved to checkpoints/gcn_fp_chembert_vs_cnn_seed1024.pt
Epoch 026 | time=2.7s | train_loss=0.1524 | val_loss=0.5127 | val_auc=0.8538
  ✓ New best model (epoch 26, val_loss=0.5127, val_auc=0.8538) saved to checkpoints/gcn_fp_chembert_vs_cnn_seed1024.pt
Epoch 027 | time=2.7s | train_loss=0.1471 | val_loss=0.5164 | val_auc=0.8549
  ✓ New best model (epoch 27, val_loss=0.5164, val_auc=0.8549) saved to checkpoints/gcn_fp_chembert_vs_cnn_seed1024.pt
Epoch 028 | time=2.6s | train_loss=0.1440 | val_loss=0.5490 | val_auc=0.8460
Epoch 029 | time=2.6s | train_loss=0.1406 | val_loss=0.5270 | val_auc=0.8521
Epoch 030 | time=2.6s | train_loss=0.1370 | val_loss=0.5314 | val_auc=0.8508
Epoch 031 | time=2.9s | train_loss=0.1364 | val_loss=0.5234 | val_auc=0.8567
  ✓ New best model (epoch 31, val_loss=0.5234, val_auc=0.8567) saved to checkpoints/gcn_fp_chembert_vs_cnn_seed1024.pt
Epoch 032 | time=2.7s | train_loss=0.1362 | val_loss=0.5300 | val_auc=0.8529
Epoch 033 | time=2.7s | train_loss=0.1281 | val_loss=0.5296 | val_auc=0.8573
  ✓ New best model (epoch 33, val_loss=0.5296, val_auc=0.8573) saved to checkpoints/gcn_fp_chembert_vs_cnn_seed1024.pt
Epoch 034 | time=2.7s | train_loss=0.1277 | val_loss=0.5381 | val_auc=0.8524
Epoch 035 | time=2.7s | train_loss=0.1252 | val_loss=0.5345 | val_auc=0.8524
Epoch 036 | time=2.7s | train_loss=0.1246 | val_loss=0.5397 | val_auc=0.8535
Epoch 037 | time=2.7s | train_loss=0.1220 | val_loss=0.5413 | val_auc=0.8531
Epoch 038 | time=2.7s | train_loss=0.1205 | val_loss=0.5511 | val_auc=0.8498
Epoch 039 | time=2.7s | train_loss=0.1179 | val_loss=0.5448 | val_auc=0.8538
Epoch 040 | time=2.7s | train_loss=0.1195 | val_loss=0.5404 | val_auc=0.8552
Epoch 041 | time=2.7s | train_loss=0.1180 | val_loss=0.5431 | val_auc=0.8527
Epoch 042 | time=2.7s | train_loss=0.1153 | val_loss=0.5472 | val_auc=0.8533
Epoch 043 | time=2.7s | train_loss=0.1161 | val_loss=0.5483 | val_auc=0.8547
Early stopping — no improvement for 10 epochs

Best model: epoch 33, val_loss=0.5483, val_auc=0.8573

═══ Test Results ═══
           auc: 0.7311
         auprc: 0.6646
            f1: 0.6569
     precision: 0.6451
        recall: 0.6692
          loss: 0.8041
