/home/kappy/Repos/Multimodal-models-for-predicting-drug-target-interactions/.venv/lib/python3.11/site-packages/outdated/__init__.py:36: UserWarning: pkg_resources is deprecated as an API. See https://setuptools.pypa.io/en/latest/pkg_resources.html. The pkg_resources package is slated for removal as early as 2025-11-30. Refrain from using this package or pin to Setuptools<81.
  from pkg_resources import parse_version
Using device: cuda
Loading clean data from: /home/kappy/Repos/Multimodal-models-for-predicting-drug-target-interactions/src/datasets/lincs_balanced.parquet
Dataset size: 27498
Train: 19558  Val: 2885  Test: 5055
ChemBERTProcessor: loaded 236379 embeddings (dim=768) from /home/kappy/Repos/Multimodal-models-for-predicting-drug-target-interactions/src/datasets/ChemBERTa-zinc-base-v1.pt
SMILES encoders:  ['GCNEncoder', 'ChemBERTEncoder', 'LincsEncoder']
Protein encoders: ['ProteinCNNEncoder']
Building graph cache for 1264 SMILES...
  0%|          | 0/1264 [00:00<?, ?it/s] 40%|███▉      | 502/1264 [00:00<00:00, 5019.41it/s] 79%|███████▉  | 1004/1264 [00:00<00:00, 4994.78it/s]100%|██████████| 1264/1264 [00:00<00:00, 5074.96it/s]
Valid SMILES graphs: 1264
MultimodalDTI(
  (smiles_encoders): ModuleList(
    (0): GCNEncoder(
      (atom_encoder): AtomEncoder(
        (atom_embedding_list): ModuleList(
          (0): Embedding(119, 128)
          (1): Embedding(5, 128)
          (2-3): 2 x Embedding(12, 128)
          (4): Embedding(10, 128)
          (5-6): 2 x Embedding(6, 128)
          (7-8): 2 x Embedding(2, 128)
        )
      )
      (convs): ModuleList(
        (0-2): 3 x GCNConv(128, 128)
      )
      (bns): ModuleList(
        (0-2): 3 x BatchNorm1d(128, eps=1e-05, momentum=0.1, affine=True, track_running_stats=True)
      )
    )
    (1): ChemBERTEncoder(
      (projection): Sequential(
        (0): Linear(in_features=768, out_features=128, bias=True)
        (1): LayerNorm((128,), eps=1e-05, elementwise_affine=True)
        (2): ReLU()
      )
    )
    (2): LincsEncoder(
      (mlp): Sequential(
        (0): Linear(in_features=978, out_features=128, bias=True)
        (1): BatchNorm1d(128, eps=1e-05, momentum=0.1, affine=True, track_running_stats=True)
        (2): ReLU()
        (3): Dropout(p=0.5, inplace=False)
        (4): Linear(in_features=128, out_features=128, bias=True)
        (5): BatchNorm1d(128, eps=1e-05, momentum=0.1, affine=True, track_running_stats=True)
        (6): ReLU()
      )
    )
  )
  (protein_encoders): ModuleList(
    (0): ProteinCNNEncoder(
      (embedding): Embedding(21, 128, padding_idx=0)
      (conv_blocks): ModuleList(
        (0): Sequential(
          (0): Conv1d(128, 64, kernel_size=(3,), stride=(1,), padding=(1,))
          (1): BatchNorm1d(64, eps=1e-05, momentum=0.1, affine=True, track_running_stats=True)
          (2): ReLU()
          (3): Conv1d(64, 64, kernel_size=(3,), stride=(1,), padding=(1,))
          (4): BatchNorm1d(64, eps=1e-05, momentum=0.1, affine=True, track_running_stats=True)
          (5): ReLU()
        )
        (1): Sequential(
          (0): Conv1d(128, 64, kernel_size=(7,), stride=(1,), padding=(3,))
          (1): BatchNorm1d(64, eps=1e-05, momentum=0.1, affine=True, track_running_stats=True)
          (2): ReLU()
          (3): Conv1d(64, 64, kernel_size=(7,), stride=(1,), padding=(3,))
          (4): BatchNorm1d(64, eps=1e-05, momentum=0.1, affine=True, track_running_stats=True)
          (5): ReLU()
        )
        (2): Sequential(
          (0): Conv1d(128, 64, kernel_size=(15,), stride=(1,), padding=(7,))
          (1): BatchNorm1d(64, eps=1e-05, momentum=0.1, affine=True, track_running_stats=True)
          (2): ReLU()
          (3): Conv1d(64, 64, kernel_size=(15,), stride=(1,), padding=(7,))
          (4): BatchNorm1d(64, eps=1e-05, momentum=0.1, affine=True, track_running_stats=True)
          (5): ReLU()
        )
      )
    )
  )
  (fusion): MLPFusion(
    (classifier): Sequential(
      (0): Linear(in_features=576, out_features=128, bias=True)
      (1): BatchNorm1d(128, eps=1e-05, momentum=0.1, affine=True, track_running_stats=True)
      (2): ReLU()
      (3): Dropout(p=0.5, inplace=False)
      (4): Linear(in_features=128, out_features=32, bias=True)
      (5): BatchNorm1d(32, eps=1e-05, momentum=0.1, affine=True, track_running_stats=True)
      (6): ReLU()
      (7): Dropout(p=0.5, inplace=False)
      (8): Linear(in_features=32, out_features=1, bias=True)
    )
  )
)
Epoch 001 | time=3.6s | train_loss=0.6567 | val_loss=0.6450 | val_auc=0.6864
  ✓ New best model (epoch 1, val_loss=0.6450, val_auc=0.6864) saved to checkpoints/gcn_chembert_lincs_vs_cnn.pt
Epoch 002 | time=3.1s | train_loss=0.5525 | val_loss=0.6069 | val_auc=0.7364
  ✓ New best model (epoch 2, val_loss=0.6069, val_auc=0.7364) saved to checkpoints/gcn_chembert_lincs_vs_cnn.pt
Epoch 003 | time=3.1s | train_loss=0.4797 | val_loss=0.5900 | val_auc=0.7513
  ✓ New best model (epoch 3, val_loss=0.5900, val_auc=0.7513) saved to checkpoints/gcn_chembert_lincs_vs_cnn.pt
Epoch 004 | time=3.1s | train_loss=0.4342 | val_loss=0.5749 | val_auc=0.7699
  ✓ New best model (epoch 4, val_loss=0.5749, val_auc=0.7699) saved to checkpoints/gcn_chembert_lincs_vs_cnn.pt
Epoch 005 | time=3.1s | train_loss=0.4043 | val_loss=0.5709 | val_auc=0.7751
  ✓ New best model (epoch 5, val_loss=0.5709, val_auc=0.7751) saved to checkpoints/gcn_chembert_lincs_vs_cnn.pt
Epoch 006 | time=3.1s | train_loss=0.3780 | val_loss=0.5641 | val_auc=0.7829
  ✓ New best model (epoch 6, val_loss=0.5641, val_auc=0.7829) saved to checkpoints/gcn_chembert_lincs_vs_cnn.pt
Epoch 007 | time=3.1s | train_loss=0.3566 | val_loss=0.5586 | val_auc=0.7895
  ✓ New best model (epoch 7, val_loss=0.5586, val_auc=0.7895) saved to checkpoints/gcn_chembert_lincs_vs_cnn.pt
Epoch 008 | time=3.1s | train_loss=0.3353 | val_loss=0.5557 | val_auc=0.7991
  ✓ New best model (epoch 8, val_loss=0.5557, val_auc=0.7991) saved to checkpoints/gcn_chembert_lincs_vs_cnn.pt
Epoch 009 | time=3.1s | train_loss=0.3192 | val_loss=0.5587 | val_auc=0.7940
Epoch 010 | time=3.1s | train_loss=0.3021 | val_loss=0.5507 | val_auc=0.8020
  ✓ New best model (epoch 10, val_loss=0.5507, val_auc=0.8020) saved to checkpoints/gcn_chembert_lincs_vs_cnn.pt
Epoch 011 | time=3.1s | train_loss=0.2876 | val_loss=0.5612 | val_auc=0.7966
Epoch 012 | time=3.1s | train_loss=0.2739 | val_loss=0.5438 | val_auc=0.8099
  ✓ New best model (epoch 12, val_loss=0.5438, val_auc=0.8099) saved to checkpoints/gcn_chembert_lincs_vs_cnn.pt
Epoch 013 | time=3.1s | train_loss=0.2652 | val_loss=0.5358 | val_auc=0.8153
  ✓ New best model (epoch 13, val_loss=0.5358, val_auc=0.8153) saved to checkpoints/gcn_chembert_lincs_vs_cnn.pt
Epoch 014 | time=3.1s | train_loss=0.2528 | val_loss=0.5396 | val_auc=0.8153
Epoch 015 | time=3.2s | train_loss=0.2447 | val_loss=0.5474 | val_auc=0.8181
  ✓ New best model (epoch 15, val_loss=0.5474, val_auc=0.8181) saved to checkpoints/gcn_chembert_lincs_vs_cnn.pt
Epoch 016 | time=3.1s | train_loss=0.2330 | val_loss=0.5367 | val_auc=0.8185
  ✓ New best model (epoch 16, val_loss=0.5367, val_auc=0.8185) saved to checkpoints/gcn_chembert_lincs_vs_cnn.pt
Epoch 017 | time=3.1s | train_loss=0.2229 | val_loss=0.5486 | val_auc=0.8151
Epoch 018 | time=3.2s | train_loss=0.2170 | val_loss=0.5420 | val_auc=0.8179
Epoch 019 | time=3.1s | train_loss=0.2087 | val_loss=0.5388 | val_auc=0.8246
  ✓ New best model (epoch 19, val_loss=0.5388, val_auc=0.8246) saved to checkpoints/gcn_chembert_lincs_vs_cnn.pt
Epoch 020 | time=3.1s | train_loss=0.2019 | val_loss=0.5317 | val_auc=0.8317
  ✓ New best model (epoch 20, val_loss=0.5317, val_auc=0.8317) saved to checkpoints/gcn_chembert_lincs_vs_cnn.pt
Epoch 021 | time=3.1s | train_loss=0.1917 | val_loss=0.5392 | val_auc=0.8286
Epoch 022 | time=3.1s | train_loss=0.1865 | val_loss=0.5402 | val_auc=0.8299
Epoch 023 | time=3.1s | train_loss=0.1834 | val_loss=0.5488 | val_auc=0.8268
Epoch 024 | time=3.1s | train_loss=0.1819 | val_loss=0.5526 | val_auc=0.8256
Epoch 025 | time=3.1s | train_loss=0.1769 | val_loss=0.5493 | val_auc=0.8273
Epoch 026 | time=3.1s | train_loss=0.1759 | val_loss=0.5471 | val_auc=0.8300
Epoch 027 | time=3.1s | train_loss=0.1661 | val_loss=0.5494 | val_auc=0.8281
Epoch 028 | time=3.1s | train_loss=0.1663 | val_loss=0.5499 | val_auc=0.8295
Epoch 029 | time=3.1s | train_loss=0.1618 | val_loss=0.5532 | val_auc=0.8281
Epoch 030 | time=3.2s | train_loss=0.1615 | val_loss=0.5551 | val_auc=0.8290
Early stopping — no improvement for 10 epochs

Best model: epoch 20, val_loss=0.5551, val_auc=0.8317

═══ Test Results ═══
           auc: 0.7262
         auprc: 0.6335
            f1: 0.6356
     precision: 0.6299
        recall: 0.6413
          loss: 0.7002
