Uninstalled 1 package in 8ms
Installed 1 package in 12ms
/net/storage/pr3/plgrid/plggmlcil/plgkstankie/vvv/Multimodal-models-for-predicting-drug-target-interactions/.venv/lib/python3.11/site-packages/outdated/__init__.py:36: UserWarning: pkg_resources is deprecated as an API. See https://setuptools.pypa.io/en/latest/pkg_resources.html. The pkg_resources package is slated for removal as early as 2025-11-30. Refrain from using this package or pin to Setuptools<81.
  from pkg_resources import parse_version
Setting global random seed to 123
Using device: cuda
Loading clean data from: /net/storage/pr3/plgrid/plggmlcil/plgkstankie/vvv/Multimodal-models-for-predicting-drug-target-interactions/src/datasets/lincs_balanced.parquet
Dataset size: 27498
Train: 19558  Val: 2885  Test: 5055
ChemBERTProcessor: loaded 236379 embeddings (dim=768) from /net/storage/pr3/plgrid/plggmlcil/plgkstankie/vvv/Multimodal-models-for-predicting-drug-target-interactions/src/datasets/ChemBERTa-zinc-base-v1.pt
SMILES encoders:  ['GCNEncoder', 'ChemBERTEncoder', 'LincsGraphEncoder']
Protein encoders: ['ProteinCNNEncoder']
Building graph cache for 1264 SMILES...
  0%|          | 0/1264 [00:00<?, ?it/s] 20%|█▉        | 250/1264 [00:00<00:00, 2499.56it/s] 40%|███▉      | 500/1264 [00:00<00:00, 2419.94it/s] 59%|█████▉    | 743/1264 [00:00<00:00, 2348.62it/s] 79%|███████▊  | 993/1264 [00:00<00:00, 2405.23it/s] 99%|█████████▉| 1249/1264 [00:00<00:00, 2458.71it/s]100%|██████████| 1264/1264 [00:00<00:00, 2437.67it/s]
Valid SMILES graphs: 1264
MultimodalDTI(
  (smiles_encoders): ModuleList(
    (0): GCNEncoder(
      (atom_encoder): AtomEncoder(
        (atom_embedding_list): ModuleList(
          (0): Embedding(119, 128)
          (1): Embedding(5, 128)
          (2-3): 2 x Embedding(12, 128)
          (4): Embedding(10, 128)
          (5-6): 2 x Embedding(6, 128)
          (7-8): 2 x Embedding(2, 128)
        )
      )
      (convs): ModuleList(
        (0-2): 3 x GCNConv(128, 128)
      )
      (bns): ModuleList(
        (0-2): 3 x BatchNorm1d(128, eps=1e-05, momentum=0.1, affine=True, track_running_stats=True)
      )
    )
    (1): ChemBERTEncoder(
      (projection): Sequential(
        (0): Linear(in_features=768, out_features=128, bias=True)
        (1): LayerNorm((128,), eps=1e-05, elementwise_affine=True)
        (2): ReLU()
      )
    )
    (2): LincsGraphEncoder(
      (proj): Linear(in_features=1, out_features=128, bias=True)
      (convs): ModuleList(
        (0-1): 2 x DenseGCNConv(
          (linear): Linear(in_features=128, out_features=128, bias=False)
        )
      )
      (bns): ModuleList(
        (0-1): 2 x BatchNorm1d(128, eps=1e-05, momentum=0.1, affine=True, track_running_stats=True)
      )
      (pool_proj): Linear(in_features=128, out_features=128, bias=True)
    )
  )
  (protein_encoders): ModuleList(
    (0): ProteinCNNEncoder(
      (embedding): Embedding(21, 128, padding_idx=0)
      (conv_blocks): ModuleList(
        (0): Sequential(
          (0): Conv1d(128, 64, kernel_size=(3,), stride=(1,), padding=(1,))
          (1): BatchNorm1d(64, eps=1e-05, momentum=0.1, affine=True, track_running_stats=True)
          (2): ReLU()
          (3): Conv1d(64, 64, kernel_size=(3,), stride=(1,), padding=(1,))
          (4): BatchNorm1d(64, eps=1e-05, momentum=0.1, affine=True, track_running_stats=True)
          (5): ReLU()
        )
        (1): Sequential(
          (0): Conv1d(128, 64, kernel_size=(7,), stride=(1,), padding=(3,))
          (1): BatchNorm1d(64, eps=1e-05, momentum=0.1, affine=True, track_running_stats=True)
          (2): ReLU()
          (3): Conv1d(64, 64, kernel_size=(7,), stride=(1,), padding=(3,))
          (4): BatchNorm1d(64, eps=1e-05, momentum=0.1, affine=True, track_running_stats=True)
          (5): ReLU()
        )
        (2): Sequential(
          (0): Conv1d(128, 64, kernel_size=(15,), stride=(1,), padding=(7,))
          (1): BatchNorm1d(64, eps=1e-05, momentum=0.1, affine=True, track_running_stats=True)
          (2): ReLU()
          (3): Conv1d(64, 64, kernel_size=(15,), stride=(1,), padding=(7,))
          (4): BatchNorm1d(64, eps=1e-05, momentum=0.1, affine=True, track_running_stats=True)
          (5): ReLU()
        )
      )
    )
  )
  (fusion): MLPFusion(
    (classifier): Sequential(
      (0): Linear(in_features=576, out_features=128, bias=True)
      (1): BatchNorm1d(128, eps=1e-05, momentum=0.1, affine=True, track_running_stats=True)
      (2): ReLU()
      (3): Dropout(p=0.5, inplace=False)
      (4): Linear(in_features=128, out_features=32, bias=True)
      (5): BatchNorm1d(32, eps=1e-05, momentum=0.1, affine=True, track_running_stats=True)
      (6): ReLU()
      (7): Dropout(p=0.5, inplace=False)
      (8): Linear(in_features=32, out_features=1, bias=True)
    )
  )
)
Epoch 001 | time=4.2s | train_loss=0.6752 | val_loss=0.6582 | val_auc=0.6800
  ✓ New best model (epoch 1, val_loss=0.6582, val_auc=0.6800) saved to checkpoints/gcn_chembert_lincs_graph_vs_cnn_seed123.pt
Epoch 002 | time=3.4s | train_loss=0.5741 | val_loss=0.6173 | val_auc=0.7295
  ✓ New best model (epoch 2, val_loss=0.6173, val_auc=0.7295) saved to checkpoints/gcn_chembert_lincs_graph_vs_cnn_seed123.pt
Epoch 003 | time=3.4s | train_loss=0.5000 | val_loss=0.5984 | val_auc=0.7520
  ✓ New best model (epoch 3, val_loss=0.5984, val_auc=0.7520) saved to checkpoints/gcn_chembert_lincs_graph_vs_cnn_seed123.pt
Epoch 004 | time=3.4s | train_loss=0.4494 | val_loss=0.5924 | val_auc=0.7557
  ✓ New best model (epoch 4, val_loss=0.5924, val_auc=0.7557) saved to checkpoints/gcn_chembert_lincs_graph_vs_cnn_seed123.pt
Epoch 005 | time=3.4s | train_loss=0.4149 | val_loss=0.5790 | val_auc=0.7667
  ✓ New best model (epoch 5, val_loss=0.5790, val_auc=0.7667) saved to checkpoints/gcn_chembert_lincs_graph_vs_cnn_seed123.pt
Epoch 006 | time=3.4s | train_loss=0.3913 | val_loss=0.5740 | val_auc=0.7759
  ✓ New best model (epoch 6, val_loss=0.5740, val_auc=0.7759) saved to checkpoints/gcn_chembert_lincs_graph_vs_cnn_seed123.pt
Epoch 007 | time=3.4s | train_loss=0.3696 | val_loss=0.5734 | val_auc=0.7781
  ✓ New best model (epoch 7, val_loss=0.5734, val_auc=0.7781) saved to checkpoints/gcn_chembert_lincs_graph_vs_cnn_seed123.pt
Epoch 008 | time=3.4s | train_loss=0.3507 | val_loss=0.5636 | val_auc=0.7855
  ✓ New best model (epoch 8, val_loss=0.5636, val_auc=0.7855) saved to checkpoints/gcn_chembert_lincs_graph_vs_cnn_seed123.pt
Epoch 009 | time=3.4s | train_loss=0.3323 | val_loss=0.5597 | val_auc=0.7909
  ✓ New best model (epoch 9, val_loss=0.5597, val_auc=0.7909) saved to checkpoints/gcn_chembert_lincs_graph_vs_cnn_seed123.pt
Epoch 010 | time=3.4s | train_loss=0.3183 | val_loss=0.5545 | val_auc=0.7927
  ✓ New best model (epoch 10, val_loss=0.5545, val_auc=0.7927) saved to checkpoints/gcn_chembert_lincs_graph_vs_cnn_seed123.pt
Epoch 011 | time=3.4s | train_loss=0.3082 | val_loss=0.5639 | val_auc=0.7954
  ✓ New best model (epoch 11, val_loss=0.5639, val_auc=0.7954) saved to checkpoints/gcn_chembert_lincs_graph_vs_cnn_seed123.pt
Epoch 012 | time=3.4s | train_loss=0.2934 | val_loss=0.5534 | val_auc=0.8003
  ✓ New best model (epoch 12, val_loss=0.5534, val_auc=0.8003) saved to checkpoints/gcn_chembert_lincs_graph_vs_cnn_seed123.pt
Epoch 013 | time=3.4s | train_loss=0.2821 | val_loss=0.5491 | val_auc=0.7980
Epoch 014 | time=3.4s | train_loss=0.2710 | val_loss=0.5338 | val_auc=0.8105
  ✓ New best model (epoch 14, val_loss=0.5338, val_auc=0.8105) saved to checkpoints/gcn_chembert_lincs_graph_vs_cnn_seed123.pt
Epoch 015 | time=3.4s | train_loss=0.2621 | val_loss=0.5508 | val_auc=0.8026
Epoch 016 | time=3.4s | train_loss=0.2524 | val_loss=0.5488 | val_auc=0.8055
Epoch 017 | time=3.5s | train_loss=0.2437 | val_loss=0.5472 | val_auc=0.8073
Epoch 018 | time=3.4s | train_loss=0.2379 | val_loss=0.5562 | val_auc=0.8016
Epoch 019 | time=3.4s | train_loss=0.2301 | val_loss=0.5636 | val_auc=0.8034
Epoch 020 | time=3.4s | train_loss=0.2243 | val_loss=0.5291 | val_auc=0.8220
  ✓ New best model (epoch 20, val_loss=0.5291, val_auc=0.8220) saved to checkpoints/gcn_chembert_lincs_graph_vs_cnn_seed123.pt
Epoch 021 | time=3.4s | train_loss=0.2138 | val_loss=0.5393 | val_auc=0.8148
Epoch 022 | time=3.4s | train_loss=0.2097 | val_loss=0.5458 | val_auc=0.8126
Epoch 023 | time=3.4s | train_loss=0.2044 | val_loss=0.5414 | val_auc=0.8172
Epoch 024 | time=3.4s | train_loss=0.2002 | val_loss=0.5453 | val_auc=0.8174
Epoch 025 | time=3.4s | train_loss=0.1927 | val_loss=0.5640 | val_auc=0.8079
Epoch 026 | time=3.4s | train_loss=0.1864 | val_loss=0.5504 | val_auc=0.8202
Epoch 027 | time=3.4s | train_loss=0.1748 | val_loss=0.5374 | val_auc=0.8278
  ✓ New best model (epoch 27, val_loss=0.5374, val_auc=0.8278) saved to checkpoints/gcn_chembert_lincs_graph_vs_cnn_seed123.pt
Epoch 028 | time=3.4s | train_loss=0.1698 | val_loss=0.5582 | val_auc=0.8213
Epoch 029 | time=3.4s | train_loss=0.1669 | val_loss=0.5572 | val_auc=0.8215
Epoch 030 | time=3.6s | train_loss=0.1644 | val_loss=0.5555 | val_auc=0.8233
Epoch 031 | time=3.4s | train_loss=0.1630 | val_loss=0.5626 | val_auc=0.8220
Epoch 032 | time=3.4s | train_loss=0.1580 | val_loss=0.5798 | val_auc=0.8158
Epoch 033 | time=3.4s | train_loss=0.1532 | val_loss=0.5606 | val_auc=0.8234
Epoch 034 | time=3.4s | train_loss=0.1506 | val_loss=0.5796 | val_auc=0.8186
Epoch 035 | time=3.4s | train_loss=0.1481 | val_loss=0.5740 | val_auc=0.8209
Epoch 036 | time=3.4s | train_loss=0.1486 | val_loss=0.5770 | val_auc=0.8186
Epoch 037 | time=3.4s | train_loss=0.1468 | val_loss=0.5817 | val_auc=0.8174
Early stopping — no improvement for 10 epochs

Best model: epoch 27, val_loss=0.5817, val_auc=0.8278

═══ Test Results ═══
           auc: 0.7035
         auprc: 0.6387
            f1: 0.6202
     precision: 0.6053
        recall: 0.6359
          loss: 0.7717
