Uninstalled 1 package in 8ms
Installed 1 package in 11ms
/net/storage/pr3/plgrid/plggmlcil/plgkstankie/vvv/Multimodal-models-for-predicting-drug-target-interactions/.venv/lib/python3.11/site-packages/outdated/__init__.py:36: UserWarning: pkg_resources is deprecated as an API. See https://setuptools.pypa.io/en/latest/pkg_resources.html. The pkg_resources package is slated for removal as early as 2025-11-30. Refrain from using this package or pin to Setuptools<81.
  from pkg_resources import parse_version
Setting global random seed to 999
Using device: cuda
Loading clean data from: /net/storage/pr3/plgrid/plggmlcil/plgkstankie/vvv/Multimodal-models-for-predicting-drug-target-interactions/src/datasets/lincs_balanced.parquet
Dataset size: 27498
Train: 19558  Val: 2885  Test: 5055
ChemBERTProcessor: loaded 236379 embeddings (dim=768) from /net/storage/pr3/plgrid/plggmlcil/plgkstankie/vvv/Multimodal-models-for-predicting-drug-target-interactions/src/datasets/ChemBERTa-zinc-base-v1.pt
SMILES encoders:  ['GCNEncoder', 'ChemBERTEncoder', 'LincsEncoder']
Protein encoders: ['ProteinCNNEncoder']
Building graph cache for 1264 SMILES...
  0%|          | 0/1264 [00:00<?, ?it/s] 20%|█▉        | 250/1264 [00:00<00:00, 2498.68it/s] 40%|███▉      | 500/1264 [00:00<00:00, 2434.19it/s] 59%|█████▉    | 744/1264 [00:00<00:00, 2368.37it/s] 79%|███████▊  | 995/1264 [00:00<00:00, 2421.04it/s] 99%|█████████▉| 1251/1264 [00:00<00:00, 2469.66it/s]100%|██████████| 1264/1264 [00:00<00:00, 2449.81it/s]
Valid SMILES graphs: 1264
MultimodalDTI(
  (smiles_encoders): ModuleList(
    (0): GCNEncoder(
      (atom_encoder): AtomEncoder(
        (atom_embedding_list): ModuleList(
          (0): Embedding(119, 128)
          (1): Embedding(5, 128)
          (2-3): 2 x Embedding(12, 128)
          (4): Embedding(10, 128)
          (5-6): 2 x Embedding(6, 128)
          (7-8): 2 x Embedding(2, 128)
        )
      )
      (convs): ModuleList(
        (0-2): 3 x GCNConv(128, 128)
      )
      (bns): ModuleList(
        (0-2): 3 x BatchNorm1d(128, eps=1e-05, momentum=0.1, affine=True, track_running_stats=True)
      )
    )
    (1): ChemBERTEncoder(
      (projection): Sequential(
        (0): Linear(in_features=768, out_features=128, bias=True)
        (1): LayerNorm((128,), eps=1e-05, elementwise_affine=True)
        (2): ReLU()
      )
    )
    (2): LincsEncoder(
      (mlp): Sequential(
        (0): Linear(in_features=978, out_features=128, bias=True)
        (1): BatchNorm1d(128, eps=1e-05, momentum=0.1, affine=True, track_running_stats=True)
        (2): ReLU()
        (3): Dropout(p=0.5, inplace=False)
        (4): Linear(in_features=128, out_features=128, bias=True)
        (5): BatchNorm1d(128, eps=1e-05, momentum=0.1, affine=True, track_running_stats=True)
        (6): ReLU()
      )
    )
  )
  (protein_encoders): ModuleList(
    (0): ProteinCNNEncoder(
      (embedding): Embedding(21, 128, padding_idx=0)
      (conv_blocks): ModuleList(
        (0): Sequential(
          (0): Conv1d(128, 64, kernel_size=(3,), stride=(1,), padding=(1,))
          (1): BatchNorm1d(64, eps=1e-05, momentum=0.1, affine=True, track_running_stats=True)
          (2): ReLU()
          (3): Conv1d(64, 64, kernel_size=(3,), stride=(1,), padding=(1,))
          (4): BatchNorm1d(64, eps=1e-05, momentum=0.1, affine=True, track_running_stats=True)
          (5): ReLU()
        )
        (1): Sequential(
          (0): Conv1d(128, 64, kernel_size=(7,), stride=(1,), padding=(3,))
          (1): BatchNorm1d(64, eps=1e-05, momentum=0.1, affine=True, track_running_stats=True)
          (2): ReLU()
          (3): Conv1d(64, 64, kernel_size=(7,), stride=(1,), padding=(3,))
          (4): BatchNorm1d(64, eps=1e-05, momentum=0.1, affine=True, track_running_stats=True)
          (5): ReLU()
        )
        (2): Sequential(
          (0): Conv1d(128, 64, kernel_size=(15,), stride=(1,), padding=(7,))
          (1): BatchNorm1d(64, eps=1e-05, momentum=0.1, affine=True, track_running_stats=True)
          (2): ReLU()
          (3): Conv1d(64, 64, kernel_size=(15,), stride=(1,), padding=(7,))
          (4): BatchNorm1d(64, eps=1e-05, momentum=0.1, affine=True, track_running_stats=True)
          (5): ReLU()
        )
      )
    )
  )
  (fusion): MLPFusion(
    (classifier): Sequential(
      (0): Linear(in_features=576, out_features=128, bias=True)
      (1): BatchNorm1d(128, eps=1e-05, momentum=0.1, affine=True, track_running_stats=True)
      (2): ReLU()
      (3): Dropout(p=0.5, inplace=False)
      (4): Linear(in_features=128, out_features=32, bias=True)
      (5): BatchNorm1d(32, eps=1e-05, momentum=0.1, affine=True, track_running_stats=True)
      (6): ReLU()
      (7): Dropout(p=0.5, inplace=False)
      (8): Linear(in_features=32, out_features=1, bias=True)
    )
  )
)
Epoch 001 | time=3.7s | train_loss=0.6677 | val_loss=0.6516 | val_auc=0.6985
  ✓ New best model (epoch 1, val_loss=0.6516, val_auc=0.6985) saved to checkpoints/gcn_chembert_lincs_vs_cnn_seed999.pt
Epoch 002 | time=2.5s | train_loss=0.5661 | val_loss=0.6133 | val_auc=0.7413
  ✓ New best model (epoch 2, val_loss=0.6133, val_auc=0.7413) saved to checkpoints/gcn_chembert_lincs_vs_cnn_seed999.pt
Epoch 003 | time=2.5s | train_loss=0.4927 | val_loss=0.5908 | val_auc=0.7669
  ✓ New best model (epoch 3, val_loss=0.5908, val_auc=0.7669) saved to checkpoints/gcn_chembert_lincs_vs_cnn_seed999.pt
Epoch 004 | time=2.5s | train_loss=0.4446 | val_loss=0.5657 | val_auc=0.7937
  ✓ New best model (epoch 4, val_loss=0.5657, val_auc=0.7937) saved to checkpoints/gcn_chembert_lincs_vs_cnn_seed999.pt
Epoch 005 | time=2.5s | train_loss=0.4061 | val_loss=0.5473 | val_auc=0.8042
  ✓ New best model (epoch 5, val_loss=0.5473, val_auc=0.8042) saved to checkpoints/gcn_chembert_lincs_vs_cnn_seed999.pt
Epoch 006 | time=2.5s | train_loss=0.3803 | val_loss=0.5445 | val_auc=0.8057
  ✓ New best model (epoch 6, val_loss=0.5445, val_auc=0.8057) saved to checkpoints/gcn_chembert_lincs_vs_cnn_seed999.pt
Epoch 007 | time=2.5s | train_loss=0.3544 | val_loss=0.5239 | val_auc=0.8201
  ✓ New best model (epoch 7, val_loss=0.5239, val_auc=0.8201) saved to checkpoints/gcn_chembert_lincs_vs_cnn_seed999.pt
Epoch 008 | time=2.5s | train_loss=0.3362 | val_loss=0.5302 | val_auc=0.8175
Epoch 009 | time=2.5s | train_loss=0.3180 | val_loss=0.5264 | val_auc=0.8214
  ✓ New best model (epoch 9, val_loss=0.5264, val_auc=0.8214) saved to checkpoints/gcn_chembert_lincs_vs_cnn_seed999.pt
Epoch 010 | time=2.5s | train_loss=0.3026 | val_loss=0.5179 | val_auc=0.8272
  ✓ New best model (epoch 10, val_loss=0.5179, val_auc=0.8272) saved to checkpoints/gcn_chembert_lincs_vs_cnn_seed999.pt
Epoch 011 | time=2.5s | train_loss=0.2892 | val_loss=0.5238 | val_auc=0.8263
Epoch 012 | time=2.5s | train_loss=0.2764 | val_loss=0.5138 | val_auc=0.8346
  ✓ New best model (epoch 12, val_loss=0.5138, val_auc=0.8346) saved to checkpoints/gcn_chembert_lincs_vs_cnn_seed999.pt
Epoch 013 | time=2.5s | train_loss=0.2676 | val_loss=0.5063 | val_auc=0.8380
  ✓ New best model (epoch 13, val_loss=0.5063, val_auc=0.8380) saved to checkpoints/gcn_chembert_lincs_vs_cnn_seed999.pt
Epoch 014 | time=2.5s | train_loss=0.2563 | val_loss=0.4975 | val_auc=0.8461
  ✓ New best model (epoch 14, val_loss=0.4975, val_auc=0.8461) saved to checkpoints/gcn_chembert_lincs_vs_cnn_seed999.pt
Epoch 015 | time=2.5s | train_loss=0.2440 | val_loss=0.5089 | val_auc=0.8393
Epoch 016 | time=2.5s | train_loss=0.2375 | val_loss=0.5052 | val_auc=0.8443
Epoch 017 | time=2.7s | train_loss=0.2272 | val_loss=0.5113 | val_auc=0.8398
Epoch 018 | time=2.5s | train_loss=0.2208 | val_loss=0.5206 | val_auc=0.8391
Epoch 019 | time=2.5s | train_loss=0.2109 | val_loss=0.4983 | val_auc=0.8486
  ✓ New best model (epoch 19, val_loss=0.4983, val_auc=0.8486) saved to checkpoints/gcn_chembert_lincs_vs_cnn_seed999.pt
Epoch 020 | time=2.5s | train_loss=0.2047 | val_loss=0.5149 | val_auc=0.8436
Epoch 021 | time=2.5s | train_loss=0.1966 | val_loss=0.5151 | val_auc=0.8446
Epoch 022 | time=2.5s | train_loss=0.1885 | val_loss=0.5134 | val_auc=0.8442
Epoch 023 | time=2.5s | train_loss=0.1841 | val_loss=0.5343 | val_auc=0.8386
Epoch 024 | time=2.5s | train_loss=0.1812 | val_loss=0.5325 | val_auc=0.8413
Epoch 025 | time=2.5s | train_loss=0.1768 | val_loss=0.5222 | val_auc=0.8452
Epoch 026 | time=2.5s | train_loss=0.1743 | val_loss=0.5237 | val_auc=0.8444
Epoch 027 | time=2.5s | train_loss=0.1675 | val_loss=0.5348 | val_auc=0.8392
Epoch 028 | time=2.5s | train_loss=0.1680 | val_loss=0.5291 | val_auc=0.8435
Epoch 029 | time=2.5s | train_loss=0.1627 | val_loss=0.5317 | val_auc=0.8433
Early stopping — no improvement for 10 epochs

Best model: epoch 19, val_loss=0.5317, val_auc=0.8486

═══ Test Results ═══
           auc: 0.7215
         auprc: 0.6313
            f1: 0.6517
     precision: 0.6146
        recall: 0.6936
          loss: 0.7194
