Uninstalled 1 package in 7ms
Installed 1 package in 20ms
/net/storage/pr3/plgrid/plggmlcil/plgkstankie/vvv/Multimodal-models-for-predicting-drug-target-interactions/.venv/lib/python3.11/site-packages/outdated/__init__.py:36: UserWarning: pkg_resources is deprecated as an API. See https://setuptools.pypa.io/en/latest/pkg_resources.html. The pkg_resources package is slated for removal as early as 2025-11-30. Refrain from using this package or pin to Setuptools<81.
  from pkg_resources import parse_version
Setting global random seed to 2026
Using device: cuda
Loading clean data from: /net/storage/pr3/plgrid/plggmlcil/plgkstankie/vvv/Multimodal-models-for-predicting-drug-target-interactions/src/datasets/lincs_balanced.parquet
Dataset size: 27498
Train: 19558  Val: 2885  Test: 5055
SMILES encoders:  ['GCNEncoder']
Protein encoders: ['ProteinCNNEncoder']
Building graph cache for 1264 SMILES...
  0%|          | 0/1264 [00:00<?, ?it/s] 19%|█▊        | 235/1264 [00:00<00:00, 2344.16it/s] 37%|███▋      | 470/1264 [00:00<00:00, 2310.07it/s] 56%|█████▌    | 702/1264 [00:00<00:00, 2281.19it/s] 74%|███████▍  | 934/1264 [00:00<00:00, 2292.62it/s] 94%|█████████▎| 1184/1264 [00:00<00:00, 2365.29it/s]100%|██████████| 1264/1264 [00:00<00:00, 2354.86it/s]
Valid SMILES graphs: 1264
MultimodalDTI(
  (smiles_encoders): ModuleList(
    (0): GCNEncoder(
      (atom_encoder): AtomEncoder(
        (atom_embedding_list): ModuleList(
          (0): Embedding(119, 128)
          (1): Embedding(5, 128)
          (2-3): 2 x Embedding(12, 128)
          (4): Embedding(10, 128)
          (5-6): 2 x Embedding(6, 128)
          (7-8): 2 x Embedding(2, 128)
        )
      )
      (convs): ModuleList(
        (0-2): 3 x GCNConv(128, 128)
      )
      (bns): ModuleList(
        (0-2): 3 x BatchNorm1d(128, eps=1e-05, momentum=0.1, affine=True, track_running_stats=True)
      )
    )
  )
  (protein_encoders): ModuleList(
    (0): ProteinCNNEncoder(
      (embedding): Embedding(21, 128, padding_idx=0)
      (conv_blocks): ModuleList(
        (0): Sequential(
          (0): Conv1d(128, 64, kernel_size=(3,), stride=(1,), padding=(1,))
          (1): BatchNorm1d(64, eps=1e-05, momentum=0.1, affine=True, track_running_stats=True)
          (2): ReLU()
          (3): Conv1d(64, 64, kernel_size=(3,), stride=(1,), padding=(1,))
          (4): BatchNorm1d(64, eps=1e-05, momentum=0.1, affine=True, track_running_stats=True)
          (5): ReLU()
        )
        (1): Sequential(
          (0): Conv1d(128, 64, kernel_size=(7,), stride=(1,), padding=(3,))
          (1): BatchNorm1d(64, eps=1e-05, momentum=0.1, affine=True, track_running_stats=True)
          (2): ReLU()
          (3): Conv1d(64, 64, kernel_size=(7,), stride=(1,), padding=(3,))
          (4): BatchNorm1d(64, eps=1e-05, momentum=0.1, affine=True, track_running_stats=True)
          (5): ReLU()
        )
        (2): Sequential(
          (0): Conv1d(128, 64, kernel_size=(15,), stride=(1,), padding=(7,))
          (1): BatchNorm1d(64, eps=1e-05, momentum=0.1, affine=True, track_running_stats=True)
          (2): ReLU()
          (3): Conv1d(64, 64, kernel_size=(15,), stride=(1,), padding=(7,))
          (4): BatchNorm1d(64, eps=1e-05, momentum=0.1, affine=True, track_running_stats=True)
          (5): ReLU()
        )
      )
    )
  )
  (fusion): MLPFusion(
    (classifier): Sequential(
      (0): Linear(in_features=320, out_features=128, bias=True)
      (1): BatchNorm1d(128, eps=1e-05, momentum=0.1, affine=True, track_running_stats=True)
      (2): ReLU()
      (3): Dropout(p=0.5, inplace=False)
      (4): Linear(in_features=128, out_features=32, bias=True)
      (5): BatchNorm1d(32, eps=1e-05, momentum=0.1, affine=True, track_running_stats=True)
      (6): ReLU()
      (7): Dropout(p=0.5, inplace=False)
      (8): Linear(in_features=32, out_features=1, bias=True)
    )
  )
)
Epoch 001 | time=3.4s | train_loss=0.6766 | val_loss=0.6486 | val_auc=0.7126
  ✓ New best model (epoch 1, val_loss=0.6486, val_auc=0.7126) saved to checkpoints/gcn_vs_cnn_seed2026.pt
Epoch 002 | time=2.3s | train_loss=0.5813 | val_loss=0.6016 | val_auc=0.7514
  ✓ New best model (epoch 2, val_loss=0.6016, val_auc=0.7514) saved to checkpoints/gcn_vs_cnn_seed2026.pt
Epoch 003 | time=2.3s | train_loss=0.5074 | val_loss=0.5733 | val_auc=0.7723
  ✓ New best model (epoch 3, val_loss=0.5733, val_auc=0.7723) saved to checkpoints/gcn_vs_cnn_seed2026.pt
Epoch 004 | time=2.3s | train_loss=0.4623 | val_loss=0.5530 | val_auc=0.7877
  ✓ New best model (epoch 4, val_loss=0.5530, val_auc=0.7877) saved to checkpoints/gcn_vs_cnn_seed2026.pt
Epoch 005 | time=2.3s | train_loss=0.4272 | val_loss=0.5467 | val_auc=0.7972
  ✓ New best model (epoch 5, val_loss=0.5467, val_auc=0.7972) saved to checkpoints/gcn_vs_cnn_seed2026.pt
Epoch 006 | time=2.3s | train_loss=0.4038 | val_loss=0.5390 | val_auc=0.8012
  ✓ New best model (epoch 6, val_loss=0.5390, val_auc=0.8012) saved to checkpoints/gcn_vs_cnn_seed2026.pt
Epoch 007 | time=2.3s | train_loss=0.3828 | val_loss=0.5244 | val_auc=0.8080
  ✓ New best model (epoch 7, val_loss=0.5244, val_auc=0.8080) saved to checkpoints/gcn_vs_cnn_seed2026.pt
Epoch 008 | time=2.4s | train_loss=0.3621 | val_loss=0.5198 | val_auc=0.8140
  ✓ New best model (epoch 8, val_loss=0.5198, val_auc=0.8140) saved to checkpoints/gcn_vs_cnn_seed2026.pt
Epoch 009 | time=2.3s | train_loss=0.3464 | val_loss=0.5210 | val_auc=0.8136
Epoch 010 | time=2.3s | train_loss=0.3336 | val_loss=0.5219 | val_auc=0.8137
Epoch 011 | time=2.3s | train_loss=0.3227 | val_loss=0.5258 | val_auc=0.8143
  ✓ New best model (epoch 11, val_loss=0.5258, val_auc=0.8143) saved to checkpoints/gcn_vs_cnn_seed2026.pt
Epoch 012 | time=2.3s | train_loss=0.3091 | val_loss=0.5156 | val_auc=0.8257
  ✓ New best model (epoch 12, val_loss=0.5156, val_auc=0.8257) saved to checkpoints/gcn_vs_cnn_seed2026.pt
Epoch 013 | time=2.3s | train_loss=0.2967 | val_loss=0.5259 | val_auc=0.8166
Epoch 014 | time=2.3s | train_loss=0.2856 | val_loss=0.5162 | val_auc=0.8238
Epoch 015 | time=2.3s | train_loss=0.2778 | val_loss=0.5253 | val_auc=0.8232
Epoch 016 | time=2.3s | train_loss=0.2694 | val_loss=0.4920 | val_auc=0.8399
  ✓ New best model (epoch 16, val_loss=0.4920, val_auc=0.8399) saved to checkpoints/gcn_vs_cnn_seed2026.pt
Epoch 017 | time=2.3s | train_loss=0.2619 | val_loss=0.5231 | val_auc=0.8288
Epoch 018 | time=2.3s | train_loss=0.2559 | val_loss=0.5149 | val_auc=0.8336
Epoch 019 | time=2.3s | train_loss=0.2496 | val_loss=0.5147 | val_auc=0.8348
Epoch 020 | time=2.3s | train_loss=0.2418 | val_loss=0.4990 | val_auc=0.8426
  ✓ New best model (epoch 20, val_loss=0.4990, val_auc=0.8426) saved to checkpoints/gcn_vs_cnn_seed2026.pt
Epoch 021 | time=2.3s | train_loss=0.2370 | val_loss=0.5270 | val_auc=0.8336
Epoch 022 | time=2.3s | train_loss=0.2312 | val_loss=0.5215 | val_auc=0.8344
Epoch 023 | time=2.3s | train_loss=0.2184 | val_loss=0.5002 | val_auc=0.8460
  ✓ New best model (epoch 23, val_loss=0.5002, val_auc=0.8460) saved to checkpoints/gcn_vs_cnn_seed2026.pt
Epoch 024 | time=2.3s | train_loss=0.2161 | val_loss=0.5154 | val_auc=0.8378
Epoch 025 | time=2.3s | train_loss=0.2108 | val_loss=0.5205 | val_auc=0.8428
Epoch 026 | time=2.3s | train_loss=0.2096 | val_loss=0.5156 | val_auc=0.8446
Epoch 027 | time=2.3s | train_loss=0.2053 | val_loss=0.5059 | val_auc=0.8478
  ✓ New best model (epoch 27, val_loss=0.5059, val_auc=0.8478) saved to checkpoints/gcn_vs_cnn_seed2026.pt
Epoch 028 | time=2.4s | train_loss=0.2037 | val_loss=0.5162 | val_auc=0.8461
Epoch 029 | time=2.4s | train_loss=0.1967 | val_loss=0.5115 | val_auc=0.8468
Epoch 030 | time=2.3s | train_loss=0.1967 | val_loss=0.5079 | val_auc=0.8472
Epoch 031 | time=2.3s | train_loss=0.1922 | val_loss=0.5109 | val_auc=0.8468
Epoch 032 | time=2.3s | train_loss=0.1912 | val_loss=0.5150 | val_auc=0.8480
  ✓ New best model (epoch 32, val_loss=0.5150, val_auc=0.8480) saved to checkpoints/gcn_vs_cnn_seed2026.pt
Epoch 033 | time=2.3s | train_loss=0.1881 | val_loss=0.5145 | val_auc=0.8486
  ✓ New best model (epoch 33, val_loss=0.5145, val_auc=0.8486) saved to checkpoints/gcn_vs_cnn_seed2026.pt
Epoch 034 | time=2.3s | train_loss=0.1885 | val_loss=0.5145 | val_auc=0.8506
  ✓ New best model (epoch 34, val_loss=0.5145, val_auc=0.8506) saved to checkpoints/gcn_vs_cnn_seed2026.pt
Epoch 035 | time=2.4s | train_loss=0.1875 | val_loss=0.5085 | val_auc=0.8499
Epoch 036 | time=2.3s | train_loss=0.1844 | val_loss=0.5041 | val_auc=0.8523
  ✓ New best model (epoch 36, val_loss=0.5041, val_auc=0.8523) saved to checkpoints/gcn_vs_cnn_seed2026.pt
Epoch 037 | time=2.3s | train_loss=0.1840 | val_loss=0.5107 | val_auc=0.8504
Epoch 038 | time=2.3s | train_loss=0.1873 | val_loss=0.5138 | val_auc=0.8503
Epoch 039 | time=2.3s | train_loss=0.1794 | val_loss=0.5127 | val_auc=0.8504
Epoch 040 | time=2.3s | train_loss=0.1789 | val_loss=0.5169 | val_auc=0.8502
Epoch 041 | time=2.3s | train_loss=0.1789 | val_loss=0.5145 | val_auc=0.8506
Epoch 042 | time=2.3s | train_loss=0.1788 | val_loss=0.5143 | val_auc=0.8508
Epoch 043 | time=2.3s | train_loss=0.1779 | val_loss=0.5153 | val_auc=0.8507
Epoch 044 | time=2.3s | train_loss=0.1790 | val_loss=0.5128 | val_auc=0.8515
Epoch 045 | time=2.3s | train_loss=0.1775 | val_loss=0.5154 | val_auc=0.8508
Epoch 046 | time=2.3s | train_loss=0.1745 | val_loss=0.5151 | val_auc=0.8505
Early stopping — no improvement for 10 epochs

Best model: epoch 36, val_loss=0.5151, val_auc=0.8523

═══ Test Results ═══
           auc: 0.7161
         auprc: 0.6636
            f1: 0.5948
     precision: 0.6150
        recall: 0.5759
          loss: 0.7395
