Uninstalled 1 package in 17ms
Installed 1 package in 41ms
/net/storage/pr3/plgrid/plggmlcil/plgkstankie/vvv/Multimodal-models-for-predicting-drug-target-interactions/.venv/lib/python3.11/site-packages/outdated/__init__.py:36: UserWarning: pkg_resources is deprecated as an API. See https://setuptools.pypa.io/en/latest/pkg_resources.html. The pkg_resources package is slated for removal as early as 2025-11-30. Refrain from using this package or pin to Setuptools<81.
  from pkg_resources import parse_version
Setting global random seed to 2026
Using device: cuda
Loading clean data from: /net/storage/pr3/plgrid/plggmlcil/plgkstankie/vvv/Multimodal-models-for-predicting-drug-target-interactions/src/datasets/lincs_balanced.parquet
Dataset size: 27498
Train: 19558  Val: 2885  Test: 5055
SMILES encoders:  ['GCNEncoder', 'FingerprintMLPEncoder']
Protein encoders: ['ProteinCNNEncoder']
Building graph cache for 1264 SMILES...
  0%|          | 0/1264 [00:00<?, ?it/s]  3%|▎         | 37/1264 [00:00<00:03, 368.76it/s] 21%|██        | 262/1264 [00:00<00:00, 1472.44it/s] 38%|███▊      | 485/1264 [00:00<00:00, 1815.66it/s] 56%|█████▌    | 708/1264 [00:00<00:00, 1975.32it/s] 74%|███████▍  | 937/1264 [00:00<00:00, 2084.84it/s] 94%|█████████▎| 1184/1264 [00:00<00:00, 2214.93it/s]100%|██████████| 1264/1264 [00:00<00:00, 2000.42it/s]
Valid SMILES graphs: 1264
MultimodalDTI(
  (smiles_encoders): ModuleList(
    (0): GCNEncoder(
      (atom_encoder): AtomEncoder(
        (atom_embedding_list): ModuleList(
          (0): Embedding(119, 128)
          (1): Embedding(5, 128)
          (2-3): 2 x Embedding(12, 128)
          (4): Embedding(10, 128)
          (5-6): 2 x Embedding(6, 128)
          (7-8): 2 x Embedding(2, 128)
        )
      )
      (convs): ModuleList(
        (0-2): 3 x GCNConv(128, 128)
      )
      (bns): ModuleList(
        (0-2): 3 x BatchNorm1d(128, eps=1e-05, momentum=0.1, affine=True, track_running_stats=True)
      )
    )
    (1): FingerprintMLPEncoder(
      (mlp): Sequential(
        (0): Linear(in_features=1024, out_features=256, bias=True)
        (1): BatchNorm1d(256, eps=1e-05, momentum=0.1, affine=True, track_running_stats=True)
        (2): ReLU()
        (3): Dropout(p=0.5, inplace=False)
        (4): Linear(in_features=256, out_features=128, bias=True)
        (5): BatchNorm1d(128, eps=1e-05, momentum=0.1, affine=True, track_running_stats=True)
        (6): ReLU()
      )
    )
  )
  (protein_encoders): ModuleList(
    (0): ProteinCNNEncoder(
      (embedding): Embedding(21, 128, padding_idx=0)
      (conv_blocks): ModuleList(
        (0): Sequential(
          (0): Conv1d(128, 64, kernel_size=(3,), stride=(1,), padding=(1,))
          (1): BatchNorm1d(64, eps=1e-05, momentum=0.1, affine=True, track_running_stats=True)
          (2): ReLU()
          (3): Conv1d(64, 64, kernel_size=(3,), stride=(1,), padding=(1,))
          (4): BatchNorm1d(64, eps=1e-05, momentum=0.1, affine=True, track_running_stats=True)
          (5): ReLU()
        )
        (1): Sequential(
          (0): Conv1d(128, 64, kernel_size=(7,), stride=(1,), padding=(3,))
          (1): BatchNorm1d(64, eps=1e-05, momentum=0.1, affine=True, track_running_stats=True)
          (2): ReLU()
          (3): Conv1d(64, 64, kernel_size=(7,), stride=(1,), padding=(3,))
          (4): BatchNorm1d(64, eps=1e-05, momentum=0.1, affine=True, track_running_stats=True)
          (5): ReLU()
        )
        (2): Sequential(
          (0): Conv1d(128, 64, kernel_size=(15,), stride=(1,), padding=(7,))
          (1): BatchNorm1d(64, eps=1e-05, momentum=0.1, affine=True, track_running_stats=True)
          (2): ReLU()
          (3): Conv1d(64, 64, kernel_size=(15,), stride=(1,), padding=(7,))
          (4): BatchNorm1d(64, eps=1e-05, momentum=0.1, affine=True, track_running_stats=True)
          (5): ReLU()
        )
      )
    )
  )
  (fusion): MLPFusion(
    (classifier): Sequential(
      (0): Linear(in_features=448, out_features=128, bias=True)
      (1): BatchNorm1d(128, eps=1e-05, momentum=0.1, affine=True, track_running_stats=True)
      (2): ReLU()
      (3): Dropout(p=0.5, inplace=False)
      (4): Linear(in_features=128, out_features=32, bias=True)
      (5): BatchNorm1d(32, eps=1e-05, momentum=0.1, affine=True, track_running_stats=True)
      (6): ReLU()
      (7): Dropout(p=0.5, inplace=False)
      (8): Linear(in_features=32, out_features=1, bias=True)
    )
  )
)
Epoch 001 | time=12.3s | train_loss=0.6576 | val_loss=0.6355 | val_auc=0.7088
  ✓ New best model (epoch 1, val_loss=0.6355, val_auc=0.7088) saved to checkpoints/gcn_fp_vs_cnn_seed2026.pt
Epoch 002 | time=2.6s | train_loss=0.5593 | val_loss=0.5976 | val_auc=0.7495
  ✓ New best model (epoch 2, val_loss=0.5976, val_auc=0.7495) saved to checkpoints/gcn_fp_vs_cnn_seed2026.pt
Epoch 003 | time=2.7s | train_loss=0.4858 | val_loss=0.5758 | val_auc=0.7697
  ✓ New best model (epoch 3, val_loss=0.5758, val_auc=0.7697) saved to checkpoints/gcn_fp_vs_cnn_seed2026.pt
Epoch 004 | time=2.6s | train_loss=0.4411 | val_loss=0.5663 | val_auc=0.7796
  ✓ New best model (epoch 4, val_loss=0.5663, val_auc=0.7796) saved to checkpoints/gcn_fp_vs_cnn_seed2026.pt
Epoch 005 | time=2.7s | train_loss=0.4097 | val_loss=0.5525 | val_auc=0.7918
  ✓ New best model (epoch 5, val_loss=0.5525, val_auc=0.7918) saved to checkpoints/gcn_fp_vs_cnn_seed2026.pt
Epoch 006 | time=2.6s | train_loss=0.3808 | val_loss=0.5450 | val_auc=0.7953
  ✓ New best model (epoch 6, val_loss=0.5450, val_auc=0.7953) saved to checkpoints/gcn_fp_vs_cnn_seed2026.pt
Epoch 007 | time=2.6s | train_loss=0.3585 | val_loss=0.5416 | val_auc=0.7995
  ✓ New best model (epoch 7, val_loss=0.5416, val_auc=0.7995) saved to checkpoints/gcn_fp_vs_cnn_seed2026.pt
Epoch 008 | time=2.7s | train_loss=0.3350 | val_loss=0.5374 | val_auc=0.8040
  ✓ New best model (epoch 8, val_loss=0.5374, val_auc=0.8040) saved to checkpoints/gcn_fp_vs_cnn_seed2026.pt
Epoch 009 | time=2.6s | train_loss=0.3183 | val_loss=0.5421 | val_auc=0.8036
Epoch 010 | time=2.7s | train_loss=0.3037 | val_loss=0.5219 | val_auc=0.8161
  ✓ New best model (epoch 10, val_loss=0.5219, val_auc=0.8161) saved to checkpoints/gcn_fp_vs_cnn_seed2026.pt
Epoch 011 | time=2.6s | train_loss=0.2890 | val_loss=0.5344 | val_auc=0.8086
Epoch 012 | time=2.6s | train_loss=0.2761 | val_loss=0.5582 | val_auc=0.7991
Epoch 013 | time=2.6s | train_loss=0.2610 | val_loss=0.5250 | val_auc=0.8198
  ✓ New best model (epoch 13, val_loss=0.5250, val_auc=0.8198) saved to checkpoints/gcn_fp_vs_cnn_seed2026.pt
Epoch 014 | time=2.6s | train_loss=0.2557 | val_loss=0.5354 | val_auc=0.8158
Epoch 015 | time=2.6s | train_loss=0.2453 | val_loss=0.5244 | val_auc=0.8280
  ✓ New best model (epoch 15, val_loss=0.5244, val_auc=0.8280) saved to checkpoints/gcn_fp_vs_cnn_seed2026.pt
Epoch 016 | time=2.6s | train_loss=0.2346 | val_loss=0.5352 | val_auc=0.8211
Epoch 017 | time=2.6s | train_loss=0.2240 | val_loss=0.5321 | val_auc=0.8252
Epoch 018 | time=2.6s | train_loss=0.2162 | val_loss=0.5303 | val_auc=0.8265
Epoch 019 | time=2.7s | train_loss=0.2138 | val_loss=0.5279 | val_auc=0.8281
  ✓ New best model (epoch 19, val_loss=0.5279, val_auc=0.8281) saved to checkpoints/gcn_fp_vs_cnn_seed2026.pt
Epoch 020 | time=2.6s | train_loss=0.2058 | val_loss=0.5314 | val_auc=0.8285
  ✓ New best model (epoch 20, val_loss=0.5314, val_auc=0.8285) saved to checkpoints/gcn_fp_vs_cnn_seed2026.pt
Epoch 021 | time=2.6s | train_loss=0.2032 | val_loss=0.5272 | val_auc=0.8304
  ✓ New best model (epoch 21, val_loss=0.5272, val_auc=0.8304) saved to checkpoints/gcn_fp_vs_cnn_seed2026.pt
Epoch 022 | time=2.6s | train_loss=0.2004 | val_loss=0.5380 | val_auc=0.8274
Epoch 023 | time=2.7s | train_loss=0.1933 | val_loss=0.5322 | val_auc=0.8311
  ✓ New best model (epoch 23, val_loss=0.5322, val_auc=0.8311) saved to checkpoints/gcn_fp_vs_cnn_seed2026.pt
Epoch 024 | time=3.2s | train_loss=0.1884 | val_loss=0.5388 | val_auc=0.8313
  ✓ New best model (epoch 24, val_loss=0.5388, val_auc=0.8313) saved to checkpoints/gcn_fp_vs_cnn_seed2026.pt
Epoch 025 | time=2.6s | train_loss=0.1839 | val_loss=0.5309 | val_auc=0.8341
  ✓ New best model (epoch 25, val_loss=0.5309, val_auc=0.8341) saved to checkpoints/gcn_fp_vs_cnn_seed2026.pt
Epoch 026 | time=2.6s | train_loss=0.1841 | val_loss=0.5276 | val_auc=0.8363
  ✓ New best model (epoch 26, val_loss=0.5276, val_auc=0.8363) saved to checkpoints/gcn_fp_vs_cnn_seed2026.pt
Epoch 027 | time=2.6s | train_loss=0.1817 | val_loss=0.5374 | val_auc=0.8348
Epoch 028 | time=2.6s | train_loss=0.1813 | val_loss=0.5367 | val_auc=0.8324
Epoch 029 | time=2.8s | train_loss=0.1779 | val_loss=0.5321 | val_auc=0.8346
Epoch 030 | time=2.6s | train_loss=0.1765 | val_loss=0.5360 | val_auc=0.8336
Epoch 031 | time=2.6s | train_loss=0.1755 | val_loss=0.5327 | val_auc=0.8337
Epoch 032 | time=2.6s | train_loss=0.1729 | val_loss=0.5402 | val_auc=0.8333
Epoch 033 | time=2.7s | train_loss=0.1722 | val_loss=0.5441 | val_auc=0.8329
Epoch 034 | time=2.7s | train_loss=0.1716 | val_loss=0.5343 | val_auc=0.8355
Epoch 035 | time=2.6s | train_loss=0.1716 | val_loss=0.5392 | val_auc=0.8357
Epoch 036 | time=2.6s | train_loss=0.1724 | val_loss=0.5407 | val_auc=0.8340
Early stopping — no improvement for 10 epochs

Best model: epoch 26, val_loss=0.5407, val_auc=0.8363

═══ Test Results ═══
           auc: 0.6717
         auprc: 0.6271
            f1: 0.5967
     precision: 0.5512
        recall: 0.6503
          loss: 0.8113
