Uninstalled 1 package in 7ms
Installed 1 package in 218ms
/net/storage/pr3/plgrid/plggmlcil/plgkstankie/vvv/Multimodal-models-for-predicting-drug-target-interactions/.venv/lib/python3.11/site-packages/outdated/__init__.py:36: UserWarning: pkg_resources is deprecated as an API. See https://setuptools.pypa.io/en/latest/pkg_resources.html. The pkg_resources package is slated for removal as early as 2025-11-30. Refrain from using this package or pin to Setuptools<81.
  from pkg_resources import parse_version
Setting global random seed to 999
Using device: cuda
Loading clean data from: /net/storage/pr3/plgrid/plggmlcil/plgkstankie/vvv/Multimodal-models-for-predicting-drug-target-interactions/src/datasets/lincs_balanced.parquet
Dataset size: 27498
Train: 19558  Val: 2885  Test: 5055
SMILES encoders:  ['GCNEncoder', 'FingerprintMLPEncoder']
Protein encoders: ['ProteinCNNEncoder']
Building graph cache for 1264 SMILES...
  0%|          | 0/1264 [00:00<?, ?it/s] 18%|█▊        | 232/1264 [00:00<00:00, 2316.10it/s] 37%|███▋      | 464/1264 [00:00<00:00, 2282.23it/s] 55%|█████▍    | 693/1264 [00:00<00:00, 2257.85it/s] 73%|███████▎  | 925/1264 [00:00<00:00, 2277.72it/s] 93%|█████████▎| 1171/1264 [00:00<00:00, 2342.09it/s]100%|██████████| 1264/1264 [00:00<00:00, 2335.70it/s]
Valid SMILES graphs: 1264
MultimodalDTI(
  (smiles_encoders): ModuleList(
    (0): GCNEncoder(
      (atom_encoder): AtomEncoder(
        (atom_embedding_list): ModuleList(
          (0): Embedding(119, 128)
          (1): Embedding(5, 128)
          (2-3): 2 x Embedding(12, 128)
          (4): Embedding(10, 128)
          (5-6): 2 x Embedding(6, 128)
          (7-8): 2 x Embedding(2, 128)
        )
      )
      (convs): ModuleList(
        (0-2): 3 x GCNConv(128, 128)
      )
      (bns): ModuleList(
        (0-2): 3 x BatchNorm1d(128, eps=1e-05, momentum=0.1, affine=True, track_running_stats=True)
      )
    )
    (1): FingerprintMLPEncoder(
      (mlp): Sequential(
        (0): Linear(in_features=1024, out_features=256, bias=True)
        (1): BatchNorm1d(256, eps=1e-05, momentum=0.1, affine=True, track_running_stats=True)
        (2): ReLU()
        (3): Dropout(p=0.5, inplace=False)
        (4): Linear(in_features=256, out_features=128, bias=True)
        (5): BatchNorm1d(128, eps=1e-05, momentum=0.1, affine=True, track_running_stats=True)
        (6): ReLU()
      )
    )
  )
  (protein_encoders): ModuleList(
    (0): ProteinCNNEncoder(
      (embedding): Embedding(21, 128, padding_idx=0)
      (conv_blocks): ModuleList(
        (0): Sequential(
          (0): Conv1d(128, 64, kernel_size=(3,), stride=(1,), padding=(1,))
          (1): BatchNorm1d(64, eps=1e-05, momentum=0.1, affine=True, track_running_stats=True)
          (2): ReLU()
          (3): Conv1d(64, 64, kernel_size=(3,), stride=(1,), padding=(1,))
          (4): BatchNorm1d(64, eps=1e-05, momentum=0.1, affine=True, track_running_stats=True)
          (5): ReLU()
        )
        (1): Sequential(
          (0): Conv1d(128, 64, kernel_size=(7,), stride=(1,), padding=(3,))
          (1): BatchNorm1d(64, eps=1e-05, momentum=0.1, affine=True, track_running_stats=True)
          (2): ReLU()
          (3): Conv1d(64, 64, kernel_size=(7,), stride=(1,), padding=(3,))
          (4): BatchNorm1d(64, eps=1e-05, momentum=0.1, affine=True, track_running_stats=True)
          (5): ReLU()
        )
        (2): Sequential(
          (0): Conv1d(128, 64, kernel_size=(15,), stride=(1,), padding=(7,))
          (1): BatchNorm1d(64, eps=1e-05, momentum=0.1, affine=True, track_running_stats=True)
          (2): ReLU()
          (3): Conv1d(64, 64, kernel_size=(15,), stride=(1,), padding=(7,))
          (4): BatchNorm1d(64, eps=1e-05, momentum=0.1, affine=True, track_running_stats=True)
          (5): ReLU()
        )
      )
    )
  )
  (fusion): MLPFusion(
    (classifier): Sequential(
      (0): Linear(in_features=448, out_features=128, bias=True)
      (1): BatchNorm1d(128, eps=1e-05, momentum=0.1, affine=True, track_running_stats=True)
      (2): ReLU()
      (3): Dropout(p=0.5, inplace=False)
      (4): Linear(in_features=128, out_features=32, bias=True)
      (5): BatchNorm1d(32, eps=1e-05, momentum=0.1, affine=True, track_running_stats=True)
      (6): ReLU()
      (7): Dropout(p=0.5, inplace=False)
      (8): Linear(in_features=32, out_features=1, bias=True)
    )
  )
)
Epoch 001 | time=5.6s | train_loss=0.6655 | val_loss=0.6483 | val_auc=0.6765
  ✓ New best model (epoch 1, val_loss=0.6483, val_auc=0.6765) saved to checkpoints/gcn_fp_vs_cnn_seed999.pt
Epoch 002 | time=2.6s | train_loss=0.5660 | val_loss=0.6010 | val_auc=0.7404
  ✓ New best model (epoch 2, val_loss=0.6010, val_auc=0.7404) saved to checkpoints/gcn_fp_vs_cnn_seed999.pt
Epoch 003 | time=8.9s | train_loss=0.4951 | val_loss=0.5724 | val_auc=0.7751
  ✓ New best model (epoch 3, val_loss=0.5724, val_auc=0.7751) saved to checkpoints/gcn_fp_vs_cnn_seed999.pt
Epoch 004 | time=2.7s | train_loss=0.4494 | val_loss=0.5521 | val_auc=0.7939
  ✓ New best model (epoch 4, val_loss=0.5521, val_auc=0.7939) saved to checkpoints/gcn_fp_vs_cnn_seed999.pt
Epoch 005 | time=4.1s | train_loss=0.4106 | val_loss=0.5310 | val_auc=0.8083
  ✓ New best model (epoch 5, val_loss=0.5310, val_auc=0.8083) saved to checkpoints/gcn_fp_vs_cnn_seed999.pt
Epoch 006 | time=2.7s | train_loss=0.3845 | val_loss=0.5232 | val_auc=0.8140
  ✓ New best model (epoch 6, val_loss=0.5232, val_auc=0.8140) saved to checkpoints/gcn_fp_vs_cnn_seed999.pt
Epoch 007 | time=2.7s | train_loss=0.3621 | val_loss=0.5195 | val_auc=0.8154
  ✓ New best model (epoch 7, val_loss=0.5195, val_auc=0.8154) saved to checkpoints/gcn_fp_vs_cnn_seed999.pt
Epoch 008 | time=2.8s | train_loss=0.3430 | val_loss=0.5046 | val_auc=0.8308
  ✓ New best model (epoch 8, val_loss=0.5046, val_auc=0.8308) saved to checkpoints/gcn_fp_vs_cnn_seed999.pt
Epoch 009 | time=2.7s | train_loss=0.3216 | val_loss=0.4904 | val_auc=0.8390
  ✓ New best model (epoch 9, val_loss=0.4904, val_auc=0.8390) saved to checkpoints/gcn_fp_vs_cnn_seed999.pt
Epoch 010 | time=2.7s | train_loss=0.3045 | val_loss=0.4986 | val_auc=0.8367
Epoch 011 | time=2.6s | train_loss=0.2888 | val_loss=0.4841 | val_auc=0.8465
  ✓ New best model (epoch 11, val_loss=0.4841, val_auc=0.8465) saved to checkpoints/gcn_fp_vs_cnn_seed999.pt
Epoch 012 | time=3.9s | train_loss=0.2749 | val_loss=0.4867 | val_auc=0.8433
Epoch 013 | time=2.6s | train_loss=0.2660 | val_loss=0.4794 | val_auc=0.8495
  ✓ New best model (epoch 13, val_loss=0.4794, val_auc=0.8495) saved to checkpoints/gcn_fp_vs_cnn_seed999.pt
Epoch 014 | time=2.7s | train_loss=0.2512 | val_loss=0.4882 | val_auc=0.8467
Epoch 015 | time=2.6s | train_loss=0.2460 | val_loss=0.4776 | val_auc=0.8538
  ✓ New best model (epoch 15, val_loss=0.4776, val_auc=0.8538) saved to checkpoints/gcn_fp_vs_cnn_seed999.pt
Epoch 016 | time=2.7s | train_loss=0.2335 | val_loss=0.4780 | val_auc=0.8552
  ✓ New best model (epoch 16, val_loss=0.4780, val_auc=0.8552) saved to checkpoints/gcn_fp_vs_cnn_seed999.pt
Epoch 017 | time=2.7s | train_loss=0.2254 | val_loss=0.4763 | val_auc=0.8543
Epoch 018 | time=2.6s | train_loss=0.2193 | val_loss=0.4691 | val_auc=0.8623
  ✓ New best model (epoch 18, val_loss=0.4691, val_auc=0.8623) saved to checkpoints/gcn_fp_vs_cnn_seed999.pt
Epoch 019 | time=2.8s | train_loss=0.2120 | val_loss=0.4960 | val_auc=0.8515
Epoch 020 | time=2.7s | train_loss=0.2047 | val_loss=0.4787 | val_auc=0.8585
Epoch 021 | time=2.7s | train_loss=0.1979 | val_loss=0.4793 | val_auc=0.8617
Epoch 022 | time=2.6s | train_loss=0.1910 | val_loss=0.4901 | val_auc=0.8578
Epoch 023 | time=2.8s | train_loss=0.1874 | val_loss=0.4990 | val_auc=0.8533
Epoch 024 | time=2.6s | train_loss=0.1829 | val_loss=0.5106 | val_auc=0.8542
Epoch 025 | time=2.6s | train_loss=0.1684 | val_loss=0.5015 | val_auc=0.8557
Epoch 026 | time=2.6s | train_loss=0.1657 | val_loss=0.5054 | val_auc=0.8560
Epoch 027 | time=2.6s | train_loss=0.1627 | val_loss=0.5085 | val_auc=0.8537
Epoch 028 | time=2.6s | train_loss=0.1599 | val_loss=0.4974 | val_auc=0.8610
Early stopping — no improvement for 10 epochs

Best model: epoch 18, val_loss=0.4974, val_auc=0.8623

═══ Test Results ═══
           auc: 0.7105
         auprc: 0.6462
            f1: 0.6196
     precision: 0.6237
        recall: 0.6156
          loss: 0.7373
