/home/kappy/Repos/Multimodal-models-for-predicting-drug-target-interactions/.venv/lib/python3.11/site-packages/outdated/__init__.py:36: UserWarning: pkg_resources is deprecated as an API. See https://setuptools.pypa.io/en/latest/pkg_resources.html. The pkg_resources package is slated for removal as early as 2025-11-30. Refrain from using this package or pin to Setuptools<81.
  from pkg_resources import parse_version
Using device: cuda
Loading clean data from: /home/kappy/Repos/Multimodal-models-for-predicting-drug-target-interactions/src/datasets/lincs_balanced.parquet
Dataset size: 27498
Train: 19558  Val: 2885  Test: 5055
ChemBERTProcessor: loaded 236379 embeddings (dim=768) from /home/kappy/Repos/Multimodal-models-for-predicting-drug-target-interactions/src/datasets/ChemBERTa-zinc-base-v1.pt
SMILES encoders:  ['GCNEncoder', 'FingerprintMLPEncoder', 'ChemBERTEncoder', 'LincsGraphEncoder']
Protein encoders: ['ProteinCNNEncoder']
Building graph cache for 1264 SMILES...
  0%|          | 0/1264 [00:00<?, ?it/s] 39%|███▉      | 494/1264 [00:00<00:00, 4938.97it/s] 78%|███████▊  | 988/1264 [00:00<00:00, 4878.93it/s]100%|██████████| 1264/1264 [00:00<00:00, 4991.53it/s]
Valid SMILES graphs: 1264
MultimodalDTI(
  (smiles_encoders): ModuleList(
    (0): GCNEncoder(
      (atom_encoder): AtomEncoder(
        (atom_embedding_list): ModuleList(
          (0): Embedding(119, 128)
          (1): Embedding(5, 128)
          (2-3): 2 x Embedding(12, 128)
          (4): Embedding(10, 128)
          (5-6): 2 x Embedding(6, 128)
          (7-8): 2 x Embedding(2, 128)
        )
      )
      (convs): ModuleList(
        (0-2): 3 x GCNConv(128, 128)
      )
      (bns): ModuleList(
        (0-2): 3 x BatchNorm1d(128, eps=1e-05, momentum=0.1, affine=True, track_running_stats=True)
      )
    )
    (1): FingerprintMLPEncoder(
      (mlp): Sequential(
        (0): Linear(in_features=1024, out_features=256, bias=True)
        (1): BatchNorm1d(256, eps=1e-05, momentum=0.1, affine=True, track_running_stats=True)
        (2): ReLU()
        (3): Dropout(p=0.5, inplace=False)
        (4): Linear(in_features=256, out_features=128, bias=True)
        (5): BatchNorm1d(128, eps=1e-05, momentum=0.1, affine=True, track_running_stats=True)
        (6): ReLU()
      )
    )
    (2): ChemBERTEncoder(
      (projection): Sequential(
        (0): Linear(in_features=768, out_features=128, bias=True)
        (1): LayerNorm((128,), eps=1e-05, elementwise_affine=True)
        (2): ReLU()
      )
    )
    (3): LincsGraphEncoder(
      (proj): Linear(in_features=1, out_features=128, bias=True)
      (convs): ModuleList(
        (0-1): 2 x DenseGCNConv(
          (linear): Linear(in_features=128, out_features=128, bias=False)
        )
      )
      (bns): ModuleList(
        (0-1): 2 x BatchNorm1d(128, eps=1e-05, momentum=0.1, affine=True, track_running_stats=True)
      )
      (pool_proj): Linear(in_features=128, out_features=128, bias=True)
    )
  )
  (protein_encoders): ModuleList(
    (0): ProteinCNNEncoder(
      (embedding): Embedding(21, 128, padding_idx=0)
      (conv_blocks): ModuleList(
        (0): Sequential(
          (0): Conv1d(128, 64, kernel_size=(3,), stride=(1,), padding=(1,))
          (1): BatchNorm1d(64, eps=1e-05, momentum=0.1, affine=True, track_running_stats=True)
          (2): ReLU()
          (3): Conv1d(64, 64, kernel_size=(3,), stride=(1,), padding=(1,))
          (4): BatchNorm1d(64, eps=1e-05, momentum=0.1, affine=True, track_running_stats=True)
          (5): ReLU()
        )
        (1): Sequential(
          (0): Conv1d(128, 64, kernel_size=(7,), stride=(1,), padding=(3,))
          (1): BatchNorm1d(64, eps=1e-05, momentum=0.1, affine=True, track_running_stats=True)
          (2): ReLU()
          (3): Conv1d(64, 64, kernel_size=(7,), stride=(1,), padding=(3,))
          (4): BatchNorm1d(64, eps=1e-05, momentum=0.1, affine=True, track_running_stats=True)
          (5): ReLU()
        )
        (2): Sequential(
          (0): Conv1d(128, 64, kernel_size=(15,), stride=(1,), padding=(7,))
          (1): BatchNorm1d(64, eps=1e-05, momentum=0.1, affine=True, track_running_stats=True)
          (2): ReLU()
          (3): Conv1d(64, 64, kernel_size=(15,), stride=(1,), padding=(7,))
          (4): BatchNorm1d(64, eps=1e-05, momentum=0.1, affine=True, track_running_stats=True)
          (5): ReLU()
        )
      )
    )
  )
  (fusion): MLPFusion(
    (classifier): Sequential(
      (0): Linear(in_features=704, out_features=128, bias=True)
      (1): BatchNorm1d(128, eps=1e-05, momentum=0.1, affine=True, track_running_stats=True)
      (2): ReLU()
      (3): Dropout(p=0.5, inplace=False)
      (4): Linear(in_features=128, out_features=32, bias=True)
      (5): BatchNorm1d(32, eps=1e-05, momentum=0.1, affine=True, track_running_stats=True)
      (6): ReLU()
      (7): Dropout(p=0.5, inplace=False)
      (8): Linear(in_features=32, out_features=1, bias=True)
    )
  )
)
Epoch 001 | time=7.7s | train_loss=0.6533 | val_loss=0.6377 | val_auc=0.7215
  ✓ New best model (epoch 1, val_loss=0.6377, val_auc=0.7215) saved to checkpoints/gcn_fp_chembert_lincs_graph_vs_cnn.pt
Epoch 002 | time=7.3s | train_loss=0.5529 | val_loss=0.5993 | val_auc=0.7451
  ✓ New best model (epoch 2, val_loss=0.5993, val_auc=0.7451) saved to checkpoints/gcn_fp_chembert_lincs_graph_vs_cnn.pt
Epoch 003 | time=7.3s | train_loss=0.4756 | val_loss=0.5736 | val_auc=0.7769
  ✓ New best model (epoch 3, val_loss=0.5736, val_auc=0.7769) saved to checkpoints/gcn_fp_chembert_lincs_graph_vs_cnn.pt
Epoch 004 | time=7.3s | train_loss=0.4318 | val_loss=0.5624 | val_auc=0.7863
  ✓ New best model (epoch 4, val_loss=0.5624, val_auc=0.7863) saved to checkpoints/gcn_fp_chembert_lincs_graph_vs_cnn.pt
Epoch 005 | time=7.3s | train_loss=0.3948 | val_loss=0.5422 | val_auc=0.8056
  ✓ New best model (epoch 5, val_loss=0.5422, val_auc=0.8056) saved to checkpoints/gcn_fp_chembert_lincs_graph_vs_cnn.pt
Epoch 006 | time=7.3s | train_loss=0.3710 | val_loss=0.5410 | val_auc=0.8033
Epoch 007 | time=7.3s | train_loss=0.3453 | val_loss=0.5341 | val_auc=0.8070
  ✓ New best model (epoch 7, val_loss=0.5341, val_auc=0.8070) saved to checkpoints/gcn_fp_chembert_lincs_graph_vs_cnn.pt
Epoch 008 | time=7.3s | train_loss=0.3228 | val_loss=0.5351 | val_auc=0.8051
Epoch 009 | time=7.3s | train_loss=0.3039 | val_loss=0.5264 | val_auc=0.8193
  ✓ New best model (epoch 9, val_loss=0.5264, val_auc=0.8193) saved to checkpoints/gcn_fp_chembert_lincs_graph_vs_cnn.pt
Epoch 010 | time=7.3s | train_loss=0.2887 | val_loss=0.5362 | val_auc=0.8118
Epoch 011 | time=7.3s | train_loss=0.2731 | val_loss=0.5191 | val_auc=0.8261
  ✓ New best model (epoch 11, val_loss=0.5191, val_auc=0.8261) saved to checkpoints/gcn_fp_chembert_lincs_graph_vs_cnn.pt
Epoch 012 | time=7.3s | train_loss=0.2617 | val_loss=0.5112 | val_auc=0.8299
  ✓ New best model (epoch 12, val_loss=0.5112, val_auc=0.8299) saved to checkpoints/gcn_fp_chembert_lincs_graph_vs_cnn.pt
Epoch 013 | time=7.3s | train_loss=0.2508 | val_loss=0.5224 | val_auc=0.8247
Epoch 014 | time=7.3s | train_loss=0.2395 | val_loss=0.5069 | val_auc=0.8350
  ✓ New best model (epoch 14, val_loss=0.5069, val_auc=0.8350) saved to checkpoints/gcn_fp_chembert_lincs_graph_vs_cnn.pt
Epoch 015 | time=7.3s | train_loss=0.2312 | val_loss=0.5017 | val_auc=0.8393
  ✓ New best model (epoch 15, val_loss=0.5017, val_auc=0.8393) saved to checkpoints/gcn_fp_chembert_lincs_graph_vs_cnn.pt
Epoch 016 | time=7.3s | train_loss=0.2168 | val_loss=0.5179 | val_auc=0.8286
Epoch 017 | time=7.3s | train_loss=0.2148 | val_loss=0.5120 | val_auc=0.8357
Epoch 018 | time=7.3s | train_loss=0.2067 | val_loss=0.5009 | val_auc=0.8438
  ✓ New best model (epoch 18, val_loss=0.5009, val_auc=0.8438) saved to checkpoints/gcn_fp_chembert_lincs_graph_vs_cnn.pt
Epoch 019 | time=7.3s | train_loss=0.1962 | val_loss=0.5237 | val_auc=0.8362
Epoch 020 | time=7.3s | train_loss=0.1902 | val_loss=0.5041 | val_auc=0.8450
  ✓ New best model (epoch 20, val_loss=0.5041, val_auc=0.8450) saved to checkpoints/gcn_fp_chembert_lincs_graph_vs_cnn.pt
Epoch 021 | time=7.3s | train_loss=0.1836 | val_loss=0.5158 | val_auc=0.8443
Epoch 022 | time=7.3s | train_loss=0.1784 | val_loss=0.5285 | val_auc=0.8342
Epoch 023 | time=7.3s | train_loss=0.1733 | val_loss=0.5243 | val_auc=0.8398
Epoch 024 | time=7.3s | train_loss=0.1653 | val_loss=0.5225 | val_auc=0.8425
Epoch 025 | time=7.3s | train_loss=0.1556 | val_loss=0.5254 | val_auc=0.8416
Epoch 026 | time=7.3s | train_loss=0.1538 | val_loss=0.5179 | val_auc=0.8456
  ✓ New best model (epoch 26, val_loss=0.5179, val_auc=0.8456) saved to checkpoints/gcn_fp_chembert_lincs_graph_vs_cnn.pt
Epoch 027 | time=7.3s | train_loss=0.1452 | val_loss=0.5278 | val_auc=0.8398
Epoch 028 | time=7.3s | train_loss=0.1454 | val_loss=0.5322 | val_auc=0.8433
Epoch 029 | time=7.3s | train_loss=0.1431 | val_loss=0.5374 | val_auc=0.8439
Epoch 030 | time=7.3s | train_loss=0.1420 | val_loss=0.5304 | val_auc=0.8443
Epoch 031 | time=7.3s | train_loss=0.1330 | val_loss=0.5436 | val_auc=0.8429
Epoch 032 | time=7.3s | train_loss=0.1328 | val_loss=0.5385 | val_auc=0.8426
Epoch 033 | time=7.3s | train_loss=0.1318 | val_loss=0.5396 | val_auc=0.8449
Epoch 034 | time=7.3s | train_loss=0.1307 | val_loss=0.5301 | val_auc=0.8473
  ✓ New best model (epoch 34, val_loss=0.5301, val_auc=0.8473) saved to checkpoints/gcn_fp_chembert_lincs_graph_vs_cnn.pt
Epoch 035 | time=7.3s | train_loss=0.1271 | val_loss=0.5352 | val_auc=0.8467
Epoch 036 | time=7.3s | train_loss=0.1254 | val_loss=0.5384 | val_auc=0.8457
Epoch 037 | time=7.3s | train_loss=0.1257 | val_loss=0.5402 | val_auc=0.8452
Epoch 038 | time=7.3s | train_loss=0.1219 | val_loss=0.5427 | val_auc=0.8465
Epoch 039 | time=7.3s | train_loss=0.1249 | val_loss=0.5493 | val_auc=0.8438
Epoch 040 | time=7.3s | train_loss=0.1215 | val_loss=0.5453 | val_auc=0.8468
Epoch 041 | time=7.3s | train_loss=0.1213 | val_loss=0.5518 | val_auc=0.8451
Epoch 042 | time=7.3s | train_loss=0.1207 | val_loss=0.5529 | val_auc=0.8442
Epoch 043 | time=7.3s | train_loss=0.1190 | val_loss=0.5552 | val_auc=0.8445
Epoch 044 | time=7.3s | train_loss=0.1188 | val_loss=0.5490 | val_auc=0.8449
Early stopping — no improvement for 10 epochs

Best model: epoch 34, val_loss=0.5490, val_auc=0.8473

═══ Test Results ═══
           auc: 0.7561
         auprc: 0.6971
            f1: 0.6698
     precision: 0.6624
        recall: 0.6773
          loss: 0.7318
