Uninstalled 1 package in 7ms
Installed 1 package in 11ms
/net/storage/pr3/plgrid/plggmlcil/plgkstankie/vvv/Multimodal-models-for-predicting-drug-target-interactions/.venv/lib/python3.11/site-packages/outdated/__init__.py:36: UserWarning: pkg_resources is deprecated as an API. See https://setuptools.pypa.io/en/latest/pkg_resources.html. The pkg_resources package is slated for removal as early as 2025-11-30. Refrain from using this package or pin to Setuptools<81.
  from pkg_resources import parse_version
Setting global random seed to 1024
Using device: cuda
Loading clean data from: /net/storage/pr3/plgrid/plggmlcil/plgkstankie/vvv/Multimodal-models-for-predicting-drug-target-interactions/src/datasets/lincs_balanced.parquet
Dataset size: 27498
Train: 19558  Val: 2885  Test: 5055
ChemBERTProcessor: loaded 236379 embeddings (dim=768) from /net/storage/pr3/plgrid/plggmlcil/plgkstankie/vvv/Multimodal-models-for-predicting-drug-target-interactions/src/datasets/ChemBERTa-zinc-base-v1.pt
SMILES encoders:  ['GCNEncoder', 'ChemBERTEncoder', 'LincsEncoder']
Protein encoders: ['ProteinCNNEncoder']
Building graph cache for 1264 SMILES...
  0%|          | 0/1264 [00:00<?, ?it/s] 20%|█▉        | 252/1264 [00:00<00:00, 2515.20it/s] 40%|███▉      | 504/1264 [00:00<00:00, 2429.78it/s] 59%|█████▉    | 748/1264 [00:00<00:00, 2362.93it/s] 79%|███████▉  | 1000/1264 [00:00<00:00, 2422.16it/s] 99%|█████████▉| 1255/1264 [00:00<00:00, 2466.85it/s]100%|██████████| 1264/1264 [00:00<00:00, 2447.45it/s]
Valid SMILES graphs: 1264
MultimodalDTI(
  (smiles_encoders): ModuleList(
    (0): GCNEncoder(
      (atom_encoder): AtomEncoder(
        (atom_embedding_list): ModuleList(
          (0): Embedding(119, 128)
          (1): Embedding(5, 128)
          (2-3): 2 x Embedding(12, 128)
          (4): Embedding(10, 128)
          (5-6): 2 x Embedding(6, 128)
          (7-8): 2 x Embedding(2, 128)
        )
      )
      (convs): ModuleList(
        (0-2): 3 x GCNConv(128, 128)
      )
      (bns): ModuleList(
        (0-2): 3 x BatchNorm1d(128, eps=1e-05, momentum=0.1, affine=True, track_running_stats=True)
      )
    )
    (1): ChemBERTEncoder(
      (projection): Sequential(
        (0): Linear(in_features=768, out_features=128, bias=True)
        (1): LayerNorm((128,), eps=1e-05, elementwise_affine=True)
        (2): ReLU()
      )
    )
    (2): LincsEncoder(
      (mlp): Sequential(
        (0): Linear(in_features=978, out_features=128, bias=True)
        (1): BatchNorm1d(128, eps=1e-05, momentum=0.1, affine=True, track_running_stats=True)
        (2): ReLU()
        (3): Dropout(p=0.5, inplace=False)
        (4): Linear(in_features=128, out_features=128, bias=True)
        (5): BatchNorm1d(128, eps=1e-05, momentum=0.1, affine=True, track_running_stats=True)
        (6): ReLU()
      )
    )
  )
  (protein_encoders): ModuleList(
    (0): ProteinCNNEncoder(
      (embedding): Embedding(21, 128, padding_idx=0)
      (conv_blocks): ModuleList(
        (0): Sequential(
          (0): Conv1d(128, 64, kernel_size=(3,), stride=(1,), padding=(1,))
          (1): BatchNorm1d(64, eps=1e-05, momentum=0.1, affine=True, track_running_stats=True)
          (2): ReLU()
          (3): Conv1d(64, 64, kernel_size=(3,), stride=(1,), padding=(1,))
          (4): BatchNorm1d(64, eps=1e-05, momentum=0.1, affine=True, track_running_stats=True)
          (5): ReLU()
        )
        (1): Sequential(
          (0): Conv1d(128, 64, kernel_size=(7,), stride=(1,), padding=(3,))
          (1): BatchNorm1d(64, eps=1e-05, momentum=0.1, affine=True, track_running_stats=True)
          (2): ReLU()
          (3): Conv1d(64, 64, kernel_size=(7,), stride=(1,), padding=(3,))
          (4): BatchNorm1d(64, eps=1e-05, momentum=0.1, affine=True, track_running_stats=True)
          (5): ReLU()
        )
        (2): Sequential(
          (0): Conv1d(128, 64, kernel_size=(15,), stride=(1,), padding=(7,))
          (1): BatchNorm1d(64, eps=1e-05, momentum=0.1, affine=True, track_running_stats=True)
          (2): ReLU()
          (3): Conv1d(64, 64, kernel_size=(15,), stride=(1,), padding=(7,))
          (4): BatchNorm1d(64, eps=1e-05, momentum=0.1, affine=True, track_running_stats=True)
          (5): ReLU()
        )
      )
    )
  )
  (fusion): MLPFusion(
    (classifier): Sequential(
      (0): Linear(in_features=576, out_features=128, bias=True)
      (1): BatchNorm1d(128, eps=1e-05, momentum=0.1, affine=True, track_running_stats=True)
      (2): ReLU()
      (3): Dropout(p=0.5, inplace=False)
      (4): Linear(in_features=128, out_features=32, bias=True)
      (5): BatchNorm1d(32, eps=1e-05, momentum=0.1, affine=True, track_running_stats=True)
      (6): ReLU()
      (7): Dropout(p=0.5, inplace=False)
      (8): Linear(in_features=32, out_features=1, bias=True)
    )
  )
)
Epoch 001 | time=3.5s | train_loss=0.6614 | val_loss=0.6445 | val_auc=0.7259
  ✓ New best model (epoch 1, val_loss=0.6445, val_auc=0.7259) saved to checkpoints/gcn_chembert_lincs_vs_cnn_seed1024.pt
Epoch 002 | time=2.6s | train_loss=0.5551 | val_loss=0.6067 | val_auc=0.7544
  ✓ New best model (epoch 2, val_loss=0.6067, val_auc=0.7544) saved to checkpoints/gcn_chembert_lincs_vs_cnn_seed1024.pt
Epoch 003 | time=2.6s | train_loss=0.4870 | val_loss=0.5825 | val_auc=0.7734
  ✓ New best model (epoch 3, val_loss=0.5825, val_auc=0.7734) saved to checkpoints/gcn_chembert_lincs_vs_cnn_seed1024.pt
Epoch 004 | time=2.6s | train_loss=0.4408 | val_loss=0.5725 | val_auc=0.7739
  ✓ New best model (epoch 4, val_loss=0.5725, val_auc=0.7739) saved to checkpoints/gcn_chembert_lincs_vs_cnn_seed1024.pt
Epoch 005 | time=2.6s | train_loss=0.4107 | val_loss=0.5676 | val_auc=0.7798
  ✓ New best model (epoch 5, val_loss=0.5676, val_auc=0.7798) saved to checkpoints/gcn_chembert_lincs_vs_cnn_seed1024.pt
Epoch 006 | time=2.5s | train_loss=0.3823 | val_loss=0.5577 | val_auc=0.7875
  ✓ New best model (epoch 6, val_loss=0.5577, val_auc=0.7875) saved to checkpoints/gcn_chembert_lincs_vs_cnn_seed1024.pt
Epoch 007 | time=2.6s | train_loss=0.3566 | val_loss=0.5545 | val_auc=0.7911
  ✓ New best model (epoch 7, val_loss=0.5545, val_auc=0.7911) saved to checkpoints/gcn_chembert_lincs_vs_cnn_seed1024.pt
Epoch 008 | time=2.6s | train_loss=0.3374 | val_loss=0.5367 | val_auc=0.8089
  ✓ New best model (epoch 8, val_loss=0.5367, val_auc=0.8089) saved to checkpoints/gcn_chembert_lincs_vs_cnn_seed1024.pt
Epoch 009 | time=2.6s | train_loss=0.3211 | val_loss=0.5456 | val_auc=0.8034
Epoch 010 | time=2.5s | train_loss=0.3060 | val_loss=0.5336 | val_auc=0.8139
  ✓ New best model (epoch 10, val_loss=0.5336, val_auc=0.8139) saved to checkpoints/gcn_chembert_lincs_vs_cnn_seed1024.pt
Epoch 011 | time=2.6s | train_loss=0.2896 | val_loss=0.5349 | val_auc=0.8140
  ✓ New best model (epoch 11, val_loss=0.5349, val_auc=0.8140) saved to checkpoints/gcn_chembert_lincs_vs_cnn_seed1024.pt
Epoch 012 | time=2.6s | train_loss=0.2779 | val_loss=0.5416 | val_auc=0.8095
Epoch 013 | time=2.6s | train_loss=0.2663 | val_loss=0.5440 | val_auc=0.8086
Epoch 014 | time=2.6s | train_loss=0.2551 | val_loss=0.5367 | val_auc=0.8139
Epoch 015 | time=2.6s | train_loss=0.2454 | val_loss=0.5412 | val_auc=0.8127
Epoch 016 | time=2.6s | train_loss=0.2400 | val_loss=0.5411 | val_auc=0.8157
  ✓ New best model (epoch 16, val_loss=0.5411, val_auc=0.8157) saved to checkpoints/gcn_chembert_lincs_vs_cnn_seed1024.pt
Epoch 017 | time=2.7s | train_loss=0.2260 | val_loss=0.5437 | val_auc=0.8148
Epoch 018 | time=2.6s | train_loss=0.2198 | val_loss=0.5435 | val_auc=0.8158
  ✓ New best model (epoch 18, val_loss=0.5435, val_auc=0.8158) saved to checkpoints/gcn_chembert_lincs_vs_cnn_seed1024.pt
Epoch 019 | time=2.6s | train_loss=0.2123 | val_loss=0.5517 | val_auc=0.8139
Epoch 020 | time=2.6s | train_loss=0.2102 | val_loss=0.5415 | val_auc=0.8182
  ✓ New best model (epoch 20, val_loss=0.5415, val_auc=0.8182) saved to checkpoints/gcn_chembert_lincs_vs_cnn_seed1024.pt
Epoch 021 | time=2.6s | train_loss=0.2051 | val_loss=0.5506 | val_auc=0.8135
Epoch 022 | time=2.6s | train_loss=0.2002 | val_loss=0.5480 | val_auc=0.8191
  ✓ New best model (epoch 22, val_loss=0.5480, val_auc=0.8191) saved to checkpoints/gcn_chembert_lincs_vs_cnn_seed1024.pt
Epoch 023 | time=2.6s | train_loss=0.1939 | val_loss=0.5515 | val_auc=0.8166
Epoch 024 | time=2.6s | train_loss=0.1899 | val_loss=0.5454 | val_auc=0.8201
  ✓ New best model (epoch 24, val_loss=0.5454, val_auc=0.8201) saved to checkpoints/gcn_chembert_lincs_vs_cnn_seed1024.pt
Epoch 025 | time=2.6s | train_loss=0.1892 | val_loss=0.5559 | val_auc=0.8161
Epoch 026 | time=2.6s | train_loss=0.1874 | val_loss=0.5561 | val_auc=0.8157
Epoch 027 | time=2.5s | train_loss=0.1859 | val_loss=0.5577 | val_auc=0.8173
Epoch 028 | time=2.6s | train_loss=0.1802 | val_loss=0.5590 | val_auc=0.8189
Epoch 029 | time=2.6s | train_loss=0.1794 | val_loss=0.5427 | val_auc=0.8251
  ✓ New best model (epoch 29, val_loss=0.5427, val_auc=0.8251) saved to checkpoints/gcn_chembert_lincs_vs_cnn_seed1024.pt
Epoch 030 | time=2.8s | train_loss=0.1784 | val_loss=0.5543 | val_auc=0.8201
Epoch 031 | time=2.6s | train_loss=0.1770 | val_loss=0.5535 | val_auc=0.8208
Epoch 032 | time=2.6s | train_loss=0.1763 | val_loss=0.5491 | val_auc=0.8231
Epoch 033 | time=2.6s | train_loss=0.1756 | val_loss=0.5540 | val_auc=0.8201
Epoch 034 | time=2.6s | train_loss=0.1722 | val_loss=0.5519 | val_auc=0.8228
Epoch 035 | time=2.6s | train_loss=0.1716 | val_loss=0.5578 | val_auc=0.8206
Epoch 036 | time=2.5s | train_loss=0.1707 | val_loss=0.5625 | val_auc=0.8201
Epoch 037 | time=2.6s | train_loss=0.1689 | val_loss=0.5645 | val_auc=0.8195
Epoch 038 | time=2.6s | train_loss=0.1686 | val_loss=0.5584 | val_auc=0.8213
Epoch 039 | time=2.6s | train_loss=0.1674 | val_loss=0.5549 | val_auc=0.8222
Early stopping — no improvement for 10 epochs

Best model: epoch 29, val_loss=0.5549, val_auc=0.8251

═══ Test Results ═══
           auc: 0.7428
         auprc: 0.6613
            f1: 0.6665
     precision: 0.6706
        recall: 0.6625
          loss: 0.6937
