Uninstalled 1 package in 8ms
Installed 1 package in 11ms
/net/storage/pr3/plgrid/plggmlcil/plgkstankie/vvv/Multimodal-models-for-predicting-drug-target-interactions/.venv/lib/python3.11/site-packages/outdated/__init__.py:36: UserWarning: pkg_resources is deprecated as an API. See https://setuptools.pypa.io/en/latest/pkg_resources.html. The pkg_resources package is slated for removal as early as 2025-11-30. Refrain from using this package or pin to Setuptools<81.
  from pkg_resources import parse_version
Setting global random seed to 2026
Using device: cuda
Loading clean data from: /net/storage/pr3/plgrid/plggmlcil/plgkstankie/vvv/Multimodal-models-for-predicting-drug-target-interactions/src/datasets/lincs_balanced.parquet
Dataset size: 27498
Train: 19558  Val: 2885  Test: 5055
SMILES encoders:  ['GCNEncoder', 'FingerprintMLPEncoder', 'LincsEncoder']
Protein encoders: ['ProteinCNNEncoder']
Building graph cache for 1264 SMILES...
  0%|          | 0/1264 [00:00<?, ?it/s] 18%|█▊        | 230/1264 [00:00<00:00, 2290.10it/s] 36%|███▋      | 460/1264 [00:00<00:00, 2282.45it/s] 55%|█████▍    | 689/1264 [00:00<00:00, 2283.43it/s] 73%|███████▎  | 920/1264 [00:00<00:00, 2290.90it/s] 92%|█████████▏| 1169/1264 [00:00<00:00, 2359.06it/s]100%|██████████| 1264/1264 [00:00<00:00, 2351.75it/s]
Valid SMILES graphs: 1264
MultimodalDTI(
  (smiles_encoders): ModuleList(
    (0): GCNEncoder(
      (atom_encoder): AtomEncoder(
        (atom_embedding_list): ModuleList(
          (0): Embedding(119, 128)
          (1): Embedding(5, 128)
          (2-3): 2 x Embedding(12, 128)
          (4): Embedding(10, 128)
          (5-6): 2 x Embedding(6, 128)
          (7-8): 2 x Embedding(2, 128)
        )
      )
      (convs): ModuleList(
        (0-2): 3 x GCNConv(128, 128)
      )
      (bns): ModuleList(
        (0-2): 3 x BatchNorm1d(128, eps=1e-05, momentum=0.1, affine=True, track_running_stats=True)
      )
    )
    (1): FingerprintMLPEncoder(
      (mlp): Sequential(
        (0): Linear(in_features=1024, out_features=256, bias=True)
        (1): BatchNorm1d(256, eps=1e-05, momentum=0.1, affine=True, track_running_stats=True)
        (2): ReLU()
        (3): Dropout(p=0.5, inplace=False)
        (4): Linear(in_features=256, out_features=128, bias=True)
        (5): BatchNorm1d(128, eps=1e-05, momentum=0.1, affine=True, track_running_stats=True)
        (6): ReLU()
      )
    )
    (2): LincsEncoder(
      (mlp): Sequential(
        (0): Linear(in_features=978, out_features=128, bias=True)
        (1): BatchNorm1d(128, eps=1e-05, momentum=0.1, affine=True, track_running_stats=True)
        (2): ReLU()
        (3): Dropout(p=0.5, inplace=False)
        (4): Linear(in_features=128, out_features=128, bias=True)
        (5): BatchNorm1d(128, eps=1e-05, momentum=0.1, affine=True, track_running_stats=True)
        (6): ReLU()
      )
    )
  )
  (protein_encoders): ModuleList(
    (0): ProteinCNNEncoder(
      (embedding): Embedding(21, 128, padding_idx=0)
      (conv_blocks): ModuleList(
        (0): Sequential(
          (0): Conv1d(128, 64, kernel_size=(3,), stride=(1,), padding=(1,))
          (1): BatchNorm1d(64, eps=1e-05, momentum=0.1, affine=True, track_running_stats=True)
          (2): ReLU()
          (3): Conv1d(64, 64, kernel_size=(3,), stride=(1,), padding=(1,))
          (4): BatchNorm1d(64, eps=1e-05, momentum=0.1, affine=True, track_running_stats=True)
          (5): ReLU()
        )
        (1): Sequential(
          (0): Conv1d(128, 64, kernel_size=(7,), stride=(1,), padding=(3,))
          (1): BatchNorm1d(64, eps=1e-05, momentum=0.1, affine=True, track_running_stats=True)
          (2): ReLU()
          (3): Conv1d(64, 64, kernel_size=(7,), stride=(1,), padding=(3,))
          (4): BatchNorm1d(64, eps=1e-05, momentum=0.1, affine=True, track_running_stats=True)
          (5): ReLU()
        )
        (2): Sequential(
          (0): Conv1d(128, 64, kernel_size=(15,), stride=(1,), padding=(7,))
          (1): BatchNorm1d(64, eps=1e-05, momentum=0.1, affine=True, track_running_stats=True)
          (2): ReLU()
          (3): Conv1d(64, 64, kernel_size=(15,), stride=(1,), padding=(7,))
          (4): BatchNorm1d(64, eps=1e-05, momentum=0.1, affine=True, track_running_stats=True)
          (5): ReLU()
        )
      )
    )
  )
  (fusion): MLPFusion(
    (classifier): Sequential(
      (0): Linear(in_features=576, out_features=128, bias=True)
      (1): BatchNorm1d(128, eps=1e-05, momentum=0.1, affine=True, track_running_stats=True)
      (2): ReLU()
      (3): Dropout(p=0.5, inplace=False)
      (4): Linear(in_features=128, out_features=32, bias=True)
      (5): BatchNorm1d(32, eps=1e-05, momentum=0.1, affine=True, track_running_stats=True)
      (6): ReLU()
      (7): Dropout(p=0.5, inplace=False)
      (8): Linear(in_features=32, out_features=1, bias=True)
    )
  )
)
Epoch 001 | time=4.1s | train_loss=0.6666 | val_loss=0.6474 | val_auc=0.6905
  ✓ New best model (epoch 1, val_loss=0.6474, val_auc=0.6905) saved to checkpoints/gcn_fp_lincs_vs_cnn_seed2026.pt
Epoch 002 | time=2.7s | train_loss=0.5520 | val_loss=0.5972 | val_auc=0.7563
  ✓ New best model (epoch 2, val_loss=0.5972, val_auc=0.7563) saved to checkpoints/gcn_fp_lincs_vs_cnn_seed2026.pt
Epoch 003 | time=2.7s | train_loss=0.4740 | val_loss=0.5880 | val_auc=0.7592
  ✓ New best model (epoch 3, val_loss=0.5880, val_auc=0.7592) saved to checkpoints/gcn_fp_lincs_vs_cnn_seed2026.pt
Epoch 004 | time=2.7s | train_loss=0.4250 | val_loss=0.5713 | val_auc=0.7772
  ✓ New best model (epoch 4, val_loss=0.5713, val_auc=0.7772) saved to checkpoints/gcn_fp_lincs_vs_cnn_seed2026.pt
Epoch 005 | time=2.8s | train_loss=0.3928 | val_loss=0.5565 | val_auc=0.7888
  ✓ New best model (epoch 5, val_loss=0.5565, val_auc=0.7888) saved to checkpoints/gcn_fp_lincs_vs_cnn_seed2026.pt
Epoch 006 | time=2.8s | train_loss=0.3626 | val_loss=0.5394 | val_auc=0.7998
  ✓ New best model (epoch 6, val_loss=0.5394, val_auc=0.7998) saved to checkpoints/gcn_fp_lincs_vs_cnn_seed2026.pt
Epoch 007 | time=3.0s | train_loss=0.3389 | val_loss=0.5301 | val_auc=0.8082
  ✓ New best model (epoch 7, val_loss=0.5301, val_auc=0.8082) saved to checkpoints/gcn_fp_lincs_vs_cnn_seed2026.pt
Epoch 008 | time=2.8s | train_loss=0.3167 | val_loss=0.5434 | val_auc=0.8049
Epoch 009 | time=2.8s | train_loss=0.3005 | val_loss=0.5220 | val_auc=0.8154
  ✓ New best model (epoch 9, val_loss=0.5220, val_auc=0.8154) saved to checkpoints/gcn_fp_lincs_vs_cnn_seed2026.pt
Epoch 010 | time=2.8s | train_loss=0.2845 | val_loss=0.5313 | val_auc=0.8149
Epoch 011 | time=2.8s | train_loss=0.2742 | val_loss=0.5490 | val_auc=0.8051
Epoch 012 | time=2.8s | train_loss=0.2605 | val_loss=0.5393 | val_auc=0.8138
Epoch 013 | time=2.7s | train_loss=0.2491 | val_loss=0.5380 | val_auc=0.8099
Epoch 014 | time=2.8s | train_loss=0.2402 | val_loss=0.5331 | val_auc=0.8205
  ✓ New best model (epoch 14, val_loss=0.5331, val_auc=0.8205) saved to checkpoints/gcn_fp_lincs_vs_cnn_seed2026.pt
Epoch 015 | time=2.8s | train_loss=0.2313 | val_loss=0.5289 | val_auc=0.8232
  ✓ New best model (epoch 15, val_loss=0.5289, val_auc=0.8232) saved to checkpoints/gcn_fp_lincs_vs_cnn_seed2026.pt
Epoch 016 | time=2.8s | train_loss=0.2178 | val_loss=0.5237 | val_auc=0.8264
  ✓ New best model (epoch 16, val_loss=0.5237, val_auc=0.8264) saved to checkpoints/gcn_fp_lincs_vs_cnn_seed2026.pt
Epoch 017 | time=2.7s | train_loss=0.2123 | val_loss=0.5338 | val_auc=0.8194
Epoch 018 | time=3.0s | train_loss=0.2081 | val_loss=0.5346 | val_auc=0.8231
Epoch 019 | time=2.8s | train_loss=0.2021 | val_loss=0.5315 | val_auc=0.8275
  ✓ New best model (epoch 19, val_loss=0.5315, val_auc=0.8275) saved to checkpoints/gcn_fp_lincs_vs_cnn_seed2026.pt
Epoch 020 | time=2.7s | train_loss=0.1990 | val_loss=0.5359 | val_auc=0.8261
Epoch 021 | time=2.7s | train_loss=0.1941 | val_loss=0.5253 | val_auc=0.8303
  ✓ New best model (epoch 21, val_loss=0.5253, val_auc=0.8303) saved to checkpoints/gcn_fp_lincs_vs_cnn_seed2026.pt
Epoch 022 | time=2.7s | train_loss=0.1880 | val_loss=0.5303 | val_auc=0.8299
Epoch 023 | time=2.7s | train_loss=0.1860 | val_loss=0.5449 | val_auc=0.8263
Epoch 024 | time=2.8s | train_loss=0.1823 | val_loss=0.5369 | val_auc=0.8296
Epoch 025 | time=2.8s | train_loss=0.1820 | val_loss=0.5343 | val_auc=0.8316
  ✓ New best model (epoch 25, val_loss=0.5343, val_auc=0.8316) saved to checkpoints/gcn_fp_lincs_vs_cnn_seed2026.pt
Epoch 026 | time=2.8s | train_loss=0.1780 | val_loss=0.5411 | val_auc=0.8270
Epoch 027 | time=2.8s | train_loss=0.1792 | val_loss=0.5360 | val_auc=0.8307
Epoch 028 | time=2.8s | train_loss=0.1737 | val_loss=0.5354 | val_auc=0.8322
  ✓ New best model (epoch 28, val_loss=0.5354, val_auc=0.8322) saved to checkpoints/gcn_fp_lincs_vs_cnn_seed2026.pt
Epoch 029 | time=2.7s | train_loss=0.1712 | val_loss=0.5335 | val_auc=0.8327
  ✓ New best model (epoch 29, val_loss=0.5335, val_auc=0.8327) saved to checkpoints/gcn_fp_lincs_vs_cnn_seed2026.pt
Epoch 030 | time=2.8s | train_loss=0.1736 | val_loss=0.5398 | val_auc=0.8317
Epoch 031 | time=2.7s | train_loss=0.1705 | val_loss=0.5461 | val_auc=0.8302
Epoch 032 | time=2.8s | train_loss=0.1678 | val_loss=0.5434 | val_auc=0.8300
Epoch 033 | time=2.8s | train_loss=0.1697 | val_loss=0.5432 | val_auc=0.8317
Epoch 034 | time=2.7s | train_loss=0.1687 | val_loss=0.5464 | val_auc=0.8295
Epoch 035 | time=2.8s | train_loss=0.1669 | val_loss=0.5478 | val_auc=0.8300
Epoch 036 | time=2.9s | train_loss=0.1689 | val_loss=0.5424 | val_auc=0.8321
Epoch 037 | time=2.8s | train_loss=0.1661 | val_loss=0.5470 | val_auc=0.8308
Epoch 038 | time=2.7s | train_loss=0.1645 | val_loss=0.5472 | val_auc=0.8308
Epoch 039 | time=2.7s | train_loss=0.1621 | val_loss=0.5459 | val_auc=0.8305
Early stopping — no improvement for 10 epochs

Best model: epoch 29, val_loss=0.5459, val_auc=0.8327

═══ Test Results ═══
           auc: 0.7424
         auprc: 0.6803
            f1: 0.6552
     precision: 0.6507
        recall: 0.6598
          loss: 0.7120
