Uninstalled 1 package in 7ms
Installed 1 package in 11ms
/net/storage/pr3/plgrid/plggmlcil/plgkstankie/vvv/Multimodal-models-for-predicting-drug-target-interactions/.venv/lib/python3.11/site-packages/outdated/__init__.py:36: UserWarning: pkg_resources is deprecated as an API. See https://setuptools.pypa.io/en/latest/pkg_resources.html. The pkg_resources package is slated for removal as early as 2025-11-30. Refrain from using this package or pin to Setuptools<81.
  from pkg_resources import parse_version
Setting global random seed to 123
Using device: cuda
Loading clean data from: /net/storage/pr3/plgrid/plggmlcil/plgkstankie/vvv/Multimodal-models-for-predicting-drug-target-interactions/src/datasets/lincs_balanced.parquet
Dataset size: 27498
Train: 19558  Val: 2885  Test: 5055
ChemBERTProcessor: loaded 236379 embeddings (dim=768) from /net/storage/pr3/plgrid/plggmlcil/plgkstankie/vvv/Multimodal-models-for-predicting-drug-target-interactions/src/datasets/ChemBERTa-zinc-base-v1.pt
SMILES encoders:  ['GCNEncoder', 'ChemBERTEncoder']
Protein encoders: ['ProteinCNNEncoder']
Building graph cache for 1264 SMILES...
  0%|          | 0/1264 [00:00<?, ?it/s] 20%|█▉        | 251/1264 [00:00<00:00, 2505.56it/s] 40%|███▉      | 502/1264 [00:00<00:00, 2438.90it/s] 59%|█████▉    | 747/1264 [00:00<00:00, 2368.64it/s] 79%|███████▉  | 998/1264 [00:00<00:00, 2422.28it/s] 99%|█████████▉| 1250/1264 [00:00<00:00, 2455.45it/s]100%|██████████| 1264/1264 [00:00<00:00, 2442.80it/s]
Valid SMILES graphs: 1264
MultimodalDTI(
  (smiles_encoders): ModuleList(
    (0): GCNEncoder(
      (atom_encoder): AtomEncoder(
        (atom_embedding_list): ModuleList(
          (0): Embedding(119, 128)
          (1): Embedding(5, 128)
          (2-3): 2 x Embedding(12, 128)
          (4): Embedding(10, 128)
          (5-6): 2 x Embedding(6, 128)
          (7-8): 2 x Embedding(2, 128)
        )
      )
      (convs): ModuleList(
        (0-2): 3 x GCNConv(128, 128)
      )
      (bns): ModuleList(
        (0-2): 3 x BatchNorm1d(128, eps=1e-05, momentum=0.1, affine=True, track_running_stats=True)
      )
    )
    (1): ChemBERTEncoder(
      (projection): Sequential(
        (0): Linear(in_features=768, out_features=128, bias=True)
        (1): LayerNorm((128,), eps=1e-05, elementwise_affine=True)
        (2): ReLU()
      )
    )
  )
  (protein_encoders): ModuleList(
    (0): ProteinCNNEncoder(
      (embedding): Embedding(21, 128, padding_idx=0)
      (conv_blocks): ModuleList(
        (0): Sequential(
          (0): Conv1d(128, 64, kernel_size=(3,), stride=(1,), padding=(1,))
          (1): BatchNorm1d(64, eps=1e-05, momentum=0.1, affine=True, track_running_stats=True)
          (2): ReLU()
          (3): Conv1d(64, 64, kernel_size=(3,), stride=(1,), padding=(1,))
          (4): BatchNorm1d(64, eps=1e-05, momentum=0.1, affine=True, track_running_stats=True)
          (5): ReLU()
        )
        (1): Sequential(
          (0): Conv1d(128, 64, kernel_size=(7,), stride=(1,), padding=(3,))
          (1): BatchNorm1d(64, eps=1e-05, momentum=0.1, affine=True, track_running_stats=True)
          (2): ReLU()
          (3): Conv1d(64, 64, kernel_size=(7,), stride=(1,), padding=(3,))
          (4): BatchNorm1d(64, eps=1e-05, momentum=0.1, affine=True, track_running_stats=True)
          (5): ReLU()
        )
        (2): Sequential(
          (0): Conv1d(128, 64, kernel_size=(15,), stride=(1,), padding=(7,))
          (1): BatchNorm1d(64, eps=1e-05, momentum=0.1, affine=True, track_running_stats=True)
          (2): ReLU()
          (3): Conv1d(64, 64, kernel_size=(15,), stride=(1,), padding=(7,))
          (4): BatchNorm1d(64, eps=1e-05, momentum=0.1, affine=True, track_running_stats=True)
          (5): ReLU()
        )
      )
    )
  )
  (fusion): MLPFusion(
    (classifier): Sequential(
      (0): Linear(in_features=448, out_features=128, bias=True)
      (1): BatchNorm1d(128, eps=1e-05, momentum=0.1, affine=True, track_running_stats=True)
      (2): ReLU()
      (3): Dropout(p=0.5, inplace=False)
      (4): Linear(in_features=128, out_features=32, bias=True)
      (5): BatchNorm1d(32, eps=1e-05, momentum=0.1, affine=True, track_running_stats=True)
      (6): ReLU()
      (7): Dropout(p=0.5, inplace=False)
      (8): Linear(in_features=32, out_features=1, bias=True)
    )
  )
)
Epoch 001 | time=3.3s | train_loss=0.6634 | val_loss=0.6520 | val_auc=0.7031
  ✓ New best model (epoch 1, val_loss=0.6520, val_auc=0.7031) saved to checkpoints/gcn_chembert_vs_cnn_seed123.pt
Epoch 002 | time=2.4s | train_loss=0.5687 | val_loss=0.6150 | val_auc=0.7284
  ✓ New best model (epoch 2, val_loss=0.6150, val_auc=0.7284) saved to checkpoints/gcn_chembert_vs_cnn_seed123.pt
Epoch 003 | time=2.4s | train_loss=0.4960 | val_loss=0.5885 | val_auc=0.7635
  ✓ New best model (epoch 3, val_loss=0.5885, val_auc=0.7635) saved to checkpoints/gcn_chembert_vs_cnn_seed123.pt
Epoch 004 | time=2.4s | train_loss=0.4509 | val_loss=0.5740 | val_auc=0.7704
  ✓ New best model (epoch 4, val_loss=0.5740, val_auc=0.7704) saved to checkpoints/gcn_chembert_vs_cnn_seed123.pt
Epoch 005 | time=2.4s | train_loss=0.4183 | val_loss=0.5662 | val_auc=0.7807
  ✓ New best model (epoch 5, val_loss=0.5662, val_auc=0.7807) saved to checkpoints/gcn_chembert_vs_cnn_seed123.pt
Epoch 006 | time=2.4s | train_loss=0.3952 | val_loss=0.5568 | val_auc=0.7868
  ✓ New best model (epoch 6, val_loss=0.5568, val_auc=0.7868) saved to checkpoints/gcn_chembert_vs_cnn_seed123.pt
Epoch 007 | time=2.4s | train_loss=0.3707 | val_loss=0.5621 | val_auc=0.7818
Epoch 008 | time=2.4s | train_loss=0.3519 | val_loss=0.5699 | val_auc=0.7754
Epoch 009 | time=2.4s | train_loss=0.3358 | val_loss=0.5582 | val_auc=0.7867
Epoch 010 | time=2.4s | train_loss=0.3206 | val_loss=0.5531 | val_auc=0.7936
  ✓ New best model (epoch 10, val_loss=0.5531, val_auc=0.7936) saved to checkpoints/gcn_chembert_vs_cnn_seed123.pt
Epoch 011 | time=2.4s | train_loss=0.3049 | val_loss=0.5568 | val_auc=0.7901
Epoch 012 | time=2.4s | train_loss=0.2947 | val_loss=0.5515 | val_auc=0.7984
  ✓ New best model (epoch 12, val_loss=0.5515, val_auc=0.7984) saved to checkpoints/gcn_chembert_vs_cnn_seed123.pt
Epoch 013 | time=2.4s | train_loss=0.2815 | val_loss=0.5399 | val_auc=0.8062
  ✓ New best model (epoch 13, val_loss=0.5399, val_auc=0.8062) saved to checkpoints/gcn_chembert_vs_cnn_seed123.pt
Epoch 014 | time=2.4s | train_loss=0.2713 | val_loss=0.5498 | val_auc=0.7972
Epoch 015 | time=2.4s | train_loss=0.2632 | val_loss=0.5541 | val_auc=0.7991
Epoch 016 | time=2.4s | train_loss=0.2521 | val_loss=0.5443 | val_auc=0.8058
Epoch 017 | time=2.4s | train_loss=0.2428 | val_loss=0.5519 | val_auc=0.8018
Epoch 018 | time=2.6s | train_loss=0.2370 | val_loss=0.5477 | val_auc=0.8022
Epoch 019 | time=2.4s | train_loss=0.2284 | val_loss=0.5551 | val_auc=0.8060
Epoch 020 | time=2.4s | train_loss=0.2189 | val_loss=0.5482 | val_auc=0.8093
  ✓ New best model (epoch 20, val_loss=0.5482, val_auc=0.8093) saved to checkpoints/gcn_chembert_vs_cnn_seed123.pt
Epoch 021 | time=2.4s | train_loss=0.2099 | val_loss=0.5402 | val_auc=0.8132
  ✓ New best model (epoch 21, val_loss=0.5402, val_auc=0.8132) saved to checkpoints/gcn_chembert_vs_cnn_seed123.pt
Epoch 022 | time=2.4s | train_loss=0.2077 | val_loss=0.5535 | val_auc=0.8103
Epoch 023 | time=2.4s | train_loss=0.2070 | val_loss=0.5689 | val_auc=0.7976
Epoch 024 | time=2.4s | train_loss=0.1981 | val_loss=0.5554 | val_auc=0.8067
Epoch 025 | time=2.4s | train_loss=0.1961 | val_loss=0.5633 | val_auc=0.8075
Epoch 026 | time=2.4s | train_loss=0.1895 | val_loss=0.5497 | val_auc=0.8127
Epoch 027 | time=2.4s | train_loss=0.1859 | val_loss=0.5548 | val_auc=0.8112
Epoch 028 | time=2.4s | train_loss=0.1839 | val_loss=0.5599 | val_auc=0.8086
Epoch 029 | time=2.4s | train_loss=0.1830 | val_loss=0.5540 | val_auc=0.8136
  ✓ New best model (epoch 29, val_loss=0.5540, val_auc=0.8136) saved to checkpoints/gcn_chembert_vs_cnn_seed123.pt
Epoch 030 | time=2.4s | train_loss=0.1827 | val_loss=0.5586 | val_auc=0.8096
Epoch 031 | time=2.4s | train_loss=0.1792 | val_loss=0.5639 | val_auc=0.8078
Epoch 032 | time=2.4s | train_loss=0.1749 | val_loss=0.5584 | val_auc=0.8121
Epoch 033 | time=2.4s | train_loss=0.1719 | val_loss=0.5581 | val_auc=0.8134
Epoch 034 | time=2.4s | train_loss=0.1738 | val_loss=0.5553 | val_auc=0.8119
Epoch 035 | time=2.4s | train_loss=0.1734 | val_loss=0.5585 | val_auc=0.8132
Epoch 036 | time=2.4s | train_loss=0.1708 | val_loss=0.5553 | val_auc=0.8144
  ✓ New best model (epoch 36, val_loss=0.5553, val_auc=0.8144) saved to checkpoints/gcn_chembert_vs_cnn_seed123.pt
Epoch 037 | time=2.4s | train_loss=0.1737 | val_loss=0.5615 | val_auc=0.8132
Epoch 038 | time=2.4s | train_loss=0.1704 | val_loss=0.5604 | val_auc=0.8124
Epoch 039 | time=2.4s | train_loss=0.1670 | val_loss=0.5629 | val_auc=0.8120
Epoch 040 | time=2.4s | train_loss=0.1674 | val_loss=0.5584 | val_auc=0.8144
Epoch 041 | time=2.4s | train_loss=0.1671 | val_loss=0.5650 | val_auc=0.8113
Epoch 042 | time=2.4s | train_loss=0.1672 | val_loss=0.5615 | val_auc=0.8134
Epoch 043 | time=2.4s | train_loss=0.1678 | val_loss=0.5625 | val_auc=0.8129
Epoch 044 | time=2.4s | train_loss=0.1639 | val_loss=0.5640 | val_auc=0.8127
Epoch 045 | time=2.4s | train_loss=0.1667 | val_loss=0.5616 | val_auc=0.8136
Epoch 046 | time=2.4s | train_loss=0.1660 | val_loss=0.5660 | val_auc=0.8119
Early stopping — no improvement for 10 epochs

Best model: epoch 36, val_loss=0.5660, val_auc=0.8144

═══ Test Results ═══
           auc: 0.7013
         auprc: 0.6337
            f1: 0.6279
     precision: 0.6035
        recall: 0.6543
          loss: 0.7858
