Uninstalled 1 package in 7ms
Installed 1 package in 11ms
/net/storage/pr3/plgrid/plggmlcil/plgkstankie/vvv/Multimodal-models-for-predicting-drug-target-interactions/.venv/lib/python3.11/site-packages/outdated/__init__.py:36: UserWarning: pkg_resources is deprecated as an API. See https://setuptools.pypa.io/en/latest/pkg_resources.html. The pkg_resources package is slated for removal as early as 2025-11-30. Refrain from using this package or pin to Setuptools<81.
  from pkg_resources import parse_version
Setting global random seed to 1024
Using device: cuda
Loading clean data from: /net/storage/pr3/plgrid/plggmlcil/plgkstankie/vvv/Multimodal-models-for-predicting-drug-target-interactions/src/datasets/lincs_balanced.parquet
Dataset size: 27498
Train: 19558  Val: 2885  Test: 5055
ChemBERTProcessor: loaded 236379 embeddings (dim=768) from /net/storage/pr3/plgrid/plggmlcil/plgkstankie/vvv/Multimodal-models-for-predicting-drug-target-interactions/src/datasets/ChemBERTa-zinc-base-v1.pt
SMILES encoders:  ['GCNEncoder', 'FingerprintMLPEncoder', 'ChemBERTEncoder', 'LincsEncoder']
Protein encoders: ['ProteinCNNEncoder']
Building graph cache for 1264 SMILES...
  0%|          | 0/1264 [00:00<?, ?it/s] 20%|█▉        | 251/1264 [00:00<00:00, 2505.81it/s] 40%|███▉      | 502/1264 [00:00<00:00, 2434.09it/s] 59%|█████▉    | 746/1264 [00:00<00:00, 2363.61it/s] 79%|███████▉  | 998/1264 [00:00<00:00, 2421.15it/s] 99%|█████████▉| 1254/1264 [00:00<00:00, 2467.04it/s]100%|██████████| 1264/1264 [00:00<00:00, 2446.98it/s]
Valid SMILES graphs: 1264
MultimodalDTI(
  (smiles_encoders): ModuleList(
    (0): GCNEncoder(
      (atom_encoder): AtomEncoder(
        (atom_embedding_list): ModuleList(
          (0): Embedding(119, 128)
          (1): Embedding(5, 128)
          (2-3): 2 x Embedding(12, 128)
          (4): Embedding(10, 128)
          (5-6): 2 x Embedding(6, 128)
          (7-8): 2 x Embedding(2, 128)
        )
      )
      (convs): ModuleList(
        (0-2): 3 x GCNConv(128, 128)
      )
      (bns): ModuleList(
        (0-2): 3 x BatchNorm1d(128, eps=1e-05, momentum=0.1, affine=True, track_running_stats=True)
      )
    )
    (1): FingerprintMLPEncoder(
      (mlp): Sequential(
        (0): Linear(in_features=1024, out_features=256, bias=True)
        (1): BatchNorm1d(256, eps=1e-05, momentum=0.1, affine=True, track_running_stats=True)
        (2): ReLU()
        (3): Dropout(p=0.5, inplace=False)
        (4): Linear(in_features=256, out_features=128, bias=True)
        (5): BatchNorm1d(128, eps=1e-05, momentum=0.1, affine=True, track_running_stats=True)
        (6): ReLU()
      )
    )
    (2): ChemBERTEncoder(
      (projection): Sequential(
        (0): Linear(in_features=768, out_features=128, bias=True)
        (1): LayerNorm((128,), eps=1e-05, elementwise_affine=True)
        (2): ReLU()
      )
    )
    (3): LincsEncoder(
      (mlp): Sequential(
        (0): Linear(in_features=978, out_features=128, bias=True)
        (1): BatchNorm1d(128, eps=1e-05, momentum=0.1, affine=True, track_running_stats=True)
        (2): ReLU()
        (3): Dropout(p=0.5, inplace=False)
        (4): Linear(in_features=128, out_features=128, bias=True)
        (5): BatchNorm1d(128, eps=1e-05, momentum=0.1, affine=True, track_running_stats=True)
        (6): ReLU()
      )
    )
  )
  (protein_encoders): ModuleList(
    (0): ProteinCNNEncoder(
      (embedding): Embedding(21, 128, padding_idx=0)
      (conv_blocks): ModuleList(
        (0): Sequential(
          (0): Conv1d(128, 64, kernel_size=(3,), stride=(1,), padding=(1,))
          (1): BatchNorm1d(64, eps=1e-05, momentum=0.1, affine=True, track_running_stats=True)
          (2): ReLU()
          (3): Conv1d(64, 64, kernel_size=(3,), stride=(1,), padding=(1,))
          (4): BatchNorm1d(64, eps=1e-05, momentum=0.1, affine=True, track_running_stats=True)
          (5): ReLU()
        )
        (1): Sequential(
          (0): Conv1d(128, 64, kernel_size=(7,), stride=(1,), padding=(3,))
          (1): BatchNorm1d(64, eps=1e-05, momentum=0.1, affine=True, track_running_stats=True)
          (2): ReLU()
          (3): Conv1d(64, 64, kernel_size=(7,), stride=(1,), padding=(3,))
          (4): BatchNorm1d(64, eps=1e-05, momentum=0.1, affine=True, track_running_stats=True)
          (5): ReLU()
        )
        (2): Sequential(
          (0): Conv1d(128, 64, kernel_size=(15,), stride=(1,), padding=(7,))
          (1): BatchNorm1d(64, eps=1e-05, momentum=0.1, affine=True, track_running_stats=True)
          (2): ReLU()
          (3): Conv1d(64, 64, kernel_size=(15,), stride=(1,), padding=(7,))
          (4): BatchNorm1d(64, eps=1e-05, momentum=0.1, affine=True, track_running_stats=True)
          (5): ReLU()
        )
      )
    )
  )
  (fusion): MLPFusion(
    (classifier): Sequential(
      (0): Linear(in_features=704, out_features=128, bias=True)
      (1): BatchNorm1d(128, eps=1e-05, momentum=0.1, affine=True, track_running_stats=True)
      (2): ReLU()
      (3): Dropout(p=0.5, inplace=False)
      (4): Linear(in_features=128, out_features=32, bias=True)
      (5): BatchNorm1d(32, eps=1e-05, momentum=0.1, affine=True, track_running_stats=True)
      (6): ReLU()
      (7): Dropout(p=0.5, inplace=False)
      (8): Linear(in_features=32, out_features=1, bias=True)
    )
  )
)
Epoch 001 | time=3.5s | train_loss=0.6643 | val_loss=0.6465 | val_auc=0.6849
  ✓ New best model (epoch 1, val_loss=0.6465, val_auc=0.6849) saved to checkpoints/gcn_fp_chembert_lincs_vs_cnn_seed1024.pt
Epoch 002 | time=2.8s | train_loss=0.5603 | val_loss=0.6035 | val_auc=0.7457
  ✓ New best model (epoch 2, val_loss=0.6035, val_auc=0.7457) saved to checkpoints/gcn_fp_chembert_lincs_vs_cnn_seed1024.pt
Epoch 003 | time=2.8s | train_loss=0.4846 | val_loss=0.5751 | val_auc=0.7774
  ✓ New best model (epoch 3, val_loss=0.5751, val_auc=0.7774) saved to checkpoints/gcn_fp_chembert_lincs_vs_cnn_seed1024.pt
Epoch 004 | time=2.8s | train_loss=0.4375 | val_loss=0.5687 | val_auc=0.7844
  ✓ New best model (epoch 4, val_loss=0.5687, val_auc=0.7844) saved to checkpoints/gcn_fp_chembert_lincs_vs_cnn_seed1024.pt
Epoch 005 | time=2.8s | train_loss=0.4020 | val_loss=0.5617 | val_auc=0.7925
  ✓ New best model (epoch 5, val_loss=0.5617, val_auc=0.7925) saved to checkpoints/gcn_fp_chembert_lincs_vs_cnn_seed1024.pt
Epoch 006 | time=2.8s | train_loss=0.3752 | val_loss=0.5543 | val_auc=0.7979
  ✓ New best model (epoch 6, val_loss=0.5543, val_auc=0.7979) saved to checkpoints/gcn_fp_chembert_lincs_vs_cnn_seed1024.pt
Epoch 007 | time=2.8s | train_loss=0.3507 | val_loss=0.5598 | val_auc=0.7978
Epoch 008 | time=2.8s | train_loss=0.3278 | val_loss=0.5400 | val_auc=0.8142
  ✓ New best model (epoch 8, val_loss=0.5400, val_auc=0.8142) saved to checkpoints/gcn_fp_chembert_lincs_vs_cnn_seed1024.pt
Epoch 009 | time=2.8s | train_loss=0.3114 | val_loss=0.5346 | val_auc=0.8188
  ✓ New best model (epoch 9, val_loss=0.5346, val_auc=0.8188) saved to checkpoints/gcn_fp_chembert_lincs_vs_cnn_seed1024.pt
Epoch 010 | time=2.8s | train_loss=0.2956 | val_loss=0.5245 | val_auc=0.8288
  ✓ New best model (epoch 10, val_loss=0.5245, val_auc=0.8288) saved to checkpoints/gcn_fp_chembert_lincs_vs_cnn_seed1024.pt
Epoch 011 | time=2.8s | train_loss=0.2827 | val_loss=0.5348 | val_auc=0.8218
Epoch 012 | time=2.8s | train_loss=0.2667 | val_loss=0.5351 | val_auc=0.8250
Epoch 013 | time=2.8s | train_loss=0.2549 | val_loss=0.5288 | val_auc=0.8292
  ✓ New best model (epoch 13, val_loss=0.5288, val_auc=0.8292) saved to checkpoints/gcn_fp_chembert_lincs_vs_cnn_seed1024.pt
Epoch 014 | time=2.8s | train_loss=0.2445 | val_loss=0.5221 | val_auc=0.8319
  ✓ New best model (epoch 14, val_loss=0.5221, val_auc=0.8319) saved to checkpoints/gcn_fp_chembert_lincs_vs_cnn_seed1024.pt
Epoch 015 | time=2.8s | train_loss=0.2355 | val_loss=0.5477 | val_auc=0.8192
Epoch 016 | time=2.8s | train_loss=0.2257 | val_loss=0.5369 | val_auc=0.8296
Epoch 017 | time=3.0s | train_loss=0.2144 | val_loss=0.5700 | val_auc=0.8197
Epoch 018 | time=2.8s | train_loss=0.2081 | val_loss=0.5290 | val_auc=0.8331
  ✓ New best model (epoch 18, val_loss=0.5290, val_auc=0.8331) saved to checkpoints/gcn_fp_chembert_lincs_vs_cnn_seed1024.pt
Epoch 019 | time=2.8s | train_loss=0.2006 | val_loss=0.5550 | val_auc=0.8308
Epoch 020 | time=2.8s | train_loss=0.1914 | val_loss=0.5345 | val_auc=0.8392
  ✓ New best model (epoch 20, val_loss=0.5345, val_auc=0.8392) saved to checkpoints/gcn_fp_chembert_lincs_vs_cnn_seed1024.pt
Epoch 021 | time=2.8s | train_loss=0.1826 | val_loss=0.5658 | val_auc=0.8292
Epoch 022 | time=2.8s | train_loss=0.1767 | val_loss=0.5382 | val_auc=0.8411
  ✓ New best model (epoch 22, val_loss=0.5382, val_auc=0.8411) saved to checkpoints/gcn_fp_chembert_lincs_vs_cnn_seed1024.pt
Epoch 023 | time=2.8s | train_loss=0.1704 | val_loss=0.5462 | val_auc=0.8376
Epoch 024 | time=2.8s | train_loss=0.1684 | val_loss=0.5484 | val_auc=0.8415
  ✓ New best model (epoch 24, val_loss=0.5484, val_auc=0.8415) saved to checkpoints/gcn_fp_chembert_lincs_vs_cnn_seed1024.pt
Epoch 025 | time=2.8s | train_loss=0.1674 | val_loss=0.5600 | val_auc=0.8385
Epoch 026 | time=2.8s | train_loss=0.1617 | val_loss=0.5734 | val_auc=0.8383
Epoch 027 | time=2.8s | train_loss=0.1556 | val_loss=0.5599 | val_auc=0.8400
Epoch 028 | time=2.8s | train_loss=0.1543 | val_loss=0.5562 | val_auc=0.8420
  ✓ New best model (epoch 28, val_loss=0.5562, val_auc=0.8420) saved to checkpoints/gcn_fp_chembert_lincs_vs_cnn_seed1024.pt
Epoch 029 | time=2.8s | train_loss=0.1502 | val_loss=0.5713 | val_auc=0.8380
Epoch 030 | time=3.0s | train_loss=0.1466 | val_loss=0.5716 | val_auc=0.8395
Epoch 031 | time=2.8s | train_loss=0.1493 | val_loss=0.5790 | val_auc=0.8392
Epoch 032 | time=2.8s | train_loss=0.1486 | val_loss=0.5766 | val_auc=0.8405
Epoch 033 | time=2.8s | train_loss=0.1424 | val_loss=0.5730 | val_auc=0.8410
Epoch 034 | time=2.8s | train_loss=0.1423 | val_loss=0.5694 | val_auc=0.8418
Epoch 035 | time=2.8s | train_loss=0.1407 | val_loss=0.5883 | val_auc=0.8360
Epoch 036 | time=2.8s | train_loss=0.1425 | val_loss=0.5906 | val_auc=0.8377
Epoch 037 | time=2.8s | train_loss=0.1383 | val_loss=0.5949 | val_auc=0.8379
Epoch 038 | time=2.8s | train_loss=0.1389 | val_loss=0.5916 | val_auc=0.8370
Early stopping — no improvement for 10 epochs

Best model: epoch 28, val_loss=0.5916, val_auc=0.8420

═══ Test Results ═══
           auc: 0.7585
         auprc: 0.6967
            f1: 0.6700
     precision: 0.6694
        recall: 0.6706
          loss: 0.7021
