Uninstalled 1 package in 7ms
Installed 1 package in 22ms
/net/storage/pr3/plgrid/plggmlcil/plgkstankie/vvv/Multimodal-models-for-predicting-drug-target-interactions/.venv/lib/python3.11/site-packages/outdated/__init__.py:36: UserWarning: pkg_resources is deprecated as an API. See https://setuptools.pypa.io/en/latest/pkg_resources.html. The pkg_resources package is slated for removal as early as 2025-11-30. Refrain from using this package or pin to Setuptools<81.
  from pkg_resources import parse_version
Setting global random seed to 123
Using device: cuda
Loading clean data from: /net/storage/pr3/plgrid/plggmlcil/plgkstankie/vvv/Multimodal-models-for-predicting-drug-target-interactions/src/datasets/lincs_balanced.parquet
Dataset size: 27498
Train: 19558  Val: 2885  Test: 5055
SMILES encoders:  ['GCNEncoder']
Protein encoders: ['ProteinCNNEncoder']
Building graph cache for 1264 SMILES...
  0%|          | 0/1264 [00:00<?, ?it/s] 18%|█▊        | 228/1264 [00:00<00:00, 2275.26it/s] 36%|███▌      | 456/1264 [00:00<00:00, 2238.18it/s] 54%|█████▍    | 680/1264 [00:00<00:00, 2227.71it/s] 72%|███████▏  | 906/1264 [00:00<00:00, 2237.10it/s] 91%|█████████ | 1146/1264 [00:00<00:00, 2294.75it/s]100%|██████████| 1264/1264 [00:00<00:00, 2288.86it/s]
Valid SMILES graphs: 1264
MultimodalDTI(
  (smiles_encoders): ModuleList(
    (0): GCNEncoder(
      (atom_encoder): AtomEncoder(
        (atom_embedding_list): ModuleList(
          (0): Embedding(119, 128)
          (1): Embedding(5, 128)
          (2-3): 2 x Embedding(12, 128)
          (4): Embedding(10, 128)
          (5-6): 2 x Embedding(6, 128)
          (7-8): 2 x Embedding(2, 128)
        )
      )
      (convs): ModuleList(
        (0-2): 3 x GCNConv(128, 128)
      )
      (bns): ModuleList(
        (0-2): 3 x BatchNorm1d(128, eps=1e-05, momentum=0.1, affine=True, track_running_stats=True)
      )
    )
  )
  (protein_encoders): ModuleList(
    (0): ProteinCNNEncoder(
      (embedding): Embedding(21, 128, padding_idx=0)
      (conv_blocks): ModuleList(
        (0): Sequential(
          (0): Conv1d(128, 64, kernel_size=(3,), stride=(1,), padding=(1,))
          (1): BatchNorm1d(64, eps=1e-05, momentum=0.1, affine=True, track_running_stats=True)
          (2): ReLU()
          (3): Conv1d(64, 64, kernel_size=(3,), stride=(1,), padding=(1,))
          (4): BatchNorm1d(64, eps=1e-05, momentum=0.1, affine=True, track_running_stats=True)
          (5): ReLU()
        )
        (1): Sequential(
          (0): Conv1d(128, 64, kernel_size=(7,), stride=(1,), padding=(3,))
          (1): BatchNorm1d(64, eps=1e-05, momentum=0.1, affine=True, track_running_stats=True)
          (2): ReLU()
          (3): Conv1d(64, 64, kernel_size=(7,), stride=(1,), padding=(3,))
          (4): BatchNorm1d(64, eps=1e-05, momentum=0.1, affine=True, track_running_stats=True)
          (5): ReLU()
        )
        (2): Sequential(
          (0): Conv1d(128, 64, kernel_size=(15,), stride=(1,), padding=(7,))
          (1): BatchNorm1d(64, eps=1e-05, momentum=0.1, affine=True, track_running_stats=True)
          (2): ReLU()
          (3): Conv1d(64, 64, kernel_size=(15,), stride=(1,), padding=(7,))
          (4): BatchNorm1d(64, eps=1e-05, momentum=0.1, affine=True, track_running_stats=True)
          (5): ReLU()
        )
      )
    )
  )
  (fusion): MLPFusion(
    (classifier): Sequential(
      (0): Linear(in_features=320, out_features=128, bias=True)
      (1): BatchNorm1d(128, eps=1e-05, momentum=0.1, affine=True, track_running_stats=True)
      (2): ReLU()
      (3): Dropout(p=0.5, inplace=False)
      (4): Linear(in_features=128, out_features=32, bias=True)
      (5): BatchNorm1d(32, eps=1e-05, momentum=0.1, affine=True, track_running_stats=True)
      (6): ReLU()
      (7): Dropout(p=0.5, inplace=False)
      (8): Linear(in_features=32, out_features=1, bias=True)
    )
  )
)
Epoch 001 | time=3.6s | train_loss=0.6798 | val_loss=0.6659 | val_auc=0.6814
  ✓ New best model (epoch 1, val_loss=0.6659, val_auc=0.6814) saved to checkpoints/gcn_vs_cnn_seed123.pt
Epoch 002 | time=2.3s | train_loss=0.5897 | val_loss=0.6156 | val_auc=0.7335
  ✓ New best model (epoch 2, val_loss=0.6156, val_auc=0.7335) saved to checkpoints/gcn_vs_cnn_seed123.pt
Epoch 003 | time=2.3s | train_loss=0.5200 | val_loss=0.5792 | val_auc=0.7635
  ✓ New best model (epoch 3, val_loss=0.5792, val_auc=0.7635) saved to checkpoints/gcn_vs_cnn_seed123.pt
Epoch 004 | time=2.3s | train_loss=0.4741 | val_loss=0.5517 | val_auc=0.7874
  ✓ New best model (epoch 4, val_loss=0.5517, val_auc=0.7874) saved to checkpoints/gcn_vs_cnn_seed123.pt
Epoch 005 | time=2.3s | train_loss=0.4394 | val_loss=0.5505 | val_auc=0.7843
Epoch 006 | time=2.3s | train_loss=0.4161 | val_loss=0.5418 | val_auc=0.7913
  ✓ New best model (epoch 6, val_loss=0.5418, val_auc=0.7913) saved to checkpoints/gcn_vs_cnn_seed123.pt
Epoch 007 | time=2.3s | train_loss=0.3938 | val_loss=0.5384 | val_auc=0.7965
  ✓ New best model (epoch 7, val_loss=0.5384, val_auc=0.7965) saved to checkpoints/gcn_vs_cnn_seed123.pt
Epoch 008 | time=2.4s | train_loss=0.3781 | val_loss=0.5326 | val_auc=0.8001
  ✓ New best model (epoch 8, val_loss=0.5326, val_auc=0.8001) saved to checkpoints/gcn_vs_cnn_seed123.pt
Epoch 009 | time=2.3s | train_loss=0.3608 | val_loss=0.5136 | val_auc=0.8175
  ✓ New best model (epoch 9, val_loss=0.5136, val_auc=0.8175) saved to checkpoints/gcn_vs_cnn_seed123.pt
Epoch 010 | time=2.3s | train_loss=0.3470 | val_loss=0.5181 | val_auc=0.8148
Epoch 011 | time=2.3s | train_loss=0.3351 | val_loss=0.5206 | val_auc=0.8109
Epoch 012 | time=2.3s | train_loss=0.3190 | val_loss=0.5206 | val_auc=0.8140
Epoch 013 | time=2.3s | train_loss=0.3117 | val_loss=0.5238 | val_auc=0.8153
Epoch 014 | time=2.3s | train_loss=0.3001 | val_loss=0.5214 | val_auc=0.8173
Epoch 015 | time=2.3s | train_loss=0.2938 | val_loss=0.5189 | val_auc=0.8200
  ✓ New best model (epoch 15, val_loss=0.5189, val_auc=0.8200) saved to checkpoints/gcn_vs_cnn_seed123.pt
Epoch 016 | time=2.3s | train_loss=0.2802 | val_loss=0.5056 | val_auc=0.8278
  ✓ New best model (epoch 16, val_loss=0.5056, val_auc=0.8278) saved to checkpoints/gcn_vs_cnn_seed123.pt
Epoch 017 | time=2.3s | train_loss=0.2744 | val_loss=0.5177 | val_auc=0.8210
Epoch 018 | time=2.3s | train_loss=0.2698 | val_loss=0.5077 | val_auc=0.8281
  ✓ New best model (epoch 18, val_loss=0.5077, val_auc=0.8281) saved to checkpoints/gcn_vs_cnn_seed123.pt
Epoch 019 | time=2.4s | train_loss=0.2632 | val_loss=0.5069 | val_auc=0.8291
  ✓ New best model (epoch 19, val_loss=0.5069, val_auc=0.8291) saved to checkpoints/gcn_vs_cnn_seed123.pt
Epoch 020 | time=2.3s | train_loss=0.2587 | val_loss=0.5122 | val_auc=0.8280
Epoch 021 | time=2.4s | train_loss=0.2548 | val_loss=0.5150 | val_auc=0.8249
Epoch 022 | time=2.3s | train_loss=0.2513 | val_loss=0.5188 | val_auc=0.8237
Epoch 023 | time=2.3s | train_loss=0.2447 | val_loss=0.5008 | val_auc=0.8331
  ✓ New best model (epoch 23, val_loss=0.5008, val_auc=0.8331) saved to checkpoints/gcn_vs_cnn_seed123.pt
Epoch 024 | time=2.3s | train_loss=0.2397 | val_loss=0.5098 | val_auc=0.8275
Epoch 025 | time=2.3s | train_loss=0.2408 | val_loss=0.5046 | val_auc=0.8344
  ✓ New best model (epoch 25, val_loss=0.5046, val_auc=0.8344) saved to checkpoints/gcn_vs_cnn_seed123.pt
Epoch 026 | time=2.3s | train_loss=0.2369 | val_loss=0.5031 | val_auc=0.8349
  ✓ New best model (epoch 26, val_loss=0.5031, val_auc=0.8349) saved to checkpoints/gcn_vs_cnn_seed123.pt
Epoch 027 | time=2.3s | train_loss=0.2330 | val_loss=0.5088 | val_auc=0.8322
Epoch 028 | time=2.5s | train_loss=0.2326 | val_loss=0.5077 | val_auc=0.8327
Epoch 029 | time=2.4s | train_loss=0.2302 | val_loss=0.5071 | val_auc=0.8353
  ✓ New best model (epoch 29, val_loss=0.5071, val_auc=0.8353) saved to checkpoints/gcn_vs_cnn_seed123.pt
Epoch 030 | time=2.3s | train_loss=0.2275 | val_loss=0.5069 | val_auc=0.8330
Epoch 031 | time=2.3s | train_loss=0.2278 | val_loss=0.5141 | val_auc=0.8314
Epoch 032 | time=2.3s | train_loss=0.2237 | val_loss=0.5019 | val_auc=0.8369
  ✓ New best model (epoch 32, val_loss=0.5019, val_auc=0.8369) saved to checkpoints/gcn_vs_cnn_seed123.pt
Epoch 033 | time=2.3s | train_loss=0.2251 | val_loss=0.5093 | val_auc=0.8339
Epoch 034 | time=2.3s | train_loss=0.2222 | val_loss=0.5077 | val_auc=0.8354
Epoch 035 | time=2.4s | train_loss=0.2241 | val_loss=0.5088 | val_auc=0.8328
Epoch 036 | time=2.3s | train_loss=0.2205 | val_loss=0.5068 | val_auc=0.8333
Epoch 037 | time=2.4s | train_loss=0.2205 | val_loss=0.5167 | val_auc=0.8316
Epoch 038 | time=2.3s | train_loss=0.2196 | val_loss=0.5059 | val_auc=0.8348
Epoch 039 | time=2.3s | train_loss=0.2207 | val_loss=0.5047 | val_auc=0.8348
Epoch 040 | time=2.3s | train_loss=0.2199 | val_loss=0.5046 | val_auc=0.8349
Epoch 041 | time=2.3s | train_loss=0.2163 | val_loss=0.5057 | val_auc=0.8354
Epoch 042 | time=2.3s | train_loss=0.2187 | val_loss=0.5120 | val_auc=0.8346
Early stopping — no improvement for 10 epochs

Best model: epoch 32, val_loss=0.5120, val_auc=0.8369

═══ Test Results ═══
           auc: 0.6921
         auprc: 0.6291
            f1: 0.5881
     precision: 0.5917
        recall: 0.5845
          loss: 0.7584
