Uninstalled 1 package in 7ms
Installed 1 package in 11ms
/net/storage/pr3/plgrid/plggmlcil/plgkstankie/vvv/Multimodal-models-for-predicting-drug-target-interactions/.venv/lib/python3.11/site-packages/outdated/__init__.py:36: UserWarning: pkg_resources is deprecated as an API. See https://setuptools.pypa.io/en/latest/pkg_resources.html. The pkg_resources package is slated for removal as early as 2025-11-30. Refrain from using this package or pin to Setuptools<81.
  from pkg_resources import parse_version
Setting global random seed to 1024
Using device: cuda
Loading clean data from: /net/storage/pr3/plgrid/plggmlcil/plgkstankie/vvv/Multimodal-models-for-predicting-drug-target-interactions/src/datasets/lincs_balanced.parquet
Dataset size: 27498
Train: 19558  Val: 2885  Test: 5055
ChemBERTProcessor: loaded 236379 embeddings (dim=768) from /net/storage/pr3/plgrid/plggmlcil/plgkstankie/vvv/Multimodal-models-for-predicting-drug-target-interactions/src/datasets/ChemBERTa-zinc-base-v1.pt
SMILES encoders:  ['GCNEncoder', 'ChemBERTEncoder', 'LincsGraphEncoder']
Protein encoders: ['ProteinCNNEncoder']
Building graph cache for 1264 SMILES...
  0%|          | 0/1264 [00:00<?, ?it/s] 19%|█▉        | 242/1264 [00:00<00:00, 2410.02it/s] 38%|███▊      | 484/1264 [00:00<00:00, 2366.33it/s] 57%|█████▋    | 721/1264 [00:00<00:00, 2317.87it/s] 76%|███████▌  | 956/1264 [00:00<00:00, 2329.50it/s] 96%|█████████▌| 1211/1264 [00:00<00:00, 2405.83it/s]100%|██████████| 1264/1264 [00:00<00:00, 2389.11it/s]
Valid SMILES graphs: 1264
MultimodalDTI(
  (smiles_encoders): ModuleList(
    (0): GCNEncoder(
      (atom_encoder): AtomEncoder(
        (atom_embedding_list): ModuleList(
          (0): Embedding(119, 128)
          (1): Embedding(5, 128)
          (2-3): 2 x Embedding(12, 128)
          (4): Embedding(10, 128)
          (5-6): 2 x Embedding(6, 128)
          (7-8): 2 x Embedding(2, 128)
        )
      )
      (convs): ModuleList(
        (0-2): 3 x GCNConv(128, 128)
      )
      (bns): ModuleList(
        (0-2): 3 x BatchNorm1d(128, eps=1e-05, momentum=0.1, affine=True, track_running_stats=True)
      )
    )
    (1): ChemBERTEncoder(
      (projection): Sequential(
        (0): Linear(in_features=768, out_features=128, bias=True)
        (1): LayerNorm((128,), eps=1e-05, elementwise_affine=True)
        (2): ReLU()
      )
    )
    (2): LincsGraphEncoder(
      (proj): Linear(in_features=1, out_features=128, bias=True)
      (convs): ModuleList(
        (0-1): 2 x DenseGCNConv(
          (linear): Linear(in_features=128, out_features=128, bias=False)
        )
      )
      (bns): ModuleList(
        (0-1): 2 x BatchNorm1d(128, eps=1e-05, momentum=0.1, affine=True, track_running_stats=True)
      )
      (pool_proj): Linear(in_features=128, out_features=128, bias=True)
    )
  )
  (protein_encoders): ModuleList(
    (0): ProteinCNNEncoder(
      (embedding): Embedding(21, 128, padding_idx=0)
      (conv_blocks): ModuleList(
        (0): Sequential(
          (0): Conv1d(128, 64, kernel_size=(3,), stride=(1,), padding=(1,))
          (1): BatchNorm1d(64, eps=1e-05, momentum=0.1, affine=True, track_running_stats=True)
          (2): ReLU()
          (3): Conv1d(64, 64, kernel_size=(3,), stride=(1,), padding=(1,))
          (4): BatchNorm1d(64, eps=1e-05, momentum=0.1, affine=True, track_running_stats=True)
          (5): ReLU()
        )
        (1): Sequential(
          (0): Conv1d(128, 64, kernel_size=(7,), stride=(1,), padding=(3,))
          (1): BatchNorm1d(64, eps=1e-05, momentum=0.1, affine=True, track_running_stats=True)
          (2): ReLU()
          (3): Conv1d(64, 64, kernel_size=(7,), stride=(1,), padding=(3,))
          (4): BatchNorm1d(64, eps=1e-05, momentum=0.1, affine=True, track_running_stats=True)
          (5): ReLU()
        )
        (2): Sequential(
          (0): Conv1d(128, 64, kernel_size=(15,), stride=(1,), padding=(7,))
          (1): BatchNorm1d(64, eps=1e-05, momentum=0.1, affine=True, track_running_stats=True)
          (2): ReLU()
          (3): Conv1d(64, 64, kernel_size=(15,), stride=(1,), padding=(7,))
          (4): BatchNorm1d(64, eps=1e-05, momentum=0.1, affine=True, track_running_stats=True)
          (5): ReLU()
        )
      )
    )
  )
  (fusion): MLPFusion(
    (classifier): Sequential(
      (0): Linear(in_features=576, out_features=128, bias=True)
      (1): BatchNorm1d(128, eps=1e-05, momentum=0.1, affine=True, track_running_stats=True)
      (2): ReLU()
      (3): Dropout(p=0.5, inplace=False)
      (4): Linear(in_features=128, out_features=32, bias=True)
      (5): BatchNorm1d(32, eps=1e-05, momentum=0.1, affine=True, track_running_stats=True)
      (6): ReLU()
      (7): Dropout(p=0.5, inplace=False)
      (8): Linear(in_features=32, out_features=1, bias=True)
    )
  )
)
Epoch 001 | time=4.2s | train_loss=0.6636 | val_loss=0.6418 | val_auc=0.7206
  ✓ New best model (epoch 1, val_loss=0.6418, val_auc=0.7206) saved to checkpoints/gcn_chembert_lincs_graph_vs_cnn_seed1024.pt
Epoch 002 | time=3.4s | train_loss=0.5573 | val_loss=0.5944 | val_auc=0.7590
  ✓ New best model (epoch 2, val_loss=0.5944, val_auc=0.7590) saved to checkpoints/gcn_chembert_lincs_graph_vs_cnn_seed1024.pt
Epoch 003 | time=3.4s | train_loss=0.4837 | val_loss=0.5682 | val_auc=0.7791
  ✓ New best model (epoch 3, val_loss=0.5682, val_auc=0.7791) saved to checkpoints/gcn_chembert_lincs_graph_vs_cnn_seed1024.pt
Epoch 004 | time=3.4s | train_loss=0.4396 | val_loss=0.5502 | val_auc=0.7956
  ✓ New best model (epoch 4, val_loss=0.5502, val_auc=0.7956) saved to checkpoints/gcn_chembert_lincs_graph_vs_cnn_seed1024.pt
Epoch 005 | time=3.4s | train_loss=0.4078 | val_loss=0.5419 | val_auc=0.8006
  ✓ New best model (epoch 5, val_loss=0.5419, val_auc=0.8006) saved to checkpoints/gcn_chembert_lincs_graph_vs_cnn_seed1024.pt
Epoch 006 | time=3.4s | train_loss=0.3820 | val_loss=0.5462 | val_auc=0.7955
Epoch 007 | time=3.4s | train_loss=0.3607 | val_loss=0.5447 | val_auc=0.7962
Epoch 008 | time=3.4s | train_loss=0.3413 | val_loss=0.5317 | val_auc=0.8085
  ✓ New best model (epoch 8, val_loss=0.5317, val_auc=0.8085) saved to checkpoints/gcn_chembert_lincs_graph_vs_cnn_seed1024.pt
Epoch 009 | time=3.4s | train_loss=0.3256 | val_loss=0.5303 | val_auc=0.8105
  ✓ New best model (epoch 9, val_loss=0.5303, val_auc=0.8105) saved to checkpoints/gcn_chembert_lincs_graph_vs_cnn_seed1024.pt
Epoch 010 | time=3.4s | train_loss=0.3108 | val_loss=0.5533 | val_auc=0.7916
Epoch 011 | time=3.4s | train_loss=0.2963 | val_loss=0.5410 | val_auc=0.8027
Epoch 012 | time=3.4s | train_loss=0.2822 | val_loss=0.5290 | val_auc=0.8147
  ✓ New best model (epoch 12, val_loss=0.5290, val_auc=0.8147) saved to checkpoints/gcn_chembert_lincs_graph_vs_cnn_seed1024.pt
Epoch 013 | time=3.4s | train_loss=0.2737 | val_loss=0.5391 | val_auc=0.8071
Epoch 014 | time=3.4s | train_loss=0.2640 | val_loss=0.5391 | val_auc=0.8092
Epoch 015 | time=3.4s | train_loss=0.2539 | val_loss=0.5336 | val_auc=0.8154
  ✓ New best model (epoch 15, val_loss=0.5336, val_auc=0.8154) saved to checkpoints/gcn_chembert_lincs_graph_vs_cnn_seed1024.pt
Epoch 016 | time=3.4s | train_loss=0.2455 | val_loss=0.5356 | val_auc=0.8182
  ✓ New best model (epoch 16, val_loss=0.5356, val_auc=0.8182) saved to checkpoints/gcn_chembert_lincs_graph_vs_cnn_seed1024.pt
Epoch 017 | time=3.5s | train_loss=0.2359 | val_loss=0.5428 | val_auc=0.8107
Epoch 018 | time=3.4s | train_loss=0.2283 | val_loss=0.5505 | val_auc=0.8086
Epoch 019 | time=3.4s | train_loss=0.2153 | val_loss=0.5535 | val_auc=0.8090
Epoch 020 | time=3.4s | train_loss=0.2084 | val_loss=0.5502 | val_auc=0.8100
Epoch 021 | time=3.4s | train_loss=0.2040 | val_loss=0.5506 | val_auc=0.8133
Epoch 022 | time=3.4s | train_loss=0.2003 | val_loss=0.5506 | val_auc=0.8126
Epoch 023 | time=3.4s | train_loss=0.1977 | val_loss=0.5494 | val_auc=0.8161
Epoch 024 | time=3.4s | train_loss=0.1924 | val_loss=0.5514 | val_auc=0.8130
Epoch 025 | time=3.4s | train_loss=0.1856 | val_loss=0.5510 | val_auc=0.8147
Epoch 026 | time=3.4s | train_loss=0.1806 | val_loss=0.5540 | val_auc=0.8168
Early stopping — no improvement for 10 epochs

Best model: epoch 16, val_loss=0.5540, val_auc=0.8182

═══ Test Results ═══
           auc: 0.7258
         auprc: 0.6152
            f1: 0.6623
     precision: 0.6399
        recall: 0.6863
          loss: 0.6995
