Uninstalled 1 package in 7ms
Installed 1 package in 11ms
/net/storage/pr3/plgrid/plggmlcil/plgkstankie/vvv/Multimodal-models-for-predicting-drug-target-interactions/.venv/lib/python3.11/site-packages/outdated/__init__.py:36: UserWarning: pkg_resources is deprecated as an API. See https://setuptools.pypa.io/en/latest/pkg_resources.html. The pkg_resources package is slated for removal as early as 2025-11-30. Refrain from using this package or pin to Setuptools<81.
  from pkg_resources import parse_version
Setting global random seed to 123
Using device: cuda
Loading clean data from: /net/storage/pr3/plgrid/plggmlcil/plgkstankie/vvv/Multimodal-models-for-predicting-drug-target-interactions/src/datasets/lincs_balanced.parquet
Dataset size: 27498
Train: 19558  Val: 2885  Test: 5055
SMILES encoders:  ['GCNEncoder', 'LincsGraphEncoder']
Protein encoders: ['ProteinCNNEncoder']
Building graph cache for 1264 SMILES...
  0%|          | 0/1264 [00:00<?, ?it/s] 20%|█▉        | 250/1264 [00:00<00:00, 2495.72it/s] 40%|███▉      | 500/1264 [00:00<00:00, 2430.30it/s] 59%|█████▉    | 744/1264 [00:00<00:00, 2359.43it/s] 78%|███████▊  | 991/1264 [00:00<00:00, 2400.12it/s] 99%|█████████▊| 1247/1264 [00:00<00:00, 2455.47it/s]100%|██████████| 1264/1264 [00:00<00:00, 2437.50it/s]
Valid SMILES graphs: 1264
MultimodalDTI(
  (smiles_encoders): ModuleList(
    (0): GCNEncoder(
      (atom_encoder): AtomEncoder(
        (atom_embedding_list): ModuleList(
          (0): Embedding(119, 128)
          (1): Embedding(5, 128)
          (2-3): 2 x Embedding(12, 128)
          (4): Embedding(10, 128)
          (5-6): 2 x Embedding(6, 128)
          (7-8): 2 x Embedding(2, 128)
        )
      )
      (convs): ModuleList(
        (0-2): 3 x GCNConv(128, 128)
      )
      (bns): ModuleList(
        (0-2): 3 x BatchNorm1d(128, eps=1e-05, momentum=0.1, affine=True, track_running_stats=True)
      )
    )
    (1): LincsGraphEncoder(
      (proj): Linear(in_features=1, out_features=128, bias=True)
      (convs): ModuleList(
        (0-1): 2 x DenseGCNConv(
          (linear): Linear(in_features=128, out_features=128, bias=False)
        )
      )
      (bns): ModuleList(
        (0-1): 2 x BatchNorm1d(128, eps=1e-05, momentum=0.1, affine=True, track_running_stats=True)
      )
      (pool_proj): Linear(in_features=128, out_features=128, bias=True)
    )
  )
  (protein_encoders): ModuleList(
    (0): ProteinCNNEncoder(
      (embedding): Embedding(21, 128, padding_idx=0)
      (conv_blocks): ModuleList(
        (0): Sequential(
          (0): Conv1d(128, 64, kernel_size=(3,), stride=(1,), padding=(1,))
          (1): BatchNorm1d(64, eps=1e-05, momentum=0.1, affine=True, track_running_stats=True)
          (2): ReLU()
          (3): Conv1d(64, 64, kernel_size=(3,), stride=(1,), padding=(1,))
          (4): BatchNorm1d(64, eps=1e-05, momentum=0.1, affine=True, track_running_stats=True)
          (5): ReLU()
        )
        (1): Sequential(
          (0): Conv1d(128, 64, kernel_size=(7,), stride=(1,), padding=(3,))
          (1): BatchNorm1d(64, eps=1e-05, momentum=0.1, affine=True, track_running_stats=True)
          (2): ReLU()
          (3): Conv1d(64, 64, kernel_size=(7,), stride=(1,), padding=(3,))
          (4): BatchNorm1d(64, eps=1e-05, momentum=0.1, affine=True, track_running_stats=True)
          (5): ReLU()
        )
        (2): Sequential(
          (0): Conv1d(128, 64, kernel_size=(15,), stride=(1,), padding=(7,))
          (1): BatchNorm1d(64, eps=1e-05, momentum=0.1, affine=True, track_running_stats=True)
          (2): ReLU()
          (3): Conv1d(64, 64, kernel_size=(15,), stride=(1,), padding=(7,))
          (4): BatchNorm1d(64, eps=1e-05, momentum=0.1, affine=True, track_running_stats=True)
          (5): ReLU()
        )
      )
    )
  )
  (fusion): MLPFusion(
    (classifier): Sequential(
      (0): Linear(in_features=448, out_features=128, bias=True)
      (1): BatchNorm1d(128, eps=1e-05, momentum=0.1, affine=True, track_running_stats=True)
      (2): ReLU()
      (3): Dropout(p=0.5, inplace=False)
      (4): Linear(in_features=128, out_features=32, bias=True)
      (5): BatchNorm1d(32, eps=1e-05, momentum=0.1, affine=True, track_running_stats=True)
      (6): ReLU()
      (7): Dropout(p=0.5, inplace=False)
      (8): Linear(in_features=32, out_features=1, bias=True)
    )
  )
)
Epoch 001 | time=4.3s | train_loss=0.6764 | val_loss=0.6506 | val_auc=0.7080
  ✓ New best model (epoch 1, val_loss=0.6506, val_auc=0.7080) saved to checkpoints/gcn_lincs_graph_vs_cnn_seed123.pt
Epoch 002 | time=3.4s | train_loss=0.5771 | val_loss=0.6149 | val_auc=0.7413
  ✓ New best model (epoch 2, val_loss=0.6149, val_auc=0.7413) saved to checkpoints/gcn_lincs_graph_vs_cnn_seed123.pt
Epoch 003 | time=3.4s | train_loss=0.5059 | val_loss=0.5886 | val_auc=0.7595
  ✓ New best model (epoch 3, val_loss=0.5886, val_auc=0.7595) saved to checkpoints/gcn_lincs_graph_vs_cnn_seed123.pt
Epoch 004 | time=3.4s | train_loss=0.4601 | val_loss=0.5722 | val_auc=0.7753
  ✓ New best model (epoch 4, val_loss=0.5722, val_auc=0.7753) saved to checkpoints/gcn_lincs_graph_vs_cnn_seed123.pt
Epoch 005 | time=3.4s | train_loss=0.4271 | val_loss=0.5608 | val_auc=0.7833
  ✓ New best model (epoch 5, val_loss=0.5608, val_auc=0.7833) saved to checkpoints/gcn_lincs_graph_vs_cnn_seed123.pt
Epoch 006 | time=3.4s | train_loss=0.4017 | val_loss=0.5466 | val_auc=0.7964
  ✓ New best model (epoch 6, val_loss=0.5466, val_auc=0.7964) saved to checkpoints/gcn_lincs_graph_vs_cnn_seed123.pt
Epoch 007 | time=3.4s | train_loss=0.3810 | val_loss=0.5414 | val_auc=0.8012
  ✓ New best model (epoch 7, val_loss=0.5414, val_auc=0.8012) saved to checkpoints/gcn_lincs_graph_vs_cnn_seed123.pt
Epoch 008 | time=3.4s | train_loss=0.3635 | val_loss=0.5486 | val_auc=0.7953
Epoch 009 | time=3.4s | train_loss=0.3455 | val_loss=0.5327 | val_auc=0.8056
  ✓ New best model (epoch 9, val_loss=0.5327, val_auc=0.8056) saved to checkpoints/gcn_lincs_graph_vs_cnn_seed123.pt
Epoch 010 | time=3.4s | train_loss=0.3349 | val_loss=0.5402 | val_auc=0.8046
Epoch 011 | time=3.4s | train_loss=0.3197 | val_loss=0.5397 | val_auc=0.8029
Epoch 012 | time=3.4s | train_loss=0.3096 | val_loss=0.5318 | val_auc=0.8106
  ✓ New best model (epoch 12, val_loss=0.5318, val_auc=0.8106) saved to checkpoints/gcn_lincs_graph_vs_cnn_seed123.pt
Epoch 013 | time=3.4s | train_loss=0.2980 | val_loss=0.5192 | val_auc=0.8213
  ✓ New best model (epoch 13, val_loss=0.5192, val_auc=0.8213) saved to checkpoints/gcn_lincs_graph_vs_cnn_seed123.pt
Epoch 014 | time=3.4s | train_loss=0.2851 | val_loss=0.5066 | val_auc=0.8297
  ✓ New best model (epoch 14, val_loss=0.5066, val_auc=0.8297) saved to checkpoints/gcn_lincs_graph_vs_cnn_seed123.pt
Epoch 015 | time=3.4s | train_loss=0.2766 | val_loss=0.5201 | val_auc=0.8222
Epoch 016 | time=3.4s | train_loss=0.2713 | val_loss=0.5193 | val_auc=0.8268
Epoch 017 | time=3.4s | train_loss=0.2612 | val_loss=0.5066 | val_auc=0.8323
  ✓ New best model (epoch 17, val_loss=0.5066, val_auc=0.8323) saved to checkpoints/gcn_lincs_graph_vs_cnn_seed123.pt
Epoch 018 | time=3.4s | train_loss=0.2567 | val_loss=0.5158 | val_auc=0.8328
  ✓ New best model (epoch 18, val_loss=0.5158, val_auc=0.8328) saved to checkpoints/gcn_lincs_graph_vs_cnn_seed123.pt
Epoch 019 | time=3.4s | train_loss=0.2459 | val_loss=0.5168 | val_auc=0.8322
Epoch 020 | time=3.4s | train_loss=0.2405 | val_loss=0.5245 | val_auc=0.8349
  ✓ New best model (epoch 20, val_loss=0.5245, val_auc=0.8349) saved to checkpoints/gcn_lincs_graph_vs_cnn_seed123.pt
Epoch 021 | time=3.4s | train_loss=0.2282 | val_loss=0.5081 | val_auc=0.8383
  ✓ New best model (epoch 21, val_loss=0.5081, val_auc=0.8383) saved to checkpoints/gcn_lincs_graph_vs_cnn_seed123.pt
Epoch 022 | time=3.4s | train_loss=0.2250 | val_loss=0.5215 | val_auc=0.8324
Epoch 023 | time=3.4s | train_loss=0.2192 | val_loss=0.5196 | val_auc=0.8358
Epoch 024 | time=3.4s | train_loss=0.2152 | val_loss=0.5182 | val_auc=0.8352
Epoch 025 | time=3.4s | train_loss=0.2097 | val_loss=0.5191 | val_auc=0.8356
Epoch 026 | time=3.4s | train_loss=0.2101 | val_loss=0.5200 | val_auc=0.8356
Epoch 027 | time=3.4s | train_loss=0.2019 | val_loss=0.5184 | val_auc=0.8384
  ✓ New best model (epoch 27, val_loss=0.5184, val_auc=0.8384) saved to checkpoints/gcn_lincs_graph_vs_cnn_seed123.pt
Epoch 028 | time=3.4s | train_loss=0.2001 | val_loss=0.5202 | val_auc=0.8384
Epoch 029 | time=3.5s | train_loss=0.1981 | val_loss=0.5277 | val_auc=0.8348
Epoch 030 | time=3.4s | train_loss=0.1983 | val_loss=0.5185 | val_auc=0.8409
  ✓ New best model (epoch 30, val_loss=0.5185, val_auc=0.8409) saved to checkpoints/gcn_lincs_graph_vs_cnn_seed123.pt
Epoch 031 | time=3.4s | train_loss=0.1971 | val_loss=0.5206 | val_auc=0.8396
Epoch 032 | time=3.4s | train_loss=0.1951 | val_loss=0.5253 | val_auc=0.8375
Epoch 033 | time=3.4s | train_loss=0.1906 | val_loss=0.5236 | val_auc=0.8389
Epoch 034 | time=3.4s | train_loss=0.1885 | val_loss=0.5262 | val_auc=0.8387
Epoch 035 | time=3.4s | train_loss=0.1901 | val_loss=0.5232 | val_auc=0.8401
Epoch 036 | time=3.4s | train_loss=0.1877 | val_loss=0.5283 | val_auc=0.8384
Epoch 037 | time=3.4s | train_loss=0.1866 | val_loss=0.5226 | val_auc=0.8407
Epoch 038 | time=3.4s | train_loss=0.1830 | val_loss=0.5237 | val_auc=0.8407
Epoch 039 | time=3.4s | train_loss=0.1841 | val_loss=0.5256 | val_auc=0.8408
Epoch 040 | time=3.4s | train_loss=0.1830 | val_loss=0.5231 | val_auc=0.8417
  ✓ New best model (epoch 40, val_loss=0.5231, val_auc=0.8417) saved to checkpoints/gcn_lincs_graph_vs_cnn_seed123.pt
Epoch 041 | time=3.4s | train_loss=0.1835 | val_loss=0.5247 | val_auc=0.8413
Epoch 042 | time=3.4s | train_loss=0.1841 | val_loss=0.5243 | val_auc=0.8402
Epoch 043 | time=3.5s | train_loss=0.1800 | val_loss=0.5205 | val_auc=0.8421
  ✓ New best model (epoch 43, val_loss=0.5205, val_auc=0.8421) saved to checkpoints/gcn_lincs_graph_vs_cnn_seed123.pt
Epoch 044 | time=3.4s | train_loss=0.1808 | val_loss=0.5227 | val_auc=0.8418
Epoch 045 | time=3.4s | train_loss=0.1794 | val_loss=0.5239 | val_auc=0.8413
Epoch 046 | time=3.4s | train_loss=0.1785 | val_loss=0.5211 | val_auc=0.8424
  ✓ New best model (epoch 46, val_loss=0.5211, val_auc=0.8424) saved to checkpoints/gcn_lincs_graph_vs_cnn_seed123.pt
Epoch 047 | time=3.4s | train_loss=0.1803 | val_loss=0.5217 | val_auc=0.8411
Epoch 048 | time=3.4s | train_loss=0.1795 | val_loss=0.5270 | val_auc=0.8399
Epoch 049 | time=3.4s | train_loss=0.1800 | val_loss=0.5311 | val_auc=0.8400
Epoch 050 | time=3.4s | train_loss=0.1791 | val_loss=0.5280 | val_auc=0.8413
Epoch 051 | time=3.4s | train_loss=0.1807 | val_loss=0.5213 | val_auc=0.8419
Epoch 052 | time=3.7s | train_loss=0.1787 | val_loss=0.5257 | val_auc=0.8408
Epoch 053 | time=3.4s | train_loss=0.1796 | val_loss=0.5251 | val_auc=0.8415
Epoch 054 | time=3.4s | train_loss=0.1810 | val_loss=0.5255 | val_auc=0.8409
Epoch 055 | time=3.4s | train_loss=0.1772 | val_loss=0.5245 | val_auc=0.8422
Epoch 056 | time=3.4s | train_loss=0.1799 | val_loss=0.5263 | val_auc=0.8418
Early stopping — no improvement for 10 epochs

Best model: epoch 46, val_loss=0.5263, val_auc=0.8424

═══ Test Results ═══
           auc: 0.7209
         auprc: 0.6586
            f1: 0.6219
     precision: 0.6041
        recall: 0.6408
          loss: 0.7534
