/home/kappy/Repos/Multimodal-models-for-predicting-drug-target-interactions/.venv/lib/python3.11/site-packages/outdated/__init__.py:36: UserWarning: pkg_resources is deprecated as an API. See https://setuptools.pypa.io/en/latest/pkg_resources.html. The pkg_resources package is slated for removal as early as 2025-11-30. Refrain from using this package or pin to Setuptools<81.
  from pkg_resources import parse_version
Using device: cuda
Loading clean data from: /home/kappy/Repos/Multimodal-models-for-predicting-drug-target-interactions/src/datasets/lincs_balanced.parquet
Dataset size: 27498
Train: 19558  Val: 2885  Test: 5055
ChemBERTProcessor: loaded 236379 embeddings (dim=768) from /home/kappy/Repos/Multimodal-models-for-predicting-drug-target-interactions/src/datasets/ChemBERTa-zinc-base-v1.pt
SMILES encoders:  ['GCNEncoder', 'ChemBERTEncoder']
Protein encoders: ['ProteinCNNEncoder']
Building graph cache for 1264 SMILES...
  0%|          | 0/1264 [00:00<?, ?it/s] 40%|███▉      | 501/1264 [00:00<00:00, 5002.22it/s] 79%|███████▉  | 1002/1264 [00:00<00:00, 4946.63it/s]100%|██████████| 1264/1264 [00:00<00:00, 5031.77it/s]
Valid SMILES graphs: 1264
MultimodalDTI(
  (smiles_encoders): ModuleList(
    (0): GCNEncoder(
      (atom_encoder): AtomEncoder(
        (atom_embedding_list): ModuleList(
          (0): Embedding(119, 128)
          (1): Embedding(5, 128)
          (2-3): 2 x Embedding(12, 128)
          (4): Embedding(10, 128)
          (5-6): 2 x Embedding(6, 128)
          (7-8): 2 x Embedding(2, 128)
        )
      )
      (convs): ModuleList(
        (0-2): 3 x GCNConv(128, 128)
      )
      (bns): ModuleList(
        (0-2): 3 x BatchNorm1d(128, eps=1e-05, momentum=0.1, affine=True, track_running_stats=True)
      )
    )
    (1): ChemBERTEncoder(
      (projection): Sequential(
        (0): Linear(in_features=768, out_features=128, bias=True)
        (1): LayerNorm((128,), eps=1e-05, elementwise_affine=True)
        (2): ReLU()
      )
    )
  )
  (protein_encoders): ModuleList(
    (0): ProteinCNNEncoder(
      (embedding): Embedding(21, 128, padding_idx=0)
      (conv_blocks): ModuleList(
        (0): Sequential(
          (0): Conv1d(128, 64, kernel_size=(3,), stride=(1,), padding=(1,))
          (1): BatchNorm1d(64, eps=1e-05, momentum=0.1, affine=True, track_running_stats=True)
          (2): ReLU()
          (3): Conv1d(64, 64, kernel_size=(3,), stride=(1,), padding=(1,))
          (4): BatchNorm1d(64, eps=1e-05, momentum=0.1, affine=True, track_running_stats=True)
          (5): ReLU()
        )
        (1): Sequential(
          (0): Conv1d(128, 64, kernel_size=(7,), stride=(1,), padding=(3,))
          (1): BatchNorm1d(64, eps=1e-05, momentum=0.1, affine=True, track_running_stats=True)
          (2): ReLU()
          (3): Conv1d(64, 64, kernel_size=(7,), stride=(1,), padding=(3,))
          (4): BatchNorm1d(64, eps=1e-05, momentum=0.1, affine=True, track_running_stats=True)
          (5): ReLU()
        )
        (2): Sequential(
          (0): Conv1d(128, 64, kernel_size=(15,), stride=(1,), padding=(7,))
          (1): BatchNorm1d(64, eps=1e-05, momentum=0.1, affine=True, track_running_stats=True)
          (2): ReLU()
          (3): Conv1d(64, 64, kernel_size=(15,), stride=(1,), padding=(7,))
          (4): BatchNorm1d(64, eps=1e-05, momentum=0.1, affine=True, track_running_stats=True)
          (5): ReLU()
        )
      )
    )
  )
  (fusion): MLPFusion(
    (classifier): Sequential(
      (0): Linear(in_features=448, out_features=128, bias=True)
      (1): BatchNorm1d(128, eps=1e-05, momentum=0.1, affine=True, track_running_stats=True)
      (2): ReLU()
      (3): Dropout(p=0.5, inplace=False)
      (4): Linear(in_features=128, out_features=32, bias=True)
      (5): BatchNorm1d(32, eps=1e-05, momentum=0.1, affine=True, track_running_stats=True)
      (6): ReLU()
      (7): Dropout(p=0.5, inplace=False)
      (8): Linear(in_features=32, out_features=1, bias=True)
    )
  )
)
Epoch 001 | time=3.5s | train_loss=0.6566 | val_loss=0.6237 | val_auc=0.7507
  ✓ New best model (epoch 1, val_loss=0.6237, val_auc=0.7507) saved to checkpoints/gcn_chembert_vs_cnn.pt
Epoch 002 | time=3.1s | train_loss=0.5480 | val_loss=0.5826 | val_auc=0.7800
  ✓ New best model (epoch 2, val_loss=0.5826, val_auc=0.7800) saved to checkpoints/gcn_chembert_vs_cnn.pt
Epoch 003 | time=3.1s | train_loss=0.4823 | val_loss=0.5658 | val_auc=0.7889
  ✓ New best model (epoch 3, val_loss=0.5658, val_auc=0.7889) saved to checkpoints/gcn_chembert_vs_cnn.pt
Epoch 004 | time=3.1s | train_loss=0.4402 | val_loss=0.5520 | val_auc=0.7959
  ✓ New best model (epoch 4, val_loss=0.5520, val_auc=0.7959) saved to checkpoints/gcn_chembert_vs_cnn.pt
Epoch 005 | time=3.1s | train_loss=0.4075 | val_loss=0.5555 | val_auc=0.7907
Epoch 006 | time=3.1s | train_loss=0.3816 | val_loss=0.5371 | val_auc=0.8071
  ✓ New best model (epoch 6, val_loss=0.5371, val_auc=0.8071) saved to checkpoints/gcn_chembert_vs_cnn.pt
Epoch 007 | time=3.1s | train_loss=0.3611 | val_loss=0.5373 | val_auc=0.8060
Epoch 008 | time=3.1s | train_loss=0.3421 | val_loss=0.5375 | val_auc=0.8078
  ✓ New best model (epoch 8, val_loss=0.5375, val_auc=0.8078) saved to checkpoints/gcn_chembert_vs_cnn.pt
Epoch 009 | time=3.1s | train_loss=0.3233 | val_loss=0.5307 | val_auc=0.8159
  ✓ New best model (epoch 9, val_loss=0.5307, val_auc=0.8159) saved to checkpoints/gcn_chembert_vs_cnn.pt
Epoch 010 | time=3.1s | train_loss=0.3118 | val_loss=0.5205 | val_auc=0.8225
  ✓ New best model (epoch 10, val_loss=0.5205, val_auc=0.8225) saved to checkpoints/gcn_chembert_vs_cnn.pt
Epoch 011 | time=3.1s | train_loss=0.2977 | val_loss=0.5307 | val_auc=0.8169
Epoch 012 | time=3.1s | train_loss=0.2895 | val_loss=0.5334 | val_auc=0.8164
Epoch 013 | time=3.1s | train_loss=0.2764 | val_loss=0.5421 | val_auc=0.8172
Epoch 014 | time=3.1s | train_loss=0.2656 | val_loss=0.5246 | val_auc=0.8304
  ✓ New best model (epoch 14, val_loss=0.5246, val_auc=0.8304) saved to checkpoints/gcn_chembert_vs_cnn.pt
Epoch 015 | time=3.1s | train_loss=0.2584 | val_loss=0.5341 | val_auc=0.8259
Epoch 016 | time=3.1s | train_loss=0.2469 | val_loss=0.5281 | val_auc=0.8277
Epoch 017 | time=3.1s | train_loss=0.2352 | val_loss=0.5337 | val_auc=0.8265
Epoch 018 | time=3.1s | train_loss=0.2282 | val_loss=0.5363 | val_auc=0.8276
Epoch 019 | time=3.1s | train_loss=0.2231 | val_loss=0.5475 | val_auc=0.8204
Epoch 020 | time=3.1s | train_loss=0.2206 | val_loss=0.5460 | val_auc=0.8236
Epoch 021 | time=3.1s | train_loss=0.2113 | val_loss=0.5412 | val_auc=0.8275
Epoch 022 | time=3.1s | train_loss=0.2101 | val_loss=0.5458 | val_auc=0.8257
Epoch 023 | time=3.1s | train_loss=0.1995 | val_loss=0.5404 | val_auc=0.8300
Epoch 024 | time=3.1s | train_loss=0.2008 | val_loss=0.5519 | val_auc=0.8254
Early stopping — no improvement for 10 epochs

Best model: epoch 14, val_loss=0.5519, val_auc=0.8304

═══ Test Results ═══
           auc: 0.7156
         auprc: 0.6332
            f1: 0.6306
     precision: 0.6154
        recall: 0.6467
          loss: 0.6780
