Uninstalled 1 package in 7ms
Installed 1 package in 11ms
/net/storage/pr3/plgrid/plggmlcil/plgkstankie/vvv/Multimodal-models-for-predicting-drug-target-interactions/.venv/lib/python3.11/site-packages/outdated/__init__.py:36: UserWarning: pkg_resources is deprecated as an API. See https://setuptools.pypa.io/en/latest/pkg_resources.html. The pkg_resources package is slated for removal as early as 2025-11-30. Refrain from using this package or pin to Setuptools<81.
  from pkg_resources import parse_version
Setting global random seed to 1024
Using device: cuda
Loading clean data from: /net/storage/pr3/plgrid/plggmlcil/plgkstankie/vvv/Multimodal-models-for-predicting-drug-target-interactions/src/datasets/lincs_balanced.parquet
Dataset size: 27498
Train: 19558  Val: 2885  Test: 5055
SMILES encoders:  ['GCNEncoder', 'FingerprintMLPEncoder', 'LincsGraphEncoder']
Protein encoders: ['ProteinCNNEncoder']
Building graph cache for 1264 SMILES...
  0%|          | 0/1264 [00:00<?, ?it/s] 19%|█▉        | 244/1264 [00:00<00:00, 2439.65it/s] 39%|███▊      | 488/1264 [00:00<00:00, 2387.25it/s] 58%|█████▊    | 727/1264 [00:00<00:00, 2328.09it/s] 77%|███████▋  | 967/1264 [00:00<00:00, 2354.28it/s] 97%|█████████▋| 1225/1264 [00:00<00:00, 2429.52it/s]100%|██████████| 1264/1264 [00:00<00:00, 2406.31it/s]
Valid SMILES graphs: 1264
MultimodalDTI(
  (smiles_encoders): ModuleList(
    (0): GCNEncoder(
      (atom_encoder): AtomEncoder(
        (atom_embedding_list): ModuleList(
          (0): Embedding(119, 128)
          (1): Embedding(5, 128)
          (2-3): 2 x Embedding(12, 128)
          (4): Embedding(10, 128)
          (5-6): 2 x Embedding(6, 128)
          (7-8): 2 x Embedding(2, 128)
        )
      )
      (convs): ModuleList(
        (0-2): 3 x GCNConv(128, 128)
      )
      (bns): ModuleList(
        (0-2): 3 x BatchNorm1d(128, eps=1e-05, momentum=0.1, affine=True, track_running_stats=True)
      )
    )
    (1): FingerprintMLPEncoder(
      (mlp): Sequential(
        (0): Linear(in_features=1024, out_features=256, bias=True)
        (1): BatchNorm1d(256, eps=1e-05, momentum=0.1, affine=True, track_running_stats=True)
        (2): ReLU()
        (3): Dropout(p=0.5, inplace=False)
        (4): Linear(in_features=256, out_features=128, bias=True)
        (5): BatchNorm1d(128, eps=1e-05, momentum=0.1, affine=True, track_running_stats=True)
        (6): ReLU()
      )
    )
    (2): LincsGraphEncoder(
      (proj): Linear(in_features=1, out_features=128, bias=True)
      (convs): ModuleList(
        (0-1): 2 x DenseGCNConv(
          (linear): Linear(in_features=128, out_features=128, bias=False)
        )
      )
      (bns): ModuleList(
        (0-1): 2 x BatchNorm1d(128, eps=1e-05, momentum=0.1, affine=True, track_running_stats=True)
      )
      (pool_proj): Linear(in_features=128, out_features=128, bias=True)
    )
  )
  (protein_encoders): ModuleList(
    (0): ProteinCNNEncoder(
      (embedding): Embedding(21, 128, padding_idx=0)
      (conv_blocks): ModuleList(
        (0): Sequential(
          (0): Conv1d(128, 64, kernel_size=(3,), stride=(1,), padding=(1,))
          (1): BatchNorm1d(64, eps=1e-05, momentum=0.1, affine=True, track_running_stats=True)
          (2): ReLU()
          (3): Conv1d(64, 64, kernel_size=(3,), stride=(1,), padding=(1,))
          (4): BatchNorm1d(64, eps=1e-05, momentum=0.1, affine=True, track_running_stats=True)
          (5): ReLU()
        )
        (1): Sequential(
          (0): Conv1d(128, 64, kernel_size=(7,), stride=(1,), padding=(3,))
          (1): BatchNorm1d(64, eps=1e-05, momentum=0.1, affine=True, track_running_stats=True)
          (2): ReLU()
          (3): Conv1d(64, 64, kernel_size=(7,), stride=(1,), padding=(3,))
          (4): BatchNorm1d(64, eps=1e-05, momentum=0.1, affine=True, track_running_stats=True)
          (5): ReLU()
        )
        (2): Sequential(
          (0): Conv1d(128, 64, kernel_size=(15,), stride=(1,), padding=(7,))
          (1): BatchNorm1d(64, eps=1e-05, momentum=0.1, affine=True, track_running_stats=True)
          (2): ReLU()
          (3): Conv1d(64, 64, kernel_size=(15,), stride=(1,), padding=(7,))
          (4): BatchNorm1d(64, eps=1e-05, momentum=0.1, affine=True, track_running_stats=True)
          (5): ReLU()
        )
      )
    )
  )
  (fusion): MLPFusion(
    (classifier): Sequential(
      (0): Linear(in_features=576, out_features=128, bias=True)
      (1): BatchNorm1d(128, eps=1e-05, momentum=0.1, affine=True, track_running_stats=True)
      (2): ReLU()
      (3): Dropout(p=0.5, inplace=False)
      (4): Linear(in_features=128, out_features=32, bias=True)
      (5): BatchNorm1d(32, eps=1e-05, momentum=0.1, affine=True, track_running_stats=True)
      (6): ReLU()
      (7): Dropout(p=0.5, inplace=False)
      (8): Linear(in_features=32, out_features=1, bias=True)
    )
  )
)
Epoch 001 | time=4.4s | train_loss=0.6719 | val_loss=0.6549 | val_auc=0.7108
  ✓ New best model (epoch 1, val_loss=0.6549, val_auc=0.7108) saved to checkpoints/gcn_fp_lincs_graph_vs_cnn_seed1024.pt
Epoch 002 | time=3.6s | train_loss=0.5648 | val_loss=0.6060 | val_auc=0.7607
  ✓ New best model (epoch 2, val_loss=0.6060, val_auc=0.7607) saved to checkpoints/gcn_fp_lincs_graph_vs_cnn_seed1024.pt
Epoch 003 | time=3.6s | train_loss=0.4876 | val_loss=0.5752 | val_auc=0.7799
  ✓ New best model (epoch 3, val_loss=0.5752, val_auc=0.7799) saved to checkpoints/gcn_fp_lincs_graph_vs_cnn_seed1024.pt
Epoch 004 | time=3.6s | train_loss=0.4431 | val_loss=0.5597 | val_auc=0.7913
  ✓ New best model (epoch 4, val_loss=0.5597, val_auc=0.7913) saved to checkpoints/gcn_fp_lincs_graph_vs_cnn_seed1024.pt
Epoch 005 | time=3.6s | train_loss=0.4115 | val_loss=0.5430 | val_auc=0.8088
  ✓ New best model (epoch 5, val_loss=0.5430, val_auc=0.8088) saved to checkpoints/gcn_fp_lincs_graph_vs_cnn_seed1024.pt
Epoch 006 | time=3.6s | train_loss=0.3835 | val_loss=0.5300 | val_auc=0.8163
  ✓ New best model (epoch 6, val_loss=0.5300, val_auc=0.8163) saved to checkpoints/gcn_fp_lincs_graph_vs_cnn_seed1024.pt
Epoch 007 | time=3.7s | train_loss=0.3607 | val_loss=0.5231 | val_auc=0.8199
  ✓ New best model (epoch 7, val_loss=0.5231, val_auc=0.8199) saved to checkpoints/gcn_fp_lincs_graph_vs_cnn_seed1024.pt
Epoch 008 | time=3.6s | train_loss=0.3396 | val_loss=0.5220 | val_auc=0.8212
  ✓ New best model (epoch 8, val_loss=0.5220, val_auc=0.8212) saved to checkpoints/gcn_fp_lincs_graph_vs_cnn_seed1024.pt
Epoch 009 | time=3.6s | train_loss=0.3212 | val_loss=0.5125 | val_auc=0.8285
  ✓ New best model (epoch 9, val_loss=0.5125, val_auc=0.8285) saved to checkpoints/gcn_fp_lincs_graph_vs_cnn_seed1024.pt
Epoch 010 | time=3.6s | train_loss=0.3042 | val_loss=0.5064 | val_auc=0.8360
  ✓ New best model (epoch 10, val_loss=0.5064, val_auc=0.8360) saved to checkpoints/gcn_fp_lincs_graph_vs_cnn_seed1024.pt
Epoch 011 | time=3.6s | train_loss=0.2927 | val_loss=0.5034 | val_auc=0.8370
  ✓ New best model (epoch 11, val_loss=0.5034, val_auc=0.8370) saved to checkpoints/gcn_fp_lincs_graph_vs_cnn_seed1024.pt
Epoch 012 | time=3.6s | train_loss=0.2776 | val_loss=0.4991 | val_auc=0.8419
  ✓ New best model (epoch 12, val_loss=0.4991, val_auc=0.8419) saved to checkpoints/gcn_fp_lincs_graph_vs_cnn_seed1024.pt
Epoch 013 | time=3.6s | train_loss=0.2661 | val_loss=0.5050 | val_auc=0.8367
Epoch 014 | time=3.6s | train_loss=0.2580 | val_loss=0.5076 | val_auc=0.8371
Epoch 015 | time=3.6s | train_loss=0.2478 | val_loss=0.5158 | val_auc=0.8332
Epoch 016 | time=3.7s | train_loss=0.2383 | val_loss=0.4979 | val_auc=0.8437
  ✓ New best model (epoch 16, val_loss=0.4979, val_auc=0.8437) saved to checkpoints/gcn_fp_lincs_graph_vs_cnn_seed1024.pt
Epoch 017 | time=3.6s | train_loss=0.2272 | val_loss=0.5184 | val_auc=0.8379
Epoch 018 | time=3.7s | train_loss=0.2237 | val_loss=0.5197 | val_auc=0.8339
Epoch 019 | time=3.6s | train_loss=0.2118 | val_loss=0.5132 | val_auc=0.8405
Epoch 020 | time=3.6s | train_loss=0.2052 | val_loss=0.4956 | val_auc=0.8500
  ✓ New best model (epoch 20, val_loss=0.4956, val_auc=0.8500) saved to checkpoints/gcn_fp_lincs_graph_vs_cnn_seed1024.pt
Epoch 021 | time=3.6s | train_loss=0.2004 | val_loss=0.4946 | val_auc=0.8495
Epoch 022 | time=3.6s | train_loss=0.1899 | val_loss=0.4929 | val_auc=0.8547
  ✓ New best model (epoch 22, val_loss=0.4929, val_auc=0.8547) saved to checkpoints/gcn_fp_lincs_graph_vs_cnn_seed1024.pt
Epoch 023 | time=3.7s | train_loss=0.1878 | val_loss=0.5071 | val_auc=0.8504
Epoch 024 | time=3.6s | train_loss=0.1794 | val_loss=0.5140 | val_auc=0.8533
Epoch 025 | time=3.6s | train_loss=0.1769 | val_loss=0.5218 | val_auc=0.8467
Epoch 026 | time=3.6s | train_loss=0.1708 | val_loss=0.5214 | val_auc=0.8479
Epoch 027 | time=3.6s | train_loss=0.1649 | val_loss=0.5381 | val_auc=0.8483
Epoch 028 | time=3.6s | train_loss=0.1609 | val_loss=0.5343 | val_auc=0.8473
Epoch 029 | time=3.6s | train_loss=0.1510 | val_loss=0.5357 | val_auc=0.8469
Epoch 030 | time=3.6s | train_loss=0.1474 | val_loss=0.5510 | val_auc=0.8486
Epoch 031 | time=3.6s | train_loss=0.1462 | val_loss=0.5319 | val_auc=0.8518
Epoch 032 | time=3.6s | train_loss=0.1445 | val_loss=0.5431 | val_auc=0.8499
Early stopping — no improvement for 10 epochs

Best model: epoch 22, val_loss=0.5431, val_auc=0.8547

═══ Test Results ═══
           auc: 0.7237
         auprc: 0.6869
            f1: 0.6324
     precision: 0.6065
        recall: 0.6607
          loss: 0.7111
