Uninstalled 1 package in 7ms
Installed 1 package in 11ms
/net/storage/pr3/plgrid/plggmlcil/plgkstankie/vvv/Multimodal-models-for-predicting-drug-target-interactions/.venv/lib/python3.11/site-packages/outdated/__init__.py:36: UserWarning: pkg_resources is deprecated as an API. See https://setuptools.pypa.io/en/latest/pkg_resources.html. The pkg_resources package is slated for removal as early as 2025-11-30. Refrain from using this package or pin to Setuptools<81.
  from pkg_resources import parse_version
Setting global random seed to 2026
Using device: cuda
Loading clean data from: /net/storage/pr3/plgrid/plggmlcil/plgkstankie/vvv/Multimodal-models-for-predicting-drug-target-interactions/src/datasets/lincs_balanced.parquet
Dataset size: 27498
Train: 19558  Val: 2885  Test: 5055
ChemBERTProcessor: loaded 236379 embeddings (dim=768) from /net/storage/pr3/plgrid/plggmlcil/plgkstankie/vvv/Multimodal-models-for-predicting-drug-target-interactions/src/datasets/ChemBERTa-zinc-base-v1.pt
SMILES encoders:  ['GCNEncoder', 'ChemBERTEncoder', 'LincsGraphEncoder']
Protein encoders: ['ProteinCNNEncoder']
Building graph cache for 1264 SMILES...
  0%|          | 0/1264 [00:00<?, ?it/s] 20%|█▉        | 251/1264 [00:00<00:00, 2501.37it/s] 40%|███▉      | 502/1264 [00:00<00:00, 2413.11it/s] 59%|█████▉    | 744/1264 [00:00<00:00, 2340.30it/s] 78%|███████▊  | 991/1264 [00:00<00:00, 2387.36it/s] 98%|█████████▊| 1245/1264 [00:00<00:00, 2439.66it/s]100%|██████████| 1264/1264 [00:00<00:00, 2422.11it/s]
Valid SMILES graphs: 1264
MultimodalDTI(
  (smiles_encoders): ModuleList(
    (0): GCNEncoder(
      (atom_encoder): AtomEncoder(
        (atom_embedding_list): ModuleList(
          (0): Embedding(119, 128)
          (1): Embedding(5, 128)
          (2-3): 2 x Embedding(12, 128)
          (4): Embedding(10, 128)
          (5-6): 2 x Embedding(6, 128)
          (7-8): 2 x Embedding(2, 128)
        )
      )
      (convs): ModuleList(
        (0-2): 3 x GCNConv(128, 128)
      )
      (bns): ModuleList(
        (0-2): 3 x BatchNorm1d(128, eps=1e-05, momentum=0.1, affine=True, track_running_stats=True)
      )
    )
    (1): ChemBERTEncoder(
      (projection): Sequential(
        (0): Linear(in_features=768, out_features=128, bias=True)
        (1): LayerNorm((128,), eps=1e-05, elementwise_affine=True)
        (2): ReLU()
      )
    )
    (2): LincsGraphEncoder(
      (proj): Linear(in_features=1, out_features=128, bias=True)
      (convs): ModuleList(
        (0-1): 2 x DenseGCNConv(
          (linear): Linear(in_features=128, out_features=128, bias=False)
        )
      )
      (bns): ModuleList(
        (0-1): 2 x BatchNorm1d(128, eps=1e-05, momentum=0.1, affine=True, track_running_stats=True)
      )
      (pool_proj): Linear(in_features=128, out_features=128, bias=True)
    )
  )
  (protein_encoders): ModuleList(
    (0): ProteinCNNEncoder(
      (embedding): Embedding(21, 128, padding_idx=0)
      (conv_blocks): ModuleList(
        (0): Sequential(
          (0): Conv1d(128, 64, kernel_size=(3,), stride=(1,), padding=(1,))
          (1): BatchNorm1d(64, eps=1e-05, momentum=0.1, affine=True, track_running_stats=True)
          (2): ReLU()
          (3): Conv1d(64, 64, kernel_size=(3,), stride=(1,), padding=(1,))
          (4): BatchNorm1d(64, eps=1e-05, momentum=0.1, affine=True, track_running_stats=True)
          (5): ReLU()
        )
        (1): Sequential(
          (0): Conv1d(128, 64, kernel_size=(7,), stride=(1,), padding=(3,))
          (1): BatchNorm1d(64, eps=1e-05, momentum=0.1, affine=True, track_running_stats=True)
          (2): ReLU()
          (3): Conv1d(64, 64, kernel_size=(7,), stride=(1,), padding=(3,))
          (4): BatchNorm1d(64, eps=1e-05, momentum=0.1, affine=True, track_running_stats=True)
          (5): ReLU()
        )
        (2): Sequential(
          (0): Conv1d(128, 64, kernel_size=(15,), stride=(1,), padding=(7,))
          (1): BatchNorm1d(64, eps=1e-05, momentum=0.1, affine=True, track_running_stats=True)
          (2): ReLU()
          (3): Conv1d(64, 64, kernel_size=(15,), stride=(1,), padding=(7,))
          (4): BatchNorm1d(64, eps=1e-05, momentum=0.1, affine=True, track_running_stats=True)
          (5): ReLU()
        )
      )
    )
  )
  (fusion): MLPFusion(
    (classifier): Sequential(
      (0): Linear(in_features=576, out_features=128, bias=True)
      (1): BatchNorm1d(128, eps=1e-05, momentum=0.1, affine=True, track_running_stats=True)
      (2): ReLU()
      (3): Dropout(p=0.5, inplace=False)
      (4): Linear(in_features=128, out_features=32, bias=True)
      (5): BatchNorm1d(32, eps=1e-05, momentum=0.1, affine=True, track_running_stats=True)
      (6): ReLU()
      (7): Dropout(p=0.5, inplace=False)
      (8): Linear(in_features=32, out_features=1, bias=True)
    )
  )
)
Epoch 001 | time=4.3s | train_loss=0.6678 | val_loss=0.6663 | val_auc=0.6661
  ✓ New best model (epoch 1, val_loss=0.6663, val_auc=0.6661) saved to checkpoints/gcn_chembert_lincs_graph_vs_cnn_seed2026.pt
Epoch 002 | time=3.4s | train_loss=0.5664 | val_loss=0.6115 | val_auc=0.7416
  ✓ New best model (epoch 2, val_loss=0.6115, val_auc=0.7416) saved to checkpoints/gcn_chembert_lincs_graph_vs_cnn_seed2026.pt
Epoch 003 | time=3.4s | train_loss=0.4876 | val_loss=0.5745 | val_auc=0.7797
  ✓ New best model (epoch 3, val_loss=0.5745, val_auc=0.7797) saved to checkpoints/gcn_chembert_lincs_graph_vs_cnn_seed2026.pt
Epoch 004 | time=3.4s | train_loss=0.4412 | val_loss=0.5723 | val_auc=0.7740
Epoch 005 | time=3.4s | train_loss=0.4080 | val_loss=0.5608 | val_auc=0.7882
  ✓ New best model (epoch 5, val_loss=0.5608, val_auc=0.7882) saved to checkpoints/gcn_chembert_lincs_graph_vs_cnn_seed2026.pt
Epoch 006 | time=3.4s | train_loss=0.3829 | val_loss=0.5525 | val_auc=0.7902
  ✓ New best model (epoch 6, val_loss=0.5525, val_auc=0.7902) saved to checkpoints/gcn_chembert_lincs_graph_vs_cnn_seed2026.pt
Epoch 007 | time=3.4s | train_loss=0.3600 | val_loss=0.5491 | val_auc=0.7957
  ✓ New best model (epoch 7, val_loss=0.5491, val_auc=0.7957) saved to checkpoints/gcn_chembert_lincs_graph_vs_cnn_seed2026.pt
Epoch 008 | time=3.4s | train_loss=0.3387 | val_loss=0.5374 | val_auc=0.8085
  ✓ New best model (epoch 8, val_loss=0.5374, val_auc=0.8085) saved to checkpoints/gcn_chembert_lincs_graph_vs_cnn_seed2026.pt
Epoch 009 | time=3.4s | train_loss=0.3241 | val_loss=0.5419 | val_auc=0.8024
Epoch 010 | time=3.4s | train_loss=0.3098 | val_loss=0.5412 | val_auc=0.8059
Epoch 011 | time=3.4s | train_loss=0.2946 | val_loss=0.5251 | val_auc=0.8170
  ✓ New best model (epoch 11, val_loss=0.5251, val_auc=0.8170) saved to checkpoints/gcn_chembert_lincs_graph_vs_cnn_seed2026.pt
Epoch 012 | time=3.4s | train_loss=0.2810 | val_loss=0.5609 | val_auc=0.7996
Epoch 013 | time=3.4s | train_loss=0.2697 | val_loss=0.5390 | val_auc=0.8114
Epoch 014 | time=3.4s | train_loss=0.2627 | val_loss=0.5470 | val_auc=0.8053
Epoch 015 | time=3.4s | train_loss=0.2488 | val_loss=0.5449 | val_auc=0.8147
Epoch 016 | time=3.4s | train_loss=0.2391 | val_loss=0.5423 | val_auc=0.8163
Epoch 017 | time=3.5s | train_loss=0.2316 | val_loss=0.5645 | val_auc=0.8059
Epoch 018 | time=3.4s | train_loss=0.2173 | val_loss=0.5401 | val_auc=0.8191
  ✓ New best model (epoch 18, val_loss=0.5401, val_auc=0.8191) saved to checkpoints/gcn_chembert_lincs_graph_vs_cnn_seed2026.pt
Epoch 019 | time=3.4s | train_loss=0.2111 | val_loss=0.5557 | val_auc=0.8101
Epoch 020 | time=3.4s | train_loss=0.2071 | val_loss=0.5496 | val_auc=0.8158
Epoch 021 | time=3.4s | train_loss=0.2019 | val_loss=0.5555 | val_auc=0.8159
Epoch 022 | time=3.4s | train_loss=0.1977 | val_loss=0.5543 | val_auc=0.8172
Epoch 023 | time=3.4s | train_loss=0.1947 | val_loss=0.5618 | val_auc=0.8147
Epoch 024 | time=3.4s | train_loss=0.1890 | val_loss=0.5666 | val_auc=0.8133
Epoch 025 | time=3.4s | train_loss=0.1854 | val_loss=0.5720 | val_auc=0.8108
Epoch 026 | time=3.4s | train_loss=0.1821 | val_loss=0.5689 | val_auc=0.8128
Epoch 027 | time=3.4s | train_loss=0.1815 | val_loss=0.5633 | val_auc=0.8150
Epoch 028 | time=3.4s | train_loss=0.1779 | val_loss=0.5709 | val_auc=0.8123
Early stopping — no improvement for 10 epochs

Best model: epoch 18, val_loss=0.5709, val_auc=0.8191

═══ Test Results ═══
           auc: 0.7256
         auprc: 0.6327
            f1: 0.6568
     precision: 0.6374
        recall: 0.6773
          loss: 0.6963
