Uninstalled 1 package in 7ms
Installed 1 package in 11ms
/net/storage/pr3/plgrid/plggmlcil/plgkstankie/vvv/Multimodal-models-for-predicting-drug-target-interactions/.venv/lib/python3.11/site-packages/outdated/__init__.py:36: UserWarning: pkg_resources is deprecated as an API. See https://setuptools.pypa.io/en/latest/pkg_resources.html. The pkg_resources package is slated for removal as early as 2025-11-30. Refrain from using this package or pin to Setuptools<81.
  from pkg_resources import parse_version
Setting global random seed to 123
Using device: cuda
Loading clean data from: /net/storage/pr3/plgrid/plggmlcil/plgkstankie/vvv/Multimodal-models-for-predicting-drug-target-interactions/src/datasets/lincs_balanced.parquet
Dataset size: 27498
Train: 19558  Val: 2885  Test: 5055
SMILES encoders:  ['GCNEncoder', 'FingerprintMLPEncoder', 'LincsEncoder']
Protein encoders: ['ProteinCNNEncoder']
Building graph cache for 1264 SMILES...
  0%|          | 0/1264 [00:00<?, ?it/s] 10%|▉         | 123/1264 [00:00<00:00, 1229.29it/s] 28%|██▊       | 354/1264 [00:00<00:00, 1860.75it/s] 47%|████▋     | 592/1264 [00:00<00:00, 2096.08it/s] 64%|██████▍   | 810/1264 [00:00<00:00, 2128.00it/s] 84%|████████▎ | 1057/1264 [00:00<00:00, 2249.75it/s]100%|██████████| 1264/1264 [00:00<00:00, 2163.28it/s]
Valid SMILES graphs: 1264
MultimodalDTI(
  (smiles_encoders): ModuleList(
    (0): GCNEncoder(
      (atom_encoder): AtomEncoder(
        (atom_embedding_list): ModuleList(
          (0): Embedding(119, 128)
          (1): Embedding(5, 128)
          (2-3): 2 x Embedding(12, 128)
          (4): Embedding(10, 128)
          (5-6): 2 x Embedding(6, 128)
          (7-8): 2 x Embedding(2, 128)
        )
      )
      (convs): ModuleList(
        (0-2): 3 x GCNConv(128, 128)
      )
      (bns): ModuleList(
        (0-2): 3 x BatchNorm1d(128, eps=1e-05, momentum=0.1, affine=True, track_running_stats=True)
      )
    )
    (1): FingerprintMLPEncoder(
      (mlp): Sequential(
        (0): Linear(in_features=1024, out_features=256, bias=True)
        (1): BatchNorm1d(256, eps=1e-05, momentum=0.1, affine=True, track_running_stats=True)
        (2): ReLU()
        (3): Dropout(p=0.5, inplace=False)
        (4): Linear(in_features=256, out_features=128, bias=True)
        (5): BatchNorm1d(128, eps=1e-05, momentum=0.1, affine=True, track_running_stats=True)
        (6): ReLU()
      )
    )
    (2): LincsEncoder(
      (mlp): Sequential(
        (0): Linear(in_features=978, out_features=128, bias=True)
        (1): BatchNorm1d(128, eps=1e-05, momentum=0.1, affine=True, track_running_stats=True)
        (2): ReLU()
        (3): Dropout(p=0.5, inplace=False)
        (4): Linear(in_features=128, out_features=128, bias=True)
        (5): BatchNorm1d(128, eps=1e-05, momentum=0.1, affine=True, track_running_stats=True)
        (6): ReLU()
      )
    )
  )
  (protein_encoders): ModuleList(
    (0): ProteinCNNEncoder(
      (embedding): Embedding(21, 128, padding_idx=0)
      (conv_blocks): ModuleList(
        (0): Sequential(
          (0): Conv1d(128, 64, kernel_size=(3,), stride=(1,), padding=(1,))
          (1): BatchNorm1d(64, eps=1e-05, momentum=0.1, affine=True, track_running_stats=True)
          (2): ReLU()
          (3): Conv1d(64, 64, kernel_size=(3,), stride=(1,), padding=(1,))
          (4): BatchNorm1d(64, eps=1e-05, momentum=0.1, affine=True, track_running_stats=True)
          (5): ReLU()
        )
        (1): Sequential(
          (0): Conv1d(128, 64, kernel_size=(7,), stride=(1,), padding=(3,))
          (1): BatchNorm1d(64, eps=1e-05, momentum=0.1, affine=True, track_running_stats=True)
          (2): ReLU()
          (3): Conv1d(64, 64, kernel_size=(7,), stride=(1,), padding=(3,))
          (4): BatchNorm1d(64, eps=1e-05, momentum=0.1, affine=True, track_running_stats=True)
          (5): ReLU()
        )
        (2): Sequential(
          (0): Conv1d(128, 64, kernel_size=(15,), stride=(1,), padding=(7,))
          (1): BatchNorm1d(64, eps=1e-05, momentum=0.1, affine=True, track_running_stats=True)
          (2): ReLU()
          (3): Conv1d(64, 64, kernel_size=(15,), stride=(1,), padding=(7,))
          (4): BatchNorm1d(64, eps=1e-05, momentum=0.1, affine=True, track_running_stats=True)
          (5): ReLU()
        )
      )
    )
  )
  (fusion): MLPFusion(
    (classifier): Sequential(
      (0): Linear(in_features=576, out_features=128, bias=True)
      (1): BatchNorm1d(128, eps=1e-05, momentum=0.1, affine=True, track_running_stats=True)
      (2): ReLU()
      (3): Dropout(p=0.5, inplace=False)
      (4): Linear(in_features=128, out_features=32, bias=True)
      (5): BatchNorm1d(32, eps=1e-05, momentum=0.1, affine=True, track_running_stats=True)
      (6): ReLU()
      (7): Dropout(p=0.5, inplace=False)
      (8): Linear(in_features=32, out_features=1, bias=True)
    )
  )
)
Epoch 001 | time=4.1s | train_loss=0.6688 | val_loss=0.6387 | val_auc=0.6961
  ✓ New best model (epoch 1, val_loss=0.6387, val_auc=0.6961) saved to checkpoints/gcn_fp_lincs_vs_cnn_seed123.pt
Epoch 002 | time=2.8s | train_loss=0.5635 | val_loss=0.5865 | val_auc=0.7491
  ✓ New best model (epoch 2, val_loss=0.5865, val_auc=0.7491) saved to checkpoints/gcn_fp_lincs_vs_cnn_seed123.pt
Epoch 003 | time=2.7s | train_loss=0.4882 | val_loss=0.5587 | val_auc=0.7794
  ✓ New best model (epoch 3, val_loss=0.5587, val_auc=0.7794) saved to checkpoints/gcn_fp_lincs_vs_cnn_seed123.pt
Epoch 004 | time=2.7s | train_loss=0.4447 | val_loss=0.5445 | val_auc=0.7899
  ✓ New best model (epoch 4, val_loss=0.5445, val_auc=0.7899) saved to checkpoints/gcn_fp_lincs_vs_cnn_seed123.pt
Epoch 005 | time=2.7s | train_loss=0.4124 | val_loss=0.5498 | val_auc=0.7907
  ✓ New best model (epoch 5, val_loss=0.5498, val_auc=0.7907) saved to checkpoints/gcn_fp_lincs_vs_cnn_seed123.pt
Epoch 006 | time=2.7s | train_loss=0.3859 | val_loss=0.5374 | val_auc=0.7999
  ✓ New best model (epoch 6, val_loss=0.5374, val_auc=0.7999) saved to checkpoints/gcn_fp_lincs_vs_cnn_seed123.pt
Epoch 007 | time=2.8s | train_loss=0.3631 | val_loss=0.5326 | val_auc=0.8075
  ✓ New best model (epoch 7, val_loss=0.5326, val_auc=0.8075) saved to checkpoints/gcn_fp_lincs_vs_cnn_seed123.pt
Epoch 008 | time=2.7s | train_loss=0.3437 | val_loss=0.5201 | val_auc=0.8138
  ✓ New best model (epoch 8, val_loss=0.5201, val_auc=0.8138) saved to checkpoints/gcn_fp_lincs_vs_cnn_seed123.pt
Epoch 009 | time=2.7s | train_loss=0.3236 | val_loss=0.5138 | val_auc=0.8205
  ✓ New best model (epoch 9, val_loss=0.5138, val_auc=0.8205) saved to checkpoints/gcn_fp_lincs_vs_cnn_seed123.pt
Epoch 010 | time=2.7s | train_loss=0.3099 | val_loss=0.5134 | val_auc=0.8219
  ✓ New best model (epoch 10, val_loss=0.5134, val_auc=0.8219) saved to checkpoints/gcn_fp_lincs_vs_cnn_seed123.pt
Epoch 011 | time=2.7s | train_loss=0.2979 | val_loss=0.5053 | val_auc=0.8286
  ✓ New best model (epoch 11, val_loss=0.5053, val_auc=0.8286) saved to checkpoints/gcn_fp_lincs_vs_cnn_seed123.pt
Epoch 012 | time=2.7s | train_loss=0.2847 | val_loss=0.5006 | val_auc=0.8319
  ✓ New best model (epoch 12, val_loss=0.5006, val_auc=0.8319) saved to checkpoints/gcn_fp_lincs_vs_cnn_seed123.pt
Epoch 013 | time=2.7s | train_loss=0.2728 | val_loss=0.5088 | val_auc=0.8301
Epoch 014 | time=2.7s | train_loss=0.2603 | val_loss=0.5051 | val_auc=0.8346
  ✓ New best model (epoch 14, val_loss=0.5051, val_auc=0.8346) saved to checkpoints/gcn_fp_lincs_vs_cnn_seed123.pt
Epoch 015 | time=2.8s | train_loss=0.2524 | val_loss=0.5128 | val_auc=0.8282
Epoch 016 | time=4.2s | train_loss=0.2422 | val_loss=0.4923 | val_auc=0.8412
  ✓ New best model (epoch 16, val_loss=0.4923, val_auc=0.8412) saved to checkpoints/gcn_fp_lincs_vs_cnn_seed123.pt
Epoch 017 | time=7.3s | train_loss=0.2310 | val_loss=0.5032 | val_auc=0.8361
Epoch 018 | time=3.3s | train_loss=0.2256 | val_loss=0.5174 | val_auc=0.8317
Epoch 019 | time=2.8s | train_loss=0.2175 | val_loss=0.5040 | val_auc=0.8411
Epoch 020 | time=2.7s | train_loss=0.2127 | val_loss=0.5094 | val_auc=0.8375
Epoch 021 | time=2.7s | train_loss=0.2037 | val_loss=0.5242 | val_auc=0.8318
Epoch 022 | time=2.7s | train_loss=0.1980 | val_loss=0.5296 | val_auc=0.8336
Epoch 023 | time=2.7s | train_loss=0.1858 | val_loss=0.5108 | val_auc=0.8435
  ✓ New best model (epoch 23, val_loss=0.5108, val_auc=0.8435) saved to checkpoints/gcn_fp_lincs_vs_cnn_seed123.pt
Epoch 024 | time=2.7s | train_loss=0.1837 | val_loss=0.5189 | val_auc=0.8419
Epoch 025 | time=2.7s | train_loss=0.1789 | val_loss=0.5214 | val_auc=0.8418
Epoch 026 | time=2.7s | train_loss=0.1742 | val_loss=0.5218 | val_auc=0.8427
Epoch 027 | time=2.7s | train_loss=0.1691 | val_loss=0.5209 | val_auc=0.8427
Epoch 028 | time=2.7s | train_loss=0.1688 | val_loss=0.5237 | val_auc=0.8437
  ✓ New best model (epoch 28, val_loss=0.5237, val_auc=0.8437) saved to checkpoints/gcn_fp_lincs_vs_cnn_seed123.pt
Epoch 029 | time=2.8s | train_loss=0.1609 | val_loss=0.5195 | val_auc=0.8457
  ✓ New best model (epoch 29, val_loss=0.5195, val_auc=0.8457) saved to checkpoints/gcn_fp_lincs_vs_cnn_seed123.pt
Epoch 030 | time=2.7s | train_loss=0.1617 | val_loss=0.5155 | val_auc=0.8485
  ✓ New best model (epoch 30, val_loss=0.5155, val_auc=0.8485) saved to checkpoints/gcn_fp_lincs_vs_cnn_seed123.pt
Epoch 031 | time=2.9s | train_loss=0.1597 | val_loss=0.5265 | val_auc=0.8449
Epoch 032 | time=2.7s | train_loss=0.1578 | val_loss=0.5261 | val_auc=0.8440
Epoch 033 | time=2.7s | train_loss=0.1580 | val_loss=0.5238 | val_auc=0.8463
Epoch 034 | time=2.7s | train_loss=0.1535 | val_loss=0.5359 | val_auc=0.8443
Epoch 035 | time=2.8s | train_loss=0.1510 | val_loss=0.5293 | val_auc=0.8446
Epoch 036 | time=2.9s | train_loss=0.1517 | val_loss=0.5252 | val_auc=0.8454
Epoch 037 | time=7.2s | train_loss=0.1485 | val_loss=0.5346 | val_auc=0.8434
Epoch 038 | time=4.0s | train_loss=0.1488 | val_loss=0.5326 | val_auc=0.8460
Epoch 039 | time=2.7s | train_loss=0.1464 | val_loss=0.5357 | val_auc=0.8448
Epoch 040 | time=2.7s | train_loss=0.1439 | val_loss=0.5345 | val_auc=0.8456
Early stopping — no improvement for 10 epochs

Best model: epoch 30, val_loss=0.5345, val_auc=0.8485

═══ Test Results ═══
           auc: 0.7323
         auprc: 0.6850
            f1: 0.6176
     precision: 0.6370
        recall: 0.5994
          loss: 0.7453
