Uninstalled 1 package in 8ms
Installed 1 package in 12ms
/net/storage/pr3/plgrid/plggmlcil/plgkstankie/vvv/Multimodal-models-for-predicting-drug-target-interactions/.venv/lib/python3.11/site-packages/outdated/__init__.py:36: UserWarning: pkg_resources is deprecated as an API. See https://setuptools.pypa.io/en/latest/pkg_resources.html. The pkg_resources package is slated for removal as early as 2025-11-30. Refrain from using this package or pin to Setuptools<81.
  from pkg_resources import parse_version
Setting global random seed to 42
Using device: cuda
Loading clean data from: /net/storage/pr3/plgrid/plggmlcil/plgkstankie/vvv/Multimodal-models-for-predicting-drug-target-interactions/src/datasets/lincs_balanced.parquet
Dataset size: 27498
Train: 19558  Val: 2885  Test: 5055
ChemBERTProcessor: loaded 236379 embeddings (dim=768) from /net/storage/pr3/plgrid/plggmlcil/plgkstankie/vvv/Multimodal-models-for-predicting-drug-target-interactions/src/datasets/ChemBERTa-zinc-base-v1.pt
SMILES encoders:  ['GCNEncoder', 'ChemBERTEncoder', 'LincsEncoder']
Protein encoders: ['ProteinCNNEncoder']
Building graph cache for 1264 SMILES...
  0%|          | 0/1264 [00:00<?, ?it/s] 20%|█▉        | 249/1264 [00:00<00:00, 2488.95it/s] 39%|███▉      | 498/1264 [00:00<00:00, 2413.60it/s] 59%|█████▊    | 740/1264 [00:00<00:00, 2345.61it/s] 78%|███████▊  | 988/1264 [00:00<00:00, 2394.62it/s] 98%|█████████▊| 1243/1264 [00:00<00:00, 2449.33it/s]100%|██████████| 1264/1264 [00:00<00:00, 2429.21it/s]
Valid SMILES graphs: 1264
MultimodalDTI(
  (smiles_encoders): ModuleList(
    (0): GCNEncoder(
      (atom_encoder): AtomEncoder(
        (atom_embedding_list): ModuleList(
          (0): Embedding(119, 128)
          (1): Embedding(5, 128)
          (2-3): 2 x Embedding(12, 128)
          (4): Embedding(10, 128)
          (5-6): 2 x Embedding(6, 128)
          (7-8): 2 x Embedding(2, 128)
        )
      )
      (convs): ModuleList(
        (0-2): 3 x GCNConv(128, 128)
      )
      (bns): ModuleList(
        (0-2): 3 x BatchNorm1d(128, eps=1e-05, momentum=0.1, affine=True, track_running_stats=True)
      )
    )
    (1): ChemBERTEncoder(
      (projection): Sequential(
        (0): Linear(in_features=768, out_features=128, bias=True)
        (1): LayerNorm((128,), eps=1e-05, elementwise_affine=True)
        (2): ReLU()
      )
    )
    (2): LincsEncoder(
      (mlp): Sequential(
        (0): Linear(in_features=978, out_features=128, bias=True)
        (1): BatchNorm1d(128, eps=1e-05, momentum=0.1, affine=True, track_running_stats=True)
        (2): ReLU()
        (3): Dropout(p=0.5, inplace=False)
        (4): Linear(in_features=128, out_features=128, bias=True)
        (5): BatchNorm1d(128, eps=1e-05, momentum=0.1, affine=True, track_running_stats=True)
        (6): ReLU()
      )
    )
  )
  (protein_encoders): ModuleList(
    (0): ProteinCNNEncoder(
      (embedding): Embedding(21, 128, padding_idx=0)
      (conv_blocks): ModuleList(
        (0): Sequential(
          (0): Conv1d(128, 64, kernel_size=(3,), stride=(1,), padding=(1,))
          (1): BatchNorm1d(64, eps=1e-05, momentum=0.1, affine=True, track_running_stats=True)
          (2): ReLU()
          (3): Conv1d(64, 64, kernel_size=(3,), stride=(1,), padding=(1,))
          (4): BatchNorm1d(64, eps=1e-05, momentum=0.1, affine=True, track_running_stats=True)
          (5): ReLU()
        )
        (1): Sequential(
          (0): Conv1d(128, 64, kernel_size=(7,), stride=(1,), padding=(3,))
          (1): BatchNorm1d(64, eps=1e-05, momentum=0.1, affine=True, track_running_stats=True)
          (2): ReLU()
          (3): Conv1d(64, 64, kernel_size=(7,), stride=(1,), padding=(3,))
          (4): BatchNorm1d(64, eps=1e-05, momentum=0.1, affine=True, track_running_stats=True)
          (5): ReLU()
        )
        (2): Sequential(
          (0): Conv1d(128, 64, kernel_size=(15,), stride=(1,), padding=(7,))
          (1): BatchNorm1d(64, eps=1e-05, momentum=0.1, affine=True, track_running_stats=True)
          (2): ReLU()
          (3): Conv1d(64, 64, kernel_size=(15,), stride=(1,), padding=(7,))
          (4): BatchNorm1d(64, eps=1e-05, momentum=0.1, affine=True, track_running_stats=True)
          (5): ReLU()
        )
      )
    )
  )
  (fusion): MLPFusion(
    (classifier): Sequential(
      (0): Linear(in_features=576, out_features=128, bias=True)
      (1): BatchNorm1d(128, eps=1e-05, momentum=0.1, affine=True, track_running_stats=True)
      (2): ReLU()
      (3): Dropout(p=0.5, inplace=False)
      (4): Linear(in_features=128, out_features=32, bias=True)
      (5): BatchNorm1d(32, eps=1e-05, momentum=0.1, affine=True, track_running_stats=True)
      (6): ReLU()
      (7): Dropout(p=0.5, inplace=False)
      (8): Linear(in_features=32, out_features=1, bias=True)
    )
  )
)
Epoch 001 | time=3.5s | train_loss=0.6594 | val_loss=0.6578 | val_auc=0.6946
  ✓ New best model (epoch 1, val_loss=0.6578, val_auc=0.6946) saved to checkpoints/gcn_chembert_lincs_vs_cnn_seed42.pt
Epoch 002 | time=2.5s | train_loss=0.5696 | val_loss=0.6169 | val_auc=0.7385
  ✓ New best model (epoch 2, val_loss=0.6169, val_auc=0.7385) saved to checkpoints/gcn_chembert_lincs_vs_cnn_seed42.pt
Epoch 003 | time=3.0s | train_loss=0.5000 | val_loss=0.5793 | val_auc=0.7719
  ✓ New best model (epoch 3, val_loss=0.5793, val_auc=0.7719) saved to checkpoints/gcn_chembert_lincs_vs_cnn_seed42.pt
Epoch 004 | time=2.5s | train_loss=0.4546 | val_loss=0.5590 | val_auc=0.7848
  ✓ New best model (epoch 4, val_loss=0.5590, val_auc=0.7848) saved to checkpoints/gcn_chembert_lincs_vs_cnn_seed42.pt
Epoch 005 | time=2.5s | train_loss=0.4167 | val_loss=0.5411 | val_auc=0.8042
  ✓ New best model (epoch 5, val_loss=0.5411, val_auc=0.8042) saved to checkpoints/gcn_chembert_lincs_vs_cnn_seed42.pt
Epoch 006 | time=2.6s | train_loss=0.3917 | val_loss=0.5400 | val_auc=0.8007
Epoch 007 | time=2.5s | train_loss=0.3681 | val_loss=0.5280 | val_auc=0.8092
  ✓ New best model (epoch 7, val_loss=0.5280, val_auc=0.8092) saved to checkpoints/gcn_chembert_lincs_vs_cnn_seed42.pt
Epoch 008 | time=2.5s | train_loss=0.3486 | val_loss=0.5285 | val_auc=0.8130
  ✓ New best model (epoch 8, val_loss=0.5285, val_auc=0.8130) saved to checkpoints/gcn_chembert_lincs_vs_cnn_seed42.pt
Epoch 009 | time=2.5s | train_loss=0.3290 | val_loss=0.5280 | val_auc=0.8116
Epoch 010 | time=2.5s | train_loss=0.3131 | val_loss=0.5166 | val_auc=0.8239
  ✓ New best model (epoch 10, val_loss=0.5166, val_auc=0.8239) saved to checkpoints/gcn_chembert_lincs_vs_cnn_seed42.pt
Epoch 011 | time=2.5s | train_loss=0.2985 | val_loss=0.5148 | val_auc=0.8255
  ✓ New best model (epoch 11, val_loss=0.5148, val_auc=0.8255) saved to checkpoints/gcn_chembert_lincs_vs_cnn_seed42.pt
Epoch 012 | time=2.5s | train_loss=0.2887 | val_loss=0.5095 | val_auc=0.8300
  ✓ New best model (epoch 12, val_loss=0.5095, val_auc=0.8300) saved to checkpoints/gcn_chembert_lincs_vs_cnn_seed42.pt
Epoch 013 | time=2.5s | train_loss=0.2719 | val_loss=0.5151 | val_auc=0.8276
Epoch 014 | time=2.5s | train_loss=0.2614 | val_loss=0.5070 | val_auc=0.8333
  ✓ New best model (epoch 14, val_loss=0.5070, val_auc=0.8333) saved to checkpoints/gcn_chembert_lincs_vs_cnn_seed42.pt
Epoch 015 | time=2.5s | train_loss=0.2505 | val_loss=0.5153 | val_auc=0.8310
Epoch 016 | time=2.5s | train_loss=0.2418 | val_loss=0.5104 | val_auc=0.8349
  ✓ New best model (epoch 16, val_loss=0.5104, val_auc=0.8349) saved to checkpoints/gcn_chembert_lincs_vs_cnn_seed42.pt
Epoch 017 | time=2.7s | train_loss=0.2324 | val_loss=0.5172 | val_auc=0.8323
Epoch 018 | time=2.5s | train_loss=0.2268 | val_loss=0.5206 | val_auc=0.8327
Epoch 019 | time=2.5s | train_loss=0.2158 | val_loss=0.5344 | val_auc=0.8274
Epoch 020 | time=2.5s | train_loss=0.2079 | val_loss=0.5184 | val_auc=0.8356
  ✓ New best model (epoch 20, val_loss=0.5184, val_auc=0.8356) saved to checkpoints/gcn_chembert_lincs_vs_cnn_seed42.pt
Epoch 021 | time=2.5s | train_loss=0.1962 | val_loss=0.5205 | val_auc=0.8377
  ✓ New best model (epoch 21, val_loss=0.5205, val_auc=0.8377) saved to checkpoints/gcn_chembert_lincs_vs_cnn_seed42.pt
Epoch 022 | time=2.5s | train_loss=0.1903 | val_loss=0.5223 | val_auc=0.8399
  ✓ New best model (epoch 22, val_loss=0.5223, val_auc=0.8399) saved to checkpoints/gcn_chembert_lincs_vs_cnn_seed42.pt
Epoch 023 | time=2.5s | train_loss=0.1868 | val_loss=0.5248 | val_auc=0.8363
Epoch 024 | time=2.5s | train_loss=0.1844 | val_loss=0.5194 | val_auc=0.8414
  ✓ New best model (epoch 24, val_loss=0.5194, val_auc=0.8414) saved to checkpoints/gcn_chembert_lincs_vs_cnn_seed42.pt
Epoch 025 | time=2.5s | train_loss=0.1801 | val_loss=0.5202 | val_auc=0.8432
  ✓ New best model (epoch 25, val_loss=0.5202, val_auc=0.8432) saved to checkpoints/gcn_chembert_lincs_vs_cnn_seed42.pt
Epoch 026 | time=2.5s | train_loss=0.1770 | val_loss=0.5164 | val_auc=0.8434
  ✓ New best model (epoch 26, val_loss=0.5164, val_auc=0.8434) saved to checkpoints/gcn_chembert_lincs_vs_cnn_seed42.pt
Epoch 027 | time=2.5s | train_loss=0.1688 | val_loss=0.5266 | val_auc=0.8412
Epoch 028 | time=2.5s | train_loss=0.1690 | val_loss=0.5217 | val_auc=0.8445
  ✓ New best model (epoch 28, val_loss=0.5217, val_auc=0.8445) saved to checkpoints/gcn_chembert_lincs_vs_cnn_seed42.pt
Epoch 029 | time=2.5s | train_loss=0.1659 | val_loss=0.5217 | val_auc=0.8436
Epoch 030 | time=3.0s | train_loss=0.1641 | val_loss=0.5242 | val_auc=0.8446
  ✓ New best model (epoch 30, val_loss=0.5242, val_auc=0.8446) saved to checkpoints/gcn_chembert_lincs_vs_cnn_seed42.pt
Epoch 031 | time=2.5s | train_loss=0.1618 | val_loss=0.5415 | val_auc=0.8377
Epoch 032 | time=2.5s | train_loss=0.1590 | val_loss=0.5338 | val_auc=0.8413
Epoch 033 | time=2.5s | train_loss=0.1562 | val_loss=0.5304 | val_auc=0.8434
Epoch 034 | time=2.5s | train_loss=0.1559 | val_loss=0.5336 | val_auc=0.8422
Epoch 035 | time=2.5s | train_loss=0.1546 | val_loss=0.5307 | val_auc=0.8442
Epoch 036 | time=2.5s | train_loss=0.1526 | val_loss=0.5349 | val_auc=0.8425
Epoch 037 | time=2.5s | train_loss=0.1535 | val_loss=0.5348 | val_auc=0.8429
Epoch 038 | time=2.5s | train_loss=0.1517 | val_loss=0.5353 | val_auc=0.8434
Epoch 039 | time=2.5s | train_loss=0.1528 | val_loss=0.5373 | val_auc=0.8430
Epoch 040 | time=2.5s | train_loss=0.1498 | val_loss=0.5375 | val_auc=0.8424
Early stopping — no improvement for 10 epochs

Best model: epoch 30, val_loss=0.5375, val_auc=0.8446

═══ Test Results ═══
           auc: 0.7426
         auprc: 0.6592
            f1: 0.6513
     precision: 0.6675
        recall: 0.6359
          loss: 0.7254
