Uninstalled 1 package in 7ms
Installed 1 package in 11ms
/net/storage/pr3/plgrid/plggmlcil/plgkstankie/vvv/Multimodal-models-for-predicting-drug-target-interactions/.venv/lib/python3.11/site-packages/outdated/__init__.py:36: UserWarning: pkg_resources is deprecated as an API. See https://setuptools.pypa.io/en/latest/pkg_resources.html. The pkg_resources package is slated for removal as early as 2025-11-30. Refrain from using this package or pin to Setuptools<81.
  from pkg_resources import parse_version
Setting global random seed to 1024
Using device: cuda
Loading clean data from: /net/storage/pr3/plgrid/plggmlcil/plgkstankie/vvv/Multimodal-models-for-predicting-drug-target-interactions/src/datasets/lincs_balanced.parquet
Dataset size: 27498
Train: 19558  Val: 2885  Test: 5055
SMILES encoders:  ['GCNEncoder']
Protein encoders: ['ProteinCNNEncoder']
Building graph cache for 1264 SMILES...
  0%|          | 0/1264 [00:00<?, ?it/s] 19%|█▉        | 242/1264 [00:00<00:00, 2407.75it/s] 38%|███▊      | 483/1264 [00:00<00:00, 2374.43it/s] 57%|█████▋    | 721/1264 [00:00<00:00, 2344.55it/s] 76%|███████▌  | 963/1264 [00:00<00:00, 2373.41it/s] 97%|█████████▋| 1223/1264 [00:00<00:00, 2453.91it/s]100%|██████████| 1264/1264 [00:00<00:00, 2422.23it/s]
Valid SMILES graphs: 1264
MultimodalDTI(
  (smiles_encoders): ModuleList(
    (0): GCNEncoder(
      (atom_encoder): AtomEncoder(
        (atom_embedding_list): ModuleList(
          (0): Embedding(119, 128)
          (1): Embedding(5, 128)
          (2-3): 2 x Embedding(12, 128)
          (4): Embedding(10, 128)
          (5-6): 2 x Embedding(6, 128)
          (7-8): 2 x Embedding(2, 128)
        )
      )
      (convs): ModuleList(
        (0-2): 3 x GCNConv(128, 128)
      )
      (bns): ModuleList(
        (0-2): 3 x BatchNorm1d(128, eps=1e-05, momentum=0.1, affine=True, track_running_stats=True)
      )
    )
  )
  (protein_encoders): ModuleList(
    (0): ProteinCNNEncoder(
      (embedding): Embedding(21, 128, padding_idx=0)
      (conv_blocks): ModuleList(
        (0): Sequential(
          (0): Conv1d(128, 64, kernel_size=(3,), stride=(1,), padding=(1,))
          (1): BatchNorm1d(64, eps=1e-05, momentum=0.1, affine=True, track_running_stats=True)
          (2): ReLU()
          (3): Conv1d(64, 64, kernel_size=(3,), stride=(1,), padding=(1,))
          (4): BatchNorm1d(64, eps=1e-05, momentum=0.1, affine=True, track_running_stats=True)
          (5): ReLU()
        )
        (1): Sequential(
          (0): Conv1d(128, 64, kernel_size=(7,), stride=(1,), padding=(3,))
          (1): BatchNorm1d(64, eps=1e-05, momentum=0.1, affine=True, track_running_stats=True)
          (2): ReLU()
          (3): Conv1d(64, 64, kernel_size=(7,), stride=(1,), padding=(3,))
          (4): BatchNorm1d(64, eps=1e-05, momentum=0.1, affine=True, track_running_stats=True)
          (5): ReLU()
        )
        (2): Sequential(
          (0): Conv1d(128, 64, kernel_size=(15,), stride=(1,), padding=(7,))
          (1): BatchNorm1d(64, eps=1e-05, momentum=0.1, affine=True, track_running_stats=True)
          (2): ReLU()
          (3): Conv1d(64, 64, kernel_size=(15,), stride=(1,), padding=(7,))
          (4): BatchNorm1d(64, eps=1e-05, momentum=0.1, affine=True, track_running_stats=True)
          (5): ReLU()
        )
      )
    )
  )
  (fusion): MLPFusion(
    (classifier): Sequential(
      (0): Linear(in_features=320, out_features=128, bias=True)
      (1): BatchNorm1d(128, eps=1e-05, momentum=0.1, affine=True, track_running_stats=True)
      (2): ReLU()
      (3): Dropout(p=0.5, inplace=False)
      (4): Linear(in_features=128, out_features=32, bias=True)
      (5): BatchNorm1d(32, eps=1e-05, momentum=0.1, affine=True, track_running_stats=True)
      (6): ReLU()
      (7): Dropout(p=0.5, inplace=False)
      (8): Linear(in_features=32, out_features=1, bias=True)
    )
  )
)
Epoch 001 | time=3.6s | train_loss=0.6854 | val_loss=0.6670 | val_auc=0.6905
  ✓ New best model (epoch 1, val_loss=0.6670, val_auc=0.6905) saved to checkpoints/gcn_vs_cnn_seed1024.pt
Epoch 002 | time=2.3s | train_loss=0.5946 | val_loss=0.6267 | val_auc=0.7270
  ✓ New best model (epoch 2, val_loss=0.6267, val_auc=0.7270) saved to checkpoints/gcn_vs_cnn_seed1024.pt
Epoch 003 | time=2.3s | train_loss=0.5226 | val_loss=0.5851 | val_auc=0.7690
  ✓ New best model (epoch 3, val_loss=0.5851, val_auc=0.7690) saved to checkpoints/gcn_vs_cnn_seed1024.pt
Epoch 004 | time=2.3s | train_loss=0.4759 | val_loss=0.5772 | val_auc=0.7754
  ✓ New best model (epoch 4, val_loss=0.5772, val_auc=0.7754) saved to checkpoints/gcn_vs_cnn_seed1024.pt
Epoch 005 | time=2.3s | train_loss=0.4411 | val_loss=0.5553 | val_auc=0.7956
  ✓ New best model (epoch 5, val_loss=0.5553, val_auc=0.7956) saved to checkpoints/gcn_vs_cnn_seed1024.pt
Epoch 006 | time=2.3s | train_loss=0.4139 | val_loss=0.5541 | val_auc=0.7910
Epoch 007 | time=2.3s | train_loss=0.3929 | val_loss=0.5349 | val_auc=0.8088
  ✓ New best model (epoch 7, val_loss=0.5349, val_auc=0.8088) saved to checkpoints/gcn_vs_cnn_seed1024.pt
Epoch 008 | time=2.4s | train_loss=0.3738 | val_loss=0.5363 | val_auc=0.8086
Epoch 009 | time=2.3s | train_loss=0.3582 | val_loss=0.5227 | val_auc=0.8174
  ✓ New best model (epoch 9, val_loss=0.5227, val_auc=0.8174) saved to checkpoints/gcn_vs_cnn_seed1024.pt
Epoch 010 | time=2.3s | train_loss=0.3405 | val_loss=0.5296 | val_auc=0.8129
Epoch 011 | time=2.3s | train_loss=0.3280 | val_loss=0.5194 | val_auc=0.8204
  ✓ New best model (epoch 11, val_loss=0.5194, val_auc=0.8204) saved to checkpoints/gcn_vs_cnn_seed1024.pt
Epoch 012 | time=2.6s | train_loss=0.3157 | val_loss=0.5186 | val_auc=0.8213
  ✓ New best model (epoch 12, val_loss=0.5186, val_auc=0.8213) saved to checkpoints/gcn_vs_cnn_seed1024.pt
Epoch 013 | time=2.3s | train_loss=0.3029 | val_loss=0.5210 | val_auc=0.8221
  ✓ New best model (epoch 13, val_loss=0.5210, val_auc=0.8221) saved to checkpoints/gcn_vs_cnn_seed1024.pt
Epoch 014 | time=2.3s | train_loss=0.2921 | val_loss=0.5184 | val_auc=0.8251
  ✓ New best model (epoch 14, val_loss=0.5184, val_auc=0.8251) saved to checkpoints/gcn_vs_cnn_seed1024.pt
Epoch 015 | time=2.3s | train_loss=0.2858 | val_loss=0.5153 | val_auc=0.8277
  ✓ New best model (epoch 15, val_loss=0.5153, val_auc=0.8277) saved to checkpoints/gcn_vs_cnn_seed1024.pt
Epoch 016 | time=2.3s | train_loss=0.2745 | val_loss=0.5136 | val_auc=0.8299
  ✓ New best model (epoch 16, val_loss=0.5136, val_auc=0.8299) saved to checkpoints/gcn_vs_cnn_seed1024.pt
Epoch 017 | time=2.3s | train_loss=0.2652 | val_loss=0.5108 | val_auc=0.8332
  ✓ New best model (epoch 17, val_loss=0.5108, val_auc=0.8332) saved to checkpoints/gcn_vs_cnn_seed1024.pt
Epoch 018 | time=2.3s | train_loss=0.2618 | val_loss=0.5050 | val_auc=0.8366
  ✓ New best model (epoch 18, val_loss=0.5050, val_auc=0.8366) saved to checkpoints/gcn_vs_cnn_seed1024.pt
Epoch 019 | time=2.4s | train_loss=0.2547 | val_loss=0.5116 | val_auc=0.8337
Epoch 020 | time=2.3s | train_loss=0.2479 | val_loss=0.5092 | val_auc=0.8383
  ✓ New best model (epoch 20, val_loss=0.5092, val_auc=0.8383) saved to checkpoints/gcn_vs_cnn_seed1024.pt
Epoch 021 | time=2.3s | train_loss=0.2420 | val_loss=0.5060 | val_auc=0.8395
  ✓ New best model (epoch 21, val_loss=0.5060, val_auc=0.8395) saved to checkpoints/gcn_vs_cnn_seed1024.pt
Epoch 022 | time=2.3s | train_loss=0.2317 | val_loss=0.5121 | val_auc=0.8380
Epoch 023 | time=2.3s | train_loss=0.2284 | val_loss=0.5240 | val_auc=0.8366
Epoch 024 | time=2.3s | train_loss=0.2231 | val_loss=0.5220 | val_auc=0.8370
Epoch 025 | time=2.3s | train_loss=0.2158 | val_loss=0.5101 | val_auc=0.8426
  ✓ New best model (epoch 25, val_loss=0.5101, val_auc=0.8426) saved to checkpoints/gcn_vs_cnn_seed1024.pt
Epoch 026 | time=2.3s | train_loss=0.2094 | val_loss=0.5048 | val_auc=0.8466
  ✓ New best model (epoch 26, val_loss=0.5048, val_auc=0.8466) saved to checkpoints/gcn_vs_cnn_seed1024.pt
Epoch 027 | time=2.3s | train_loss=0.2034 | val_loss=0.5020 | val_auc=0.8486
  ✓ New best model (epoch 27, val_loss=0.5020, val_auc=0.8486) saved to checkpoints/gcn_vs_cnn_seed1024.pt
Epoch 028 | time=2.4s | train_loss=0.2024 | val_loss=0.5077 | val_auc=0.8464
Epoch 029 | time=2.4s | train_loss=0.1949 | val_loss=0.5042 | val_auc=0.8487
  ✓ New best model (epoch 29, val_loss=0.5042, val_auc=0.8487) saved to checkpoints/gcn_vs_cnn_seed1024.pt
Epoch 030 | time=2.3s | train_loss=0.1976 | val_loss=0.5159 | val_auc=0.8427
Epoch 031 | time=2.3s | train_loss=0.1935 | val_loss=0.5144 | val_auc=0.8453
Epoch 032 | time=2.3s | train_loss=0.1901 | val_loss=0.5231 | val_auc=0.8420
Epoch 033 | time=2.3s | train_loss=0.1910 | val_loss=0.5225 | val_auc=0.8444
Epoch 034 | time=2.3s | train_loss=0.1818 | val_loss=0.5123 | val_auc=0.8493
  ✓ New best model (epoch 34, val_loss=0.5123, val_auc=0.8493) saved to checkpoints/gcn_vs_cnn_seed1024.pt
Epoch 035 | time=2.4s | train_loss=0.1775 | val_loss=0.5134 | val_auc=0.8498
  ✓ New best model (epoch 35, val_loss=0.5134, val_auc=0.8498) saved to checkpoints/gcn_vs_cnn_seed1024.pt
Epoch 036 | time=2.3s | train_loss=0.1761 | val_loss=0.5151 | val_auc=0.8492
Epoch 037 | time=2.4s | train_loss=0.1779 | val_loss=0.5172 | val_auc=0.8473
Epoch 038 | time=2.3s | train_loss=0.1771 | val_loss=0.5206 | val_auc=0.8466
Epoch 039 | time=2.3s | train_loss=0.1750 | val_loss=0.5148 | val_auc=0.8495
Epoch 040 | time=2.3s | train_loss=0.1697 | val_loss=0.5151 | val_auc=0.8502
  ✓ New best model (epoch 40, val_loss=0.5151, val_auc=0.8502) saved to checkpoints/gcn_vs_cnn_seed1024.pt
Epoch 041 | time=2.3s | train_loss=0.1675 | val_loss=0.5171 | val_auc=0.8495
Epoch 042 | time=2.3s | train_loss=0.1704 | val_loss=0.5161 | val_auc=0.8506
  ✓ New best model (epoch 42, val_loss=0.5161, val_auc=0.8506) saved to checkpoints/gcn_vs_cnn_seed1024.pt
Epoch 043 | time=2.3s | train_loss=0.1701 | val_loss=0.5164 | val_auc=0.8497
Epoch 044 | time=2.3s | train_loss=0.1687 | val_loss=0.5188 | val_auc=0.8499
Epoch 045 | time=2.3s | train_loss=0.1667 | val_loss=0.5193 | val_auc=0.8498
Epoch 046 | time=2.3s | train_loss=0.1666 | val_loss=0.5183 | val_auc=0.8501
Epoch 047 | time=2.4s | train_loss=0.1675 | val_loss=0.5158 | val_auc=0.8507
  ✓ New best model (epoch 47, val_loss=0.5158, val_auc=0.8507) saved to checkpoints/gcn_vs_cnn_seed1024.pt
Epoch 048 | time=2.3s | train_loss=0.1665 | val_loss=0.5217 | val_auc=0.8498
Epoch 049 | time=2.3s | train_loss=0.1639 | val_loss=0.5145 | val_auc=0.8519
  ✓ New best model (epoch 49, val_loss=0.5145, val_auc=0.8519) saved to checkpoints/gcn_vs_cnn_seed1024.pt
Epoch 050 | time=2.3s | train_loss=0.1640 | val_loss=0.5153 | val_auc=0.8517
Epoch 051 | time=2.3s | train_loss=0.1645 | val_loss=0.5164 | val_auc=0.8513
Epoch 052 | time=2.3s | train_loss=0.1635 | val_loss=0.5136 | val_auc=0.8518
Epoch 053 | time=2.3s | train_loss=0.1636 | val_loss=0.5204 | val_auc=0.8503
Epoch 054 | time=2.3s | train_loss=0.1613 | val_loss=0.5196 | val_auc=0.8508
Epoch 055 | time=2.3s | train_loss=0.1628 | val_loss=0.5185 | val_auc=0.8516
Epoch 056 | time=2.3s | train_loss=0.1612 | val_loss=0.5172 | val_auc=0.8522
  ✓ New best model (epoch 56, val_loss=0.5172, val_auc=0.8522) saved to checkpoints/gcn_vs_cnn_seed1024.pt
Epoch 057 | time=2.4s | train_loss=0.1605 | val_loss=0.5174 | val_auc=0.8514
Epoch 058 | time=2.3s | train_loss=0.1594 | val_loss=0.5152 | val_auc=0.8512
Epoch 059 | time=2.3s | train_loss=0.1629 | val_loss=0.5184 | val_auc=0.8505
Epoch 060 | time=2.3s | train_loss=0.1607 | val_loss=0.5187 | val_auc=0.8515
Epoch 061 | time=2.3s | train_loss=0.1609 | val_loss=0.5192 | val_auc=0.8510
Epoch 062 | time=2.3s | train_loss=0.1619 | val_loss=0.5213 | val_auc=0.8511
Epoch 063 | time=2.3s | train_loss=0.1611 | val_loss=0.5188 | val_auc=0.8513
Epoch 064 | time=2.3s | train_loss=0.1617 | val_loss=0.5199 | val_auc=0.8508
Epoch 065 | time=2.4s | train_loss=0.1577 | val_loss=0.5162 | val_auc=0.8512
Epoch 066 | time=2.3s | train_loss=0.1605 | val_loss=0.5171 | val_auc=0.8511
Early stopping — no improvement for 10 epochs

Best model: epoch 56, val_loss=0.5171, val_auc=0.8522

═══ Test Results ═══
           auc: 0.7082
         auprc: 0.6553
            f1: 0.5817
     precision: 0.6093
        recall: 0.5566
          loss: 0.8541
