/home/kappy/Repos/Multimodal-models-for-predicting-drug-target-interactions/.venv/lib/python3.11/site-packages/outdated/__init__.py:36: UserWarning: pkg_resources is deprecated as an API. See https://setuptools.pypa.io/en/latest/pkg_resources.html. The pkg_resources package is slated for removal as early as 2025-11-30. Refrain from using this package or pin to Setuptools<81.
  from pkg_resources import parse_version
Using device: cuda
Loading clean data from: /home/kappy/Repos/Multimodal-models-for-predicting-drug-target-interactions/src/datasets/lincs_balanced.parquet
Dataset size: 27498
Train: 19558  Val: 2885  Test: 5055
SMILES encoders:  ['GCNEncoder', 'FingerprintMLPEncoder', 'LincsGraphEncoder']
Protein encoders: ['ProteinCNNEncoder']
Building graph cache for 1264 SMILES...
  0%|          | 0/1264 [00:00<?, ?it/s] 40%|████      | 507/1264 [00:00<00:00, 5068.46it/s] 80%|████████  | 1014/1264 [00:00<00:00, 5061.48it/s]100%|██████████| 1264/1264 [00:00<00:00, 5143.18it/s]
Valid SMILES graphs: 1264
MultimodalDTI(
  (smiles_encoders): ModuleList(
    (0): GCNEncoder(
      (atom_encoder): AtomEncoder(
        (atom_embedding_list): ModuleList(
          (0): Embedding(119, 128)
          (1): Embedding(5, 128)
          (2-3): 2 x Embedding(12, 128)
          (4): Embedding(10, 128)
          (5-6): 2 x Embedding(6, 128)
          (7-8): 2 x Embedding(2, 128)
        )
      )
      (convs): ModuleList(
        (0-2): 3 x GCNConv(128, 128)
      )
      (bns): ModuleList(
        (0-2): 3 x BatchNorm1d(128, eps=1e-05, momentum=0.1, affine=True, track_running_stats=True)
      )
    )
    (1): FingerprintMLPEncoder(
      (mlp): Sequential(
        (0): Linear(in_features=1024, out_features=256, bias=True)
        (1): BatchNorm1d(256, eps=1e-05, momentum=0.1, affine=True, track_running_stats=True)
        (2): ReLU()
        (3): Dropout(p=0.5, inplace=False)
        (4): Linear(in_features=256, out_features=128, bias=True)
        (5): BatchNorm1d(128, eps=1e-05, momentum=0.1, affine=True, track_running_stats=True)
        (6): ReLU()
      )
    )
    (2): LincsGraphEncoder(
      (proj): Linear(in_features=1, out_features=128, bias=True)
      (convs): ModuleList(
        (0-1): 2 x DenseGCNConv(
          (linear): Linear(in_features=128, out_features=128, bias=False)
        )
      )
      (bns): ModuleList(
        (0-1): 2 x BatchNorm1d(128, eps=1e-05, momentum=0.1, affine=True, track_running_stats=True)
      )
      (pool_proj): Linear(in_features=128, out_features=128, bias=True)
    )
  )
  (protein_encoders): ModuleList(
    (0): ProteinCNNEncoder(
      (embedding): Embedding(21, 128, padding_idx=0)
      (conv_blocks): ModuleList(
        (0): Sequential(
          (0): Conv1d(128, 64, kernel_size=(3,), stride=(1,), padding=(1,))
          (1): BatchNorm1d(64, eps=1e-05, momentum=0.1, affine=True, track_running_stats=True)
          (2): ReLU()
          (3): Conv1d(64, 64, kernel_size=(3,), stride=(1,), padding=(1,))
          (4): BatchNorm1d(64, eps=1e-05, momentum=0.1, affine=True, track_running_stats=True)
          (5): ReLU()
        )
        (1): Sequential(
          (0): Conv1d(128, 64, kernel_size=(7,), stride=(1,), padding=(3,))
          (1): BatchNorm1d(64, eps=1e-05, momentum=0.1, affine=True, track_running_stats=True)
          (2): ReLU()
          (3): Conv1d(64, 64, kernel_size=(7,), stride=(1,), padding=(3,))
          (4): BatchNorm1d(64, eps=1e-05, momentum=0.1, affine=True, track_running_stats=True)
          (5): ReLU()
        )
        (2): Sequential(
          (0): Conv1d(128, 64, kernel_size=(15,), stride=(1,), padding=(7,))
          (1): BatchNorm1d(64, eps=1e-05, momentum=0.1, affine=True, track_running_stats=True)
          (2): ReLU()
          (3): Conv1d(64, 64, kernel_size=(15,), stride=(1,), padding=(7,))
          (4): BatchNorm1d(64, eps=1e-05, momentum=0.1, affine=True, track_running_stats=True)
          (5): ReLU()
        )
      )
    )
  )
  (fusion): MLPFusion(
    (classifier): Sequential(
      (0): Linear(in_features=576, out_features=128, bias=True)
      (1): BatchNorm1d(128, eps=1e-05, momentum=0.1, affine=True, track_running_stats=True)
      (2): ReLU()
      (3): Dropout(p=0.5, inplace=False)
      (4): Linear(in_features=128, out_features=32, bias=True)
      (5): BatchNorm1d(32, eps=1e-05, momentum=0.1, affine=True, track_running_stats=True)
      (6): ReLU()
      (7): Dropout(p=0.5, inplace=False)
      (8): Linear(in_features=32, out_features=1, bias=True)
    )
  )
)
Epoch 001 | time=7.7s | train_loss=0.6588 | val_loss=0.6387 | val_auc=0.7042
  ✓ New best model (epoch 1, val_loss=0.6387, val_auc=0.7042) saved to checkpoints/gcn_fp_lincs_graph_vs_cnn.pt
Epoch 002 | time=7.3s | train_loss=0.5545 | val_loss=0.6007 | val_auc=0.7449
  ✓ New best model (epoch 2, val_loss=0.6007, val_auc=0.7449) saved to checkpoints/gcn_fp_lincs_graph_vs_cnn.pt
Epoch 003 | time=7.3s | train_loss=0.4893 | val_loss=0.5865 | val_auc=0.7557
  ✓ New best model (epoch 3, val_loss=0.5865, val_auc=0.7557) saved to checkpoints/gcn_fp_lincs_graph_vs_cnn.pt
Epoch 004 | time=7.3s | train_loss=0.4431 | val_loss=0.5659 | val_auc=0.7772
  ✓ New best model (epoch 4, val_loss=0.5659, val_auc=0.7772) saved to checkpoints/gcn_fp_lincs_graph_vs_cnn.pt
Epoch 005 | time=7.3s | train_loss=0.4108 | val_loss=0.5628 | val_auc=0.7784
  ✓ New best model (epoch 5, val_loss=0.5628, val_auc=0.7784) saved to checkpoints/gcn_fp_lincs_graph_vs_cnn.pt
Epoch 006 | time=7.3s | train_loss=0.3848 | val_loss=0.5547 | val_auc=0.7847
  ✓ New best model (epoch 6, val_loss=0.5547, val_auc=0.7847) saved to checkpoints/gcn_fp_lincs_graph_vs_cnn.pt
Epoch 007 | time=7.3s | train_loss=0.3602 | val_loss=0.5517 | val_auc=0.7914
  ✓ New best model (epoch 7, val_loss=0.5517, val_auc=0.7914) saved to checkpoints/gcn_fp_lincs_graph_vs_cnn.pt
Epoch 008 | time=7.3s | train_loss=0.3380 | val_loss=0.5535 | val_auc=0.7934
  ✓ New best model (epoch 8, val_loss=0.5535, val_auc=0.7934) saved to checkpoints/gcn_fp_lincs_graph_vs_cnn.pt
Epoch 009 | time=7.3s | train_loss=0.3206 | val_loss=0.5417 | val_auc=0.8001
  ✓ New best model (epoch 9, val_loss=0.5417, val_auc=0.8001) saved to checkpoints/gcn_fp_lincs_graph_vs_cnn.pt
Epoch 010 | time=7.3s | train_loss=0.3051 | val_loss=0.5343 | val_auc=0.8088
  ✓ New best model (epoch 10, val_loss=0.5343, val_auc=0.8088) saved to checkpoints/gcn_fp_lincs_graph_vs_cnn.pt
Epoch 011 | time=7.3s | train_loss=0.2915 | val_loss=0.5268 | val_auc=0.8157
  ✓ New best model (epoch 11, val_loss=0.5268, val_auc=0.8157) saved to checkpoints/gcn_fp_lincs_graph_vs_cnn.pt
Epoch 012 | time=7.3s | train_loss=0.2788 | val_loss=0.5219 | val_auc=0.8197
  ✓ New best model (epoch 12, val_loss=0.5219, val_auc=0.8197) saved to checkpoints/gcn_fp_lincs_graph_vs_cnn.pt
Epoch 013 | time=7.3s | train_loss=0.2666 | val_loss=0.5138 | val_auc=0.8254
  ✓ New best model (epoch 13, val_loss=0.5138, val_auc=0.8254) saved to checkpoints/gcn_fp_lincs_graph_vs_cnn.pt
Epoch 014 | time=7.3s | train_loss=0.2539 | val_loss=0.5367 | val_auc=0.8130
Epoch 015 | time=7.3s | train_loss=0.2475 | val_loss=0.5272 | val_auc=0.8213
Epoch 016 | time=7.3s | train_loss=0.2380 | val_loss=0.5415 | val_auc=0.8170
Epoch 017 | time=7.3s | train_loss=0.2271 | val_loss=0.5507 | val_auc=0.8150
Epoch 018 | time=7.3s | train_loss=0.2211 | val_loss=0.5541 | val_auc=0.8157
Epoch 019 | time=7.3s | train_loss=0.2137 | val_loss=0.5638 | val_auc=0.8138
Epoch 020 | time=7.3s | train_loss=0.1998 | val_loss=0.5460 | val_auc=0.8205
Epoch 021 | time=7.3s | train_loss=0.1977 | val_loss=0.5468 | val_auc=0.8243
Epoch 022 | time=7.3s | train_loss=0.1916 | val_loss=0.5433 | val_auc=0.8266
  ✓ New best model (epoch 22, val_loss=0.5433, val_auc=0.8266) saved to checkpoints/gcn_fp_lincs_graph_vs_cnn.pt
Epoch 023 | time=7.3s | train_loss=0.1887 | val_loss=0.5567 | val_auc=0.8223
Epoch 024 | time=7.3s | train_loss=0.1855 | val_loss=0.5649 | val_auc=0.8214
Epoch 025 | time=7.3s | train_loss=0.1802 | val_loss=0.5457 | val_auc=0.8237
Epoch 026 | time=7.3s | train_loss=0.1762 | val_loss=0.5687 | val_auc=0.8245
Epoch 027 | time=7.3s | train_loss=0.1749 | val_loss=0.5624 | val_auc=0.8244
Epoch 028 | time=7.3s | train_loss=0.1722 | val_loss=0.5605 | val_auc=0.8258
Epoch 029 | time=7.4s | train_loss=0.1710 | val_loss=0.5561 | val_auc=0.8294
  ✓ New best model (epoch 29, val_loss=0.5561, val_auc=0.8294) saved to checkpoints/gcn_fp_lincs_graph_vs_cnn.pt
Epoch 030 | time=7.3s | train_loss=0.1679 | val_loss=0.5650 | val_auc=0.8262
Epoch 031 | time=7.4s | train_loss=0.1641 | val_loss=0.5712 | val_auc=0.8211
Epoch 032 | time=7.3s | train_loss=0.1637 | val_loss=0.5582 | val_auc=0.8282
Epoch 033 | time=7.3s | train_loss=0.1636 | val_loss=0.5460 | val_auc=0.8323
  ✓ New best model (epoch 33, val_loss=0.5460, val_auc=0.8323) saved to checkpoints/gcn_fp_lincs_graph_vs_cnn.pt
Epoch 034 | time=7.3s | train_loss=0.1571 | val_loss=0.5694 | val_auc=0.8251
Epoch 035 | time=7.3s | train_loss=0.1581 | val_loss=0.5654 | val_auc=0.8281
Epoch 036 | time=7.3s | train_loss=0.1579 | val_loss=0.5575 | val_auc=0.8293
Epoch 037 | time=7.3s | train_loss=0.1567 | val_loss=0.5821 | val_auc=0.8245
Epoch 038 | time=7.3s | train_loss=0.1571 | val_loss=0.5741 | val_auc=0.8268
Epoch 039 | time=7.3s | train_loss=0.1572 | val_loss=0.5601 | val_auc=0.8310
Epoch 040 | time=7.3s | train_loss=0.1542 | val_loss=0.5806 | val_auc=0.8261
Epoch 041 | time=7.3s | train_loss=0.1554 | val_loss=0.5809 | val_auc=0.8253
Epoch 042 | time=7.3s | train_loss=0.1542 | val_loss=0.5539 | val_auc=0.8316
Epoch 043 | time=7.3s | train_loss=0.1536 | val_loss=0.5586 | val_auc=0.8313
Early stopping — no improvement for 10 epochs

Best model: epoch 33, val_loss=0.5586, val_auc=0.8323

═══ Test Results ═══
           auc: 0.7453
         auprc: 0.7048
            f1: 0.6586
     precision: 0.6676
        recall: 0.6498
          loss: 0.7004
