Uninstalled 1 package in 10ms
Installed 1 package in 41ms
/net/storage/pr3/plgrid/plggmlcil/plgkstankie/vvv/Multimodal-models-for-predicting-drug-target-interactions/.venv/lib/python3.11/site-packages/outdated/__init__.py:36: UserWarning: pkg_resources is deprecated as an API. See https://setuptools.pypa.io/en/latest/pkg_resources.html. The pkg_resources package is slated for removal as early as 2025-11-30. Refrain from using this package or pin to Setuptools<81.
  from pkg_resources import parse_version
Setting global random seed to 42
Using device: cuda
Loading clean data from: /net/storage/pr3/plgrid/plggmlcil/plgkstankie/vvv/Multimodal-models-for-predicting-drug-target-interactions/src/datasets/lincs_balanced.parquet
Dataset size: 27498
Train: 19558  Val: 2885  Test: 5055
SMILES encoders:  ['GCNEncoder', 'FingerprintMLPEncoder', 'LincsGraphEncoder']
Protein encoders: ['ProteinCNNEncoder']
Building graph cache for 1264 SMILES...
  0%|          | 0/1264 [00:00<?, ?it/s] 19%|█▉        | 242/1264 [00:00<00:00, 2406.70it/s] 38%|███▊      | 483/1264 [00:00<00:00, 2350.50it/s] 57%|█████▋    | 719/1264 [00:00<00:00, 2301.15it/s] 75%|███████▌  | 950/1264 [00:00<00:00, 2294.53it/s] 95%|█████████▌| 1202/1264 [00:00<00:00, 2371.35it/s]100%|██████████| 1264/1264 [00:00<00:00, 2362.57it/s]
Valid SMILES graphs: 1264
MultimodalDTI(
  (smiles_encoders): ModuleList(
    (0): GCNEncoder(
      (atom_encoder): AtomEncoder(
        (atom_embedding_list): ModuleList(
          (0): Embedding(119, 128)
          (1): Embedding(5, 128)
          (2-3): 2 x Embedding(12, 128)
          (4): Embedding(10, 128)
          (5-6): 2 x Embedding(6, 128)
          (7-8): 2 x Embedding(2, 128)
        )
      )
      (convs): ModuleList(
        (0-2): 3 x GCNConv(128, 128)
      )
      (bns): ModuleList(
        (0-2): 3 x BatchNorm1d(128, eps=1e-05, momentum=0.1, affine=True, track_running_stats=True)
      )
    )
    (1): FingerprintMLPEncoder(
      (mlp): Sequential(
        (0): Linear(in_features=1024, out_features=256, bias=True)
        (1): BatchNorm1d(256, eps=1e-05, momentum=0.1, affine=True, track_running_stats=True)
        (2): ReLU()
        (3): Dropout(p=0.5, inplace=False)
        (4): Linear(in_features=256, out_features=128, bias=True)
        (5): BatchNorm1d(128, eps=1e-05, momentum=0.1, affine=True, track_running_stats=True)
        (6): ReLU()
      )
    )
    (2): LincsGraphEncoder(
      (proj): Linear(in_features=1, out_features=128, bias=True)
      (convs): ModuleList(
        (0-1): 2 x DenseGCNConv(
          (linear): Linear(in_features=128, out_features=128, bias=False)
        )
      )
      (bns): ModuleList(
        (0-1): 2 x BatchNorm1d(128, eps=1e-05, momentum=0.1, affine=True, track_running_stats=True)
      )
      (pool_proj): Linear(in_features=128, out_features=128, bias=True)
    )
  )
  (protein_encoders): ModuleList(
    (0): ProteinCNNEncoder(
      (embedding): Embedding(21, 128, padding_idx=0)
      (conv_blocks): ModuleList(
        (0): Sequential(
          (0): Conv1d(128, 64, kernel_size=(3,), stride=(1,), padding=(1,))
          (1): BatchNorm1d(64, eps=1e-05, momentum=0.1, affine=True, track_running_stats=True)
          (2): ReLU()
          (3): Conv1d(64, 64, kernel_size=(3,), stride=(1,), padding=(1,))
          (4): BatchNorm1d(64, eps=1e-05, momentum=0.1, affine=True, track_running_stats=True)
          (5): ReLU()
        )
        (1): Sequential(
          (0): Conv1d(128, 64, kernel_size=(7,), stride=(1,), padding=(3,))
          (1): BatchNorm1d(64, eps=1e-05, momentum=0.1, affine=True, track_running_stats=True)
          (2): ReLU()
          (3): Conv1d(64, 64, kernel_size=(7,), stride=(1,), padding=(3,))
          (4): BatchNorm1d(64, eps=1e-05, momentum=0.1, affine=True, track_running_stats=True)
          (5): ReLU()
        )
        (2): Sequential(
          (0): Conv1d(128, 64, kernel_size=(15,), stride=(1,), padding=(7,))
          (1): BatchNorm1d(64, eps=1e-05, momentum=0.1, affine=True, track_running_stats=True)
          (2): ReLU()
          (3): Conv1d(64, 64, kernel_size=(15,), stride=(1,), padding=(7,))
          (4): BatchNorm1d(64, eps=1e-05, momentum=0.1, affine=True, track_running_stats=True)
          (5): ReLU()
        )
      )
    )
  )
  (fusion): MLPFusion(
    (classifier): Sequential(
      (0): Linear(in_features=576, out_features=128, bias=True)
      (1): BatchNorm1d(128, eps=1e-05, momentum=0.1, affine=True, track_running_stats=True)
      (2): ReLU()
      (3): Dropout(p=0.5, inplace=False)
      (4): Linear(in_features=128, out_features=32, bias=True)
      (5): BatchNorm1d(32, eps=1e-05, momentum=0.1, affine=True, track_running_stats=True)
      (6): ReLU()
      (7): Dropout(p=0.5, inplace=False)
      (8): Linear(in_features=32, out_features=1, bias=True)
    )
  )
)
Epoch 001 | time=14.1s | train_loss=0.6626 | val_loss=0.6443 | val_auc=0.7009
  ✓ New best model (epoch 1, val_loss=0.6443, val_auc=0.7009) saved to checkpoints/gcn_fp_lincs_graph_vs_cnn_seed42.pt
Epoch 002 | time=4.1s | train_loss=0.5524 | val_loss=0.6094 | val_auc=0.7355
  ✓ New best model (epoch 2, val_loss=0.6094, val_auc=0.7355) saved to checkpoints/gcn_fp_lincs_graph_vs_cnn_seed42.pt
Epoch 003 | time=3.9s | train_loss=0.4828 | val_loss=0.5906 | val_auc=0.7544
  ✓ New best model (epoch 3, val_loss=0.5906, val_auc=0.7544) saved to checkpoints/gcn_fp_lincs_graph_vs_cnn_seed42.pt
Epoch 004 | time=3.7s | train_loss=0.4386 | val_loss=0.5778 | val_auc=0.7683
  ✓ New best model (epoch 4, val_loss=0.5778, val_auc=0.7683) saved to checkpoints/gcn_fp_lincs_graph_vs_cnn_seed42.pt
Epoch 005 | time=3.6s | train_loss=0.4067 | val_loss=0.5722 | val_auc=0.7714
  ✓ New best model (epoch 5, val_loss=0.5722, val_auc=0.7714) saved to checkpoints/gcn_fp_lincs_graph_vs_cnn_seed42.pt
Epoch 006 | time=3.6s | train_loss=0.3787 | val_loss=0.5674 | val_auc=0.7789
  ✓ New best model (epoch 6, val_loss=0.5674, val_auc=0.7789) saved to checkpoints/gcn_fp_lincs_graph_vs_cnn_seed42.pt
Epoch 007 | time=3.8s | train_loss=0.3567 | val_loss=0.5562 | val_auc=0.7940
  ✓ New best model (epoch 7, val_loss=0.5562, val_auc=0.7940) saved to checkpoints/gcn_fp_lincs_graph_vs_cnn_seed42.pt
Epoch 008 | time=3.6s | train_loss=0.3345 | val_loss=0.5462 | val_auc=0.7994
  ✓ New best model (epoch 8, val_loss=0.5462, val_auc=0.7994) saved to checkpoints/gcn_fp_lincs_graph_vs_cnn_seed42.pt
Epoch 009 | time=3.6s | train_loss=0.3181 | val_loss=0.5432 | val_auc=0.8069
  ✓ New best model (epoch 9, val_loss=0.5432, val_auc=0.8069) saved to checkpoints/gcn_fp_lincs_graph_vs_cnn_seed42.pt
Epoch 010 | time=3.6s | train_loss=0.3004 | val_loss=0.5365 | val_auc=0.8113
  ✓ New best model (epoch 10, val_loss=0.5365, val_auc=0.8113) saved to checkpoints/gcn_fp_lincs_graph_vs_cnn_seed42.pt
Epoch 011 | time=3.7s | train_loss=0.2871 | val_loss=0.5412 | val_auc=0.8135
  ✓ New best model (epoch 11, val_loss=0.5412, val_auc=0.8135) saved to checkpoints/gcn_fp_lincs_graph_vs_cnn_seed42.pt
Epoch 012 | time=3.6s | train_loss=0.2736 | val_loss=0.5375 | val_auc=0.8195
  ✓ New best model (epoch 12, val_loss=0.5375, val_auc=0.8195) saved to checkpoints/gcn_fp_lincs_graph_vs_cnn_seed42.pt
Epoch 013 | time=3.7s | train_loss=0.2637 | val_loss=0.5243 | val_auc=0.8229
  ✓ New best model (epoch 13, val_loss=0.5243, val_auc=0.8229) saved to checkpoints/gcn_fp_lincs_graph_vs_cnn_seed42.pt
Epoch 014 | time=3.7s | train_loss=0.2529 | val_loss=0.5415 | val_auc=0.8135
Epoch 015 | time=4.9s | train_loss=0.2409 | val_loss=0.5188 | val_auc=0.8287
  ✓ New best model (epoch 15, val_loss=0.5188, val_auc=0.8287) saved to checkpoints/gcn_fp_lincs_graph_vs_cnn_seed42.pt
Epoch 016 | time=3.7s | train_loss=0.2312 | val_loss=0.5222 | val_auc=0.8315
  ✓ New best model (epoch 16, val_loss=0.5222, val_auc=0.8315) saved to checkpoints/gcn_fp_lincs_graph_vs_cnn_seed42.pt
Epoch 017 | time=3.7s | train_loss=0.2227 | val_loss=0.5399 | val_auc=0.8238
Epoch 018 | time=3.8s | train_loss=0.2177 | val_loss=0.5230 | val_auc=0.8316
  ✓ New best model (epoch 18, val_loss=0.5230, val_auc=0.8316) saved to checkpoints/gcn_fp_lincs_graph_vs_cnn_seed42.pt
Epoch 019 | time=3.7s | train_loss=0.2098 | val_loss=0.5373 | val_auc=0.8316
  ✓ New best model (epoch 19, val_loss=0.5373, val_auc=0.8316) saved to checkpoints/gcn_fp_lincs_graph_vs_cnn_seed42.pt
Epoch 020 | time=3.6s | train_loss=0.2036 | val_loss=0.5352 | val_auc=0.8339
  ✓ New best model (epoch 20, val_loss=0.5352, val_auc=0.8339) saved to checkpoints/gcn_fp_lincs_graph_vs_cnn_seed42.pt
Epoch 021 | time=3.7s | train_loss=0.1931 | val_loss=0.5388 | val_auc=0.8351
  ✓ New best model (epoch 21, val_loss=0.5388, val_auc=0.8351) saved to checkpoints/gcn_fp_lincs_graph_vs_cnn_seed42.pt
Epoch 022 | time=3.7s | train_loss=0.1859 | val_loss=0.5139 | val_auc=0.8455
  ✓ New best model (epoch 22, val_loss=0.5139, val_auc=0.8455) saved to checkpoints/gcn_fp_lincs_graph_vs_cnn_seed42.pt
Epoch 023 | time=3.7s | train_loss=0.1782 | val_loss=0.5546 | val_auc=0.8355
Epoch 024 | time=3.7s | train_loss=0.1761 | val_loss=0.5443 | val_auc=0.8349
Epoch 025 | time=3.6s | train_loss=0.1745 | val_loss=0.5501 | val_auc=0.8328
Epoch 026 | time=3.6s | train_loss=0.1676 | val_loss=0.5515 | val_auc=0.8353
Epoch 027 | time=3.7s | train_loss=0.1656 | val_loss=0.5556 | val_auc=0.8367
Epoch 028 | time=3.6s | train_loss=0.1662 | val_loss=0.5389 | val_auc=0.8450
Epoch 029 | time=3.6s | train_loss=0.1561 | val_loss=0.5417 | val_auc=0.8422
Epoch 030 | time=3.6s | train_loss=0.1519 | val_loss=0.5562 | val_auc=0.8379
Epoch 031 | time=3.7s | train_loss=0.1526 | val_loss=0.5665 | val_auc=0.8362
Epoch 032 | time=3.7s | train_loss=0.1508 | val_loss=0.5420 | val_auc=0.8435
Early stopping — no improvement for 10 epochs

Best model: epoch 22, val_loss=0.5420, val_auc=0.8455

═══ Test Results ═══
           auc: 0.7572
         auprc: 0.6976
            f1: 0.6801
     precision: 0.6531
        recall: 0.7093
          loss: 0.6556
