Uninstalled 1 package in 7ms
Installed 1 package in 11ms
/net/storage/pr3/plgrid/plggmlcil/plgkstankie/vvv/Multimodal-models-for-predicting-drug-target-interactions/.venv/lib/python3.11/site-packages/outdated/__init__.py:36: UserWarning: pkg_resources is deprecated as an API. See https://setuptools.pypa.io/en/latest/pkg_resources.html. The pkg_resources package is slated for removal as early as 2025-11-30. Refrain from using this package or pin to Setuptools<81.
  from pkg_resources import parse_version
Setting global random seed to 999
Using device: cuda
Loading clean data from: /net/storage/pr3/plgrid/plggmlcil/plgkstankie/vvv/Multimodal-models-for-predicting-drug-target-interactions/src/datasets/lincs_balanced.parquet
Dataset size: 27498
Train: 19558  Val: 2885  Test: 5055
SMILES encoders:  ['GCNEncoder', 'LincsEncoder']
Protein encoders: ['ProteinCNNEncoder']
Building graph cache for 1264 SMILES...
  0%|          | 0/1264 [00:00<?, ?it/s] 20%|█▉        | 248/1264 [00:00<00:00, 2474.62it/s] 39%|███▉      | 496/1264 [00:00<00:00, 2424.40it/s] 58%|█████▊    | 739/1264 [00:00<00:00, 2358.87it/s] 78%|███████▊  | 986/1264 [00:00<00:00, 2401.61it/s] 98%|█████████▊| 1244/1264 [00:00<00:00, 2462.63it/s]100%|██████████| 1264/1264 [00:00<00:00, 2439.19it/s]
Valid SMILES graphs: 1264
MultimodalDTI(
  (smiles_encoders): ModuleList(
    (0): GCNEncoder(
      (atom_encoder): AtomEncoder(
        (atom_embedding_list): ModuleList(
          (0): Embedding(119, 128)
          (1): Embedding(5, 128)
          (2-3): 2 x Embedding(12, 128)
          (4): Embedding(10, 128)
          (5-6): 2 x Embedding(6, 128)
          (7-8): 2 x Embedding(2, 128)
        )
      )
      (convs): ModuleList(
        (0-2): 3 x GCNConv(128, 128)
      )
      (bns): ModuleList(
        (0-2): 3 x BatchNorm1d(128, eps=1e-05, momentum=0.1, affine=True, track_running_stats=True)
      )
    )
    (1): LincsEncoder(
      (mlp): Sequential(
        (0): Linear(in_features=978, out_features=128, bias=True)
        (1): BatchNorm1d(128, eps=1e-05, momentum=0.1, affine=True, track_running_stats=True)
        (2): ReLU()
        (3): Dropout(p=0.5, inplace=False)
        (4): Linear(in_features=128, out_features=128, bias=True)
        (5): BatchNorm1d(128, eps=1e-05, momentum=0.1, affine=True, track_running_stats=True)
        (6): ReLU()
      )
    )
  )
  (protein_encoders): ModuleList(
    (0): ProteinCNNEncoder(
      (embedding): Embedding(21, 128, padding_idx=0)
      (conv_blocks): ModuleList(
        (0): Sequential(
          (0): Conv1d(128, 64, kernel_size=(3,), stride=(1,), padding=(1,))
          (1): BatchNorm1d(64, eps=1e-05, momentum=0.1, affine=True, track_running_stats=True)
          (2): ReLU()
          (3): Conv1d(64, 64, kernel_size=(3,), stride=(1,), padding=(1,))
          (4): BatchNorm1d(64, eps=1e-05, momentum=0.1, affine=True, track_running_stats=True)
          (5): ReLU()
        )
        (1): Sequential(
          (0): Conv1d(128, 64, kernel_size=(7,), stride=(1,), padding=(3,))
          (1): BatchNorm1d(64, eps=1e-05, momentum=0.1, affine=True, track_running_stats=True)
          (2): ReLU()
          (3): Conv1d(64, 64, kernel_size=(7,), stride=(1,), padding=(3,))
          (4): BatchNorm1d(64, eps=1e-05, momentum=0.1, affine=True, track_running_stats=True)
          (5): ReLU()
        )
        (2): Sequential(
          (0): Conv1d(128, 64, kernel_size=(15,), stride=(1,), padding=(7,))
          (1): BatchNorm1d(64, eps=1e-05, momentum=0.1, affine=True, track_running_stats=True)
          (2): ReLU()
          (3): Conv1d(64, 64, kernel_size=(15,), stride=(1,), padding=(7,))
          (4): BatchNorm1d(64, eps=1e-05, momentum=0.1, affine=True, track_running_stats=True)
          (5): ReLU()
        )
      )
    )
  )
  (fusion): MLPFusion(
    (classifier): Sequential(
      (0): Linear(in_features=448, out_features=128, bias=True)
      (1): BatchNorm1d(128, eps=1e-05, momentum=0.1, affine=True, track_running_stats=True)
      (2): ReLU()
      (3): Dropout(p=0.5, inplace=False)
      (4): Linear(in_features=128, out_features=32, bias=True)
      (5): BatchNorm1d(32, eps=1e-05, momentum=0.1, affine=True, track_running_stats=True)
      (6): ReLU()
      (7): Dropout(p=0.5, inplace=False)
      (8): Linear(in_features=32, out_features=1, bias=True)
    )
  )
)
Epoch 001 | time=4.0s | train_loss=0.6663 | val_loss=0.6552 | val_auc=0.6929
  ✓ New best model (epoch 1, val_loss=0.6552, val_auc=0.6929) saved to checkpoints/gcn_lincs_vs_cnn_seed999.pt
Epoch 002 | time=2.4s | train_loss=0.5664 | val_loss=0.5974 | val_auc=0.7627
  ✓ New best model (epoch 2, val_loss=0.5974, val_auc=0.7627) saved to checkpoints/gcn_lincs_vs_cnn_seed999.pt
Epoch 003 | time=2.4s | train_loss=0.4914 | val_loss=0.5644 | val_auc=0.7844
  ✓ New best model (epoch 3, val_loss=0.5644, val_auc=0.7844) saved to checkpoints/gcn_lincs_vs_cnn_seed999.pt
Epoch 004 | time=2.5s | train_loss=0.4475 | val_loss=0.5488 | val_auc=0.7985
  ✓ New best model (epoch 4, val_loss=0.5488, val_auc=0.7985) saved to checkpoints/gcn_lincs_vs_cnn_seed999.pt
Epoch 005 | time=2.4s | train_loss=0.4134 | val_loss=0.5418 | val_auc=0.8034
  ✓ New best model (epoch 5, val_loss=0.5418, val_auc=0.8034) saved to checkpoints/gcn_lincs_vs_cnn_seed999.pt
Epoch 006 | time=2.4s | train_loss=0.3863 | val_loss=0.5234 | val_auc=0.8162
  ✓ New best model (epoch 6, val_loss=0.5234, val_auc=0.8162) saved to checkpoints/gcn_lincs_vs_cnn_seed999.pt
Epoch 007 | time=2.5s | train_loss=0.3645 | val_loss=0.5143 | val_auc=0.8197
  ✓ New best model (epoch 7, val_loss=0.5143, val_auc=0.8197) saved to checkpoints/gcn_lincs_vs_cnn_seed999.pt
Epoch 008 | time=2.5s | train_loss=0.3457 | val_loss=0.5021 | val_auc=0.8325
  ✓ New best model (epoch 8, val_loss=0.5021, val_auc=0.8325) saved to checkpoints/gcn_lincs_vs_cnn_seed999.pt
Epoch 009 | time=2.4s | train_loss=0.3304 | val_loss=0.4959 | val_auc=0.8334
  ✓ New best model (epoch 9, val_loss=0.4959, val_auc=0.8334) saved to checkpoints/gcn_lincs_vs_cnn_seed999.pt
Epoch 010 | time=2.4s | train_loss=0.3135 | val_loss=0.5030 | val_auc=0.8321
Epoch 011 | time=2.5s | train_loss=0.2989 | val_loss=0.5120 | val_auc=0.8207
Epoch 012 | time=2.4s | train_loss=0.2874 | val_loss=0.4837 | val_auc=0.8474
  ✓ New best model (epoch 12, val_loss=0.4837, val_auc=0.8474) saved to checkpoints/gcn_lincs_vs_cnn_seed999.pt
Epoch 013 | time=2.4s | train_loss=0.2750 | val_loss=0.5013 | val_auc=0.8350
Epoch 014 | time=2.4s | train_loss=0.2642 | val_loss=0.4983 | val_auc=0.8345
Epoch 015 | time=2.4s | train_loss=0.2568 | val_loss=0.4965 | val_auc=0.8410
Epoch 016 | time=2.5s | train_loss=0.2469 | val_loss=0.5106 | val_auc=0.8346
Epoch 017 | time=2.4s | train_loss=0.2379 | val_loss=0.4945 | val_auc=0.8437
Epoch 018 | time=2.5s | train_loss=0.2291 | val_loss=0.5067 | val_auc=0.8407
Epoch 019 | time=2.4s | train_loss=0.2204 | val_loss=0.5085 | val_auc=0.8375
Epoch 020 | time=2.5s | train_loss=0.2128 | val_loss=0.5107 | val_auc=0.8401
Epoch 021 | time=2.4s | train_loss=0.2102 | val_loss=0.4993 | val_auc=0.8465
Epoch 022 | time=2.5s | train_loss=0.2061 | val_loss=0.5037 | val_auc=0.8461
Early stopping — no improvement for 10 epochs

Best model: epoch 12, val_loss=0.5037, val_auc=0.8474

═══ Test Results ═══
           auc: 0.7082
         auprc: 0.6187
            f1: 0.6263
     precision: 0.6257
        recall: 0.6269
          loss: 0.6950
