Uninstalled 1 package in 7ms
Installed 1 package in 11ms
/net/storage/pr3/plgrid/plggmlcil/plgkstankie/vvv/Multimodal-models-for-predicting-drug-target-interactions/.venv/lib/python3.11/site-packages/outdated/__init__.py:36: UserWarning: pkg_resources is deprecated as an API. See https://setuptools.pypa.io/en/latest/pkg_resources.html. The pkg_resources package is slated for removal as early as 2025-11-30. Refrain from using this package or pin to Setuptools<81.
  from pkg_resources import parse_version
Setting global random seed to 2026
Using device: cuda
Loading clean data from: /net/storage/pr3/plgrid/plggmlcil/plgkstankie/vvv/Multimodal-models-for-predicting-drug-target-interactions/src/datasets/lincs_balanced.parquet
Dataset size: 27498
Train: 19558  Val: 2885  Test: 5055
ChemBERTProcessor: loaded 236379 embeddings (dim=768) from /net/storage/pr3/plgrid/plggmlcil/plgkstankie/vvv/Multimodal-models-for-predicting-drug-target-interactions/src/datasets/ChemBERTa-zinc-base-v1.pt
SMILES encoders:  ['GCNEncoder', 'ChemBERTEncoder', 'LincsEncoder']
Protein encoders: ['ProteinCNNEncoder']
Building graph cache for 1264 SMILES...
  0%|          | 0/1264 [00:00<?, ?it/s] 20%|█▉        | 252/1264 [00:00<00:00, 2517.45it/s] 40%|███▉      | 504/1264 [00:00<00:00, 2439.58it/s] 59%|█████▉    | 749/1264 [00:00<00:00, 2362.42it/s] 79%|███████▉  | 997/1264 [00:00<00:00, 2406.24it/s] 99%|█████████▊| 1248/1264 [00:00<00:00, 2440.92it/s]100%|██████████| 1264/1264 [00:00<00:00, 2433.06it/s]
Valid SMILES graphs: 1264
MultimodalDTI(
  (smiles_encoders): ModuleList(
    (0): GCNEncoder(
      (atom_encoder): AtomEncoder(
        (atom_embedding_list): ModuleList(
          (0): Embedding(119, 128)
          (1): Embedding(5, 128)
          (2-3): 2 x Embedding(12, 128)
          (4): Embedding(10, 128)
          (5-6): 2 x Embedding(6, 128)
          (7-8): 2 x Embedding(2, 128)
        )
      )
      (convs): ModuleList(
        (0-2): 3 x GCNConv(128, 128)
      )
      (bns): ModuleList(
        (0-2): 3 x BatchNorm1d(128, eps=1e-05, momentum=0.1, affine=True, track_running_stats=True)
      )
    )
    (1): ChemBERTEncoder(
      (projection): Sequential(
        (0): Linear(in_features=768, out_features=128, bias=True)
        (1): LayerNorm((128,), eps=1e-05, elementwise_affine=True)
        (2): ReLU()
      )
    )
    (2): LincsEncoder(
      (mlp): Sequential(
        (0): Linear(in_features=978, out_features=128, bias=True)
        (1): BatchNorm1d(128, eps=1e-05, momentum=0.1, affine=True, track_running_stats=True)
        (2): ReLU()
        (3): Dropout(p=0.5, inplace=False)
        (4): Linear(in_features=128, out_features=128, bias=True)
        (5): BatchNorm1d(128, eps=1e-05, momentum=0.1, affine=True, track_running_stats=True)
        (6): ReLU()
      )
    )
  )
  (protein_encoders): ModuleList(
    (0): ProteinCNNEncoder(
      (embedding): Embedding(21, 128, padding_idx=0)
      (conv_blocks): ModuleList(
        (0): Sequential(
          (0): Conv1d(128, 64, kernel_size=(3,), stride=(1,), padding=(1,))
          (1): BatchNorm1d(64, eps=1e-05, momentum=0.1, affine=True, track_running_stats=True)
          (2): ReLU()
          (3): Conv1d(64, 64, kernel_size=(3,), stride=(1,), padding=(1,))
          (4): BatchNorm1d(64, eps=1e-05, momentum=0.1, affine=True, track_running_stats=True)
          (5): ReLU()
        )
        (1): Sequential(
          (0): Conv1d(128, 64, kernel_size=(7,), stride=(1,), padding=(3,))
          (1): BatchNorm1d(64, eps=1e-05, momentum=0.1, affine=True, track_running_stats=True)
          (2): ReLU()
          (3): Conv1d(64, 64, kernel_size=(7,), stride=(1,), padding=(3,))
          (4): BatchNorm1d(64, eps=1e-05, momentum=0.1, affine=True, track_running_stats=True)
          (5): ReLU()
        )
        (2): Sequential(
          (0): Conv1d(128, 64, kernel_size=(15,), stride=(1,), padding=(7,))
          (1): BatchNorm1d(64, eps=1e-05, momentum=0.1, affine=True, track_running_stats=True)
          (2): ReLU()
          (3): Conv1d(64, 64, kernel_size=(15,), stride=(1,), padding=(7,))
          (4): BatchNorm1d(64, eps=1e-05, momentum=0.1, affine=True, track_running_stats=True)
          (5): ReLU()
        )
      )
    )
  )
  (fusion): MLPFusion(
    (classifier): Sequential(
      (0): Linear(in_features=576, out_features=128, bias=True)
      (1): BatchNorm1d(128, eps=1e-05, momentum=0.1, affine=True, track_running_stats=True)
      (2): ReLU()
      (3): Dropout(p=0.5, inplace=False)
      (4): Linear(in_features=128, out_features=32, bias=True)
      (5): BatchNorm1d(32, eps=1e-05, momentum=0.1, affine=True, track_running_stats=True)
      (6): ReLU()
      (7): Dropout(p=0.5, inplace=False)
      (8): Linear(in_features=32, out_features=1, bias=True)
    )
  )
)
Epoch 001 | time=3.3s | train_loss=0.6743 | val_loss=0.6410 | val_auc=0.7038
  ✓ New best model (epoch 1, val_loss=0.6410, val_auc=0.7038) saved to checkpoints/gcn_chembert_lincs_vs_cnn_seed2026.pt
Epoch 002 | time=2.4s | train_loss=0.5614 | val_loss=0.6000 | val_auc=0.7415
  ✓ New best model (epoch 2, val_loss=0.6000, val_auc=0.7415) saved to checkpoints/gcn_chembert_lincs_vs_cnn_seed2026.pt
Epoch 003 | time=2.4s | train_loss=0.4903 | val_loss=0.5598 | val_auc=0.7767
  ✓ New best model (epoch 3, val_loss=0.5598, val_auc=0.7767) saved to checkpoints/gcn_chembert_lincs_vs_cnn_seed2026.pt
Epoch 004 | time=2.4s | train_loss=0.4399 | val_loss=0.5550 | val_auc=0.7795
  ✓ New best model (epoch 4, val_loss=0.5550, val_auc=0.7795) saved to checkpoints/gcn_chembert_lincs_vs_cnn_seed2026.pt
Epoch 005 | time=2.4s | train_loss=0.4048 | val_loss=0.5452 | val_auc=0.7898
  ✓ New best model (epoch 5, val_loss=0.5452, val_auc=0.7898) saved to checkpoints/gcn_chembert_lincs_vs_cnn_seed2026.pt
Epoch 006 | time=2.4s | train_loss=0.3772 | val_loss=0.5427 | val_auc=0.7928
  ✓ New best model (epoch 6, val_loss=0.5427, val_auc=0.7928) saved to checkpoints/gcn_chembert_lincs_vs_cnn_seed2026.pt
Epoch 007 | time=2.4s | train_loss=0.3551 | val_loss=0.5378 | val_auc=0.7965
  ✓ New best model (epoch 7, val_loss=0.5378, val_auc=0.7965) saved to checkpoints/gcn_chembert_lincs_vs_cnn_seed2026.pt
Epoch 008 | time=2.4s | train_loss=0.3359 | val_loss=0.5400 | val_auc=0.7978
  ✓ New best model (epoch 8, val_loss=0.5400, val_auc=0.7978) saved to checkpoints/gcn_chembert_lincs_vs_cnn_seed2026.pt
Epoch 009 | time=2.5s | train_loss=0.3166 | val_loss=0.5256 | val_auc=0.8114
  ✓ New best model (epoch 9, val_loss=0.5256, val_auc=0.8114) saved to checkpoints/gcn_chembert_lincs_vs_cnn_seed2026.pt
Epoch 010 | time=2.4s | train_loss=0.3076 | val_loss=0.5282 | val_auc=0.8105
Epoch 011 | time=2.4s | train_loss=0.2926 | val_loss=0.5329 | val_auc=0.8096
Epoch 012 | time=2.4s | train_loss=0.2805 | val_loss=0.5272 | val_auc=0.8153
  ✓ New best model (epoch 12, val_loss=0.5272, val_auc=0.8153) saved to checkpoints/gcn_chembert_lincs_vs_cnn_seed2026.pt
Epoch 013 | time=2.4s | train_loss=0.2693 | val_loss=0.5461 | val_auc=0.8037
Epoch 014 | time=2.4s | train_loss=0.2615 | val_loss=0.5350 | val_auc=0.8119
Epoch 015 | time=2.5s | train_loss=0.2471 | val_loss=0.5289 | val_auc=0.8226
  ✓ New best model (epoch 15, val_loss=0.5289, val_auc=0.8226) saved to checkpoints/gcn_chembert_lincs_vs_cnn_seed2026.pt
Epoch 016 | time=2.4s | train_loss=0.2361 | val_loss=0.5254 | val_auc=0.8227
  ✓ New best model (epoch 16, val_loss=0.5254, val_auc=0.8227) saved to checkpoints/gcn_chembert_lincs_vs_cnn_seed2026.pt
Epoch 017 | time=2.6s | train_loss=0.2297 | val_loss=0.5336 | val_auc=0.8167
Epoch 018 | time=2.4s | train_loss=0.2238 | val_loss=0.5303 | val_auc=0.8214
Epoch 019 | time=2.4s | train_loss=0.2190 | val_loss=0.5334 | val_auc=0.8192
Epoch 020 | time=2.4s | train_loss=0.2171 | val_loss=0.5440 | val_auc=0.8167
Epoch 021 | time=2.4s | train_loss=0.2086 | val_loss=0.5296 | val_auc=0.8227
  ✓ New best model (epoch 21, val_loss=0.5296, val_auc=0.8227) saved to checkpoints/gcn_chembert_lincs_vs_cnn_seed2026.pt
Epoch 022 | time=2.5s | train_loss=0.2063 | val_loss=0.5514 | val_auc=0.8088
Epoch 023 | time=2.4s | train_loss=0.2008 | val_loss=0.5371 | val_auc=0.8228
  ✓ New best model (epoch 23, val_loss=0.5371, val_auc=0.8228) saved to checkpoints/gcn_chembert_lincs_vs_cnn_seed2026.pt
Epoch 024 | time=2.4s | train_loss=0.1956 | val_loss=0.5411 | val_auc=0.8178
Epoch 025 | time=2.5s | train_loss=0.1928 | val_loss=0.5406 | val_auc=0.8206
Epoch 026 | time=2.4s | train_loss=0.1919 | val_loss=0.5501 | val_auc=0.8186
Epoch 027 | time=2.4s | train_loss=0.1867 | val_loss=0.5416 | val_auc=0.8226
Epoch 028 | time=2.4s | train_loss=0.1875 | val_loss=0.5462 | val_auc=0.8223
Epoch 029 | time=2.4s | train_loss=0.1827 | val_loss=0.5395 | val_auc=0.8249
  ✓ New best model (epoch 29, val_loss=0.5395, val_auc=0.8249) saved to checkpoints/gcn_chembert_lincs_vs_cnn_seed2026.pt
Epoch 030 | time=2.7s | train_loss=0.1839 | val_loss=0.5459 | val_auc=0.8231
Epoch 031 | time=2.4s | train_loss=0.1804 | val_loss=0.5398 | val_auc=0.8243
Epoch 032 | time=2.4s | train_loss=0.1803 | val_loss=0.5403 | val_auc=0.8245
Epoch 033 | time=2.4s | train_loss=0.1817 | val_loss=0.5467 | val_auc=0.8219
Epoch 034 | time=2.4s | train_loss=0.1787 | val_loss=0.5389 | val_auc=0.8254
  ✓ New best model (epoch 34, val_loss=0.5389, val_auc=0.8254) saved to checkpoints/gcn_chembert_lincs_vs_cnn_seed2026.pt
Epoch 035 | time=2.4s | train_loss=0.1763 | val_loss=0.5434 | val_auc=0.8237
Epoch 036 | time=2.5s | train_loss=0.1748 | val_loss=0.5437 | val_auc=0.8232
Epoch 037 | time=2.4s | train_loss=0.1736 | val_loss=0.5466 | val_auc=0.8233
Epoch 038 | time=2.5s | train_loss=0.1756 | val_loss=0.5459 | val_auc=0.8233
Epoch 039 | time=2.4s | train_loss=0.1721 | val_loss=0.5465 | val_auc=0.8255
  ✓ New best model (epoch 39, val_loss=0.5465, val_auc=0.8255) saved to checkpoints/gcn_chembert_lincs_vs_cnn_seed2026.pt
Epoch 040 | time=2.4s | train_loss=0.1717 | val_loss=0.5495 | val_auc=0.8229
Epoch 041 | time=2.4s | train_loss=0.1710 | val_loss=0.5527 | val_auc=0.8225
Epoch 042 | time=2.4s | train_loss=0.1741 | val_loss=0.5432 | val_auc=0.8250
Epoch 043 | time=2.5s | train_loss=0.1735 | val_loss=0.5495 | val_auc=0.8228
Epoch 044 | time=2.5s | train_loss=0.1705 | val_loss=0.5455 | val_auc=0.8240
Epoch 045 | time=2.5s | train_loss=0.1737 | val_loss=0.5466 | val_auc=0.8243
Epoch 046 | time=2.5s | train_loss=0.1717 | val_loss=0.5439 | val_auc=0.8247
Epoch 047 | time=2.5s | train_loss=0.1711 | val_loss=0.5485 | val_auc=0.8242
Epoch 048 | time=2.4s | train_loss=0.1715 | val_loss=0.5428 | val_auc=0.8261
  ✓ New best model (epoch 48, val_loss=0.5428, val_auc=0.8261) saved to checkpoints/gcn_chembert_lincs_vs_cnn_seed2026.pt
Epoch 049 | time=2.4s | train_loss=0.1714 | val_loss=0.5456 | val_auc=0.8250
Epoch 050 | time=2.5s | train_loss=0.1699 | val_loss=0.5449 | val_auc=0.8242
Epoch 051 | time=2.5s | train_loss=0.1708 | val_loss=0.5515 | val_auc=0.8239
Epoch 052 | time=2.4s | train_loss=0.1704 | val_loss=0.5459 | val_auc=0.8245
Epoch 053 | time=2.6s | train_loss=0.1691 | val_loss=0.5468 | val_auc=0.8249
Epoch 054 | time=2.4s | train_loss=0.1720 | val_loss=0.5483 | val_auc=0.8242
Epoch 055 | time=2.4s | train_loss=0.1687 | val_loss=0.5493 | val_auc=0.8244
Epoch 056 | time=2.4s | train_loss=0.1725 | val_loss=0.5503 | val_auc=0.8250
Epoch 057 | time=2.4s | train_loss=0.1687 | val_loss=0.5477 | val_auc=0.8249
Epoch 058 | time=2.5s | train_loss=0.1704 | val_loss=0.5505 | val_auc=0.8252
Early stopping — no improvement for 10 epochs

Best model: epoch 48, val_loss=0.5505, val_auc=0.8261

═══ Test Results ═══
           auc: 0.7182
         auprc: 0.6199
            f1: 0.6323
     precision: 0.6469
        recall: 0.6183
          loss: 0.7892
