Uninstalled 1 package in 7ms
Installed 1 package in 11ms
/net/storage/pr3/plgrid/plggmlcil/plgkstankie/vvv/Multimodal-models-for-predicting-drug-target-interactions/.venv/lib/python3.11/site-packages/outdated/__init__.py:36: UserWarning: pkg_resources is deprecated as an API. See https://setuptools.pypa.io/en/latest/pkg_resources.html. The pkg_resources package is slated for removal as early as 2025-11-30. Refrain from using this package or pin to Setuptools<81.
  from pkg_resources import parse_version
Setting global random seed to 999
Using device: cuda
Loading clean data from: /net/storage/pr3/plgrid/plggmlcil/plgkstankie/vvv/Multimodal-models-for-predicting-drug-target-interactions/src/datasets/lincs_balanced.parquet
Dataset size: 27498
Train: 19558  Val: 2885  Test: 5055
ChemBERTProcessor: loaded 236379 embeddings (dim=768) from /net/storage/pr3/plgrid/plggmlcil/plgkstankie/vvv/Multimodal-models-for-predicting-drug-target-interactions/src/datasets/ChemBERTa-zinc-base-v1.pt
SMILES encoders:  ['GCNEncoder', 'FingerprintMLPEncoder', 'ChemBERTEncoder']
Protein encoders: ['ProteinCNNEncoder']
Building graph cache for 1264 SMILES...
  0%|          | 0/1264 [00:00<?, ?it/s] 20%|█▉        | 250/1264 [00:00<00:00, 2497.20it/s] 40%|███▉      | 500/1264 [00:00<00:00, 2420.56it/s] 59%|█████▉    | 743/1264 [00:00<00:00, 2355.72it/s] 78%|███████▊  | 991/1264 [00:00<00:00, 2401.61it/s] 98%|█████████▊| 1242/1264 [00:00<00:00, 2438.19it/s]100%|██████████| 1264/1264 [00:00<00:00, 2427.16it/s]
Valid SMILES graphs: 1264
MultimodalDTI(
  (smiles_encoders): ModuleList(
    (0): GCNEncoder(
      (atom_encoder): AtomEncoder(
        (atom_embedding_list): ModuleList(
          (0): Embedding(119, 128)
          (1): Embedding(5, 128)
          (2-3): 2 x Embedding(12, 128)
          (4): Embedding(10, 128)
          (5-6): 2 x Embedding(6, 128)
          (7-8): 2 x Embedding(2, 128)
        )
      )
      (convs): ModuleList(
        (0-2): 3 x GCNConv(128, 128)
      )
      (bns): ModuleList(
        (0-2): 3 x BatchNorm1d(128, eps=1e-05, momentum=0.1, affine=True, track_running_stats=True)
      )
    )
    (1): FingerprintMLPEncoder(
      (mlp): Sequential(
        (0): Linear(in_features=1024, out_features=256, bias=True)
        (1): BatchNorm1d(256, eps=1e-05, momentum=0.1, affine=True, track_running_stats=True)
        (2): ReLU()
        (3): Dropout(p=0.5, inplace=False)
        (4): Linear(in_features=256, out_features=128, bias=True)
        (5): BatchNorm1d(128, eps=1e-05, momentum=0.1, affine=True, track_running_stats=True)
        (6): ReLU()
      )
    )
    (2): ChemBERTEncoder(
      (projection): Sequential(
        (0): Linear(in_features=768, out_features=128, bias=True)
        (1): LayerNorm((128,), eps=1e-05, elementwise_affine=True)
        (2): ReLU()
      )
    )
  )
  (protein_encoders): ModuleList(
    (0): ProteinCNNEncoder(
      (embedding): Embedding(21, 128, padding_idx=0)
      (conv_blocks): ModuleList(
        (0): Sequential(
          (0): Conv1d(128, 64, kernel_size=(3,), stride=(1,), padding=(1,))
          (1): BatchNorm1d(64, eps=1e-05, momentum=0.1, affine=True, track_running_stats=True)
          (2): ReLU()
          (3): Conv1d(64, 64, kernel_size=(3,), stride=(1,), padding=(1,))
          (4): BatchNorm1d(64, eps=1e-05, momentum=0.1, affine=True, track_running_stats=True)
          (5): ReLU()
        )
        (1): Sequential(
          (0): Conv1d(128, 64, kernel_size=(7,), stride=(1,), padding=(3,))
          (1): BatchNorm1d(64, eps=1e-05, momentum=0.1, affine=True, track_running_stats=True)
          (2): ReLU()
          (3): Conv1d(64, 64, kernel_size=(7,), stride=(1,), padding=(3,))
          (4): BatchNorm1d(64, eps=1e-05, momentum=0.1, affine=True, track_running_stats=True)
          (5): ReLU()
        )
        (2): Sequential(
          (0): Conv1d(128, 64, kernel_size=(15,), stride=(1,), padding=(7,))
          (1): BatchNorm1d(64, eps=1e-05, momentum=0.1, affine=True, track_running_stats=True)
          (2): ReLU()
          (3): Conv1d(64, 64, kernel_size=(15,), stride=(1,), padding=(7,))
          (4): BatchNorm1d(64, eps=1e-05, momentum=0.1, affine=True, track_running_stats=True)
          (5): ReLU()
        )
      )
    )
  )
  (fusion): MLPFusion(
    (classifier): Sequential(
      (0): Linear(in_features=576, out_features=128, bias=True)
      (1): BatchNorm1d(128, eps=1e-05, momentum=0.1, affine=True, track_running_stats=True)
      (2): ReLU()
      (3): Dropout(p=0.5, inplace=False)
      (4): Linear(in_features=128, out_features=32, bias=True)
      (5): BatchNorm1d(32, eps=1e-05, momentum=0.1, affine=True, track_running_stats=True)
      (6): ReLU()
      (7): Dropout(p=0.5, inplace=False)
      (8): Linear(in_features=32, out_features=1, bias=True)
    )
  )
)
Epoch 001 | time=3.9s | train_loss=0.6724 | val_loss=0.6713 | val_auc=0.6671
  ✓ New best model (epoch 1, val_loss=0.6713, val_auc=0.6671) saved to checkpoints/gcn_fp_chembert_vs_cnn_seed999.pt
Epoch 002 | time=2.6s | train_loss=0.5673 | val_loss=0.6195 | val_auc=0.7369
  ✓ New best model (epoch 2, val_loss=0.6195, val_auc=0.7369) saved to checkpoints/gcn_fp_chembert_vs_cnn_seed999.pt
Epoch 003 | time=2.6s | train_loss=0.4899 | val_loss=0.5869 | val_auc=0.7735
  ✓ New best model (epoch 3, val_loss=0.5869, val_auc=0.7735) saved to checkpoints/gcn_fp_chembert_vs_cnn_seed999.pt
Epoch 004 | time=2.7s | train_loss=0.4434 | val_loss=0.5575 | val_auc=0.8016
  ✓ New best model (epoch 4, val_loss=0.5575, val_auc=0.8016) saved to checkpoints/gcn_fp_chembert_vs_cnn_seed999.pt
Epoch 005 | time=2.6s | train_loss=0.4069 | val_loss=0.5489 | val_auc=0.8054
  ✓ New best model (epoch 5, val_loss=0.5489, val_auc=0.8054) saved to checkpoints/gcn_fp_chembert_vs_cnn_seed999.pt
Epoch 006 | time=2.6s | train_loss=0.3788 | val_loss=0.5369 | val_auc=0.8152
  ✓ New best model (epoch 6, val_loss=0.5369, val_auc=0.8152) saved to checkpoints/gcn_fp_chembert_vs_cnn_seed999.pt
Epoch 007 | time=2.7s | train_loss=0.3554 | val_loss=0.5226 | val_auc=0.8268
  ✓ New best model (epoch 7, val_loss=0.5226, val_auc=0.8268) saved to checkpoints/gcn_fp_chembert_vs_cnn_seed999.pt
Epoch 008 | time=2.7s | train_loss=0.3346 | val_loss=0.5181 | val_auc=0.8263
Epoch 009 | time=2.7s | train_loss=0.3140 | val_loss=0.5118 | val_auc=0.8300
  ✓ New best model (epoch 9, val_loss=0.5118, val_auc=0.8300) saved to checkpoints/gcn_fp_chembert_vs_cnn_seed999.pt
Epoch 010 | time=2.7s | train_loss=0.2984 | val_loss=0.5087 | val_auc=0.8300
Epoch 011 | time=2.6s | train_loss=0.2844 | val_loss=0.5006 | val_auc=0.8365
  ✓ New best model (epoch 11, val_loss=0.5006, val_auc=0.8365) saved to checkpoints/gcn_fp_chembert_vs_cnn_seed999.pt
Epoch 012 | time=2.6s | train_loss=0.2721 | val_loss=0.5118 | val_auc=0.8293
Epoch 013 | time=2.7s | train_loss=0.2592 | val_loss=0.5086 | val_auc=0.8317
Epoch 014 | time=2.7s | train_loss=0.2493 | val_loss=0.5098 | val_auc=0.8310
Epoch 015 | time=2.6s | train_loss=0.2401 | val_loss=0.5071 | val_auc=0.8348
Epoch 016 | time=2.7s | train_loss=0.2282 | val_loss=0.4888 | val_auc=0.8462
  ✓ New best model (epoch 16, val_loss=0.4888, val_auc=0.8462) saved to checkpoints/gcn_fp_chembert_vs_cnn_seed999.pt
Epoch 017 | time=2.6s | train_loss=0.2216 | val_loss=0.4974 | val_auc=0.8413
Epoch 018 | time=2.9s | train_loss=0.2138 | val_loss=0.5028 | val_auc=0.8391
Epoch 019 | time=2.7s | train_loss=0.2074 | val_loss=0.5108 | val_auc=0.8381
Epoch 020 | time=2.7s | train_loss=0.2014 | val_loss=0.5010 | val_auc=0.8412
Epoch 021 | time=2.6s | train_loss=0.1933 | val_loss=0.5177 | val_auc=0.8368
Epoch 022 | time=2.6s | train_loss=0.1886 | val_loss=0.5166 | val_auc=0.8396
Epoch 023 | time=2.7s | train_loss=0.1776 | val_loss=0.5106 | val_auc=0.8442
Epoch 024 | time=2.7s | train_loss=0.1700 | val_loss=0.5133 | val_auc=0.8427
Epoch 025 | time=2.6s | train_loss=0.1658 | val_loss=0.5156 | val_auc=0.8438
Epoch 026 | time=2.6s | train_loss=0.1669 | val_loss=0.5265 | val_auc=0.8402
Early stopping — no improvement for 10 epochs

Best model: epoch 16, val_loss=0.5265, val_auc=0.8462

═══ Test Results ═══
           auc: 0.7316
         auprc: 0.6602
            f1: 0.6318
     precision: 0.6291
        recall: 0.6345
          loss: 0.6518
