/home/kappy/Repos/Multimodal-models-for-predicting-drug-target-interactions/.venv/lib/python3.11/site-packages/outdated/__init__.py:36: UserWarning: pkg_resources is deprecated as an API. See https://setuptools.pypa.io/en/latest/pkg_resources.html. The pkg_resources package is slated for removal as early as 2025-11-30. Refrain from using this package or pin to Setuptools<81.
  from pkg_resources import parse_version
Using device: cuda
Loading clean data from: /home/kappy/Repos/Multimodal-models-for-predicting-drug-target-interactions/src/datasets/lincs_balanced.parquet
Dataset size: 27498
Train: 19558  Val: 2885  Test: 5055
SMILES encoders:  ['GCNEncoder']
Protein encoders: ['ProteinCNNEncoder']
Building graph cache for 1264 SMILES...
  0%|          | 0/1264 [00:00<?, ?it/s] 41%|████      | 513/1264 [00:00<00:00, 5124.24it/s] 81%|████████  | 1026/1264 [00:00<00:00, 5079.53it/s]100%|██████████| 1264/1264 [00:00<00:00, 5159.19it/s]
Valid SMILES graphs: 1264
MultimodalDTI(
  (smiles_encoders): ModuleList(
    (0): GCNEncoder(
      (atom_encoder): AtomEncoder(
        (atom_embedding_list): ModuleList(
          (0): Embedding(119, 128)
          (1): Embedding(5, 128)
          (2-3): 2 x Embedding(12, 128)
          (4): Embedding(10, 128)
          (5-6): 2 x Embedding(6, 128)
          (7-8): 2 x Embedding(2, 128)
        )
      )
      (convs): ModuleList(
        (0-2): 3 x GCNConv(128, 128)
      )
      (bns): ModuleList(
        (0-2): 3 x BatchNorm1d(128, eps=1e-05, momentum=0.1, affine=True, track_running_stats=True)
      )
    )
  )
  (protein_encoders): ModuleList(
    (0): ProteinCNNEncoder(
      (embedding): Embedding(21, 128, padding_idx=0)
      (conv_blocks): ModuleList(
        (0): Sequential(
          (0): Conv1d(128, 64, kernel_size=(3,), stride=(1,), padding=(1,))
          (1): BatchNorm1d(64, eps=1e-05, momentum=0.1, affine=True, track_running_stats=True)
          (2): ReLU()
          (3): Conv1d(64, 64, kernel_size=(3,), stride=(1,), padding=(1,))
          (4): BatchNorm1d(64, eps=1e-05, momentum=0.1, affine=True, track_running_stats=True)
          (5): ReLU()
        )
        (1): Sequential(
          (0): Conv1d(128, 64, kernel_size=(7,), stride=(1,), padding=(3,))
          (1): BatchNorm1d(64, eps=1e-05, momentum=0.1, affine=True, track_running_stats=True)
          (2): ReLU()
          (3): Conv1d(64, 64, kernel_size=(7,), stride=(1,), padding=(3,))
          (4): BatchNorm1d(64, eps=1e-05, momentum=0.1, affine=True, track_running_stats=True)
          (5): ReLU()
        )
        (2): Sequential(
          (0): Conv1d(128, 64, kernel_size=(15,), stride=(1,), padding=(7,))
          (1): BatchNorm1d(64, eps=1e-05, momentum=0.1, affine=True, track_running_stats=True)
          (2): ReLU()
          (3): Conv1d(64, 64, kernel_size=(15,), stride=(1,), padding=(7,))
          (4): BatchNorm1d(64, eps=1e-05, momentum=0.1, affine=True, track_running_stats=True)
          (5): ReLU()
        )
      )
    )
  )
  (fusion): MLPFusion(
    (classifier): Sequential(
      (0): Linear(in_features=320, out_features=128, bias=True)
      (1): BatchNorm1d(128, eps=1e-05, momentum=0.1, affine=True, track_running_stats=True)
      (2): ReLU()
      (3): Dropout(p=0.5, inplace=False)
      (4): Linear(in_features=128, out_features=32, bias=True)
      (5): BatchNorm1d(32, eps=1e-05, momentum=0.1, affine=True, track_running_stats=True)
      (6): ReLU()
      (7): Dropout(p=0.5, inplace=False)
      (8): Linear(in_features=32, out_features=1, bias=True)
    )
  )
)
Epoch 001 | time=3.5s | train_loss=0.6675 | val_loss=0.6661 | val_auc=0.6531
  ✓ New best model (epoch 1, val_loss=0.6661, val_auc=0.6531) saved to checkpoints/gcn_vs_cnn.pt
Epoch 002 | time=3.1s | train_loss=0.5694 | val_loss=0.6264 | val_auc=0.7210
  ✓ New best model (epoch 2, val_loss=0.6264, val_auc=0.7210) saved to checkpoints/gcn_vs_cnn.pt
Epoch 003 | time=3.1s | train_loss=0.5015 | val_loss=0.5944 | val_auc=0.7566
  ✓ New best model (epoch 3, val_loss=0.5944, val_auc=0.7566) saved to checkpoints/gcn_vs_cnn.pt
Epoch 004 | time=3.1s | train_loss=0.4580 | val_loss=0.5846 | val_auc=0.7665
  ✓ New best model (epoch 4, val_loss=0.5846, val_auc=0.7665) saved to checkpoints/gcn_vs_cnn.pt
Epoch 005 | time=3.1s | train_loss=0.4259 | val_loss=0.5682 | val_auc=0.7782
  ✓ New best model (epoch 5, val_loss=0.5682, val_auc=0.7782) saved to checkpoints/gcn_vs_cnn.pt
Epoch 006 | time=3.1s | train_loss=0.4009 | val_loss=0.5483 | val_auc=0.7931
  ✓ New best model (epoch 6, val_loss=0.5483, val_auc=0.7931) saved to checkpoints/gcn_vs_cnn.pt
Epoch 007 | time=3.1s | train_loss=0.3829 | val_loss=0.5541 | val_auc=0.7892
Epoch 008 | time=3.1s | train_loss=0.3675 | val_loss=0.5513 | val_auc=0.7973
  ✓ New best model (epoch 8, val_loss=0.5513, val_auc=0.7973) saved to checkpoints/gcn_vs_cnn.pt
Epoch 009 | time=3.1s | train_loss=0.3475 | val_loss=0.5414 | val_auc=0.8017
  ✓ New best model (epoch 9, val_loss=0.5414, val_auc=0.8017) saved to checkpoints/gcn_vs_cnn.pt
Epoch 010 | time=3.1s | train_loss=0.3346 | val_loss=0.5504 | val_auc=0.8001
Epoch 011 | time=3.1s | train_loss=0.3207 | val_loss=0.5428 | val_auc=0.8026
  ✓ New best model (epoch 11, val_loss=0.5428, val_auc=0.8026) saved to checkpoints/gcn_vs_cnn.pt
Epoch 012 | time=3.1s | train_loss=0.3103 | val_loss=0.5238 | val_auc=0.8162
  ✓ New best model (epoch 12, val_loss=0.5238, val_auc=0.8162) saved to checkpoints/gcn_vs_cnn.pt
Epoch 013 | time=3.1s | train_loss=0.2972 | val_loss=0.5392 | val_auc=0.8074
Epoch 014 | time=3.1s | train_loss=0.2905 | val_loss=0.5309 | val_auc=0.8154
Epoch 015 | time=3.1s | train_loss=0.2821 | val_loss=0.5220 | val_auc=0.8138
Epoch 016 | time=3.1s | train_loss=0.2706 | val_loss=0.5160 | val_auc=0.8262
  ✓ New best model (epoch 16, val_loss=0.5160, val_auc=0.8262) saved to checkpoints/gcn_vs_cnn.pt
Epoch 017 | time=3.1s | train_loss=0.2648 | val_loss=0.5165 | val_auc=0.8296
  ✓ New best model (epoch 17, val_loss=0.5165, val_auc=0.8296) saved to checkpoints/gcn_vs_cnn.pt
Epoch 018 | time=3.1s | train_loss=0.2554 | val_loss=0.5171 | val_auc=0.8271
Epoch 019 | time=3.1s | train_loss=0.2513 | val_loss=0.5292 | val_auc=0.8216
Epoch 020 | time=3.1s | train_loss=0.2460 | val_loss=0.5178 | val_auc=0.8282
Epoch 021 | time=3.1s | train_loss=0.2359 | val_loss=0.5205 | val_auc=0.8312
  ✓ New best model (epoch 21, val_loss=0.5205, val_auc=0.8312) saved to checkpoints/gcn_vs_cnn.pt
Epoch 022 | time=3.1s | train_loss=0.2347 | val_loss=0.5160 | val_auc=0.8368
  ✓ New best model (epoch 22, val_loss=0.5160, val_auc=0.8368) saved to checkpoints/gcn_vs_cnn.pt
Epoch 023 | time=3.1s | train_loss=0.2197 | val_loss=0.5145 | val_auc=0.8340
Epoch 024 | time=3.1s | train_loss=0.2136 | val_loss=0.5121 | val_auc=0.8354
Epoch 025 | time=3.1s | train_loss=0.2102 | val_loss=0.5223 | val_auc=0.8314
Epoch 026 | time=3.1s | train_loss=0.2073 | val_loss=0.5218 | val_auc=0.8340
Epoch 027 | time=3.1s | train_loss=0.2057 | val_loss=0.5291 | val_auc=0.8295
Epoch 028 | time=3.1s | train_loss=0.2042 | val_loss=0.5154 | val_auc=0.8358
Epoch 029 | time=3.1s | train_loss=0.1983 | val_loss=0.5292 | val_auc=0.8360
Epoch 030 | time=3.1s | train_loss=0.1970 | val_loss=0.5205 | val_auc=0.8384
  ✓ New best model (epoch 30, val_loss=0.5205, val_auc=0.8384) saved to checkpoints/gcn_vs_cnn.pt
Epoch 031 | time=3.1s | train_loss=0.1916 | val_loss=0.5181 | val_auc=0.8378
Epoch 032 | time=3.1s | train_loss=0.1902 | val_loss=0.5276 | val_auc=0.8363
Epoch 033 | time=3.2s | train_loss=0.1884 | val_loss=0.5291 | val_auc=0.8348
Epoch 034 | time=3.1s | train_loss=0.1900 | val_loss=0.5300 | val_auc=0.8363
Epoch 035 | time=3.1s | train_loss=0.1846 | val_loss=0.5289 | val_auc=0.8339
Epoch 036 | time=3.1s | train_loss=0.1841 | val_loss=0.5358 | val_auc=0.8337
Epoch 037 | time=3.1s | train_loss=0.1798 | val_loss=0.5221 | val_auc=0.8375
Epoch 038 | time=3.1s | train_loss=0.1799 | val_loss=0.5316 | val_auc=0.8365
Epoch 039 | time=3.1s | train_loss=0.1784 | val_loss=0.5249 | val_auc=0.8363
Epoch 040 | time=3.1s | train_loss=0.1762 | val_loss=0.5346 | val_auc=0.8360
Early stopping — no improvement for 10 epochs

Best model: epoch 30, val_loss=0.5346, val_auc=0.8384

═══ Test Results ═══
           auc: 0.7360
         auprc: 0.6507
            f1: 0.6306
     precision: 0.6316
        recall: 0.6296
          loss: 0.7257
