Uninstalled 1 package in 8ms
Installed 1 package in 12ms
/net/storage/pr3/plgrid/plggmlcil/plgkstankie/vvv/Multimodal-models-for-predicting-drug-target-interactions/.venv/lib/python3.11/site-packages/outdated/__init__.py:36: UserWarning: pkg_resources is deprecated as an API. See https://setuptools.pypa.io/en/latest/pkg_resources.html. The pkg_resources package is slated for removal as early as 2025-11-30. Refrain from using this package or pin to Setuptools<81.
  from pkg_resources import parse_version
Setting global random seed to 1024
Using device: cuda
Loading clean data from: /net/storage/pr3/plgrid/plggmlcil/plgkstankie/vvv/Multimodal-models-for-predicting-drug-target-interactions/src/datasets/lincs_balanced.parquet
Dataset size: 27498
Train: 19558  Val: 2885  Test: 5055
ChemBERTProcessor: loaded 236379 embeddings (dim=768) from /net/storage/pr3/plgrid/plggmlcil/plgkstankie/vvv/Multimodal-models-for-predicting-drug-target-interactions/src/datasets/ChemBERTa-zinc-base-v1.pt
SMILES encoders:  ['GCNEncoder', 'FingerprintMLPEncoder', 'ChemBERTEncoder', 'LincsGraphEncoder']
Protein encoders: ['ProteinCNNEncoder']
Building graph cache for 1264 SMILES...
  0%|          | 0/1264 [00:00<?, ?it/s] 20%|█▉        | 252/1264 [00:00<00:00, 2515.82it/s] 40%|███▉      | 504/1264 [00:00<00:00, 2433.34it/s] 59%|█████▉    | 748/1264 [00:00<00:00, 2370.19it/s] 79%|███████▉  | 1001/1264 [00:00<00:00, 2430.73it/s]100%|█████████▉| 1259/1264 [00:00<00:00, 2482.53it/s]100%|██████████| 1264/1264 [00:00<00:00, 2457.91it/s]
Valid SMILES graphs: 1264
MultimodalDTI(
  (smiles_encoders): ModuleList(
    (0): GCNEncoder(
      (atom_encoder): AtomEncoder(
        (atom_embedding_list): ModuleList(
          (0): Embedding(119, 128)
          (1): Embedding(5, 128)
          (2-3): 2 x Embedding(12, 128)
          (4): Embedding(10, 128)
          (5-6): 2 x Embedding(6, 128)
          (7-8): 2 x Embedding(2, 128)
        )
      )
      (convs): ModuleList(
        (0-2): 3 x GCNConv(128, 128)
      )
      (bns): ModuleList(
        (0-2): 3 x BatchNorm1d(128, eps=1e-05, momentum=0.1, affine=True, track_running_stats=True)
      )
    )
    (1): FingerprintMLPEncoder(
      (mlp): Sequential(
        (0): Linear(in_features=1024, out_features=256, bias=True)
        (1): BatchNorm1d(256, eps=1e-05, momentum=0.1, affine=True, track_running_stats=True)
        (2): ReLU()
        (3): Dropout(p=0.5, inplace=False)
        (4): Linear(in_features=256, out_features=128, bias=True)
        (5): BatchNorm1d(128, eps=1e-05, momentum=0.1, affine=True, track_running_stats=True)
        (6): ReLU()
      )
    )
    (2): ChemBERTEncoder(
      (projection): Sequential(
        (0): Linear(in_features=768, out_features=128, bias=True)
        (1): LayerNorm((128,), eps=1e-05, elementwise_affine=True)
        (2): ReLU()
      )
    )
    (3): LincsGraphEncoder(
      (proj): Linear(in_features=1, out_features=128, bias=True)
      (convs): ModuleList(
        (0-1): 2 x DenseGCNConv(
          (linear): Linear(in_features=128, out_features=128, bias=False)
        )
      )
      (bns): ModuleList(
        (0-1): 2 x BatchNorm1d(128, eps=1e-05, momentum=0.1, affine=True, track_running_stats=True)
      )
      (pool_proj): Linear(in_features=128, out_features=128, bias=True)
    )
  )
  (protein_encoders): ModuleList(
    (0): ProteinCNNEncoder(
      (embedding): Embedding(21, 128, padding_idx=0)
      (conv_blocks): ModuleList(
        (0): Sequential(
          (0): Conv1d(128, 64, kernel_size=(3,), stride=(1,), padding=(1,))
          (1): BatchNorm1d(64, eps=1e-05, momentum=0.1, affine=True, track_running_stats=True)
          (2): ReLU()
          (3): Conv1d(64, 64, kernel_size=(3,), stride=(1,), padding=(1,))
          (4): BatchNorm1d(64, eps=1e-05, momentum=0.1, affine=True, track_running_stats=True)
          (5): ReLU()
        )
        (1): Sequential(
          (0): Conv1d(128, 64, kernel_size=(7,), stride=(1,), padding=(3,))
          (1): BatchNorm1d(64, eps=1e-05, momentum=0.1, affine=True, track_running_stats=True)
          (2): ReLU()
          (3): Conv1d(64, 64, kernel_size=(7,), stride=(1,), padding=(3,))
          (4): BatchNorm1d(64, eps=1e-05, momentum=0.1, affine=True, track_running_stats=True)
          (5): ReLU()
        )
        (2): Sequential(
          (0): Conv1d(128, 64, kernel_size=(15,), stride=(1,), padding=(7,))
          (1): BatchNorm1d(64, eps=1e-05, momentum=0.1, affine=True, track_running_stats=True)
          (2): ReLU()
          (3): Conv1d(64, 64, kernel_size=(15,), stride=(1,), padding=(7,))
          (4): BatchNorm1d(64, eps=1e-05, momentum=0.1, affine=True, track_running_stats=True)
          (5): ReLU()
        )
      )
    )
  )
  (fusion): MLPFusion(
    (classifier): Sequential(
      (0): Linear(in_features=704, out_features=128, bias=True)
      (1): BatchNorm1d(128, eps=1e-05, momentum=0.1, affine=True, track_running_stats=True)
      (2): ReLU()
      (3): Dropout(p=0.5, inplace=False)
      (4): Linear(in_features=128, out_features=32, bias=True)
      (5): BatchNorm1d(32, eps=1e-05, momentum=0.1, affine=True, track_running_stats=True)
      (6): ReLU()
      (7): Dropout(p=0.5, inplace=False)
      (8): Linear(in_features=32, out_features=1, bias=True)
    )
  )
)
Epoch 001 | time=4.4s | train_loss=0.6738 | val_loss=0.6452 | val_auc=0.7210
  ✓ New best model (epoch 1, val_loss=0.6452, val_auc=0.7210) saved to checkpoints/gcn_fp_chembert_lincs_graph_vs_cnn_seed1024.pt
Epoch 002 | time=3.7s | train_loss=0.5532 | val_loss=0.6061 | val_auc=0.7457
  ✓ New best model (epoch 2, val_loss=0.6061, val_auc=0.7457) saved to checkpoints/gcn_fp_chembert_lincs_graph_vs_cnn_seed1024.pt
Epoch 003 | time=3.7s | train_loss=0.4733 | val_loss=0.5759 | val_auc=0.7693
  ✓ New best model (epoch 3, val_loss=0.5759, val_auc=0.7693) saved to checkpoints/gcn_fp_chembert_lincs_graph_vs_cnn_seed1024.pt
Epoch 004 | time=3.7s | train_loss=0.4237 | val_loss=0.5555 | val_auc=0.7884
  ✓ New best model (epoch 4, val_loss=0.5555, val_auc=0.7884) saved to checkpoints/gcn_fp_chembert_lincs_graph_vs_cnn_seed1024.pt
Epoch 005 | time=3.7s | train_loss=0.3930 | val_loss=0.5469 | val_auc=0.8002
  ✓ New best model (epoch 5, val_loss=0.5469, val_auc=0.8002) saved to checkpoints/gcn_fp_chembert_lincs_graph_vs_cnn_seed1024.pt
Epoch 006 | time=3.7s | train_loss=0.3645 | val_loss=0.5408 | val_auc=0.8098
  ✓ New best model (epoch 6, val_loss=0.5408, val_auc=0.8098) saved to checkpoints/gcn_fp_chembert_lincs_graph_vs_cnn_seed1024.pt
Epoch 007 | time=3.7s | train_loss=0.3410 | val_loss=0.5303 | val_auc=0.8208
  ✓ New best model (epoch 7, val_loss=0.5303, val_auc=0.8208) saved to checkpoints/gcn_fp_chembert_lincs_graph_vs_cnn_seed1024.pt
Epoch 008 | time=3.7s | train_loss=0.3204 | val_loss=0.5370 | val_auc=0.8171
Epoch 009 | time=3.7s | train_loss=0.3048 | val_loss=0.5335 | val_auc=0.8261
  ✓ New best model (epoch 9, val_loss=0.5335, val_auc=0.8261) saved to checkpoints/gcn_fp_chembert_lincs_graph_vs_cnn_seed1024.pt
Epoch 010 | time=3.7s | train_loss=0.2869 | val_loss=0.5272 | val_auc=0.8295
  ✓ New best model (epoch 10, val_loss=0.5272, val_auc=0.8295) saved to checkpoints/gcn_fp_chembert_lincs_graph_vs_cnn_seed1024.pt
Epoch 011 | time=3.7s | train_loss=0.2725 | val_loss=0.5223 | val_auc=0.8305
  ✓ New best model (epoch 11, val_loss=0.5223, val_auc=0.8305) saved to checkpoints/gcn_fp_chembert_lincs_graph_vs_cnn_seed1024.pt
Epoch 012 | time=3.7s | train_loss=0.2579 | val_loss=0.5253 | val_auc=0.8383
  ✓ New best model (epoch 12, val_loss=0.5253, val_auc=0.8383) saved to checkpoints/gcn_fp_chembert_lincs_graph_vs_cnn_seed1024.pt
Epoch 013 | time=3.7s | train_loss=0.2490 | val_loss=0.5410 | val_auc=0.8286
Epoch 014 | time=3.7s | train_loss=0.2367 | val_loss=0.5269 | val_auc=0.8370
Epoch 015 | time=3.7s | train_loss=0.2277 | val_loss=0.5245 | val_auc=0.8376
Epoch 016 | time=3.7s | train_loss=0.2204 | val_loss=0.5505 | val_auc=0.8312
Epoch 017 | time=3.8s | train_loss=0.2147 | val_loss=0.5287 | val_auc=0.8437
  ✓ New best model (epoch 17, val_loss=0.5287, val_auc=0.8437) saved to checkpoints/gcn_fp_chembert_lincs_graph_vs_cnn_seed1024.pt
Epoch 018 | time=3.7s | train_loss=0.1989 | val_loss=0.5367 | val_auc=0.8391
Epoch 019 | time=3.7s | train_loss=0.1932 | val_loss=0.5293 | val_auc=0.8434
Epoch 020 | time=3.7s | train_loss=0.1913 | val_loss=0.5348 | val_auc=0.8452
  ✓ New best model (epoch 20, val_loss=0.5348, val_auc=0.8452) saved to checkpoints/gcn_fp_chembert_lincs_graph_vs_cnn_seed1024.pt
Epoch 021 | time=3.7s | train_loss=0.1868 | val_loss=0.5357 | val_auc=0.8469
  ✓ New best model (epoch 21, val_loss=0.5357, val_auc=0.8469) saved to checkpoints/gcn_fp_chembert_lincs_graph_vs_cnn_seed1024.pt
Epoch 022 | time=3.7s | train_loss=0.1818 | val_loss=0.5266 | val_auc=0.8453
Epoch 023 | time=3.7s | train_loss=0.1769 | val_loss=0.5501 | val_auc=0.8468
Epoch 024 | time=3.7s | train_loss=0.1696 | val_loss=0.5547 | val_auc=0.8440
Epoch 025 | time=3.7s | train_loss=0.1702 | val_loss=0.5372 | val_auc=0.8476
  ✓ New best model (epoch 25, val_loss=0.5372, val_auc=0.8476) saved to checkpoints/gcn_fp_chembert_lincs_graph_vs_cnn_seed1024.pt
Epoch 026 | time=3.7s | train_loss=0.1635 | val_loss=0.5457 | val_auc=0.8479
  ✓ New best model (epoch 26, val_loss=0.5457, val_auc=0.8479) saved to checkpoints/gcn_fp_chembert_lincs_graph_vs_cnn_seed1024.pt
Epoch 027 | time=3.7s | train_loss=0.1671 | val_loss=0.5487 | val_auc=0.8441
Epoch 028 | time=3.7s | train_loss=0.1603 | val_loss=0.5447 | val_auc=0.8452
Epoch 029 | time=3.7s | train_loss=0.1600 | val_loss=0.5651 | val_auc=0.8450
Epoch 030 | time=3.7s | train_loss=0.1592 | val_loss=0.5606 | val_auc=0.8472
Epoch 031 | time=3.7s | train_loss=0.1539 | val_loss=0.5530 | val_auc=0.8475
Epoch 032 | time=3.7s | train_loss=0.1549 | val_loss=0.5402 | val_auc=0.8498
  ✓ New best model (epoch 32, val_loss=0.5402, val_auc=0.8498) saved to checkpoints/gcn_fp_chembert_lincs_graph_vs_cnn_seed1024.pt
Epoch 033 | time=3.7s | train_loss=0.1543 | val_loss=0.5420 | val_auc=0.8489
Epoch 034 | time=3.7s | train_loss=0.1551 | val_loss=0.5542 | val_auc=0.8494
Epoch 035 | time=3.7s | train_loss=0.1518 | val_loss=0.5499 | val_auc=0.8475
Epoch 036 | time=3.7s | train_loss=0.1519 | val_loss=0.5571 | val_auc=0.8482
Epoch 037 | time=3.7s | train_loss=0.1496 | val_loss=0.5554 | val_auc=0.8473
Epoch 038 | time=3.7s | train_loss=0.1505 | val_loss=0.5531 | val_auc=0.8493
Epoch 039 | time=3.7s | train_loss=0.1506 | val_loss=0.5546 | val_auc=0.8480
Epoch 040 | time=3.7s | train_loss=0.1490 | val_loss=0.5516 | val_auc=0.8484
Epoch 041 | time=3.7s | train_loss=0.1473 | val_loss=0.5512 | val_auc=0.8487
Epoch 042 | time=3.7s | train_loss=0.1461 | val_loss=0.5590 | val_auc=0.8477
Early stopping — no improvement for 10 epochs

Best model: epoch 32, val_loss=0.5590, val_auc=0.8498

═══ Test Results ═══
           auc: 0.7617
         auprc: 0.6723
            f1: 0.6678
     precision: 0.6467
        recall: 0.6904
          loss: 0.6880
