Uninstalled 1 package in 7ms
Installed 1 package in 11ms
/net/storage/pr3/plgrid/plggmlcil/plgkstankie/vvv/Multimodal-models-for-predicting-drug-target-interactions/.venv/lib/python3.11/site-packages/outdated/__init__.py:36: UserWarning: pkg_resources is deprecated as an API. See https://setuptools.pypa.io/en/latest/pkg_resources.html. The pkg_resources package is slated for removal as early as 2025-11-30. Refrain from using this package or pin to Setuptools<81.
  from pkg_resources import parse_version
Setting global random seed to 42
Using device: cuda
Loading clean data from: /net/storage/pr3/plgrid/plggmlcil/plgkstankie/vvv/Multimodal-models-for-predicting-drug-target-interactions/src/datasets/lincs_balanced.parquet
Dataset size: 27498
Train: 19558  Val: 2885  Test: 5055
ChemBERTProcessor: loaded 236379 embeddings (dim=768) from /net/storage/pr3/plgrid/plggmlcil/plgkstankie/vvv/Multimodal-models-for-predicting-drug-target-interactions/src/datasets/ChemBERTa-zinc-base-v1.pt
SMILES encoders:  ['GCNEncoder', 'FingerprintMLPEncoder', 'ChemBERTEncoder', 'LincsEncoder']
Protein encoders: ['ProteinCNNEncoder']
Building graph cache for 1264 SMILES...
  0%|          | 0/1264 [00:00<?, ?it/s] 20%|█▉        | 252/1264 [00:00<00:00, 2513.70it/s] 40%|███▉      | 504/1264 [00:00<00:00, 2418.96it/s] 59%|█████▉    | 747/1264 [00:00<00:00, 2354.36it/s] 79%|███████▉  | 998/1264 [00:00<00:00, 2413.68it/s] 99%|█████████▉| 1254/1264 [00:00<00:00, 2464.19it/s]100%|██████████| 1264/1264 [00:00<00:00, 2441.91it/s]
Valid SMILES graphs: 1264
MultimodalDTI(
  (smiles_encoders): ModuleList(
    (0): GCNEncoder(
      (atom_encoder): AtomEncoder(
        (atom_embedding_list): ModuleList(
          (0): Embedding(119, 128)
          (1): Embedding(5, 128)
          (2-3): 2 x Embedding(12, 128)
          (4): Embedding(10, 128)
          (5-6): 2 x Embedding(6, 128)
          (7-8): 2 x Embedding(2, 128)
        )
      )
      (convs): ModuleList(
        (0-2): 3 x GCNConv(128, 128)
      )
      (bns): ModuleList(
        (0-2): 3 x BatchNorm1d(128, eps=1e-05, momentum=0.1, affine=True, track_running_stats=True)
      )
    )
    (1): FingerprintMLPEncoder(
      (mlp): Sequential(
        (0): Linear(in_features=1024, out_features=256, bias=True)
        (1): BatchNorm1d(256, eps=1e-05, momentum=0.1, affine=True, track_running_stats=True)
        (2): ReLU()
        (3): Dropout(p=0.5, inplace=False)
        (4): Linear(in_features=256, out_features=128, bias=True)
        (5): BatchNorm1d(128, eps=1e-05, momentum=0.1, affine=True, track_running_stats=True)
        (6): ReLU()
      )
    )
    (2): ChemBERTEncoder(
      (projection): Sequential(
        (0): Linear(in_features=768, out_features=128, bias=True)
        (1): LayerNorm((128,), eps=1e-05, elementwise_affine=True)
        (2): ReLU()
      )
    )
    (3): LincsEncoder(
      (mlp): Sequential(
        (0): Linear(in_features=978, out_features=128, bias=True)
        (1): BatchNorm1d(128, eps=1e-05, momentum=0.1, affine=True, track_running_stats=True)
        (2): ReLU()
        (3): Dropout(p=0.5, inplace=False)
        (4): Linear(in_features=128, out_features=128, bias=True)
        (5): BatchNorm1d(128, eps=1e-05, momentum=0.1, affine=True, track_running_stats=True)
        (6): ReLU()
      )
    )
  )
  (protein_encoders): ModuleList(
    (0): ProteinCNNEncoder(
      (embedding): Embedding(21, 128, padding_idx=0)
      (conv_blocks): ModuleList(
        (0): Sequential(
          (0): Conv1d(128, 64, kernel_size=(3,), stride=(1,), padding=(1,))
          (1): BatchNorm1d(64, eps=1e-05, momentum=0.1, affine=True, track_running_stats=True)
          (2): ReLU()
          (3): Conv1d(64, 64, kernel_size=(3,), stride=(1,), padding=(1,))
          (4): BatchNorm1d(64, eps=1e-05, momentum=0.1, affine=True, track_running_stats=True)
          (5): ReLU()
        )
        (1): Sequential(
          (0): Conv1d(128, 64, kernel_size=(7,), stride=(1,), padding=(3,))
          (1): BatchNorm1d(64, eps=1e-05, momentum=0.1, affine=True, track_running_stats=True)
          (2): ReLU()
          (3): Conv1d(64, 64, kernel_size=(7,), stride=(1,), padding=(3,))
          (4): BatchNorm1d(64, eps=1e-05, momentum=0.1, affine=True, track_running_stats=True)
          (5): ReLU()
        )
        (2): Sequential(
          (0): Conv1d(128, 64, kernel_size=(15,), stride=(1,), padding=(7,))
          (1): BatchNorm1d(64, eps=1e-05, momentum=0.1, affine=True, track_running_stats=True)
          (2): ReLU()
          (3): Conv1d(64, 64, kernel_size=(15,), stride=(1,), padding=(7,))
          (4): BatchNorm1d(64, eps=1e-05, momentum=0.1, affine=True, track_running_stats=True)
          (5): ReLU()
        )
      )
    )
  )
  (fusion): MLPFusion(
    (classifier): Sequential(
      (0): Linear(in_features=704, out_features=128, bias=True)
      (1): BatchNorm1d(128, eps=1e-05, momentum=0.1, affine=True, track_running_stats=True)
      (2): ReLU()
      (3): Dropout(p=0.5, inplace=False)
      (4): Linear(in_features=128, out_features=32, bias=True)
      (5): BatchNorm1d(32, eps=1e-05, momentum=0.1, affine=True, track_running_stats=True)
      (6): ReLU()
      (7): Dropout(p=0.5, inplace=False)
      (8): Linear(in_features=32, out_features=1, bias=True)
    )
  )
)
Epoch 001 | time=3.5s | train_loss=0.6566 | val_loss=0.6315 | val_auc=0.7077
  ✓ New best model (epoch 1, val_loss=0.6315, val_auc=0.7077) saved to checkpoints/gcn_fp_chembert_lincs_vs_cnn_seed42.pt
Epoch 002 | time=2.8s | train_loss=0.5424 | val_loss=0.5876 | val_auc=0.7452
  ✓ New best model (epoch 2, val_loss=0.5876, val_auc=0.7452) saved to checkpoints/gcn_fp_chembert_lincs_vs_cnn_seed42.pt
Epoch 003 | time=2.8s | train_loss=0.4693 | val_loss=0.5557 | val_auc=0.7792
  ✓ New best model (epoch 3, val_loss=0.5557, val_auc=0.7792) saved to checkpoints/gcn_fp_chembert_lincs_vs_cnn_seed42.pt
Epoch 004 | time=2.8s | train_loss=0.4283 | val_loss=0.5456 | val_auc=0.7880
  ✓ New best model (epoch 4, val_loss=0.5456, val_auc=0.7880) saved to checkpoints/gcn_fp_chembert_lincs_vs_cnn_seed42.pt
Epoch 005 | time=2.8s | train_loss=0.3929 | val_loss=0.5363 | val_auc=0.7973
  ✓ New best model (epoch 5, val_loss=0.5363, val_auc=0.7973) saved to checkpoints/gcn_fp_chembert_lincs_vs_cnn_seed42.pt
Epoch 006 | time=2.8s | train_loss=0.3663 | val_loss=0.5183 | val_auc=0.8145
  ✓ New best model (epoch 6, val_loss=0.5183, val_auc=0.8145) saved to checkpoints/gcn_fp_chembert_lincs_vs_cnn_seed42.pt
Epoch 007 | time=2.7s | train_loss=0.3439 | val_loss=0.5255 | val_auc=0.8081
Epoch 008 | time=2.7s | train_loss=0.3233 | val_loss=0.5244 | val_auc=0.8070
Epoch 009 | time=2.8s | train_loss=0.3080 | val_loss=0.5097 | val_auc=0.8224
  ✓ New best model (epoch 9, val_loss=0.5097, val_auc=0.8224) saved to checkpoints/gcn_fp_chembert_lincs_vs_cnn_seed42.pt
Epoch 010 | time=2.7s | train_loss=0.2881 | val_loss=0.5178 | val_auc=0.8208
Epoch 011 | time=2.8s | train_loss=0.2745 | val_loss=0.5094 | val_auc=0.8264
  ✓ New best model (epoch 11, val_loss=0.5094, val_auc=0.8264) saved to checkpoints/gcn_fp_chembert_lincs_vs_cnn_seed42.pt
Epoch 012 | time=2.8s | train_loss=0.2602 | val_loss=0.5115 | val_auc=0.8258
Epoch 013 | time=2.7s | train_loss=0.2534 | val_loss=0.5155 | val_auc=0.8270
  ✓ New best model (epoch 13, val_loss=0.5155, val_auc=0.8270) saved to checkpoints/gcn_fp_chembert_lincs_vs_cnn_seed42.pt
Epoch 014 | time=2.8s | train_loss=0.2380 | val_loss=0.5072 | val_auc=0.8325
  ✓ New best model (epoch 14, val_loss=0.5072, val_auc=0.8325) saved to checkpoints/gcn_fp_chembert_lincs_vs_cnn_seed42.pt
Epoch 015 | time=2.8s | train_loss=0.2289 | val_loss=0.5059 | val_auc=0.8333
  ✓ New best model (epoch 15, val_loss=0.5059, val_auc=0.8333) saved to checkpoints/gcn_fp_chembert_lincs_vs_cnn_seed42.pt
Epoch 016 | time=2.7s | train_loss=0.2216 | val_loss=0.5023 | val_auc=0.8379
  ✓ New best model (epoch 16, val_loss=0.5023, val_auc=0.8379) saved to checkpoints/gcn_fp_chembert_lincs_vs_cnn_seed42.pt
Epoch 017 | time=3.0s | train_loss=0.2125 | val_loss=0.5142 | val_auc=0.8353
Epoch 018 | time=2.8s | train_loss=0.2066 | val_loss=0.5226 | val_auc=0.8318
Epoch 019 | time=2.8s | train_loss=0.1984 | val_loss=0.5202 | val_auc=0.8365
Epoch 020 | time=2.7s | train_loss=0.1941 | val_loss=0.5226 | val_auc=0.8360
Epoch 021 | time=2.8s | train_loss=0.1857 | val_loss=0.5104 | val_auc=0.8445
  ✓ New best model (epoch 21, val_loss=0.5104, val_auc=0.8445) saved to checkpoints/gcn_fp_chembert_lincs_vs_cnn_seed42.pt
Epoch 022 | time=2.8s | train_loss=0.1765 | val_loss=0.5240 | val_auc=0.8409
Epoch 023 | time=2.8s | train_loss=0.1692 | val_loss=0.5332 | val_auc=0.8416
Epoch 024 | time=2.7s | train_loss=0.1642 | val_loss=0.5300 | val_auc=0.8453
  ✓ New best model (epoch 24, val_loss=0.5300, val_auc=0.8453) saved to checkpoints/gcn_fp_chembert_lincs_vs_cnn_seed42.pt
Epoch 025 | time=2.8s | train_loss=0.1607 | val_loss=0.5268 | val_auc=0.8472
  ✓ New best model (epoch 25, val_loss=0.5268, val_auc=0.8472) saved to checkpoints/gcn_fp_chembert_lincs_vs_cnn_seed42.pt
Epoch 026 | time=2.8s | train_loss=0.1556 | val_loss=0.5495 | val_auc=0.8379
Epoch 027 | time=2.8s | train_loss=0.1533 | val_loss=0.5267 | val_auc=0.8467
Epoch 028 | time=2.8s | train_loss=0.1503 | val_loss=0.5408 | val_auc=0.8430
Epoch 029 | time=2.8s | train_loss=0.1474 | val_loss=0.5326 | val_auc=0.8465
Epoch 030 | time=3.0s | train_loss=0.1443 | val_loss=0.5374 | val_auc=0.8463
Epoch 031 | time=2.8s | train_loss=0.1392 | val_loss=0.5405 | val_auc=0.8468
Epoch 032 | time=2.8s | train_loss=0.1382 | val_loss=0.5496 | val_auc=0.8440
Epoch 033 | time=2.8s | train_loss=0.1395 | val_loss=0.5547 | val_auc=0.8442
Epoch 034 | time=2.8s | train_loss=0.1371 | val_loss=0.5554 | val_auc=0.8441
Epoch 035 | time=2.8s | train_loss=0.1324 | val_loss=0.5468 | val_auc=0.8470
Early stopping — no improvement for 10 epochs

Best model: epoch 25, val_loss=0.5468, val_auc=0.8472

═══ Test Results ═══
           auc: 0.7440
         auprc: 0.6903
            f1: 0.6323
     precision: 0.6319
        recall: 0.6327
          loss: 0.7094
