Uninstalled 1 package in 10ms
Installed 1 package in 32ms
/net/storage/pr3/plgrid/plggmlcil/plgkstankie/vvv/Multimodal-models-for-predicting-drug-target-interactions/.venv/lib/python3.11/site-packages/outdated/__init__.py:36: UserWarning: pkg_resources is deprecated as an API. See https://setuptools.pypa.io/en/latest/pkg_resources.html. The pkg_resources package is slated for removal as early as 2025-11-30. Refrain from using this package or pin to Setuptools<81.
  from pkg_resources import parse_version
Setting global random seed to 42
Using device: cuda
Loading clean data from: /net/storage/pr3/plgrid/plggmlcil/plgkstankie/vvv/Multimodal-models-for-predicting-drug-target-interactions/src/datasets/lincs_balanced.parquet
Dataset size: 27498
Train: 19558  Val: 2885  Test: 5055
ChemBERTProcessor: loaded 236379 embeddings (dim=768) from /net/storage/pr3/plgrid/plggmlcil/plgkstankie/vvv/Multimodal-models-for-predicting-drug-target-interactions/src/datasets/ChemBERTa-zinc-base-v1.pt
SMILES encoders:  ['GCNEncoder', 'FingerprintMLPEncoder', 'ChemBERTEncoder', 'LincsGraphEncoder']
Protein encoders: ['ProteinCNNEncoder']
Building graph cache for 1264 SMILES...
  0%|          | 0/1264 [00:00<?, ?it/s] 19%|█▉        | 243/1264 [00:00<00:00, 2421.04it/s] 38%|███▊      | 486/1264 [00:00<00:00, 2352.71it/s] 57%|█████▋    | 722/1264 [00:00<00:00, 2300.16it/s] 76%|███████▌  | 955/1264 [00:00<00:00, 2309.91it/s] 96%|█████████▌| 1209/1264 [00:00<00:00, 2390.84it/s]100%|██████████| 1264/1264 [00:00<00:00, 2375.16it/s]
Valid SMILES graphs: 1264
MultimodalDTI(
  (smiles_encoders): ModuleList(
    (0): GCNEncoder(
      (atom_encoder): AtomEncoder(
        (atom_embedding_list): ModuleList(
          (0): Embedding(119, 128)
          (1): Embedding(5, 128)
          (2-3): 2 x Embedding(12, 128)
          (4): Embedding(10, 128)
          (5-6): 2 x Embedding(6, 128)
          (7-8): 2 x Embedding(2, 128)
        )
      )
      (convs): ModuleList(
        (0-2): 3 x GCNConv(128, 128)
      )
      (bns): ModuleList(
        (0-2): 3 x BatchNorm1d(128, eps=1e-05, momentum=0.1, affine=True, track_running_stats=True)
      )
    )
    (1): FingerprintMLPEncoder(
      (mlp): Sequential(
        (0): Linear(in_features=1024, out_features=256, bias=True)
        (1): BatchNorm1d(256, eps=1e-05, momentum=0.1, affine=True, track_running_stats=True)
        (2): ReLU()
        (3): Dropout(p=0.5, inplace=False)
        (4): Linear(in_features=256, out_features=128, bias=True)
        (5): BatchNorm1d(128, eps=1e-05, momentum=0.1, affine=True, track_running_stats=True)
        (6): ReLU()
      )
    )
    (2): ChemBERTEncoder(
      (projection): Sequential(
        (0): Linear(in_features=768, out_features=128, bias=True)
        (1): LayerNorm((128,), eps=1e-05, elementwise_affine=True)
        (2): ReLU()
      )
    )
    (3): LincsGraphEncoder(
      (proj): Linear(in_features=1, out_features=128, bias=True)
      (convs): ModuleList(
        (0-1): 2 x DenseGCNConv(
          (linear): Linear(in_features=128, out_features=128, bias=False)
        )
      )
      (bns): ModuleList(
        (0-1): 2 x BatchNorm1d(128, eps=1e-05, momentum=0.1, affine=True, track_running_stats=True)
      )
      (pool_proj): Linear(in_features=128, out_features=128, bias=True)
    )
  )
  (protein_encoders): ModuleList(
    (0): ProteinCNNEncoder(
      (embedding): Embedding(21, 128, padding_idx=0)
      (conv_blocks): ModuleList(
        (0): Sequential(
          (0): Conv1d(128, 64, kernel_size=(3,), stride=(1,), padding=(1,))
          (1): BatchNorm1d(64, eps=1e-05, momentum=0.1, affine=True, track_running_stats=True)
          (2): ReLU()
          (3): Conv1d(64, 64, kernel_size=(3,), stride=(1,), padding=(1,))
          (4): BatchNorm1d(64, eps=1e-05, momentum=0.1, affine=True, track_running_stats=True)
          (5): ReLU()
        )
        (1): Sequential(
          (0): Conv1d(128, 64, kernel_size=(7,), stride=(1,), padding=(3,))
          (1): BatchNorm1d(64, eps=1e-05, momentum=0.1, affine=True, track_running_stats=True)
          (2): ReLU()
          (3): Conv1d(64, 64, kernel_size=(7,), stride=(1,), padding=(3,))
          (4): BatchNorm1d(64, eps=1e-05, momentum=0.1, affine=True, track_running_stats=True)
          (5): ReLU()
        )
        (2): Sequential(
          (0): Conv1d(128, 64, kernel_size=(15,), stride=(1,), padding=(7,))
          (1): BatchNorm1d(64, eps=1e-05, momentum=0.1, affine=True, track_running_stats=True)
          (2): ReLU()
          (3): Conv1d(64, 64, kernel_size=(15,), stride=(1,), padding=(7,))
          (4): BatchNorm1d(64, eps=1e-05, momentum=0.1, affine=True, track_running_stats=True)
          (5): ReLU()
        )
      )
    )
  )
  (fusion): MLPFusion(
    (classifier): Sequential(
      (0): Linear(in_features=704, out_features=128, bias=True)
      (1): BatchNorm1d(128, eps=1e-05, momentum=0.1, affine=True, track_running_stats=True)
      (2): ReLU()
      (3): Dropout(p=0.5, inplace=False)
      (4): Linear(in_features=128, out_features=32, bias=True)
      (5): BatchNorm1d(32, eps=1e-05, momentum=0.1, affine=True, track_running_stats=True)
      (6): ReLU()
      (7): Dropout(p=0.5, inplace=False)
      (8): Linear(in_features=32, out_features=1, bias=True)
    )
  )
)
Epoch 001 | time=9.8s | train_loss=0.6555 | val_loss=0.6355 | val_auc=0.6955
  ✓ New best model (epoch 1, val_loss=0.6355, val_auc=0.6955) saved to checkpoints/gcn_fp_chembert_lincs_graph_vs_cnn_seed42.pt
Epoch 002 | time=3.7s | train_loss=0.5413 | val_loss=0.5989 | val_auc=0.7334
  ✓ New best model (epoch 2, val_loss=0.5989, val_auc=0.7334) saved to checkpoints/gcn_fp_chembert_lincs_graph_vs_cnn_seed42.pt
Epoch 003 | time=3.7s | train_loss=0.4689 | val_loss=0.5801 | val_auc=0.7576
  ✓ New best model (epoch 3, val_loss=0.5801, val_auc=0.7576) saved to checkpoints/gcn_fp_chembert_lincs_graph_vs_cnn_seed42.pt
Epoch 004 | time=3.7s | train_loss=0.4245 | val_loss=0.5512 | val_auc=0.7866
  ✓ New best model (epoch 4, val_loss=0.5512, val_auc=0.7866) saved to checkpoints/gcn_fp_chembert_lincs_graph_vs_cnn_seed42.pt
Epoch 005 | time=3.9s | train_loss=0.3950 | val_loss=0.5491 | val_auc=0.7870
  ✓ New best model (epoch 5, val_loss=0.5491, val_auc=0.7870) saved to checkpoints/gcn_fp_chembert_lincs_graph_vs_cnn_seed42.pt
Epoch 006 | time=3.7s | train_loss=0.3705 | val_loss=0.5470 | val_auc=0.7925
  ✓ New best model (epoch 6, val_loss=0.5470, val_auc=0.7925) saved to checkpoints/gcn_fp_chembert_lincs_graph_vs_cnn_seed42.pt
Epoch 007 | time=3.7s | train_loss=0.3436 | val_loss=0.5431 | val_auc=0.7967
  ✓ New best model (epoch 7, val_loss=0.5431, val_auc=0.7967) saved to checkpoints/gcn_fp_chembert_lincs_graph_vs_cnn_seed42.pt
Epoch 008 | time=3.7s | train_loss=0.3249 | val_loss=0.5336 | val_auc=0.8029
  ✓ New best model (epoch 8, val_loss=0.5336, val_auc=0.8029) saved to checkpoints/gcn_fp_chembert_lincs_graph_vs_cnn_seed42.pt
Epoch 009 | time=3.7s | train_loss=0.3074 | val_loss=0.5319 | val_auc=0.8081
  ✓ New best model (epoch 9, val_loss=0.5319, val_auc=0.8081) saved to checkpoints/gcn_fp_chembert_lincs_graph_vs_cnn_seed42.pt
Epoch 010 | time=3.7s | train_loss=0.2921 | val_loss=0.5309 | val_auc=0.8107
  ✓ New best model (epoch 10, val_loss=0.5309, val_auc=0.8107) saved to checkpoints/gcn_fp_chembert_lincs_graph_vs_cnn_seed42.pt
Epoch 011 | time=3.7s | train_loss=0.2786 | val_loss=0.5383 | val_auc=0.8102
Epoch 012 | time=3.7s | train_loss=0.2662 | val_loss=0.5415 | val_auc=0.8103
Epoch 013 | time=3.7s | train_loss=0.2551 | val_loss=0.5288 | val_auc=0.8192
  ✓ New best model (epoch 13, val_loss=0.5288, val_auc=0.8192) saved to checkpoints/gcn_fp_chembert_lincs_graph_vs_cnn_seed42.pt
Epoch 014 | time=3.7s | train_loss=0.2461 | val_loss=0.5279 | val_auc=0.8219
  ✓ New best model (epoch 14, val_loss=0.5279, val_auc=0.8219) saved to checkpoints/gcn_fp_chembert_lincs_graph_vs_cnn_seed42.pt
Epoch 015 | time=3.7s | train_loss=0.2318 | val_loss=0.5412 | val_auc=0.8161
Epoch 016 | time=3.7s | train_loss=0.2241 | val_loss=0.5147 | val_auc=0.8351
  ✓ New best model (epoch 16, val_loss=0.5147, val_auc=0.8351) saved to checkpoints/gcn_fp_chembert_lincs_graph_vs_cnn_seed42.pt
Epoch 017 | time=3.9s | train_loss=0.2154 | val_loss=0.5456 | val_auc=0.8212
Epoch 018 | time=3.7s | train_loss=0.2081 | val_loss=0.5301 | val_auc=0.8310
Epoch 019 | time=3.7s | train_loss=0.1996 | val_loss=0.5287 | val_auc=0.8301
Epoch 020 | time=3.7s | train_loss=0.1946 | val_loss=0.5269 | val_auc=0.8358
  ✓ New best model (epoch 20, val_loss=0.5269, val_auc=0.8358) saved to checkpoints/gcn_fp_chembert_lincs_graph_vs_cnn_seed42.pt
Epoch 021 | time=3.7s | train_loss=0.1872 | val_loss=0.5298 | val_auc=0.8379
  ✓ New best model (epoch 21, val_loss=0.5298, val_auc=0.8379) saved to checkpoints/gcn_fp_chembert_lincs_graph_vs_cnn_seed42.pt
Epoch 022 | time=3.7s | train_loss=0.1826 | val_loss=0.5332 | val_auc=0.8430
  ✓ New best model (epoch 22, val_loss=0.5332, val_auc=0.8430) saved to checkpoints/gcn_fp_chembert_lincs_graph_vs_cnn_seed42.pt
Epoch 023 | time=3.7s | train_loss=0.1727 | val_loss=0.5168 | val_auc=0.8453
  ✓ New best model (epoch 23, val_loss=0.5168, val_auc=0.8453) saved to checkpoints/gcn_fp_chembert_lincs_graph_vs_cnn_seed42.pt
Epoch 024 | time=3.7s | train_loss=0.1633 | val_loss=0.5214 | val_auc=0.8441
Epoch 025 | time=3.7s | train_loss=0.1606 | val_loss=0.5299 | val_auc=0.8409
Epoch 026 | time=3.7s | train_loss=0.1586 | val_loss=0.5385 | val_auc=0.8399
Epoch 027 | time=3.7s | train_loss=0.1546 | val_loss=0.5286 | val_auc=0.8445
Epoch 028 | time=3.7s | train_loss=0.1561 | val_loss=0.5197 | val_auc=0.8502
  ✓ New best model (epoch 28, val_loss=0.5197, val_auc=0.8502) saved to checkpoints/gcn_fp_chembert_lincs_graph_vs_cnn_seed42.pt
Epoch 029 | time=3.7s | train_loss=0.1478 | val_loss=0.5320 | val_auc=0.8460
Epoch 030 | time=3.7s | train_loss=0.1421 | val_loss=0.5314 | val_auc=0.8460
Epoch 031 | time=3.7s | train_loss=0.1427 | val_loss=0.5254 | val_auc=0.8487
Epoch 032 | time=3.7s | train_loss=0.1386 | val_loss=0.5276 | val_auc=0.8503
  ✓ New best model (epoch 32, val_loss=0.5276, val_auc=0.8503) saved to checkpoints/gcn_fp_chembert_lincs_graph_vs_cnn_seed42.pt
Epoch 033 | time=3.7s | train_loss=0.1390 | val_loss=0.5431 | val_auc=0.8445
Epoch 034 | time=3.7s | train_loss=0.1384 | val_loss=0.5417 | val_auc=0.8466
Epoch 035 | time=3.7s | train_loss=0.1371 | val_loss=0.5417 | val_auc=0.8469
Epoch 036 | time=3.7s | train_loss=0.1344 | val_loss=0.5385 | val_auc=0.8479
Epoch 037 | time=3.7s | train_loss=0.1314 | val_loss=0.5406 | val_auc=0.8478
Epoch 038 | time=3.7s | train_loss=0.1332 | val_loss=0.5383 | val_auc=0.8476
Epoch 039 | time=3.7s | train_loss=0.1326 | val_loss=0.5399 | val_auc=0.8484
Epoch 040 | time=3.7s | train_loss=0.1321 | val_loss=0.5450 | val_auc=0.8468
Epoch 041 | time=3.7s | train_loss=0.1306 | val_loss=0.5439 | val_auc=0.8476
Epoch 042 | time=3.7s | train_loss=0.1267 | val_loss=0.5501 | val_auc=0.8482
Early stopping — no improvement for 10 epochs

Best model: epoch 32, val_loss=0.5501, val_auc=0.8503

═══ Test Results ═══
           auc: 0.7333
         auprc: 0.6596
            f1: 0.6611
     precision: 0.6416
        recall: 0.6818
          loss: 0.7591
