Uninstalled 1 package in 7ms
Installed 1 package in 12ms
/net/storage/pr3/plgrid/plggmlcil/plgkstankie/vvv/Multimodal-models-for-predicting-drug-target-interactions/.venv/lib/python3.11/site-packages/outdated/__init__.py:36: UserWarning: pkg_resources is deprecated as an API. See https://setuptools.pypa.io/en/latest/pkg_resources.html. The pkg_resources package is slated for removal as early as 2025-11-30. Refrain from using this package or pin to Setuptools<81.
  from pkg_resources import parse_version
Setting global random seed to 42
Using device: cuda
Loading clean data from: /net/storage/pr3/plgrid/plggmlcil/plgkstankie/vvv/Multimodal-models-for-predicting-drug-target-interactions/src/datasets/lincs_balanced.parquet
Dataset size: 27498
Train: 19558  Val: 2885  Test: 5055
ChemBERTProcessor: loaded 236379 embeddings (dim=768) from /net/storage/pr3/plgrid/plggmlcil/plgkstankie/vvv/Multimodal-models-for-predicting-drug-target-interactions/src/datasets/ChemBERTa-zinc-base-v1.pt
SMILES encoders:  ['GCNEncoder', 'ChemBERTEncoder']
Protein encoders: ['ProteinCNNEncoder']
Building graph cache for 1264 SMILES...
  0%|          | 0/1264 [00:00<?, ?it/s] 20%|█▉        | 251/1264 [00:00<00:00, 2500.63it/s] 40%|███▉      | 502/1264 [00:00<00:00, 2420.03it/s] 59%|█████▉    | 745/1264 [00:00<00:00, 2336.81it/s] 79%|███████▊  | 993/1264 [00:00<00:00, 2390.19it/s] 99%|█████████▊| 1247/1264 [00:00<00:00, 2440.94it/s]100%|██████████| 1264/1264 [00:00<00:00, 2424.77it/s]
Valid SMILES graphs: 1264
MultimodalDTI(
  (smiles_encoders): ModuleList(
    (0): GCNEncoder(
      (atom_encoder): AtomEncoder(
        (atom_embedding_list): ModuleList(
          (0): Embedding(119, 128)
          (1): Embedding(5, 128)
          (2-3): 2 x Embedding(12, 128)
          (4): Embedding(10, 128)
          (5-6): 2 x Embedding(6, 128)
          (7-8): 2 x Embedding(2, 128)
        )
      )
      (convs): ModuleList(
        (0-2): 3 x GCNConv(128, 128)
      )
      (bns): ModuleList(
        (0-2): 3 x BatchNorm1d(128, eps=1e-05, momentum=0.1, affine=True, track_running_stats=True)
      )
    )
    (1): ChemBERTEncoder(
      (projection): Sequential(
        (0): Linear(in_features=768, out_features=128, bias=True)
        (1): LayerNorm((128,), eps=1e-05, elementwise_affine=True)
        (2): ReLU()
      )
    )
  )
  (protein_encoders): ModuleList(
    (0): ProteinCNNEncoder(
      (embedding): Embedding(21, 128, padding_idx=0)
      (conv_blocks): ModuleList(
        (0): Sequential(
          (0): Conv1d(128, 64, kernel_size=(3,), stride=(1,), padding=(1,))
          (1): BatchNorm1d(64, eps=1e-05, momentum=0.1, affine=True, track_running_stats=True)
          (2): ReLU()
          (3): Conv1d(64, 64, kernel_size=(3,), stride=(1,), padding=(1,))
          (4): BatchNorm1d(64, eps=1e-05, momentum=0.1, affine=True, track_running_stats=True)
          (5): ReLU()
        )
        (1): Sequential(
          (0): Conv1d(128, 64, kernel_size=(7,), stride=(1,), padding=(3,))
          (1): BatchNorm1d(64, eps=1e-05, momentum=0.1, affine=True, track_running_stats=True)
          (2): ReLU()
          (3): Conv1d(64, 64, kernel_size=(7,), stride=(1,), padding=(3,))
          (4): BatchNorm1d(64, eps=1e-05, momentum=0.1, affine=True, track_running_stats=True)
          (5): ReLU()
        )
        (2): Sequential(
          (0): Conv1d(128, 64, kernel_size=(15,), stride=(1,), padding=(7,))
          (1): BatchNorm1d(64, eps=1e-05, momentum=0.1, affine=True, track_running_stats=True)
          (2): ReLU()
          (3): Conv1d(64, 64, kernel_size=(15,), stride=(1,), padding=(7,))
          (4): BatchNorm1d(64, eps=1e-05, momentum=0.1, affine=True, track_running_stats=True)
          (5): ReLU()
        )
      )
    )
  )
  (fusion): MLPFusion(
    (classifier): Sequential(
      (0): Linear(in_features=448, out_features=128, bias=True)
      (1): BatchNorm1d(128, eps=1e-05, momentum=0.1, affine=True, track_running_stats=True)
      (2): ReLU()
      (3): Dropout(p=0.5, inplace=False)
      (4): Linear(in_features=128, out_features=32, bias=True)
      (5): BatchNorm1d(32, eps=1e-05, momentum=0.1, affine=True, track_running_stats=True)
      (6): ReLU()
      (7): Dropout(p=0.5, inplace=False)
      (8): Linear(in_features=32, out_features=1, bias=True)
    )
  )
)
Epoch 001 | time=3.3s | train_loss=0.6756 | val_loss=0.6989 | val_auc=0.6287
  ✓ New best model (epoch 1, val_loss=0.6989, val_auc=0.6287) saved to checkpoints/gcn_chembert_vs_cnn_seed42.pt
Epoch 002 | time=2.4s | train_loss=0.5663 | val_loss=0.6378 | val_auc=0.7050
  ✓ New best model (epoch 2, val_loss=0.6378, val_auc=0.7050) saved to checkpoints/gcn_chembert_vs_cnn_seed42.pt
Epoch 003 | time=2.4s | train_loss=0.4896 | val_loss=0.6060 | val_auc=0.7432
  ✓ New best model (epoch 3, val_loss=0.6060, val_auc=0.7432) saved to checkpoints/gcn_chembert_vs_cnn_seed42.pt
Epoch 004 | time=2.4s | train_loss=0.4414 | val_loss=0.5969 | val_auc=0.7517
  ✓ New best model (epoch 4, val_loss=0.5969, val_auc=0.7517) saved to checkpoints/gcn_chembert_vs_cnn_seed42.pt
Epoch 005 | time=2.4s | train_loss=0.4100 | val_loss=0.5732 | val_auc=0.7675
  ✓ New best model (epoch 5, val_loss=0.5732, val_auc=0.7675) saved to checkpoints/gcn_chembert_vs_cnn_seed42.pt
Epoch 006 | time=2.4s | train_loss=0.3840 | val_loss=0.5904 | val_auc=0.7683
  ✓ New best model (epoch 6, val_loss=0.5904, val_auc=0.7683) saved to checkpoints/gcn_chembert_vs_cnn_seed42.pt
Epoch 007 | time=2.4s | train_loss=0.3604 | val_loss=0.5594 | val_auc=0.7872
  ✓ New best model (epoch 7, val_loss=0.5594, val_auc=0.7872) saved to checkpoints/gcn_chembert_vs_cnn_seed42.pt
Epoch 008 | time=2.4s | train_loss=0.3431 | val_loss=0.5492 | val_auc=0.7967
  ✓ New best model (epoch 8, val_loss=0.5492, val_auc=0.7967) saved to checkpoints/gcn_chembert_vs_cnn_seed42.pt
Epoch 009 | time=2.4s | train_loss=0.3239 | val_loss=0.5531 | val_auc=0.7973
  ✓ New best model (epoch 9, val_loss=0.5531, val_auc=0.7973) saved to checkpoints/gcn_chembert_vs_cnn_seed42.pt
Epoch 010 | time=2.4s | train_loss=0.3097 | val_loss=0.5733 | val_auc=0.7861
Epoch 011 | time=2.4s | train_loss=0.3002 | val_loss=0.5517 | val_auc=0.8033
  ✓ New best model (epoch 11, val_loss=0.5517, val_auc=0.8033) saved to checkpoints/gcn_chembert_vs_cnn_seed42.pt
Epoch 012 | time=2.4s | train_loss=0.2826 | val_loss=0.5350 | val_auc=0.8128
  ✓ New best model (epoch 12, val_loss=0.5350, val_auc=0.8128) saved to checkpoints/gcn_chembert_vs_cnn_seed42.pt
Epoch 013 | time=2.4s | train_loss=0.2744 | val_loss=0.5512 | val_auc=0.8068
Epoch 014 | time=2.4s | train_loss=0.2618 | val_loss=0.5585 | val_auc=0.8046
Epoch 015 | time=2.4s | train_loss=0.2531 | val_loss=0.5417 | val_auc=0.8147
  ✓ New best model (epoch 15, val_loss=0.5417, val_auc=0.8147) saved to checkpoints/gcn_chembert_vs_cnn_seed42.pt
Epoch 016 | time=2.4s | train_loss=0.2469 | val_loss=0.5488 | val_auc=0.8165
  ✓ New best model (epoch 16, val_loss=0.5488, val_auc=0.8165) saved to checkpoints/gcn_chembert_vs_cnn_seed42.pt
Epoch 017 | time=2.4s | train_loss=0.2376 | val_loss=0.5477 | val_auc=0.8096
Epoch 018 | time=2.6s | train_loss=0.2287 | val_loss=0.5557 | val_auc=0.8164
Epoch 019 | time=2.4s | train_loss=0.2158 | val_loss=0.5506 | val_auc=0.8180
  ✓ New best model (epoch 19, val_loss=0.5506, val_auc=0.8180) saved to checkpoints/gcn_chembert_vs_cnn_seed42.pt
Epoch 020 | time=2.4s | train_loss=0.2101 | val_loss=0.5371 | val_auc=0.8249
  ✓ New best model (epoch 20, val_loss=0.5371, val_auc=0.8249) saved to checkpoints/gcn_chembert_vs_cnn_seed42.pt
Epoch 021 | time=2.4s | train_loss=0.2048 | val_loss=0.5494 | val_auc=0.8191
Epoch 022 | time=2.4s | train_loss=0.2007 | val_loss=0.5435 | val_auc=0.8223
Epoch 023 | time=2.4s | train_loss=0.1976 | val_loss=0.5509 | val_auc=0.8221
Epoch 024 | time=2.4s | train_loss=0.1950 | val_loss=0.5542 | val_auc=0.8214
Epoch 025 | time=2.4s | train_loss=0.1846 | val_loss=0.5578 | val_auc=0.8209
Epoch 026 | time=2.4s | train_loss=0.1844 | val_loss=0.5480 | val_auc=0.8239
Epoch 027 | time=2.4s | train_loss=0.1811 | val_loss=0.5556 | val_auc=0.8218
Epoch 028 | time=2.4s | train_loss=0.1799 | val_loss=0.5495 | val_auc=0.8245
Epoch 029 | time=2.4s | train_loss=0.1791 | val_loss=0.5553 | val_auc=0.8221
Epoch 030 | time=2.4s | train_loss=0.1754 | val_loss=0.5578 | val_auc=0.8235
Early stopping — no improvement for 10 epochs

Best model: epoch 20, val_loss=0.5578, val_auc=0.8249

═══ Test Results ═══
           auc: 0.6991
         auprc: 0.6408
            f1: 0.6292
     precision: 0.5845
        recall: 0.6814
          loss: 0.7512
