Uninstalled 1 package in 8ms
Installed 1 package in 12ms
/net/storage/pr3/plgrid/plggmlcil/plgkstankie/vvv/Multimodal-models-for-predicting-drug-target-interactions/.venv/lib/python3.11/site-packages/outdated/__init__.py:36: UserWarning: pkg_resources is deprecated as an API. See https://setuptools.pypa.io/en/latest/pkg_resources.html. The pkg_resources package is slated for removal as early as 2025-11-30. Refrain from using this package or pin to Setuptools<81.
  from pkg_resources import parse_version
Setting global random seed to 123
Using device: cuda
Loading clean data from: /net/storage/pr3/plgrid/plggmlcil/plgkstankie/vvv/Multimodal-models-for-predicting-drug-target-interactions/src/datasets/lincs_balanced.parquet
Dataset size: 27498
Train: 19558  Val: 2885  Test: 5055
ChemBERTProcessor: loaded 236379 embeddings (dim=768) from /net/storage/pr3/plgrid/plggmlcil/plgkstankie/vvv/Multimodal-models-for-predicting-drug-target-interactions/src/datasets/ChemBERTa-zinc-base-v1.pt
SMILES encoders:  ['GCNEncoder', 'FingerprintMLPEncoder', 'ChemBERTEncoder', 'LincsGraphEncoder']
Protein encoders: ['ProteinCNNEncoder']
Building graph cache for 1264 SMILES...
  0%|          | 0/1264 [00:00<?, ?it/s] 20%|█▉        | 251/1264 [00:00<00:00, 2508.80it/s] 40%|███▉      | 502/1264 [00:00<00:00, 2432.08it/s] 59%|█████▉    | 746/1264 [00:00<00:00, 2365.80it/s] 79%|███████▉  | 999/1264 [00:00<00:00, 2427.03it/s] 99%|█████████▉| 1255/1264 [00:00<00:00, 2472.72it/s]100%|██████████| 1264/1264 [00:00<00:00, 2451.53it/s]
Valid SMILES graphs: 1264
MultimodalDTI(
  (smiles_encoders): ModuleList(
    (0): GCNEncoder(
      (atom_encoder): AtomEncoder(
        (atom_embedding_list): ModuleList(
          (0): Embedding(119, 128)
          (1): Embedding(5, 128)
          (2-3): 2 x Embedding(12, 128)
          (4): Embedding(10, 128)
          (5-6): 2 x Embedding(6, 128)
          (7-8): 2 x Embedding(2, 128)
        )
      )
      (convs): ModuleList(
        (0-2): 3 x GCNConv(128, 128)
      )
      (bns): ModuleList(
        (0-2): 3 x BatchNorm1d(128, eps=1e-05, momentum=0.1, affine=True, track_running_stats=True)
      )
    )
    (1): FingerprintMLPEncoder(
      (mlp): Sequential(
        (0): Linear(in_features=1024, out_features=256, bias=True)
        (1): BatchNorm1d(256, eps=1e-05, momentum=0.1, affine=True, track_running_stats=True)
        (2): ReLU()
        (3): Dropout(p=0.5, inplace=False)
        (4): Linear(in_features=256, out_features=128, bias=True)
        (5): BatchNorm1d(128, eps=1e-05, momentum=0.1, affine=True, track_running_stats=True)
        (6): ReLU()
      )
    )
    (2): ChemBERTEncoder(
      (projection): Sequential(
        (0): Linear(in_features=768, out_features=128, bias=True)
        (1): LayerNorm((128,), eps=1e-05, elementwise_affine=True)
        (2): ReLU()
      )
    )
    (3): LincsGraphEncoder(
      (proj): Linear(in_features=1, out_features=128, bias=True)
      (convs): ModuleList(
        (0-1): 2 x DenseGCNConv(
          (linear): Linear(in_features=128, out_features=128, bias=False)
        )
      )
      (bns): ModuleList(
        (0-1): 2 x BatchNorm1d(128, eps=1e-05, momentum=0.1, affine=True, track_running_stats=True)
      )
      (pool_proj): Linear(in_features=128, out_features=128, bias=True)
    )
  )
  (protein_encoders): ModuleList(
    (0): ProteinCNNEncoder(
      (embedding): Embedding(21, 128, padding_idx=0)
      (conv_blocks): ModuleList(
        (0): Sequential(
          (0): Conv1d(128, 64, kernel_size=(3,), stride=(1,), padding=(1,))
          (1): BatchNorm1d(64, eps=1e-05, momentum=0.1, affine=True, track_running_stats=True)
          (2): ReLU()
          (3): Conv1d(64, 64, kernel_size=(3,), stride=(1,), padding=(1,))
          (4): BatchNorm1d(64, eps=1e-05, momentum=0.1, affine=True, track_running_stats=True)
          (5): ReLU()
        )
        (1): Sequential(
          (0): Conv1d(128, 64, kernel_size=(7,), stride=(1,), padding=(3,))
          (1): BatchNorm1d(64, eps=1e-05, momentum=0.1, affine=True, track_running_stats=True)
          (2): ReLU()
          (3): Conv1d(64, 64, kernel_size=(7,), stride=(1,), padding=(3,))
          (4): BatchNorm1d(64, eps=1e-05, momentum=0.1, affine=True, track_running_stats=True)
          (5): ReLU()
        )
        (2): Sequential(
          (0): Conv1d(128, 64, kernel_size=(15,), stride=(1,), padding=(7,))
          (1): BatchNorm1d(64, eps=1e-05, momentum=0.1, affine=True, track_running_stats=True)
          (2): ReLU()
          (3): Conv1d(64, 64, kernel_size=(15,), stride=(1,), padding=(7,))
          (4): BatchNorm1d(64, eps=1e-05, momentum=0.1, affine=True, track_running_stats=True)
          (5): ReLU()
        )
      )
    )
  )
  (fusion): MLPFusion(
    (classifier): Sequential(
      (0): Linear(in_features=704, out_features=128, bias=True)
      (1): BatchNorm1d(128, eps=1e-05, momentum=0.1, affine=True, track_running_stats=True)
      (2): ReLU()
      (3): Dropout(p=0.5, inplace=False)
      (4): Linear(in_features=128, out_features=32, bias=True)
      (5): BatchNorm1d(32, eps=1e-05, momentum=0.1, affine=True, track_running_stats=True)
      (6): ReLU()
      (7): Dropout(p=0.5, inplace=False)
      (8): Linear(in_features=32, out_features=1, bias=True)
    )
  )
)
Epoch 001 | time=4.4s | train_loss=0.6585 | val_loss=0.6418 | val_auc=0.6903
  ✓ New best model (epoch 1, val_loss=0.6418, val_auc=0.6903) saved to checkpoints/gcn_fp_chembert_lincs_graph_vs_cnn_seed123.pt
Epoch 002 | time=3.7s | train_loss=0.5574 | val_loss=0.5936 | val_auc=0.7513
  ✓ New best model (epoch 2, val_loss=0.5936, val_auc=0.7513) saved to checkpoints/gcn_fp_chembert_lincs_graph_vs_cnn_seed123.pt
Epoch 003 | time=3.7s | train_loss=0.4893 | val_loss=0.5824 | val_auc=0.7523
  ✓ New best model (epoch 3, val_loss=0.5824, val_auc=0.7523) saved to checkpoints/gcn_fp_chembert_lincs_graph_vs_cnn_seed123.pt
Epoch 004 | time=3.7s | train_loss=0.4444 | val_loss=0.5624 | val_auc=0.7749
  ✓ New best model (epoch 4, val_loss=0.5624, val_auc=0.7749) saved to checkpoints/gcn_fp_chembert_lincs_graph_vs_cnn_seed123.pt
Epoch 005 | time=3.7s | train_loss=0.4109 | val_loss=0.5554 | val_auc=0.7828
  ✓ New best model (epoch 5, val_loss=0.5554, val_auc=0.7828) saved to checkpoints/gcn_fp_chembert_lincs_graph_vs_cnn_seed123.pt
Epoch 006 | time=3.7s | train_loss=0.3807 | val_loss=0.5446 | val_auc=0.7918
  ✓ New best model (epoch 6, val_loss=0.5446, val_auc=0.7918) saved to checkpoints/gcn_fp_chembert_lincs_graph_vs_cnn_seed123.pt
Epoch 007 | time=3.7s | train_loss=0.3579 | val_loss=0.5499 | val_auc=0.7900
Epoch 008 | time=3.7s | train_loss=0.3374 | val_loss=0.5345 | val_auc=0.8028
  ✓ New best model (epoch 8, val_loss=0.5345, val_auc=0.8028) saved to checkpoints/gcn_fp_chembert_lincs_graph_vs_cnn_seed123.pt
Epoch 009 | time=3.7s | train_loss=0.3190 | val_loss=0.5379 | val_auc=0.8032
  ✓ New best model (epoch 9, val_loss=0.5379, val_auc=0.8032) saved to checkpoints/gcn_fp_chembert_lincs_graph_vs_cnn_seed123.pt
Epoch 010 | time=3.7s | train_loss=0.3041 | val_loss=0.5317 | val_auc=0.8097
  ✓ New best model (epoch 10, val_loss=0.5317, val_auc=0.8097) saved to checkpoints/gcn_fp_chembert_lincs_graph_vs_cnn_seed123.pt
Epoch 011 | time=3.7s | train_loss=0.2871 | val_loss=0.5302 | val_auc=0.8117
  ✓ New best model (epoch 11, val_loss=0.5302, val_auc=0.8117) saved to checkpoints/gcn_fp_chembert_lincs_graph_vs_cnn_seed123.pt
Epoch 012 | time=3.7s | train_loss=0.2759 | val_loss=0.5135 | val_auc=0.8235
  ✓ New best model (epoch 12, val_loss=0.5135, val_auc=0.8235) saved to checkpoints/gcn_fp_chembert_lincs_graph_vs_cnn_seed123.pt
Epoch 013 | time=3.7s | train_loss=0.2644 | val_loss=0.5155 | val_auc=0.8219
Epoch 014 | time=3.7s | train_loss=0.2529 | val_loss=0.5143 | val_auc=0.8288
  ✓ New best model (epoch 14, val_loss=0.5143, val_auc=0.8288) saved to checkpoints/gcn_fp_chembert_lincs_graph_vs_cnn_seed123.pt
Epoch 015 | time=3.7s | train_loss=0.2436 | val_loss=0.5134 | val_auc=0.8302
  ✓ New best model (epoch 15, val_loss=0.5134, val_auc=0.8302) saved to checkpoints/gcn_fp_chembert_lincs_graph_vs_cnn_seed123.pt
Epoch 016 | time=3.7s | train_loss=0.2318 | val_loss=0.5209 | val_auc=0.8273
Epoch 017 | time=3.9s | train_loss=0.2248 | val_loss=0.5306 | val_auc=0.8239
Epoch 018 | time=3.7s | train_loss=0.2151 | val_loss=0.5290 | val_auc=0.8278
Epoch 019 | time=3.7s | train_loss=0.2072 | val_loss=0.5345 | val_auc=0.8284
Epoch 020 | time=3.7s | train_loss=0.2005 | val_loss=0.5318 | val_auc=0.8314
  ✓ New best model (epoch 20, val_loss=0.5318, val_auc=0.8314) saved to checkpoints/gcn_fp_chembert_lincs_graph_vs_cnn_seed123.pt
Epoch 021 | time=3.7s | train_loss=0.1954 | val_loss=0.5219 | val_auc=0.8331
  ✓ New best model (epoch 21, val_loss=0.5219, val_auc=0.8331) saved to checkpoints/gcn_fp_chembert_lincs_graph_vs_cnn_seed123.pt
Epoch 022 | time=3.7s | train_loss=0.1835 | val_loss=0.5171 | val_auc=0.8410
  ✓ New best model (epoch 22, val_loss=0.5171, val_auc=0.8410) saved to checkpoints/gcn_fp_chembert_lincs_graph_vs_cnn_seed123.pt
Epoch 023 | time=3.7s | train_loss=0.1800 | val_loss=0.5198 | val_auc=0.8384
Epoch 024 | time=3.7s | train_loss=0.1718 | val_loss=0.5358 | val_auc=0.8354
Epoch 025 | time=3.7s | train_loss=0.1680 | val_loss=0.5189 | val_auc=0.8432
  ✓ New best model (epoch 25, val_loss=0.5189, val_auc=0.8432) saved to checkpoints/gcn_fp_chembert_lincs_graph_vs_cnn_seed123.pt
Epoch 026 | time=3.7s | train_loss=0.1685 | val_loss=0.5281 | val_auc=0.8378
Epoch 027 | time=3.7s | train_loss=0.1611 | val_loss=0.5231 | val_auc=0.8437
  ✓ New best model (epoch 27, val_loss=0.5231, val_auc=0.8437) saved to checkpoints/gcn_fp_chembert_lincs_graph_vs_cnn_seed123.pt
Epoch 028 | time=3.7s | train_loss=0.1574 | val_loss=0.5188 | val_auc=0.8464
  ✓ New best model (epoch 28, val_loss=0.5188, val_auc=0.8464) saved to checkpoints/gcn_fp_chembert_lincs_graph_vs_cnn_seed123.pt
Epoch 029 | time=3.7s | train_loss=0.1543 | val_loss=0.5345 | val_auc=0.8431
Epoch 030 | time=3.7s | train_loss=0.1525 | val_loss=0.5256 | val_auc=0.8448
Epoch 031 | time=3.7s | train_loss=0.1504 | val_loss=0.5279 | val_auc=0.8438
Epoch 032 | time=3.7s | train_loss=0.1493 | val_loss=0.5381 | val_auc=0.8412
Epoch 033 | time=3.7s | train_loss=0.1490 | val_loss=0.5367 | val_auc=0.8424
Epoch 034 | time=3.7s | train_loss=0.1447 | val_loss=0.5384 | val_auc=0.8428
Epoch 035 | time=3.7s | train_loss=0.1412 | val_loss=0.5390 | val_auc=0.8425
Epoch 036 | time=3.7s | train_loss=0.1418 | val_loss=0.5351 | val_auc=0.8442
Epoch 037 | time=3.7s | train_loss=0.1422 | val_loss=0.5338 | val_auc=0.8456
Epoch 038 | time=3.7s | train_loss=0.1411 | val_loss=0.5396 | val_auc=0.8441
Early stopping — no improvement for 10 epochs

Best model: epoch 28, val_loss=0.5396, val_auc=0.8464

═══ Test Results ═══
           auc: 0.7385
         auprc: 0.6699
            f1: 0.6498
     precision: 0.6241
        recall: 0.6778
          loss: 0.7213
