Uninstalled 1 package in 7ms
Installed 1 package in 11ms
/net/storage/pr3/plgrid/plggmlcil/plgkstankie/vvv/Multimodal-models-for-predicting-drug-target-interactions/.venv/lib/python3.11/site-packages/outdated/__init__.py:36: UserWarning: pkg_resources is deprecated as an API. See https://setuptools.pypa.io/en/latest/pkg_resources.html. The pkg_resources package is slated for removal as early as 2025-11-30. Refrain from using this package or pin to Setuptools<81.
  from pkg_resources import parse_version
Setting global random seed to 999
Using device: cuda
Loading clean data from: /net/storage/pr3/plgrid/plggmlcil/plgkstankie/vvv/Multimodal-models-for-predicting-drug-target-interactions/src/datasets/lincs_balanced.parquet
Dataset size: 27498
Train: 19558  Val: 2885  Test: 5055
ChemBERTProcessor: loaded 236379 embeddings (dim=768) from /net/storage/pr3/plgrid/plggmlcil/plgkstankie/vvv/Multimodal-models-for-predicting-drug-target-interactions/src/datasets/ChemBERTa-zinc-base-v1.pt
SMILES encoders:  ['GCNEncoder', 'FingerprintMLPEncoder', 'ChemBERTEncoder', 'LincsEncoder']
Protein encoders: ['ProteinCNNEncoder']
Building graph cache for 1264 SMILES...
  0%|          | 0/1264 [00:00<?, ?it/s] 20%|█▉        | 250/1264 [00:00<00:00, 2499.42it/s] 40%|███▉      | 500/1264 [00:00<00:00, 2412.09it/s] 59%|█████▊    | 742/1264 [00:00<00:00, 2348.08it/s] 78%|███████▊  | 991/1264 [00:00<00:00, 2398.94it/s] 99%|█████████▊| 1246/1264 [00:00<00:00, 2449.09it/s]100%|██████████| 1264/1264 [00:00<00:00, 2430.93it/s]
Valid SMILES graphs: 1264
MultimodalDTI(
  (smiles_encoders): ModuleList(
    (0): GCNEncoder(
      (atom_encoder): AtomEncoder(
        (atom_embedding_list): ModuleList(
          (0): Embedding(119, 128)
          (1): Embedding(5, 128)
          (2-3): 2 x Embedding(12, 128)
          (4): Embedding(10, 128)
          (5-6): 2 x Embedding(6, 128)
          (7-8): 2 x Embedding(2, 128)
        )
      )
      (convs): ModuleList(
        (0-2): 3 x GCNConv(128, 128)
      )
      (bns): ModuleList(
        (0-2): 3 x BatchNorm1d(128, eps=1e-05, momentum=0.1, affine=True, track_running_stats=True)
      )
    )
    (1): FingerprintMLPEncoder(
      (mlp): Sequential(
        (0): Linear(in_features=1024, out_features=256, bias=True)
        (1): BatchNorm1d(256, eps=1e-05, momentum=0.1, affine=True, track_running_stats=True)
        (2): ReLU()
        (3): Dropout(p=0.5, inplace=False)
        (4): Linear(in_features=256, out_features=128, bias=True)
        (5): BatchNorm1d(128, eps=1e-05, momentum=0.1, affine=True, track_running_stats=True)
        (6): ReLU()
      )
    )
    (2): ChemBERTEncoder(
      (projection): Sequential(
        (0): Linear(in_features=768, out_features=128, bias=True)
        (1): LayerNorm((128,), eps=1e-05, elementwise_affine=True)
        (2): ReLU()
      )
    )
    (3): LincsEncoder(
      (mlp): Sequential(
        (0): Linear(in_features=978, out_features=128, bias=True)
        (1): BatchNorm1d(128, eps=1e-05, momentum=0.1, affine=True, track_running_stats=True)
        (2): ReLU()
        (3): Dropout(p=0.5, inplace=False)
        (4): Linear(in_features=128, out_features=128, bias=True)
        (5): BatchNorm1d(128, eps=1e-05, momentum=0.1, affine=True, track_running_stats=True)
        (6): ReLU()
      )
    )
  )
  (protein_encoders): ModuleList(
    (0): ProteinCNNEncoder(
      (embedding): Embedding(21, 128, padding_idx=0)
      (conv_blocks): ModuleList(
        (0): Sequential(
          (0): Conv1d(128, 64, kernel_size=(3,), stride=(1,), padding=(1,))
          (1): BatchNorm1d(64, eps=1e-05, momentum=0.1, affine=True, track_running_stats=True)
          (2): ReLU()
          (3): Conv1d(64, 64, kernel_size=(3,), stride=(1,), padding=(1,))
          (4): BatchNorm1d(64, eps=1e-05, momentum=0.1, affine=True, track_running_stats=True)
          (5): ReLU()
        )
        (1): Sequential(
          (0): Conv1d(128, 64, kernel_size=(7,), stride=(1,), padding=(3,))
          (1): BatchNorm1d(64, eps=1e-05, momentum=0.1, affine=True, track_running_stats=True)
          (2): ReLU()
          (3): Conv1d(64, 64, kernel_size=(7,), stride=(1,), padding=(3,))
          (4): BatchNorm1d(64, eps=1e-05, momentum=0.1, affine=True, track_running_stats=True)
          (5): ReLU()
        )
        (2): Sequential(
          (0): Conv1d(128, 64, kernel_size=(15,), stride=(1,), padding=(7,))
          (1): BatchNorm1d(64, eps=1e-05, momentum=0.1, affine=True, track_running_stats=True)
          (2): ReLU()
          (3): Conv1d(64, 64, kernel_size=(15,), stride=(1,), padding=(7,))
          (4): BatchNorm1d(64, eps=1e-05, momentum=0.1, affine=True, track_running_stats=True)
          (5): ReLU()
        )
      )
    )
  )
  (fusion): MLPFusion(
    (classifier): Sequential(
      (0): Linear(in_features=704, out_features=128, bias=True)
      (1): BatchNorm1d(128, eps=1e-05, momentum=0.1, affine=True, track_running_stats=True)
      (2): ReLU()
      (3): Dropout(p=0.5, inplace=False)
      (4): Linear(in_features=128, out_features=32, bias=True)
      (5): BatchNorm1d(32, eps=1e-05, momentum=0.1, affine=True, track_running_stats=True)
      (6): ReLU()
      (7): Dropout(p=0.5, inplace=False)
      (8): Linear(in_features=32, out_features=1, bias=True)
    )
  )
)
Epoch 001 | time=3.6s | train_loss=0.6555 | val_loss=0.6462 | val_auc=0.6937
  ✓ New best model (epoch 1, val_loss=0.6462, val_auc=0.6937) saved to checkpoints/gcn_fp_chembert_lincs_vs_cnn_seed999.pt
Epoch 002 | time=2.8s | train_loss=0.5472 | val_loss=0.5872 | val_auc=0.7684
  ✓ New best model (epoch 2, val_loss=0.5872, val_auc=0.7684) saved to checkpoints/gcn_fp_chembert_lincs_vs_cnn_seed999.pt
Epoch 003 | time=2.8s | train_loss=0.4724 | val_loss=0.5670 | val_auc=0.7792
  ✓ New best model (epoch 3, val_loss=0.5670, val_auc=0.7792) saved to checkpoints/gcn_fp_chembert_lincs_vs_cnn_seed999.pt
Epoch 004 | time=2.8s | train_loss=0.4303 | val_loss=0.5441 | val_auc=0.7993
  ✓ New best model (epoch 4, val_loss=0.5441, val_auc=0.7993) saved to checkpoints/gcn_fp_chembert_lincs_vs_cnn_seed999.pt
Epoch 005 | time=2.8s | train_loss=0.3964 | val_loss=0.5390 | val_auc=0.8096
  ✓ New best model (epoch 5, val_loss=0.5390, val_auc=0.8096) saved to checkpoints/gcn_fp_chembert_lincs_vs_cnn_seed999.pt
Epoch 006 | time=2.8s | train_loss=0.3697 | val_loss=0.5328 | val_auc=0.8135
  ✓ New best model (epoch 6, val_loss=0.5328, val_auc=0.8135) saved to checkpoints/gcn_fp_chembert_lincs_vs_cnn_seed999.pt
Epoch 007 | time=2.8s | train_loss=0.3463 | val_loss=0.5159 | val_auc=0.8254
  ✓ New best model (epoch 7, val_loss=0.5159, val_auc=0.8254) saved to checkpoints/gcn_fp_chembert_lincs_vs_cnn_seed999.pt
Epoch 008 | time=2.8s | train_loss=0.3251 | val_loss=0.5168 | val_auc=0.8272
  ✓ New best model (epoch 8, val_loss=0.5168, val_auc=0.8272) saved to checkpoints/gcn_fp_chembert_lincs_vs_cnn_seed999.pt
Epoch 009 | time=2.8s | train_loss=0.3119 | val_loss=0.5097 | val_auc=0.8310
  ✓ New best model (epoch 9, val_loss=0.5097, val_auc=0.8310) saved to checkpoints/gcn_fp_chembert_lincs_vs_cnn_seed999.pt
Epoch 010 | time=2.8s | train_loss=0.2955 | val_loss=0.5097 | val_auc=0.8348
  ✓ New best model (epoch 10, val_loss=0.5097, val_auc=0.8348) saved to checkpoints/gcn_fp_chembert_lincs_vs_cnn_seed999.pt
Epoch 011 | time=2.8s | train_loss=0.2792 | val_loss=0.5093 | val_auc=0.8349
  ✓ New best model (epoch 11, val_loss=0.5093, val_auc=0.8349) saved to checkpoints/gcn_fp_chembert_lincs_vs_cnn_seed999.pt
Epoch 012 | time=2.8s | train_loss=0.2663 | val_loss=0.5072 | val_auc=0.8360
  ✓ New best model (epoch 12, val_loss=0.5072, val_auc=0.8360) saved to checkpoints/gcn_fp_chembert_lincs_vs_cnn_seed999.pt
Epoch 013 | time=2.8s | train_loss=0.2586 | val_loss=0.5123 | val_auc=0.8335
Epoch 014 | time=2.8s | train_loss=0.2432 | val_loss=0.5137 | val_auc=0.8331
Epoch 015 | time=2.8s | train_loss=0.2371 | val_loss=0.5128 | val_auc=0.8353
Epoch 016 | time=2.8s | train_loss=0.2281 | val_loss=0.5248 | val_auc=0.8307
Epoch 017 | time=3.0s | train_loss=0.2181 | val_loss=0.5262 | val_auc=0.8339
Epoch 018 | time=2.8s | train_loss=0.2093 | val_loss=0.5269 | val_auc=0.8389
  ✓ New best model (epoch 18, val_loss=0.5269, val_auc=0.8389) saved to checkpoints/gcn_fp_chembert_lincs_vs_cnn_seed999.pt
Epoch 019 | time=2.8s | train_loss=0.1976 | val_loss=0.5199 | val_auc=0.8395
  ✓ New best model (epoch 19, val_loss=0.5199, val_auc=0.8395) saved to checkpoints/gcn_fp_chembert_lincs_vs_cnn_seed999.pt
Epoch 020 | time=2.8s | train_loss=0.1920 | val_loss=0.5315 | val_auc=0.8391
Epoch 021 | time=2.8s | train_loss=0.1897 | val_loss=0.5442 | val_auc=0.8345
Epoch 022 | time=2.8s | train_loss=0.1848 | val_loss=0.5239 | val_auc=0.8425
  ✓ New best model (epoch 22, val_loss=0.5239, val_auc=0.8425) saved to checkpoints/gcn_fp_chembert_lincs_vs_cnn_seed999.pt
Epoch 023 | time=2.8s | train_loss=0.1825 | val_loss=0.5314 | val_auc=0.8391
Epoch 024 | time=2.8s | train_loss=0.1778 | val_loss=0.5308 | val_auc=0.8397
Epoch 025 | time=2.8s | train_loss=0.1689 | val_loss=0.5362 | val_auc=0.8396
Epoch 026 | time=2.8s | train_loss=0.1701 | val_loss=0.5339 | val_auc=0.8417
Epoch 027 | time=2.8s | train_loss=0.1658 | val_loss=0.5273 | val_auc=0.8454
  ✓ New best model (epoch 27, val_loss=0.5273, val_auc=0.8454) saved to checkpoints/gcn_fp_chembert_lincs_vs_cnn_seed999.pt
Epoch 028 | time=2.8s | train_loss=0.1617 | val_loss=0.5343 | val_auc=0.8413
Epoch 029 | time=2.8s | train_loss=0.1643 | val_loss=0.5399 | val_auc=0.8431
Epoch 030 | time=3.0s | train_loss=0.1610 | val_loss=0.5378 | val_auc=0.8435
Epoch 031 | time=2.8s | train_loss=0.1590 | val_loss=0.5330 | val_auc=0.8454
  ✓ New best model (epoch 31, val_loss=0.5330, val_auc=0.8454) saved to checkpoints/gcn_fp_chembert_lincs_vs_cnn_seed999.pt
Epoch 032 | time=2.8s | train_loss=0.1565 | val_loss=0.5378 | val_auc=0.8452
Epoch 033 | time=2.8s | train_loss=0.1544 | val_loss=0.5313 | val_auc=0.8467
  ✓ New best model (epoch 33, val_loss=0.5313, val_auc=0.8467) saved to checkpoints/gcn_fp_chembert_lincs_vs_cnn_seed999.pt
Epoch 034 | time=2.8s | train_loss=0.1546 | val_loss=0.5411 | val_auc=0.8436
Epoch 035 | time=2.8s | train_loss=0.1536 | val_loss=0.5433 | val_auc=0.8450
Epoch 036 | time=2.8s | train_loss=0.1508 | val_loss=0.5356 | val_auc=0.8477
  ✓ New best model (epoch 36, val_loss=0.5356, val_auc=0.8477) saved to checkpoints/gcn_fp_chembert_lincs_vs_cnn_seed999.pt
Epoch 037 | time=2.8s | train_loss=0.1499 | val_loss=0.5358 | val_auc=0.8468
Epoch 038 | time=2.8s | train_loss=0.1516 | val_loss=0.5441 | val_auc=0.8463
Epoch 039 | time=2.8s | train_loss=0.1487 | val_loss=0.5371 | val_auc=0.8466
Epoch 040 | time=2.8s | train_loss=0.1490 | val_loss=0.5389 | val_auc=0.8463
Epoch 041 | time=2.8s | train_loss=0.1487 | val_loss=0.5336 | val_auc=0.8483
  ✓ New best model (epoch 41, val_loss=0.5336, val_auc=0.8483) saved to checkpoints/gcn_fp_chembert_lincs_vs_cnn_seed999.pt
Epoch 042 | time=2.8s | train_loss=0.1502 | val_loss=0.5423 | val_auc=0.8470
Epoch 043 | time=3.0s | train_loss=0.1477 | val_loss=0.5359 | val_auc=0.8476
Epoch 044 | time=2.8s | train_loss=0.1488 | val_loss=0.5500 | val_auc=0.8453
Epoch 045 | time=2.8s | train_loss=0.1484 | val_loss=0.5377 | val_auc=0.8466
Epoch 046 | time=2.8s | train_loss=0.1458 | val_loss=0.5374 | val_auc=0.8473
Epoch 047 | time=2.8s | train_loss=0.1466 | val_loss=0.5448 | val_auc=0.8451
Epoch 048 | time=2.8s | train_loss=0.1434 | val_loss=0.5466 | val_auc=0.8451
Epoch 049 | time=2.8s | train_loss=0.1469 | val_loss=0.5420 | val_auc=0.8455
Epoch 050 | time=2.8s | train_loss=0.1456 | val_loss=0.5418 | val_auc=0.8456
Epoch 051 | time=3.0s | train_loss=0.1461 | val_loss=0.5456 | val_auc=0.8464
Early stopping — no improvement for 10 epochs

Best model: epoch 41, val_loss=0.5456, val_auc=0.8483

═══ Test Results ═══
           auc: 0.7396
         auprc: 0.6637
            f1: 0.6304
     precision: 0.6429
        recall: 0.6183
          loss: 0.7300
