/home/kappy/Repos/Multimodal-models-for-predicting-drug-target-interactions/.venv/lib/python3.11/site-packages/outdated/__init__.py:36: UserWarning: pkg_resources is deprecated as an API. See https://setuptools.pypa.io/en/latest/pkg_resources.html. The pkg_resources package is slated for removal as early as 2025-11-30. Refrain from using this package or pin to Setuptools<81.
  from pkg_resources import parse_version
Using device: cuda
Loading clean data from: /home/kappy/Repos/Multimodal-models-for-predicting-drug-target-interactions/src/datasets/lincs_balanced.parquet
Dataset size: 27498
Train: 19558  Val: 2885  Test: 5055
SMILES encoders:  ['LincsGraphEncoder']
Protein encoders: ['ProteinCNNEncoder']
MultimodalDTI(
  (smiles_encoders): ModuleList(
    (0): LincsGraphEncoder(
      (proj): Linear(in_features=1, out_features=128, bias=True)
      (convs): ModuleList(
        (0-1): 2 x DenseGCNConv(
          (linear): Linear(in_features=128, out_features=128, bias=False)
        )
      )
      (bns): ModuleList(
        (0-1): 2 x BatchNorm1d(128, eps=1e-05, momentum=0.1, affine=True, track_running_stats=True)
      )
      (pool_proj): Linear(in_features=128, out_features=128, bias=True)
    )
  )
  (protein_encoders): ModuleList(
    (0): ProteinCNNEncoder(
      (embedding): Embedding(21, 128, padding_idx=0)
      (conv_blocks): ModuleList(
        (0): Sequential(
          (0): Conv1d(128, 64, kernel_size=(3,), stride=(1,), padding=(1,))
          (1): BatchNorm1d(64, eps=1e-05, momentum=0.1, affine=True, track_running_stats=True)
          (2): ReLU()
          (3): Conv1d(64, 64, kernel_size=(3,), stride=(1,), padding=(1,))
          (4): BatchNorm1d(64, eps=1e-05, momentum=0.1, affine=True, track_running_stats=True)
          (5): ReLU()
        )
        (1): Sequential(
          (0): Conv1d(128, 64, kernel_size=(7,), stride=(1,), padding=(3,))
          (1): BatchNorm1d(64, eps=1e-05, momentum=0.1, affine=True, track_running_stats=True)
          (2): ReLU()
          (3): Conv1d(64, 64, kernel_size=(7,), stride=(1,), padding=(3,))
          (4): BatchNorm1d(64, eps=1e-05, momentum=0.1, affine=True, track_running_stats=True)
          (5): ReLU()
        )
        (2): Sequential(
          (0): Conv1d(128, 64, kernel_size=(15,), stride=(1,), padding=(7,))
          (1): BatchNorm1d(64, eps=1e-05, momentum=0.1, affine=True, track_running_stats=True)
          (2): ReLU()
          (3): Conv1d(64, 64, kernel_size=(15,), stride=(1,), padding=(7,))
          (4): BatchNorm1d(64, eps=1e-05, momentum=0.1, affine=True, track_running_stats=True)
          (5): ReLU()
        )
      )
    )
  )
  (fusion): MLPFusion(
    (classifier): Sequential(
      (0): Linear(in_features=320, out_features=128, bias=True)
      (1): BatchNorm1d(128, eps=1e-05, momentum=0.1, affine=True, track_running_stats=True)
      (2): ReLU()
      (3): Dropout(p=0.5, inplace=False)
      (4): Linear(in_features=128, out_features=32, bias=True)
      (5): BatchNorm1d(32, eps=1e-05, momentum=0.1, affine=True, track_running_stats=True)
      (6): ReLU()
      (7): Dropout(p=0.5, inplace=False)
      (8): Linear(in_features=32, out_features=1, bias=True)
    )
  )
)
Epoch 001 | time=7.2s | train_loss=0.6059 | val_loss=0.6328 | val_auc=0.7057
  ✓ New best model (epoch 1, val_loss=0.6328, val_auc=0.7057) saved to checkpoints/lincs_graph_vs_cnn.pt
Epoch 002 | time=6.8s | train_loss=0.5349 | val_loss=0.6163 | val_auc=0.7218
  ✓ New best model (epoch 2, val_loss=0.6163, val_auc=0.7218) saved to checkpoints/lincs_graph_vs_cnn.pt
Epoch 003 | time=6.8s | train_loss=0.5026 | val_loss=0.6146 | val_auc=0.7273
  ✓ New best model (epoch 3, val_loss=0.6146, val_auc=0.7273) saved to checkpoints/lincs_graph_vs_cnn.pt
Epoch 004 | time=6.8s | train_loss=0.4821 | val_loss=0.6217 | val_auc=0.7212
Epoch 005 | time=6.8s | train_loss=0.4625 | val_loss=0.6113 | val_auc=0.7358
  ✓ New best model (epoch 5, val_loss=0.6113, val_auc=0.7358) saved to checkpoints/lincs_graph_vs_cnn.pt
Epoch 006 | time=6.8s | train_loss=0.4482 | val_loss=0.6119 | val_auc=0.7366
  ✓ New best model (epoch 6, val_loss=0.6119, val_auc=0.7366) saved to checkpoints/lincs_graph_vs_cnn.pt
Epoch 007 | time=6.8s | train_loss=0.4376 | val_loss=0.6231 | val_auc=0.7382
  ✓ New best model (epoch 7, val_loss=0.6231, val_auc=0.7382) saved to checkpoints/lincs_graph_vs_cnn.pt
Epoch 008 | time=6.8s | train_loss=0.4304 | val_loss=0.6266 | val_auc=0.7255
Epoch 009 | time=6.8s | train_loss=0.4153 | val_loss=0.6263 | val_auc=0.7407
  ✓ New best model (epoch 9, val_loss=0.6263, val_auc=0.7407) saved to checkpoints/lincs_graph_vs_cnn.pt
Epoch 010 | time=6.8s | train_loss=0.4074 | val_loss=0.6344 | val_auc=0.7334
Epoch 011 | time=6.8s | train_loss=0.3972 | val_loss=0.6196 | val_auc=0.7369
Epoch 012 | time=6.8s | train_loss=0.3827 | val_loss=0.6320 | val_auc=0.7365
Epoch 013 | time=6.8s | train_loss=0.3775 | val_loss=0.6322 | val_auc=0.7433
  ✓ New best model (epoch 13, val_loss=0.6322, val_auc=0.7433) saved to checkpoints/lincs_graph_vs_cnn.pt
Epoch 014 | time=6.8s | train_loss=0.3752 | val_loss=0.6339 | val_auc=0.7459
  ✓ New best model (epoch 14, val_loss=0.6339, val_auc=0.7459) saved to checkpoints/lincs_graph_vs_cnn.pt
Epoch 015 | time=6.8s | train_loss=0.3686 | val_loss=0.6529 | val_auc=0.7317
Epoch 016 | time=6.8s | train_loss=0.3638 | val_loss=0.6452 | val_auc=0.7463
  ✓ New best model (epoch 16, val_loss=0.6452, val_auc=0.7463) saved to checkpoints/lincs_graph_vs_cnn.pt
Epoch 017 | time=6.8s | train_loss=0.3617 | val_loss=0.6554 | val_auc=0.7490
  ✓ New best model (epoch 17, val_loss=0.6554, val_auc=0.7490) saved to checkpoints/lincs_graph_vs_cnn.pt
Epoch 018 | time=6.8s | train_loss=0.3557 | val_loss=0.6450 | val_auc=0.7376
Epoch 019 | time=6.8s | train_loss=0.3545 | val_loss=0.6467 | val_auc=0.7452
Epoch 020 | time=6.8s | train_loss=0.3528 | val_loss=0.6549 | val_auc=0.7413
Epoch 021 | time=6.8s | train_loss=0.3482 | val_loss=0.6493 | val_auc=0.7455
Epoch 022 | time=6.8s | train_loss=0.3469 | val_loss=0.6539 | val_auc=0.7491
  ✓ New best model (epoch 22, val_loss=0.6539, val_auc=0.7491) saved to checkpoints/lincs_graph_vs_cnn.pt
Epoch 023 | time=6.8s | train_loss=0.3459 | val_loss=0.6480 | val_auc=0.7519
  ✓ New best model (epoch 23, val_loss=0.6480, val_auc=0.7519) saved to checkpoints/lincs_graph_vs_cnn.pt
Epoch 024 | time=6.8s | train_loss=0.3417 | val_loss=0.6572 | val_auc=0.7457
Epoch 025 | time=6.8s | train_loss=0.3399 | val_loss=0.6560 | val_auc=0.7473
Epoch 026 | time=6.8s | train_loss=0.3370 | val_loss=0.6584 | val_auc=0.7482
Epoch 027 | time=6.8s | train_loss=0.3348 | val_loss=0.6651 | val_auc=0.7460
Epoch 028 | time=6.8s | train_loss=0.3394 | val_loss=0.6621 | val_auc=0.7459
Epoch 029 | time=6.8s | train_loss=0.3342 | val_loss=0.6626 | val_auc=0.7437
Epoch 030 | time=6.8s | train_loss=0.3291 | val_loss=0.6621 | val_auc=0.7462
Epoch 031 | time=6.8s | train_loss=0.3342 | val_loss=0.6649 | val_auc=0.7474
Epoch 032 | time=6.8s | train_loss=0.3311 | val_loss=0.6594 | val_auc=0.7471
Epoch 033 | time=6.8s | train_loss=0.3309 | val_loss=0.6625 | val_auc=0.7501
Early stopping — no improvement for 10 epochs

Best model: epoch 23, val_loss=0.6625, val_auc=0.7519

═══ Test Results ═══
           auc: 0.6976
         auprc: 0.6151
            f1: 0.5984
     precision: 0.5909
        recall: 0.6061
          loss: 0.7050
