Uninstalled 1 package in 7ms
Installed 1 package in 11ms
/net/storage/pr3/plgrid/plggmlcil/plgkstankie/vvv/Multimodal-models-for-predicting-drug-target-interactions/.venv/lib/python3.11/site-packages/outdated/__init__.py:36: UserWarning: pkg_resources is deprecated as an API. See https://setuptools.pypa.io/en/latest/pkg_resources.html. The pkg_resources package is slated for removal as early as 2025-11-30. Refrain from using this package or pin to Setuptools<81.
  from pkg_resources import parse_version
Setting global random seed to 123
Using device: cuda
Loading clean data from: /net/storage/pr3/plgrid/plggmlcil/plgkstankie/vvv/Multimodal-models-for-predicting-drug-target-interactions/src/datasets/lincs_balanced.parquet
Dataset size: 27498
Train: 19558  Val: 2885  Test: 5055
SMILES encoders:  ['LincsGraphEncoder']
Protein encoders: ['ProteinCNNEncoder']
MultimodalDTI(
  (smiles_encoders): ModuleList(
    (0): LincsGraphEncoder(
      (proj): Linear(in_features=1, out_features=128, bias=True)
      (convs): ModuleList(
        (0-1): 2 x DenseGCNConv(
          (linear): Linear(in_features=128, out_features=128, bias=False)
        )
      )
      (bns): ModuleList(
        (0-1): 2 x BatchNorm1d(128, eps=1e-05, momentum=0.1, affine=True, track_running_stats=True)
      )
      (pool_proj): Linear(in_features=128, out_features=128, bias=True)
    )
  )
  (protein_encoders): ModuleList(
    (0): ProteinCNNEncoder(
      (embedding): Embedding(21, 128, padding_idx=0)
      (conv_blocks): ModuleList(
        (0): Sequential(
          (0): Conv1d(128, 64, kernel_size=(3,), stride=(1,), padding=(1,))
          (1): BatchNorm1d(64, eps=1e-05, momentum=0.1, affine=True, track_running_stats=True)
          (2): ReLU()
          (3): Conv1d(64, 64, kernel_size=(3,), stride=(1,), padding=(1,))
          (4): BatchNorm1d(64, eps=1e-05, momentum=0.1, affine=True, track_running_stats=True)
          (5): ReLU()
        )
        (1): Sequential(
          (0): Conv1d(128, 64, kernel_size=(7,), stride=(1,), padding=(3,))
          (1): BatchNorm1d(64, eps=1e-05, momentum=0.1, affine=True, track_running_stats=True)
          (2): ReLU()
          (3): Conv1d(64, 64, kernel_size=(7,), stride=(1,), padding=(3,))
          (4): BatchNorm1d(64, eps=1e-05, momentum=0.1, affine=True, track_running_stats=True)
          (5): ReLU()
        )
        (2): Sequential(
          (0): Conv1d(128, 64, kernel_size=(15,), stride=(1,), padding=(7,))
          (1): BatchNorm1d(64, eps=1e-05, momentum=0.1, affine=True, track_running_stats=True)
          (2): ReLU()
          (3): Conv1d(64, 64, kernel_size=(15,), stride=(1,), padding=(7,))
          (4): BatchNorm1d(64, eps=1e-05, momentum=0.1, affine=True, track_running_stats=True)
          (5): ReLU()
        )
      )
    )
  )
  (fusion): MLPFusion(
    (classifier): Sequential(
      (0): Linear(in_features=320, out_features=128, bias=True)
      (1): BatchNorm1d(128, eps=1e-05, momentum=0.1, affine=True, track_running_stats=True)
      (2): ReLU()
      (3): Dropout(p=0.5, inplace=False)
      (4): Linear(in_features=128, out_features=32, bias=True)
      (5): BatchNorm1d(32, eps=1e-05, momentum=0.1, affine=True, track_running_stats=True)
      (6): ReLU()
      (7): Dropout(p=0.5, inplace=False)
      (8): Linear(in_features=32, out_features=1, bias=True)
    )
  )
)
Epoch 001 | time=4.6s | train_loss=0.6139 | val_loss=0.6349 | val_auc=0.7006
  ✓ New best model (epoch 1, val_loss=0.6349, val_auc=0.7006) saved to checkpoints/lincs_graph_vs_cnn_seed123.pt
Epoch 002 | time=2.6s | train_loss=0.5407 | val_loss=0.6141 | val_auc=0.7303
  ✓ New best model (epoch 2, val_loss=0.6141, val_auc=0.7303) saved to checkpoints/lincs_graph_vs_cnn_seed123.pt
Epoch 003 | time=2.6s | train_loss=0.5055 | val_loss=0.6098 | val_auc=0.7293
Epoch 004 | time=2.6s | train_loss=0.4834 | val_loss=0.6180 | val_auc=0.7238
Epoch 005 | time=2.6s | train_loss=0.4669 | val_loss=0.5998 | val_auc=0.7441
  ✓ New best model (epoch 5, val_loss=0.5998, val_auc=0.7441) saved to checkpoints/lincs_graph_vs_cnn_seed123.pt
Epoch 006 | time=2.6s | train_loss=0.4522 | val_loss=0.6264 | val_auc=0.7283
Epoch 007 | time=2.6s | train_loss=0.4427 | val_loss=0.6110 | val_auc=0.7468
  ✓ New best model (epoch 7, val_loss=0.6110, val_auc=0.7468) saved to checkpoints/lincs_graph_vs_cnn_seed123.pt
Epoch 008 | time=2.6s | train_loss=0.4290 | val_loss=0.6174 | val_auc=0.7429
Epoch 009 | time=2.6s | train_loss=0.4185 | val_loss=0.6345 | val_auc=0.7160
Epoch 010 | time=2.6s | train_loss=0.4099 | val_loss=0.6186 | val_auc=0.7392
Epoch 011 | time=2.6s | train_loss=0.3997 | val_loss=0.6182 | val_auc=0.7422
Epoch 012 | time=2.6s | train_loss=0.3887 | val_loss=0.6294 | val_auc=0.7387
Epoch 013 | time=2.6s | train_loss=0.3785 | val_loss=0.6222 | val_auc=0.7517
  ✓ New best model (epoch 13, val_loss=0.6222, val_auc=0.7517) saved to checkpoints/lincs_graph_vs_cnn_seed123.pt
Epoch 014 | time=2.6s | train_loss=0.3788 | val_loss=0.6255 | val_auc=0.7526
  ✓ New best model (epoch 14, val_loss=0.6255, val_auc=0.7526) saved to checkpoints/lincs_graph_vs_cnn_seed123.pt
Epoch 015 | time=2.6s | train_loss=0.3732 | val_loss=0.6381 | val_auc=0.7463
Epoch 016 | time=2.6s | train_loss=0.3700 | val_loss=0.6314 | val_auc=0.7452
Epoch 017 | time=2.6s | train_loss=0.3615 | val_loss=0.6280 | val_auc=0.7576
  ✓ New best model (epoch 17, val_loss=0.6280, val_auc=0.7576) saved to checkpoints/lincs_graph_vs_cnn_seed123.pt
Epoch 018 | time=2.6s | train_loss=0.3568 | val_loss=0.6327 | val_auc=0.7491
Epoch 019 | time=2.6s | train_loss=0.3554 | val_loss=0.6457 | val_auc=0.7453
Epoch 020 | time=2.6s | train_loss=0.3524 | val_loss=0.6469 | val_auc=0.7458
Epoch 021 | time=2.6s | train_loss=0.3492 | val_loss=0.6411 | val_auc=0.7516
Epoch 022 | time=2.7s | train_loss=0.3489 | val_loss=0.6361 | val_auc=0.7499
Epoch 023 | time=2.6s | train_loss=0.3487 | val_loss=0.6408 | val_auc=0.7528
Epoch 024 | time=2.6s | train_loss=0.3453 | val_loss=0.6447 | val_auc=0.7471
Epoch 025 | time=2.6s | train_loss=0.3392 | val_loss=0.6525 | val_auc=0.7460
Epoch 026 | time=2.6s | train_loss=0.3396 | val_loss=0.6446 | val_auc=0.7482
Epoch 027 | time=2.6s | train_loss=0.3398 | val_loss=0.6481 | val_auc=0.7492
Early stopping — no improvement for 10 epochs

Best model: epoch 17, val_loss=0.6481, val_auc=0.7576

═══ Test Results ═══
           auc: 0.6986
         auprc: 0.6035
            f1: 0.5982
     precision: 0.6003
        recall: 0.5962
          loss: 0.6961
