Uninstalled 1 package in 7ms
Installed 1 package in 11ms
/net/storage/pr3/plgrid/plggmlcil/plgkstankie/vvv/Multimodal-models-for-predicting-drug-target-interactions/.venv/lib/python3.11/site-packages/outdated/__init__.py:36: UserWarning: pkg_resources is deprecated as an API. See https://setuptools.pypa.io/en/latest/pkg_resources.html. The pkg_resources package is slated for removal as early as 2025-11-30. Refrain from using this package or pin to Setuptools<81.
  from pkg_resources import parse_version
Setting global random seed to 1024
Using device: cuda
Loading clean data from: /net/storage/pr3/plgrid/plggmlcil/plgkstankie/vvv/Multimodal-models-for-predicting-drug-target-interactions/src/datasets/lincs_balanced.parquet
Dataset size: 27498
Train: 19558  Val: 2885  Test: 5055
SMILES encoders:  ['LincsGraphEncoder']
Protein encoders: ['ProteinCNNEncoder']
MultimodalDTI(
  (smiles_encoders): ModuleList(
    (0): LincsGraphEncoder(
      (proj): Linear(in_features=1, out_features=128, bias=True)
      (convs): ModuleList(
        (0-1): 2 x DenseGCNConv(
          (linear): Linear(in_features=128, out_features=128, bias=False)
        )
      )
      (bns): ModuleList(
        (0-1): 2 x BatchNorm1d(128, eps=1e-05, momentum=0.1, affine=True, track_running_stats=True)
      )
      (pool_proj): Linear(in_features=128, out_features=128, bias=True)
    )
  )
  (protein_encoders): ModuleList(
    (0): ProteinCNNEncoder(
      (embedding): Embedding(21, 128, padding_idx=0)
      (conv_blocks): ModuleList(
        (0): Sequential(
          (0): Conv1d(128, 64, kernel_size=(3,), stride=(1,), padding=(1,))
          (1): BatchNorm1d(64, eps=1e-05, momentum=0.1, affine=True, track_running_stats=True)
          (2): ReLU()
          (3): Conv1d(64, 64, kernel_size=(3,), stride=(1,), padding=(1,))
          (4): BatchNorm1d(64, eps=1e-05, momentum=0.1, affine=True, track_running_stats=True)
          (5): ReLU()
        )
        (1): Sequential(
          (0): Conv1d(128, 64, kernel_size=(7,), stride=(1,), padding=(3,))
          (1): BatchNorm1d(64, eps=1e-05, momentum=0.1, affine=True, track_running_stats=True)
          (2): ReLU()
          (3): Conv1d(64, 64, kernel_size=(7,), stride=(1,), padding=(3,))
          (4): BatchNorm1d(64, eps=1e-05, momentum=0.1, affine=True, track_running_stats=True)
          (5): ReLU()
        )
        (2): Sequential(
          (0): Conv1d(128, 64, kernel_size=(15,), stride=(1,), padding=(7,))
          (1): BatchNorm1d(64, eps=1e-05, momentum=0.1, affine=True, track_running_stats=True)
          (2): ReLU()
          (3): Conv1d(64, 64, kernel_size=(15,), stride=(1,), padding=(7,))
          (4): BatchNorm1d(64, eps=1e-05, momentum=0.1, affine=True, track_running_stats=True)
          (5): ReLU()
        )
      )
    )
  )
  (fusion): MLPFusion(
    (classifier): Sequential(
      (0): Linear(in_features=320, out_features=128, bias=True)
      (1): BatchNorm1d(128, eps=1e-05, momentum=0.1, affine=True, track_running_stats=True)
      (2): ReLU()
      (3): Dropout(p=0.5, inplace=False)
      (4): Linear(in_features=128, out_features=32, bias=True)
      (5): BatchNorm1d(32, eps=1e-05, momentum=0.1, affine=True, track_running_stats=True)
      (6): ReLU()
      (7): Dropout(p=0.5, inplace=False)
      (8): Linear(in_features=32, out_features=1, bias=True)
    )
  )
)
Epoch 001 | time=3.7s | train_loss=0.6129 | val_loss=0.6376 | val_auc=0.6921
  ✓ New best model (epoch 1, val_loss=0.6376, val_auc=0.6921) saved to checkpoints/lincs_graph_vs_cnn_seed1024.pt
Epoch 002 | time=2.6s | train_loss=0.5356 | val_loss=0.6298 | val_auc=0.7033
  ✓ New best model (epoch 2, val_loss=0.6298, val_auc=0.7033) saved to checkpoints/lincs_graph_vs_cnn_seed1024.pt
Epoch 003 | time=2.6s | train_loss=0.5013 | val_loss=0.6123 | val_auc=0.7295
  ✓ New best model (epoch 3, val_loss=0.6123, val_auc=0.7295) saved to checkpoints/lincs_graph_vs_cnn_seed1024.pt
Epoch 004 | time=2.6s | train_loss=0.4782 | val_loss=0.6060 | val_auc=0.7362
  ✓ New best model (epoch 4, val_loss=0.6060, val_auc=0.7362) saved to checkpoints/lincs_graph_vs_cnn_seed1024.pt
Epoch 005 | time=2.6s | train_loss=0.4629 | val_loss=0.6261 | val_auc=0.7202
Epoch 006 | time=2.6s | train_loss=0.4484 | val_loss=0.6149 | val_auc=0.7321
Epoch 007 | time=2.6s | train_loss=0.4379 | val_loss=0.6239 | val_auc=0.7345
Epoch 008 | time=2.6s | train_loss=0.4256 | val_loss=0.6261 | val_auc=0.7339
Epoch 009 | time=2.6s | train_loss=0.4163 | val_loss=0.6455 | val_auc=0.7462
  ✓ New best model (epoch 9, val_loss=0.6455, val_auc=0.7462) saved to checkpoints/lincs_graph_vs_cnn_seed1024.pt
Epoch 010 | time=2.6s | train_loss=0.4074 | val_loss=0.6418 | val_auc=0.7242
Epoch 011 | time=2.6s | train_loss=0.3968 | val_loss=0.6243 | val_auc=0.7563
  ✓ New best model (epoch 11, val_loss=0.6243, val_auc=0.7563) saved to checkpoints/lincs_graph_vs_cnn_seed1024.pt
Epoch 012 | time=2.6s | train_loss=0.3888 | val_loss=0.6512 | val_auc=0.7493
Epoch 013 | time=2.6s | train_loss=0.3842 | val_loss=0.6589 | val_auc=0.7317
Epoch 014 | time=2.6s | train_loss=0.3802 | val_loss=0.6477 | val_auc=0.7546
Epoch 015 | time=2.6s | train_loss=0.3764 | val_loss=0.6367 | val_auc=0.7445
Epoch 016 | time=2.6s | train_loss=0.3717 | val_loss=0.6478 | val_auc=0.7430
Epoch 017 | time=2.6s | train_loss=0.3663 | val_loss=0.6415 | val_auc=0.7482
Epoch 018 | time=2.6s | train_loss=0.3637 | val_loss=0.6522 | val_auc=0.7471
Epoch 019 | time=2.6s | train_loss=0.3610 | val_loss=0.6583 | val_auc=0.7539
Epoch 020 | time=2.6s | train_loss=0.3604 | val_loss=0.6541 | val_auc=0.7474
Epoch 021 | time=2.6s | train_loss=0.3544 | val_loss=0.6515 | val_auc=0.7504
Early stopping — no improvement for 10 epochs

Best model: epoch 11, val_loss=0.6515, val_auc=0.7563

═══ Test Results ═══
           auc: 0.7046
         auprc: 0.6161
            f1: 0.6113
     precision: 0.6014
        recall: 0.6215
          loss: 0.6530
