Uninstalled 1 package in 7ms
Installed 1 package in 11ms
/net/storage/pr3/plgrid/plggmlcil/plgkstankie/vvv/Multimodal-models-for-predicting-drug-target-interactions/.venv/lib/python3.11/site-packages/outdated/__init__.py:36: UserWarning: pkg_resources is deprecated as an API. See https://setuptools.pypa.io/en/latest/pkg_resources.html. The pkg_resources package is slated for removal as early as 2025-11-30. Refrain from using this package or pin to Setuptools<81.
  from pkg_resources import parse_version
Setting global random seed to 999
Using device: cuda
Loading clean data from: /net/storage/pr3/plgrid/plggmlcil/plgkstankie/vvv/Multimodal-models-for-predicting-drug-target-interactions/src/datasets/lincs_balanced.parquet
Dataset size: 27498
Train: 19558  Val: 2885  Test: 5055
SMILES encoders:  ['LincsEncoder']
Protein encoders: ['ProteinCNNEncoder']
MultimodalDTI(
  (smiles_encoders): ModuleList(
    (0): LincsEncoder(
      (mlp): Sequential(
        (0): Linear(in_features=978, out_features=128, bias=True)
        (1): BatchNorm1d(128, eps=1e-05, momentum=0.1, affine=True, track_running_stats=True)
        (2): ReLU()
        (3): Dropout(p=0.5, inplace=False)
        (4): Linear(in_features=128, out_features=128, bias=True)
        (5): BatchNorm1d(128, eps=1e-05, momentum=0.1, affine=True, track_running_stats=True)
        (6): ReLU()
      )
    )
  )
  (protein_encoders): ModuleList(
    (0): ProteinCNNEncoder(
      (embedding): Embedding(21, 128, padding_idx=0)
      (conv_blocks): ModuleList(
        (0): Sequential(
          (0): Conv1d(128, 64, kernel_size=(3,), stride=(1,), padding=(1,))
          (1): BatchNorm1d(64, eps=1e-05, momentum=0.1, affine=True, track_running_stats=True)
          (2): ReLU()
          (3): Conv1d(64, 64, kernel_size=(3,), stride=(1,), padding=(1,))
          (4): BatchNorm1d(64, eps=1e-05, momentum=0.1, affine=True, track_running_stats=True)
          (5): ReLU()
        )
        (1): Sequential(
          (0): Conv1d(128, 64, kernel_size=(7,), stride=(1,), padding=(3,))
          (1): BatchNorm1d(64, eps=1e-05, momentum=0.1, affine=True, track_running_stats=True)
          (2): ReLU()
          (3): Conv1d(64, 64, kernel_size=(7,), stride=(1,), padding=(3,))
          (4): BatchNorm1d(64, eps=1e-05, momentum=0.1, affine=True, track_running_stats=True)
          (5): ReLU()
        )
        (2): Sequential(
          (0): Conv1d(128, 64, kernel_size=(15,), stride=(1,), padding=(7,))
          (1): BatchNorm1d(64, eps=1e-05, momentum=0.1, affine=True, track_running_stats=True)
          (2): ReLU()
          (3): Conv1d(64, 64, kernel_size=(15,), stride=(1,), padding=(7,))
          (4): BatchNorm1d(64, eps=1e-05, momentum=0.1, affine=True, track_running_stats=True)
          (5): ReLU()
        )
      )
    )
  )
  (fusion): MLPFusion(
    (classifier): Sequential(
      (0): Linear(in_features=320, out_features=128, bias=True)
      (1): BatchNorm1d(128, eps=1e-05, momentum=0.1, affine=True, track_running_stats=True)
      (2): ReLU()
      (3): Dropout(p=0.5, inplace=False)
      (4): Linear(in_features=128, out_features=32, bias=True)
      (5): BatchNorm1d(32, eps=1e-05, momentum=0.1, affine=True, track_running_stats=True)
      (6): ReLU()
      (7): Dropout(p=0.5, inplace=False)
      (8): Linear(in_features=32, out_features=1, bias=True)
    )
  )
)
Epoch 001 | time=2.7s | train_loss=0.6407 | val_loss=0.6657 | val_auc=0.6785
  ✓ New best model (epoch 1, val_loss=0.6657, val_auc=0.6785) saved to checkpoints/lincs_vs_cnn_seed999.pt
Epoch 002 | time=1.4s | train_loss=0.5559 | val_loss=0.6384 | val_auc=0.7089
  ✓ New best model (epoch 2, val_loss=0.6384, val_auc=0.7089) saved to checkpoints/lincs_vs_cnn_seed999.pt
Epoch 003 | time=1.6s | train_loss=0.5146 | val_loss=0.6211 | val_auc=0.7224
  ✓ New best model (epoch 3, val_loss=0.6211, val_auc=0.7224) saved to checkpoints/lincs_vs_cnn_seed999.pt
Epoch 004 | time=1.4s | train_loss=0.4814 | val_loss=0.6081 | val_auc=0.7400
  ✓ New best model (epoch 4, val_loss=0.6081, val_auc=0.7400) saved to checkpoints/lincs_vs_cnn_seed999.pt
Epoch 005 | time=1.4s | train_loss=0.4526 | val_loss=0.5953 | val_auc=0.7540
  ✓ New best model (epoch 5, val_loss=0.5953, val_auc=0.7540) saved to checkpoints/lincs_vs_cnn_seed999.pt
Epoch 006 | time=1.4s | train_loss=0.4292 | val_loss=0.5971 | val_auc=0.7499
Epoch 007 | time=1.4s | train_loss=0.4086 | val_loss=0.5861 | val_auc=0.7640
  ✓ New best model (epoch 7, val_loss=0.5861, val_auc=0.7640) saved to checkpoints/lincs_vs_cnn_seed999.pt
Epoch 008 | time=1.4s | train_loss=0.3907 | val_loss=0.5917 | val_auc=0.7605
Epoch 009 | time=1.4s | train_loss=0.3723 | val_loss=0.5790 | val_auc=0.7729
  ✓ New best model (epoch 9, val_loss=0.5790, val_auc=0.7729) saved to checkpoints/lincs_vs_cnn_seed999.pt
Epoch 010 | time=1.4s | train_loss=0.3554 | val_loss=0.5832 | val_auc=0.7730
  ✓ New best model (epoch 10, val_loss=0.5832, val_auc=0.7730) saved to checkpoints/lincs_vs_cnn_seed999.pt
Epoch 011 | time=1.4s | train_loss=0.3407 | val_loss=0.5746 | val_auc=0.7791
  ✓ New best model (epoch 11, val_loss=0.5746, val_auc=0.7791) saved to checkpoints/lincs_vs_cnn_seed999.pt
Epoch 012 | time=1.4s | train_loss=0.3236 | val_loss=0.5743 | val_auc=0.7858
  ✓ New best model (epoch 12, val_loss=0.5743, val_auc=0.7858) saved to checkpoints/lincs_vs_cnn_seed999.pt
Epoch 013 | time=1.4s | train_loss=0.3173 | val_loss=0.5751 | val_auc=0.7837
Epoch 014 | time=1.4s | train_loss=0.2984 | val_loss=0.5905 | val_auc=0.7781
Epoch 015 | time=1.4s | train_loss=0.2893 | val_loss=0.5894 | val_auc=0.7810
Epoch 016 | time=1.4s | train_loss=0.2768 | val_loss=0.5761 | val_auc=0.7939
  ✓ New best model (epoch 16, val_loss=0.5761, val_auc=0.7939) saved to checkpoints/lincs_vs_cnn_seed999.pt
Epoch 017 | time=1.4s | train_loss=0.2677 | val_loss=0.5926 | val_auc=0.7909
Epoch 018 | time=1.4s | train_loss=0.2567 | val_loss=0.5761 | val_auc=0.7989
  ✓ New best model (epoch 18, val_loss=0.5761, val_auc=0.7989) saved to checkpoints/lincs_vs_cnn_seed999.pt
Epoch 019 | time=1.4s | train_loss=0.2499 | val_loss=0.6081 | val_auc=0.7852
Epoch 020 | time=1.4s | train_loss=0.2400 | val_loss=0.5856 | val_auc=0.7960
Epoch 021 | time=1.4s | train_loss=0.2327 | val_loss=0.5853 | val_auc=0.8043
  ✓ New best model (epoch 21, val_loss=0.5853, val_auc=0.8043) saved to checkpoints/lincs_vs_cnn_seed999.pt
Epoch 022 | time=1.4s | train_loss=0.2339 | val_loss=0.5920 | val_auc=0.7989
Epoch 023 | time=1.4s | train_loss=0.2273 | val_loss=0.5917 | val_auc=0.7981
Epoch 024 | time=1.4s | train_loss=0.2226 | val_loss=0.5958 | val_auc=0.7984
Epoch 025 | time=1.4s | train_loss=0.2173 | val_loss=0.5956 | val_auc=0.7976
Epoch 026 | time=1.4s | train_loss=0.2129 | val_loss=0.5979 | val_auc=0.7981
Epoch 027 | time=1.4s | train_loss=0.2118 | val_loss=0.5993 | val_auc=0.7990
Epoch 028 | time=1.4s | train_loss=0.2118 | val_loss=0.5917 | val_auc=0.8039
Epoch 029 | time=1.4s | train_loss=0.2076 | val_loss=0.6096 | val_auc=0.7979
Epoch 030 | time=1.4s | train_loss=0.2082 | val_loss=0.6098 | val_auc=0.7974
Epoch 031 | time=1.4s | train_loss=0.2028 | val_loss=0.6069 | val_auc=0.8009
Early stopping — no improvement for 10 epochs

Best model: epoch 21, val_loss=0.6069, val_auc=0.8043

═══ Test Results ═══
           auc: 0.7013
         auprc: 0.6340
            f1: 0.5754
     precision: 0.5982
        recall: 0.5543
          loss: 0.7145
