/home/kappy/Repos/Multimodal-models-for-predicting-drug-target-interactions/.venv/lib/python3.11/site-packages/outdated/__init__.py:36: UserWarning: pkg_resources is deprecated as an API. See https://setuptools.pypa.io/en/latest/pkg_resources.html. The pkg_resources package is slated for removal as early as 2025-11-30. Refrain from using this package or pin to Setuptools<81.
  from pkg_resources import parse_version
Using device: cuda
Loading clean data from: /home/kappy/Repos/Multimodal-models-for-predicting-drug-target-interactions/src/datasets/lincs_balanced.parquet
Dataset size: 27498
Train: 19558  Val: 2885  Test: 5055
SMILES encoders:  ['FingerprintMLPEncoder', 'LincsEncoder']
Protein encoders: ['ProteinCNNEncoder']
MultimodalDTI(
  (smiles_encoders): ModuleList(
    (0): FingerprintMLPEncoder(
      (mlp): Sequential(
        (0): Linear(in_features=1024, out_features=256, bias=True)
        (1): BatchNorm1d(256, eps=1e-05, momentum=0.1, affine=True, track_running_stats=True)
        (2): ReLU()
        (3): Dropout(p=0.5, inplace=False)
        (4): Linear(in_features=256, out_features=128, bias=True)
        (5): BatchNorm1d(128, eps=1e-05, momentum=0.1, affine=True, track_running_stats=True)
        (6): ReLU()
      )
    )
    (1): LincsEncoder(
      (mlp): Sequential(
        (0): Linear(in_features=978, out_features=256, bias=True)
        (1): BatchNorm1d(256, eps=1e-05, momentum=0.1, affine=True, track_running_stats=True)
        (2): ReLU()
        (3): Dropout(p=0.5, inplace=False)
        (4): Linear(in_features=256, out_features=128, bias=True)
        (5): BatchNorm1d(128, eps=1e-05, momentum=0.1, affine=True, track_running_stats=True)
        (6): ReLU()
      )
    )
  )
  (protein_encoders): ModuleList(
    (0): ProteinCNNEncoder(
      (embedding): Embedding(21, 128, padding_idx=0)
      (conv_blocks): ModuleList(
        (0): Sequential(
          (0): Conv1d(128, 64, kernel_size=(3,), stride=(1,), padding=(1,))
          (1): BatchNorm1d(64, eps=1e-05, momentum=0.1, affine=True, track_running_stats=True)
          (2): ReLU()
          (3): Conv1d(64, 64, kernel_size=(3,), stride=(1,), padding=(1,))
          (4): BatchNorm1d(64, eps=1e-05, momentum=0.1, affine=True, track_running_stats=True)
          (5): ReLU()
        )
        (1): Sequential(
          (0): Conv1d(128, 64, kernel_size=(7,), stride=(1,), padding=(3,))
          (1): BatchNorm1d(64, eps=1e-05, momentum=0.1, affine=True, track_running_stats=True)
          (2): ReLU()
          (3): Conv1d(64, 64, kernel_size=(7,), stride=(1,), padding=(3,))
          (4): BatchNorm1d(64, eps=1e-05, momentum=0.1, affine=True, track_running_stats=True)
          (5): ReLU()
        )
        (2): Sequential(
          (0): Conv1d(128, 64, kernel_size=(15,), stride=(1,), padding=(7,))
          (1): BatchNorm1d(64, eps=1e-05, momentum=0.1, affine=True, track_running_stats=True)
          (2): ReLU()
          (3): Conv1d(64, 64, kernel_size=(15,), stride=(1,), padding=(7,))
          (4): BatchNorm1d(64, eps=1e-05, momentum=0.1, affine=True, track_running_stats=True)
          (5): ReLU()
        )
      )
    )
  )
  (fusion): MLPFusion(
    (classifier): Sequential(
      (0): Linear(in_features=448, out_features=128, bias=True)
      (1): BatchNorm1d(128, eps=1e-05, momentum=0.1, affine=True, track_running_stats=True)
      (2): ReLU()
      (3): Dropout(p=0.5, inplace=False)
      (4): Linear(in_features=128, out_features=32, bias=True)
      (5): BatchNorm1d(32, eps=1e-05, momentum=0.1, affine=True, track_running_stats=True)
      (6): ReLU()
      (7): Dropout(p=0.5, inplace=False)
      (8): Linear(in_features=32, out_features=1, bias=True)
    )
  )
)
Epoch 001 | time=3.1s | train_loss=0.6936 | val_loss=0.6737 | val_auc=0.6358
  ✓ New best model (epoch 1, val_loss=0.6737, val_auc=0.6358) saved to checkpoints/lincs_fp_vs_cnn.pt
Epoch 002 | time=2.8s | train_loss=0.6433 | val_loss=0.6608 | val_auc=0.6658
  ✓ New best model (epoch 2, val_loss=0.6608, val_auc=0.6658) saved to checkpoints/lincs_fp_vs_cnn.pt
Epoch 003 | time=2.8s | train_loss=0.6067 | val_loss=0.6511 | val_auc=0.6793
  ✓ New best model (epoch 3, val_loss=0.6511, val_auc=0.6793) saved to checkpoints/lincs_fp_vs_cnn.pt
Epoch 004 | time=2.8s | train_loss=0.5835 | val_loss=0.6440 | val_auc=0.6889
  ✓ New best model (epoch 4, val_loss=0.6440, val_auc=0.6889) saved to checkpoints/lincs_fp_vs_cnn.pt
Epoch 005 | time=2.8s | train_loss=0.5584 | val_loss=0.6367 | val_auc=0.6990
  ✓ New best model (epoch 5, val_loss=0.6367, val_auc=0.6990) saved to checkpoints/lincs_fp_vs_cnn.pt
Epoch 006 | time=2.8s | train_loss=0.5392 | val_loss=0.6302 | val_auc=0.7067
  ✓ New best model (epoch 6, val_loss=0.6302, val_auc=0.7067) saved to checkpoints/lincs_fp_vs_cnn.pt
Epoch 007 | time=2.8s | train_loss=0.5235 | val_loss=0.6255 | val_auc=0.7126
  ✓ New best model (epoch 7, val_loss=0.6255, val_auc=0.7126) saved to checkpoints/lincs_fp_vs_cnn.pt
Epoch 008 | time=2.8s | train_loss=0.5090 | val_loss=0.6186 | val_auc=0.7215
  ✓ New best model (epoch 8, val_loss=0.6186, val_auc=0.7215) saved to checkpoints/lincs_fp_vs_cnn.pt
Epoch 009 | time=2.8s | train_loss=0.4941 | val_loss=0.6139 | val_auc=0.7297
  ✓ New best model (epoch 9, val_loss=0.6139, val_auc=0.7297) saved to checkpoints/lincs_fp_vs_cnn.pt
Epoch 010 | time=2.8s | train_loss=0.4828 | val_loss=0.6088 | val_auc=0.7365
  ✓ New best model (epoch 10, val_loss=0.6088, val_auc=0.7365) saved to checkpoints/lincs_fp_vs_cnn.pt
Epoch 011 | time=2.8s | train_loss=0.4731 | val_loss=0.6025 | val_auc=0.7435
  ✓ New best model (epoch 11, val_loss=0.6025, val_auc=0.7435) saved to checkpoints/lincs_fp_vs_cnn.pt
Epoch 012 | time=2.8s | train_loss=0.4621 | val_loss=0.5973 | val_auc=0.7490
  ✓ New best model (epoch 12, val_loss=0.5973, val_auc=0.7490) saved to checkpoints/lincs_fp_vs_cnn.pt
Epoch 013 | time=2.8s | train_loss=0.4532 | val_loss=0.5935 | val_auc=0.7533
  ✓ New best model (epoch 13, val_loss=0.5935, val_auc=0.7533) saved to checkpoints/lincs_fp_vs_cnn.pt
Epoch 014 | time=2.8s | train_loss=0.4427 | val_loss=0.5896 | val_auc=0.7590
  ✓ New best model (epoch 14, val_loss=0.5896, val_auc=0.7590) saved to checkpoints/lincs_fp_vs_cnn.pt
Epoch 015 | time=2.8s | train_loss=0.4338 | val_loss=0.5902 | val_auc=0.7567
Epoch 016 | time=2.8s | train_loss=0.4255 | val_loss=0.5893 | val_auc=0.7564
Epoch 017 | time=2.8s | train_loss=0.4203 | val_loss=0.5823 | val_auc=0.7665
  ✓ New best model (epoch 17, val_loss=0.5823, val_auc=0.7665) saved to checkpoints/lincs_fp_vs_cnn.pt
Epoch 018 | time=2.8s | train_loss=0.4126 | val_loss=0.5827 | val_auc=0.7640
Epoch 019 | time=2.8s | train_loss=0.4031 | val_loss=0.5834 | val_auc=0.7632
Epoch 020 | time=2.8s | train_loss=0.3968 | val_loss=0.5772 | val_auc=0.7692
  ✓ New best model (epoch 20, val_loss=0.5772, val_auc=0.7692) saved to checkpoints/lincs_fp_vs_cnn.pt
Epoch 021 | time=2.8s | train_loss=0.3896 | val_loss=0.5769 | val_auc=0.7709
  ✓ New best model (epoch 21, val_loss=0.5769, val_auc=0.7709) saved to checkpoints/lincs_fp_vs_cnn.pt
Epoch 022 | time=2.8s | train_loss=0.3836 | val_loss=0.5758 | val_auc=0.7735
  ✓ New best model (epoch 22, val_loss=0.5758, val_auc=0.7735) saved to checkpoints/lincs_fp_vs_cnn.pt
Epoch 023 | time=2.8s | train_loss=0.3780 | val_loss=0.5745 | val_auc=0.7740
  ✓ New best model (epoch 23, val_loss=0.5745, val_auc=0.7740) saved to checkpoints/lincs_fp_vs_cnn.pt
Epoch 024 | time=2.8s | train_loss=0.3708 | val_loss=0.5760 | val_auc=0.7709
Epoch 025 | time=2.8s | train_loss=0.3654 | val_loss=0.5712 | val_auc=0.7764
  ✓ New best model (epoch 25, val_loss=0.5712, val_auc=0.7764) saved to checkpoints/lincs_fp_vs_cnn.pt
Epoch 026 | time=2.8s | train_loss=0.3597 | val_loss=0.5703 | val_auc=0.7777
  ✓ New best model (epoch 26, val_loss=0.5703, val_auc=0.7777) saved to checkpoints/lincs_fp_vs_cnn.pt
Epoch 027 | time=2.8s | train_loss=0.3551 | val_loss=0.5695 | val_auc=0.7771
Epoch 028 | time=2.8s | train_loss=0.3493 | val_loss=0.5692 | val_auc=0.7774
Epoch 029 | time=2.8s | train_loss=0.3437 | val_loss=0.5680 | val_auc=0.7812
  ✓ New best model (epoch 29, val_loss=0.5680, val_auc=0.7812) saved to checkpoints/lincs_fp_vs_cnn.pt
Epoch 030 | time=2.9s | train_loss=0.3375 | val_loss=0.5747 | val_auc=0.7732
Epoch 031 | time=2.8s | train_loss=0.3317 | val_loss=0.5676 | val_auc=0.7801
Epoch 032 | time=2.8s | train_loss=0.3293 | val_loss=0.5660 | val_auc=0.7835
  ✓ New best model (epoch 32, val_loss=0.5660, val_auc=0.7835) saved to checkpoints/lincs_fp_vs_cnn.pt
Epoch 033 | time=2.8s | train_loss=0.3234 | val_loss=0.5665 | val_auc=0.7839
  ✓ New best model (epoch 33, val_loss=0.5665, val_auc=0.7839) saved to checkpoints/lincs_fp_vs_cnn.pt
Epoch 034 | time=2.8s | train_loss=0.3193 | val_loss=0.5694 | val_auc=0.7819
Epoch 035 | time=2.9s | train_loss=0.3179 | val_loss=0.5687 | val_auc=0.7831
Epoch 036 | time=2.9s | train_loss=0.3124 | val_loss=0.5722 | val_auc=0.7810
Epoch 037 | time=2.9s | train_loss=0.3039 | val_loss=0.5675 | val_auc=0.7860
  ✓ New best model (epoch 37, val_loss=0.5675, val_auc=0.7860) saved to checkpoints/lincs_fp_vs_cnn.pt
Epoch 038 | time=2.8s | train_loss=0.3030 | val_loss=0.5690 | val_auc=0.7848
Epoch 039 | time=2.9s | train_loss=0.2967 | val_loss=0.5681 | val_auc=0.7845
Epoch 040 | time=2.8s | train_loss=0.2971 | val_loss=0.5711 | val_auc=0.7831
Epoch 041 | time=2.9s | train_loss=0.2942 | val_loss=0.5716 | val_auc=0.7833
Epoch 042 | time=2.9s | train_loss=0.2906 | val_loss=0.5721 | val_auc=0.7849
Epoch 043 | time=2.8s | train_loss=0.2920 | val_loss=0.5721 | val_auc=0.7825
Epoch 044 | time=2.9s | train_loss=0.2875 | val_loss=0.5703 | val_auc=0.7832
Epoch 045 | time=2.9s | train_loss=0.2858 | val_loss=0.5720 | val_auc=0.7864
  ✓ New best model (epoch 45, val_loss=0.5720, val_auc=0.7864) saved to checkpoints/lincs_fp_vs_cnn.pt
Epoch 046 | time=2.9s | train_loss=0.2865 | val_loss=0.5695 | val_auc=0.7875
  ✓ New best model (epoch 46, val_loss=0.5695, val_auc=0.7875) saved to checkpoints/lincs_fp_vs_cnn.pt
Epoch 047 | time=2.9s | train_loss=0.2859 | val_loss=0.5747 | val_auc=0.7861
Epoch 048 | time=2.8s | train_loss=0.2841 | val_loss=0.5719 | val_auc=0.7868
Epoch 049 | time=2.8s | train_loss=0.2826 | val_loss=0.5752 | val_auc=0.7827
Epoch 050 | time=2.8s | train_loss=0.2813 | val_loss=0.5787 | val_auc=0.7817
Epoch 051 | time=2.8s | train_loss=0.2806 | val_loss=0.5717 | val_auc=0.7868
Epoch 052 | time=2.8s | train_loss=0.2809 | val_loss=0.5737 | val_auc=0.7856
Epoch 053 | time=2.8s | train_loss=0.2803 | val_loss=0.5725 | val_auc=0.7860
Epoch 054 | time=2.8s | train_loss=0.2818 | val_loss=0.5707 | val_auc=0.7881
  ✓ New best model (epoch 54, val_loss=0.5707, val_auc=0.7881) saved to checkpoints/lincs_fp_vs_cnn.pt
Epoch 055 | time=2.9s | train_loss=0.2808 | val_loss=0.5727 | val_auc=0.7869
Epoch 056 | time=2.8s | train_loss=0.2793 | val_loss=0.5730 | val_auc=0.7879
Epoch 057 | time=2.8s | train_loss=0.2783 | val_loss=0.5738 | val_auc=0.7870
Epoch 058 | time=2.8s | train_loss=0.2779 | val_loss=0.5758 | val_auc=0.7842
Epoch 059 | time=2.8s | train_loss=0.2798 | val_loss=0.5738 | val_auc=0.7865
Epoch 060 | time=2.8s | train_loss=0.2783 | val_loss=0.5722 | val_auc=0.7875
Epoch 061 | time=2.8s | train_loss=0.2761 | val_loss=0.5756 | val_auc=0.7857
Epoch 062 | time=2.8s | train_loss=0.2754 | val_loss=0.5767 | val_auc=0.7847
Epoch 063 | time=2.8s | train_loss=0.2772 | val_loss=0.5720 | val_auc=0.7879
Epoch 064 | time=2.8s | train_loss=0.2766 | val_loss=0.5724 | val_auc=0.7876
Early stopping — no improvement for 10 epochs

Best model: epoch 54, val_loss=0.5724, val_auc=0.7881

═══ Test Results ═══
           auc: 0.7348
         auprc: 0.6436
            f1: 0.6547
     precision: 0.6315
        recall: 0.6796
          loss: 0.6199
