Uninstalled 1 package in 8ms
Installed 1 package in 19ms
/net/storage/pr3/plgrid/plggmlcil/plgkstankie/vvv/Multimodal-models-for-predicting-drug-target-interactions/.venv/lib/python3.11/site-packages/outdated/__init__.py:36: UserWarning: pkg_resources is deprecated as an API. See https://setuptools.pypa.io/en/latest/pkg_resources.html. The pkg_resources package is slated for removal as early as 2025-11-30. Refrain from using this package or pin to Setuptools<81.
  from pkg_resources import parse_version
Setting global random seed to 1024
Using device: cuda
Loading clean data from: /net/storage/pr3/plgrid/plggmlcil/plgkstankie/vvv/Multimodal-models-for-predicting-drug-target-interactions/src/datasets/lincs_balanced.parquet
Dataset size: 27498
Train: 19558  Val: 2885  Test: 5055
SMILES encoders:  ['LincsEncoder']
Protein encoders: ['ProteinCNNEncoder']
MultimodalDTI(
  (smiles_encoders): ModuleList(
    (0): LincsEncoder(
      (mlp): Sequential(
        (0): Linear(in_features=978, out_features=128, bias=True)
        (1): BatchNorm1d(128, eps=1e-05, momentum=0.1, affine=True, track_running_stats=True)
        (2): ReLU()
        (3): Dropout(p=0.5, inplace=False)
        (4): Linear(in_features=128, out_features=128, bias=True)
        (5): BatchNorm1d(128, eps=1e-05, momentum=0.1, affine=True, track_running_stats=True)
        (6): ReLU()
      )
    )
  )
  (protein_encoders): ModuleList(
    (0): ProteinCNNEncoder(
      (embedding): Embedding(21, 128, padding_idx=0)
      (conv_blocks): ModuleList(
        (0): Sequential(
          (0): Conv1d(128, 64, kernel_size=(3,), stride=(1,), padding=(1,))
          (1): BatchNorm1d(64, eps=1e-05, momentum=0.1, affine=True, track_running_stats=True)
          (2): ReLU()
          (3): Conv1d(64, 64, kernel_size=(3,), stride=(1,), padding=(1,))
          (4): BatchNorm1d(64, eps=1e-05, momentum=0.1, affine=True, track_running_stats=True)
          (5): ReLU()
        )
        (1): Sequential(
          (0): Conv1d(128, 64, kernel_size=(7,), stride=(1,), padding=(3,))
          (1): BatchNorm1d(64, eps=1e-05, momentum=0.1, affine=True, track_running_stats=True)
          (2): ReLU()
          (3): Conv1d(64, 64, kernel_size=(7,), stride=(1,), padding=(3,))
          (4): BatchNorm1d(64, eps=1e-05, momentum=0.1, affine=True, track_running_stats=True)
          (5): ReLU()
        )
        (2): Sequential(
          (0): Conv1d(128, 64, kernel_size=(15,), stride=(1,), padding=(7,))
          (1): BatchNorm1d(64, eps=1e-05, momentum=0.1, affine=True, track_running_stats=True)
          (2): ReLU()
          (3): Conv1d(64, 64, kernel_size=(15,), stride=(1,), padding=(7,))
          (4): BatchNorm1d(64, eps=1e-05, momentum=0.1, affine=True, track_running_stats=True)
          (5): ReLU()
        )
      )
    )
  )
  (fusion): MLPFusion(
    (classifier): Sequential(
      (0): Linear(in_features=320, out_features=128, bias=True)
      (1): BatchNorm1d(128, eps=1e-05, momentum=0.1, affine=True, track_running_stats=True)
      (2): ReLU()
      (3): Dropout(p=0.5, inplace=False)
      (4): Linear(in_features=128, out_features=32, bias=True)
      (5): BatchNorm1d(32, eps=1e-05, momentum=0.1, affine=True, track_running_stats=True)
      (6): ReLU()
      (7): Dropout(p=0.5, inplace=False)
      (8): Linear(in_features=32, out_features=1, bias=True)
    )
  )
)
Epoch 001 | time=3.0s | train_loss=0.6238 | val_loss=0.6373 | val_auc=0.6958
  ✓ New best model (epoch 1, val_loss=0.6373, val_auc=0.6958) saved to checkpoints/lincs_vs_cnn_seed1024.pt
Epoch 002 | time=1.4s | train_loss=0.5372 | val_loss=0.6168 | val_auc=0.7211
  ✓ New best model (epoch 2, val_loss=0.6168, val_auc=0.7211) saved to checkpoints/lincs_vs_cnn_seed1024.pt
Epoch 003 | time=1.4s | train_loss=0.4936 | val_loss=0.6060 | val_auc=0.7318
  ✓ New best model (epoch 3, val_loss=0.6060, val_auc=0.7318) saved to checkpoints/lincs_vs_cnn_seed1024.pt
Epoch 004 | time=1.4s | train_loss=0.4616 | val_loss=0.5983 | val_auc=0.7418
  ✓ New best model (epoch 4, val_loss=0.5983, val_auc=0.7418) saved to checkpoints/lincs_vs_cnn_seed1024.pt
Epoch 005 | time=1.4s | train_loss=0.4379 | val_loss=0.6018 | val_auc=0.7416
Epoch 006 | time=1.4s | train_loss=0.4124 | val_loss=0.6003 | val_auc=0.7478
  ✓ New best model (epoch 6, val_loss=0.6003, val_auc=0.7478) saved to checkpoints/lincs_vs_cnn_seed1024.pt
Epoch 007 | time=1.4s | train_loss=0.3944 | val_loss=0.5837 | val_auc=0.7614
  ✓ New best model (epoch 7, val_loss=0.5837, val_auc=0.7614) saved to checkpoints/lincs_vs_cnn_seed1024.pt
Epoch 008 | time=1.4s | train_loss=0.3752 | val_loss=0.6004 | val_auc=0.7559
Epoch 009 | time=1.4s | train_loss=0.3584 | val_loss=0.6010 | val_auc=0.7502
Epoch 010 | time=1.4s | train_loss=0.3440 | val_loss=0.5951 | val_auc=0.7643
  ✓ New best model (epoch 10, val_loss=0.5951, val_auc=0.7643) saved to checkpoints/lincs_vs_cnn_seed1024.pt
Epoch 011 | time=1.4s | train_loss=0.3289 | val_loss=0.5952 | val_auc=0.7675
  ✓ New best model (epoch 11, val_loss=0.5952, val_auc=0.7675) saved to checkpoints/lincs_vs_cnn_seed1024.pt
Epoch 012 | time=1.4s | train_loss=0.3148 | val_loss=0.5960 | val_auc=0.7657
Epoch 013 | time=1.4s | train_loss=0.3030 | val_loss=0.5934 | val_auc=0.7733
  ✓ New best model (epoch 13, val_loss=0.5934, val_auc=0.7733) saved to checkpoints/lincs_vs_cnn_seed1024.pt
Epoch 014 | time=1.4s | train_loss=0.2894 | val_loss=0.5904 | val_auc=0.7756
  ✓ New best model (epoch 14, val_loss=0.5904, val_auc=0.7756) saved to checkpoints/lincs_vs_cnn_seed1024.pt
Epoch 015 | time=1.4s | train_loss=0.2791 | val_loss=0.5913 | val_auc=0.7796
  ✓ New best model (epoch 15, val_loss=0.5913, val_auc=0.7796) saved to checkpoints/lincs_vs_cnn_seed1024.pt
Epoch 016 | time=1.4s | train_loss=0.2745 | val_loss=0.5941 | val_auc=0.7802
  ✓ New best model (epoch 16, val_loss=0.5941, val_auc=0.7802) saved to checkpoints/lincs_vs_cnn_seed1024.pt
Epoch 017 | time=1.4s | train_loss=0.2703 | val_loss=0.6000 | val_auc=0.7748
Epoch 018 | time=1.4s | train_loss=0.2663 | val_loss=0.6156 | val_auc=0.7706
Epoch 019 | time=1.4s | train_loss=0.2577 | val_loss=0.6203 | val_auc=0.7754
Epoch 020 | time=1.4s | train_loss=0.2551 | val_loss=0.6111 | val_auc=0.7800
Epoch 021 | time=1.4s | train_loss=0.2510 | val_loss=0.6264 | val_auc=0.7757
Epoch 022 | time=1.4s | train_loss=0.2461 | val_loss=0.5964 | val_auc=0.7855
  ✓ New best model (epoch 22, val_loss=0.5964, val_auc=0.7855) saved to checkpoints/lincs_vs_cnn_seed1024.pt
Epoch 023 | time=1.4s | train_loss=0.2434 | val_loss=0.6328 | val_auc=0.7734
Epoch 024 | time=1.4s | train_loss=0.2415 | val_loss=0.6031 | val_auc=0.7859
  ✓ New best model (epoch 24, val_loss=0.6031, val_auc=0.7859) saved to checkpoints/lincs_vs_cnn_seed1024.pt
Epoch 025 | time=1.4s | train_loss=0.2357 | val_loss=0.6109 | val_auc=0.7814
Epoch 026 | time=1.4s | train_loss=0.2371 | val_loss=0.6138 | val_auc=0.7804
Epoch 027 | time=1.4s | train_loss=0.2340 | val_loss=0.6188 | val_auc=0.7796
Epoch 028 | time=1.4s | train_loss=0.2339 | val_loss=0.6235 | val_auc=0.7785
Epoch 029 | time=1.4s | train_loss=0.2324 | val_loss=0.6230 | val_auc=0.7782
Epoch 030 | time=1.4s | train_loss=0.2312 | val_loss=0.6255 | val_auc=0.7763
Epoch 031 | time=1.4s | train_loss=0.2285 | val_loss=0.6143 | val_auc=0.7834
Epoch 032 | time=1.4s | train_loss=0.2281 | val_loss=0.6225 | val_auc=0.7791
Epoch 033 | time=1.4s | train_loss=0.2252 | val_loss=0.6241 | val_auc=0.7794
Epoch 034 | time=1.4s | train_loss=0.2266 | val_loss=0.6343 | val_auc=0.7775
Early stopping — no improvement for 10 epochs

Best model: epoch 24, val_loss=0.6343, val_auc=0.7859

═══ Test Results ═══
           auc: 0.6958
         auprc: 0.6250
            f1: 0.6114
     precision: 0.6077
        recall: 0.6151
          loss: 0.7259
