Uninstalled 1 package in 7ms
Installed 1 package in 11ms
/net/storage/pr3/plgrid/plggmlcil/plgkstankie/vvv/Multimodal-models-for-predicting-drug-target-interactions/.venv/lib/python3.11/site-packages/outdated/__init__.py:36: UserWarning: pkg_resources is deprecated as an API. See https://setuptools.pypa.io/en/latest/pkg_resources.html. The pkg_resources package is slated for removal as early as 2025-11-30. Refrain from using this package or pin to Setuptools<81.
  from pkg_resources import parse_version
Setting global random seed to 42
Using device: cuda
Loading clean data from: /net/storage/pr3/plgrid/plggmlcil/plgkstankie/vvv/Multimodal-models-for-predicting-drug-target-interactions/src/datasets/lincs_balanced.parquet
Dataset size: 27498
Train: 19558  Val: 2885  Test: 5055
SMILES encoders:  ['LincsGraphEncoder']
Protein encoders: ['ProteinCNNEncoder']
MultimodalDTI(
  (smiles_encoders): ModuleList(
    (0): LincsGraphEncoder(
      (proj): Linear(in_features=1, out_features=128, bias=True)
      (convs): ModuleList(
        (0-1): 2 x DenseGCNConv(
          (linear): Linear(in_features=128, out_features=128, bias=False)
        )
      )
      (bns): ModuleList(
        (0-1): 2 x BatchNorm1d(128, eps=1e-05, momentum=0.1, affine=True, track_running_stats=True)
      )
      (pool_proj): Linear(in_features=128, out_features=128, bias=True)
    )
  )
  (protein_encoders): ModuleList(
    (0): ProteinCNNEncoder(
      (embedding): Embedding(21, 128, padding_idx=0)
      (conv_blocks): ModuleList(
        (0): Sequential(
          (0): Conv1d(128, 64, kernel_size=(3,), stride=(1,), padding=(1,))
          (1): BatchNorm1d(64, eps=1e-05, momentum=0.1, affine=True, track_running_stats=True)
          (2): ReLU()
          (3): Conv1d(64, 64, kernel_size=(3,), stride=(1,), padding=(1,))
          (4): BatchNorm1d(64, eps=1e-05, momentum=0.1, affine=True, track_running_stats=True)
          (5): ReLU()
        )
        (1): Sequential(
          (0): Conv1d(128, 64, kernel_size=(7,), stride=(1,), padding=(3,))
          (1): BatchNorm1d(64, eps=1e-05, momentum=0.1, affine=True, track_running_stats=True)
          (2): ReLU()
          (3): Conv1d(64, 64, kernel_size=(7,), stride=(1,), padding=(3,))
          (4): BatchNorm1d(64, eps=1e-05, momentum=0.1, affine=True, track_running_stats=True)
          (5): ReLU()
        )
        (2): Sequential(
          (0): Conv1d(128, 64, kernel_size=(15,), stride=(1,), padding=(7,))
          (1): BatchNorm1d(64, eps=1e-05, momentum=0.1, affine=True, track_running_stats=True)
          (2): ReLU()
          (3): Conv1d(64, 64, kernel_size=(15,), stride=(1,), padding=(7,))
          (4): BatchNorm1d(64, eps=1e-05, momentum=0.1, affine=True, track_running_stats=True)
          (5): ReLU()
        )
      )
    )
  )
  (fusion): MLPFusion(
    (classifier): Sequential(
      (0): Linear(in_features=320, out_features=128, bias=True)
      (1): BatchNorm1d(128, eps=1e-05, momentum=0.1, affine=True, track_running_stats=True)
      (2): ReLU()
      (3): Dropout(p=0.5, inplace=False)
      (4): Linear(in_features=128, out_features=32, bias=True)
      (5): BatchNorm1d(32, eps=1e-05, momentum=0.1, affine=True, track_running_stats=True)
      (6): ReLU()
      (7): Dropout(p=0.5, inplace=False)
      (8): Linear(in_features=32, out_features=1, bias=True)
    )
  )
)
Epoch 001 | time=3.9s | train_loss=0.6095 | val_loss=0.6377 | val_auc=0.6884
  ✓ New best model (epoch 1, val_loss=0.6377, val_auc=0.6884) saved to checkpoints/lincs_graph_vs_cnn_seed42.pt
Epoch 002 | time=2.6s | train_loss=0.5345 | val_loss=0.6261 | val_auc=0.7048
  ✓ New best model (epoch 2, val_loss=0.6261, val_auc=0.7048) saved to checkpoints/lincs_graph_vs_cnn_seed42.pt
Epoch 003 | time=2.6s | train_loss=0.5022 | val_loss=0.6162 | val_auc=0.7211
  ✓ New best model (epoch 3, val_loss=0.6162, val_auc=0.7211) saved to checkpoints/lincs_graph_vs_cnn_seed42.pt
Epoch 004 | time=2.6s | train_loss=0.4778 | val_loss=0.6136 | val_auc=0.7289
  ✓ New best model (epoch 4, val_loss=0.6136, val_auc=0.7289) saved to checkpoints/lincs_graph_vs_cnn_seed42.pt
Epoch 005 | time=2.6s | train_loss=0.4623 | val_loss=0.6114 | val_auc=0.7320
  ✓ New best model (epoch 5, val_loss=0.6114, val_auc=0.7320) saved to checkpoints/lincs_graph_vs_cnn_seed42.pt
Epoch 006 | time=2.6s | train_loss=0.4478 | val_loss=0.6205 | val_auc=0.7328
  ✓ New best model (epoch 6, val_loss=0.6205, val_auc=0.7328) saved to checkpoints/lincs_graph_vs_cnn_seed42.pt
Epoch 007 | time=2.6s | train_loss=0.4363 | val_loss=0.6359 | val_auc=0.7303
Epoch 008 | time=2.6s | train_loss=0.4242 | val_loss=0.6219 | val_auc=0.7372
  ✓ New best model (epoch 8, val_loss=0.6219, val_auc=0.7372) saved to checkpoints/lincs_graph_vs_cnn_seed42.pt
Epoch 009 | time=2.6s | train_loss=0.4142 | val_loss=0.6312 | val_auc=0.7339
Epoch 010 | time=2.6s | train_loss=0.4031 | val_loss=0.6103 | val_auc=0.7518
  ✓ New best model (epoch 10, val_loss=0.6103, val_auc=0.7518) saved to checkpoints/lincs_graph_vs_cnn_seed42.pt
Epoch 011 | time=2.6s | train_loss=0.3969 | val_loss=0.6451 | val_auc=0.7558
  ✓ New best model (epoch 11, val_loss=0.6451, val_auc=0.7558) saved to checkpoints/lincs_graph_vs_cnn_seed42.pt
Epoch 012 | time=3.6s | train_loss=0.3865 | val_loss=0.6283 | val_auc=0.7443
Epoch 013 | time=2.6s | train_loss=0.3764 | val_loss=0.6527 | val_auc=0.7292
Epoch 014 | time=2.6s | train_loss=0.3695 | val_loss=0.6524 | val_auc=0.7286
Epoch 015 | time=2.6s | train_loss=0.3663 | val_loss=0.6557 | val_auc=0.7479
Epoch 016 | time=2.6s | train_loss=0.3634 | val_loss=0.6623 | val_auc=0.7251
Epoch 017 | time=2.6s | train_loss=0.3496 | val_loss=0.6517 | val_auc=0.7483
Epoch 018 | time=2.6s | train_loss=0.3471 | val_loss=0.6591 | val_auc=0.7492
Epoch 019 | time=2.6s | train_loss=0.3411 | val_loss=0.6482 | val_auc=0.7558
  ✓ New best model (epoch 19, val_loss=0.6482, val_auc=0.7558) saved to checkpoints/lincs_graph_vs_cnn_seed42.pt
Epoch 020 | time=2.6s | train_loss=0.3374 | val_loss=0.6505 | val_auc=0.7569
  ✓ New best model (epoch 20, val_loss=0.6505, val_auc=0.7569) saved to checkpoints/lincs_graph_vs_cnn_seed42.pt
Epoch 021 | time=2.6s | train_loss=0.3373 | val_loss=0.6750 | val_auc=0.7404
Epoch 022 | time=2.9s | train_loss=0.3360 | val_loss=0.6578 | val_auc=0.7484
Epoch 023 | time=2.6s | train_loss=0.3337 | val_loss=0.6604 | val_auc=0.7512
Epoch 024 | time=2.6s | train_loss=0.3308 | val_loss=0.6555 | val_auc=0.7598
  ✓ New best model (epoch 24, val_loss=0.6555, val_auc=0.7598) saved to checkpoints/lincs_graph_vs_cnn_seed42.pt
Epoch 025 | time=2.6s | train_loss=0.3266 | val_loss=0.6706 | val_auc=0.7513
Epoch 026 | time=2.6s | train_loss=0.3224 | val_loss=0.6805 | val_auc=0.7454
Epoch 027 | time=2.6s | train_loss=0.3231 | val_loss=0.6717 | val_auc=0.7532
Epoch 028 | time=2.6s | train_loss=0.3236 | val_loss=0.6782 | val_auc=0.7497
Epoch 029 | time=2.6s | train_loss=0.3204 | val_loss=0.6699 | val_auc=0.7536
Epoch 030 | time=2.6s | train_loss=0.3166 | val_loss=0.6892 | val_auc=0.7481
Epoch 031 | time=2.6s | train_loss=0.3160 | val_loss=0.6858 | val_auc=0.7503
Epoch 032 | time=2.6s | train_loss=0.3157 | val_loss=0.6757 | val_auc=0.7539
Epoch 033 | time=2.6s | train_loss=0.3138 | val_loss=0.6832 | val_auc=0.7510
Epoch 034 | time=2.6s | train_loss=0.3148 | val_loss=0.6855 | val_auc=0.7524
Early stopping — no improvement for 10 epochs

Best model: epoch 24, val_loss=0.6855, val_auc=0.7598

═══ Test Results ═══
           auc: 0.6910
         auprc: 0.6044
            f1: 0.5968
     precision: 0.5882
        recall: 0.6057
          loss: 0.7419
