Uninstalled 1 package in 7ms
Installed 1 package in 12ms
/net/storage/pr3/plgrid/plggmlcil/plgkstankie/vvv/Multimodal-models-for-predicting-drug-target-interactions/.venv/lib/python3.11/site-packages/outdated/__init__.py:36: UserWarning: pkg_resources is deprecated as an API. See https://setuptools.pypa.io/en/latest/pkg_resources.html. The pkg_resources package is slated for removal as early as 2025-11-30. Refrain from using this package or pin to Setuptools<81.
  from pkg_resources import parse_version
Setting global random seed to 999
Using device: cuda
Loading clean data from: /net/storage/pr3/plgrid/plggmlcil/plgkstankie/vvv/Multimodal-models-for-predicting-drug-target-interactions/src/datasets/lincs_balanced.parquet
Dataset size: 27498
Train: 19558  Val: 2885  Test: 5055
SMILES encoders:  ['LincsGraphEncoder']
Protein encoders: ['ProteinCNNEncoder']
MultimodalDTI(
  (smiles_encoders): ModuleList(
    (0): LincsGraphEncoder(
      (proj): Linear(in_features=1, out_features=128, bias=True)
      (convs): ModuleList(
        (0-1): 2 x DenseGCNConv(
          (linear): Linear(in_features=128, out_features=128, bias=False)
        )
      )
      (bns): ModuleList(
        (0-1): 2 x BatchNorm1d(128, eps=1e-05, momentum=0.1, affine=True, track_running_stats=True)
      )
      (pool_proj): Linear(in_features=128, out_features=128, bias=True)
    )
  )
  (protein_encoders): ModuleList(
    (0): ProteinCNNEncoder(
      (embedding): Embedding(21, 128, padding_idx=0)
      (conv_blocks): ModuleList(
        (0): Sequential(
          (0): Conv1d(128, 64, kernel_size=(3,), stride=(1,), padding=(1,))
          (1): BatchNorm1d(64, eps=1e-05, momentum=0.1, affine=True, track_running_stats=True)
          (2): ReLU()
          (3): Conv1d(64, 64, kernel_size=(3,), stride=(1,), padding=(1,))
          (4): BatchNorm1d(64, eps=1e-05, momentum=0.1, affine=True, track_running_stats=True)
          (5): ReLU()
        )
        (1): Sequential(
          (0): Conv1d(128, 64, kernel_size=(7,), stride=(1,), padding=(3,))
          (1): BatchNorm1d(64, eps=1e-05, momentum=0.1, affine=True, track_running_stats=True)
          (2): ReLU()
          (3): Conv1d(64, 64, kernel_size=(7,), stride=(1,), padding=(3,))
          (4): BatchNorm1d(64, eps=1e-05, momentum=0.1, affine=True, track_running_stats=True)
          (5): ReLU()
        )
        (2): Sequential(
          (0): Conv1d(128, 64, kernel_size=(15,), stride=(1,), padding=(7,))
          (1): BatchNorm1d(64, eps=1e-05, momentum=0.1, affine=True, track_running_stats=True)
          (2): ReLU()
          (3): Conv1d(64, 64, kernel_size=(15,), stride=(1,), padding=(7,))
          (4): BatchNorm1d(64, eps=1e-05, momentum=0.1, affine=True, track_running_stats=True)
          (5): ReLU()
        )
      )
    )
  )
  (fusion): MLPFusion(
    (classifier): Sequential(
      (0): Linear(in_features=320, out_features=128, bias=True)
      (1): BatchNorm1d(128, eps=1e-05, momentum=0.1, affine=True, track_running_stats=True)
      (2): ReLU()
      (3): Dropout(p=0.5, inplace=False)
      (4): Linear(in_features=128, out_features=32, bias=True)
      (5): BatchNorm1d(32, eps=1e-05, momentum=0.1, affine=True, track_running_stats=True)
      (6): ReLU()
      (7): Dropout(p=0.5, inplace=False)
      (8): Linear(in_features=32, out_features=1, bias=True)
    )
  )
)
Epoch 001 | time=3.5s | train_loss=0.6125 | val_loss=0.6341 | val_auc=0.7029
  ✓ New best model (epoch 1, val_loss=0.6341, val_auc=0.7029) saved to checkpoints/lincs_graph_vs_cnn_seed999.pt
Epoch 002 | time=2.6s | train_loss=0.5379 | val_loss=0.6179 | val_auc=0.7205
  ✓ New best model (epoch 2, val_loss=0.6179, val_auc=0.7205) saved to checkpoints/lincs_graph_vs_cnn_seed999.pt
Epoch 003 | time=2.6s | train_loss=0.5012 | val_loss=0.6089 | val_auc=0.7349
  ✓ New best model (epoch 3, val_loss=0.6089, val_auc=0.7349) saved to checkpoints/lincs_graph_vs_cnn_seed999.pt
Epoch 004 | time=2.6s | train_loss=0.4781 | val_loss=0.6042 | val_auc=0.7405
  ✓ New best model (epoch 4, val_loss=0.6042, val_auc=0.7405) saved to checkpoints/lincs_graph_vs_cnn_seed999.pt
Epoch 005 | time=2.6s | train_loss=0.4622 | val_loss=0.6136 | val_auc=0.7376
Epoch 006 | time=2.6s | train_loss=0.4472 | val_loss=0.6071 | val_auc=0.7516
  ✓ New best model (epoch 6, val_loss=0.6071, val_auc=0.7516) saved to checkpoints/lincs_graph_vs_cnn_seed999.pt
Epoch 007 | time=2.6s | train_loss=0.4357 | val_loss=0.6151 | val_auc=0.7441
Epoch 008 | time=2.6s | train_loss=0.4254 | val_loss=0.6047 | val_auc=0.7544
  ✓ New best model (epoch 8, val_loss=0.6047, val_auc=0.7544) saved to checkpoints/lincs_graph_vs_cnn_seed999.pt
Epoch 009 | time=2.6s | train_loss=0.4132 | val_loss=0.6230 | val_auc=0.7416
Epoch 010 | time=2.6s | train_loss=0.4011 | val_loss=0.6243 | val_auc=0.7460
Epoch 011 | time=2.6s | train_loss=0.3872 | val_loss=0.6266 | val_auc=0.7586
  ✓ New best model (epoch 11, val_loss=0.6266, val_auc=0.7586) saved to checkpoints/lincs_graph_vs_cnn_seed999.pt
Epoch 012 | time=2.6s | train_loss=0.3800 | val_loss=0.6214 | val_auc=0.7588
  ✓ New best model (epoch 12, val_loss=0.6214, val_auc=0.7588) saved to checkpoints/lincs_graph_vs_cnn_seed999.pt
Epoch 013 | time=2.6s | train_loss=0.3768 | val_loss=0.6182 | val_auc=0.7629
  ✓ New best model (epoch 13, val_loss=0.6182, val_auc=0.7629) saved to checkpoints/lincs_graph_vs_cnn_seed999.pt
Epoch 014 | time=2.6s | train_loss=0.3726 | val_loss=0.6255 | val_auc=0.7598
Epoch 015 | time=2.6s | train_loss=0.3674 | val_loss=0.6428 | val_auc=0.7514
Epoch 016 | time=2.6s | train_loss=0.3649 | val_loss=0.6380 | val_auc=0.7551
Epoch 017 | time=2.6s | train_loss=0.3568 | val_loss=0.6357 | val_auc=0.7586
Epoch 018 | time=2.6s | train_loss=0.3514 | val_loss=0.6299 | val_auc=0.7602
Epoch 019 | time=2.6s | train_loss=0.3486 | val_loss=0.6420 | val_auc=0.7550
Epoch 020 | time=2.6s | train_loss=0.3500 | val_loss=0.6400 | val_auc=0.7576
Epoch 021 | time=2.6s | train_loss=0.3482 | val_loss=0.6394 | val_auc=0.7598
Epoch 022 | time=2.6s | train_loss=0.3462 | val_loss=0.6503 | val_auc=0.7521
Epoch 023 | time=2.6s | train_loss=0.3408 | val_loss=0.6490 | val_auc=0.7521
Early stopping — no improvement for 10 epochs

Best model: epoch 13, val_loss=0.6490, val_auc=0.7629

═══ Test Results ═══
           auc: 0.7088
         auprc: 0.6282
            f1: 0.6356
     precision: 0.6120
        recall: 0.6611
          loss: 0.6552
