Uninstalled 1 package in 6ms
Installed 1 package in 20ms
/net/storage/pr3/plgrid/plggmlcil/plgkstankie/vvv/Multimodal-models-for-predicting-drug-target-interactions/.venv/lib/python3.11/site-packages/outdated/__init__.py:36: UserWarning: pkg_resources is deprecated as an API. See https://setuptools.pypa.io/en/latest/pkg_resources.html. The pkg_resources package is slated for removal as early as 2025-11-30. Refrain from using this package or pin to Setuptools<81.
  from pkg_resources import parse_version
Setting global random seed to 1024
Using device: cuda
Loading clean data from: /net/storage/pr3/plgrid/plggmlcil/plgkstankie/vvv/Multimodal-models-for-predicting-drug-target-interactions/src/datasets/lincs_balanced.parquet
Dataset size: 27498
Split strategy: scaffold
Train: 19558  Val: 2885  Test: 5055
Fitting MinMaxScaler on 1264 cached RDKit descriptors...
SMILES encoders:  ['GCNEncoder', 'FingerprintMLPEncoder', 'LincsGraphEncoder', 'RDKitDescriptorEncoder']
Protein encoders: ['ProteinCNNEncoder']
Building graph cache for 1264 SMILES...
  0%|          | 0/1264 [00:00<?, ?it/s] 19%|█▉        | 237/1264 [00:00<00:00, 2354.45it/s] 37%|███▋      | 473/1264 [00:00<00:00, 2303.90it/s] 56%|█████▌    | 704/1264 [00:00<00:00, 2256.67it/s] 74%|███████▎  | 930/1264 [00:00<00:00, 2256.05it/s] 93%|█████████▎| 1171/1264 [00:00<00:00, 2310.17it/s]100%|██████████| 1264/1264 [00:00<00:00, 2316.47it/s]
Valid SMILES graphs: 1264
MultimodalDTI(
  (smiles_encoders): ModuleList(
    (0): GCNEncoder(
      (atom_encoder): AtomEncoder(
        (atom_embedding_list): ModuleList(
          (0): Embedding(119, 128)
          (1): Embedding(5, 128)
          (2-3): 2 x Embedding(12, 128)
          (4): Embedding(10, 128)
          (5-6): 2 x Embedding(6, 128)
          (7-8): 2 x Embedding(2, 128)
        )
      )
      (convs): ModuleList(
        (0-2): 3 x GCNConv(128, 128)
      )
      (bns): ModuleList(
        (0-2): 3 x BatchNorm1d(128, eps=1e-05, momentum=0.1, affine=True, track_running_stats=True)
      )
    )
    (1): FingerprintMLPEncoder(
      (mlp): Sequential(
        (0): Linear(in_features=1024, out_features=256, bias=True)
        (1): BatchNorm1d(256, eps=1e-05, momentum=0.1, affine=True, track_running_stats=True)
        (2): ReLU()
        (3): Dropout(p=0.5, inplace=False)
        (4): Linear(in_features=256, out_features=128, bias=True)
        (5): BatchNorm1d(128, eps=1e-05, momentum=0.1, affine=True, track_running_stats=True)
        (6): ReLU()
      )
    )
    (2): LincsGraphEncoder(
      (proj): Linear(in_features=1, out_features=128, bias=True)
      (convs): ModuleList(
        (0-1): 2 x DenseGCNConv(
          (linear): Linear(in_features=128, out_features=128, bias=False)
        )
      )
      (bns): ModuleList(
        (0-1): 2 x BatchNorm1d(128, eps=1e-05, momentum=0.1, affine=True, track_running_stats=True)
      )
      (pool_proj): Linear(in_features=128, out_features=128, bias=True)
    )
    (3): RDKitDescriptorEncoder(
      (mlp): Sequential(
        (0): Linear(in_features=210, out_features=256, bias=True)
        (1): BatchNorm1d(256, eps=1e-05, momentum=0.1, affine=True, track_running_stats=True)
        (2): ReLU()
        (3): Dropout(p=0.5, inplace=False)
        (4): Linear(in_features=256, out_features=128, bias=True)
        (5): BatchNorm1d(128, eps=1e-05, momentum=0.1, affine=True, track_running_stats=True)
        (6): ReLU()
      )
    )
  )
  (protein_encoders): ModuleList(
    (0): ProteinCNNEncoder(
      (embedding): Embedding(21, 128, padding_idx=0)
      (conv_blocks): ModuleList(
        (0): Sequential(
          (0): Conv1d(128, 64, kernel_size=(3,), stride=(1,), padding=(1,))
          (1): BatchNorm1d(64, eps=1e-05, momentum=0.1, affine=True, track_running_stats=True)
          (2): ReLU()
          (3): Conv1d(64, 64, kernel_size=(3,), stride=(1,), padding=(1,))
          (4): BatchNorm1d(64, eps=1e-05, momentum=0.1, affine=True, track_running_stats=True)
          (5): ReLU()
        )
        (1): Sequential(
          (0): Conv1d(128, 64, kernel_size=(7,), stride=(1,), padding=(3,))
          (1): BatchNorm1d(64, eps=1e-05, momentum=0.1, affine=True, track_running_stats=True)
          (2): ReLU()
          (3): Conv1d(64, 64, kernel_size=(7,), stride=(1,), padding=(3,))
          (4): BatchNorm1d(64, eps=1e-05, momentum=0.1, affine=True, track_running_stats=True)
          (5): ReLU()
        )
        (2): Sequential(
          (0): Conv1d(128, 64, kernel_size=(15,), stride=(1,), padding=(7,))
          (1): BatchNorm1d(64, eps=1e-05, momentum=0.1, affine=True, track_running_stats=True)
          (2): ReLU()
          (3): Conv1d(64, 64, kernel_size=(15,), stride=(1,), padding=(7,))
          (4): BatchNorm1d(64, eps=1e-05, momentum=0.1, affine=True, track_running_stats=True)
          (5): ReLU()
        )
      )
    )
  )
  (fusion): MLPFusion(
    (classifier): Sequential(
      (0): Linear(in_features=704, out_features=128, bias=True)
      (1): BatchNorm1d(128, eps=1e-05, momentum=0.1, affine=True, track_running_stats=True)
      (2): ReLU()
      (3): Dropout(p=0.5, inplace=False)
      (4): Linear(in_features=128, out_features=32, bias=True)
      (5): BatchNorm1d(32, eps=1e-05, momentum=0.1, affine=True, track_running_stats=True)
      (6): ReLU()
      (7): Dropout(p=0.5, inplace=False)
      (8): Linear(in_features=32, out_features=1, bias=True)
    )
  )
)
Epoch 001 | time=4.5s | train_loss=0.6715 | val_loss=0.6598 | val_auc=0.6996
  ✓ New best model (epoch 1, val_loss=0.6598, val_auc=0.6996) saved to checkpoints/fp_gcn_lincs_graph_rdkit_vs_cnn_seed1024.pt
Epoch 002 | time=3.7s | train_loss=0.5690 | val_loss=0.6210 | val_auc=0.7344
  ✓ New best model (epoch 2, val_loss=0.6210, val_auc=0.7344) saved to checkpoints/fp_gcn_lincs_graph_rdkit_vs_cnn_seed1024.pt
Epoch 003 | time=3.8s | train_loss=0.5005 | val_loss=0.5898 | val_auc=0.7652
  ✓ New best model (epoch 3, val_loss=0.5898, val_auc=0.7652) saved to checkpoints/fp_gcn_lincs_graph_rdkit_vs_cnn_seed1024.pt
Epoch 004 | time=3.7s | train_loss=0.4559 | val_loss=0.5657 | val_auc=0.7880
  ✓ New best model (epoch 4, val_loss=0.5657, val_auc=0.7880) saved to checkpoints/fp_gcn_lincs_graph_rdkit_vs_cnn_seed1024.pt
Epoch 005 | time=3.7s | train_loss=0.4241 | val_loss=0.5588 | val_auc=0.7946
  ✓ New best model (epoch 5, val_loss=0.5588, val_auc=0.7946) saved to checkpoints/fp_gcn_lincs_graph_rdkit_vs_cnn_seed1024.pt
Epoch 006 | time=3.7s | train_loss=0.3960 | val_loss=0.5450 | val_auc=0.8090
  ✓ New best model (epoch 6, val_loss=0.5450, val_auc=0.8090) saved to checkpoints/fp_gcn_lincs_graph_rdkit_vs_cnn_seed1024.pt
Epoch 007 | time=3.8s | train_loss=0.3719 | val_loss=0.5384 | val_auc=0.8123
  ✓ New best model (epoch 7, val_loss=0.5384, val_auc=0.8123) saved to checkpoints/fp_gcn_lincs_graph_rdkit_vs_cnn_seed1024.pt
Epoch 008 | time=3.7s | train_loss=0.3487 | val_loss=0.5217 | val_auc=0.8272
  ✓ New best model (epoch 8, val_loss=0.5217, val_auc=0.8272) saved to checkpoints/fp_gcn_lincs_graph_rdkit_vs_cnn_seed1024.pt
Epoch 009 | time=3.7s | train_loss=0.3279 | val_loss=0.5152 | val_auc=0.8315
  ✓ New best model (epoch 9, val_loss=0.5152, val_auc=0.8315) saved to checkpoints/fp_gcn_lincs_graph_rdkit_vs_cnn_seed1024.pt
Epoch 010 | time=3.7s | train_loss=0.3136 | val_loss=0.5106 | val_auc=0.8321
  ✓ New best model (epoch 10, val_loss=0.5106, val_auc=0.8321) saved to checkpoints/fp_gcn_lincs_graph_rdkit_vs_cnn_seed1024.pt
Epoch 011 | time=3.7s | train_loss=0.2963 | val_loss=0.5131 | val_auc=0.8312
Epoch 012 | time=3.7s | train_loss=0.2837 | val_loss=0.4877 | val_auc=0.8505
  ✓ New best model (epoch 12, val_loss=0.4877, val_auc=0.8505) saved to checkpoints/fp_gcn_lincs_graph_rdkit_vs_cnn_seed1024.pt
Epoch 013 | time=3.7s | train_loss=0.2707 | val_loss=0.4992 | val_auc=0.8395
Epoch 014 | time=3.7s | train_loss=0.2603 | val_loss=0.5043 | val_auc=0.8395
Epoch 015 | time=3.7s | train_loss=0.2509 | val_loss=0.4983 | val_auc=0.8412
Epoch 016 | time=3.7s | train_loss=0.2378 | val_loss=0.5051 | val_auc=0.8361
Epoch 017 | time=3.8s | train_loss=0.2321 | val_loss=0.4864 | val_auc=0.8503
Epoch 018 | time=3.7s | train_loss=0.2237 | val_loss=0.5043 | val_auc=0.8417
Epoch 019 | time=3.7s | train_loss=0.2153 | val_loss=0.5077 | val_auc=0.8406
Epoch 020 | time=3.7s | train_loss=0.2080 | val_loss=0.4792 | val_auc=0.8585
  ✓ New best model (epoch 20, val_loss=0.4792, val_auc=0.8585) saved to checkpoints/fp_gcn_lincs_graph_rdkit_vs_cnn_seed1024.pt
Epoch 021 | time=3.7s | train_loss=0.2028 | val_loss=0.4968 | val_auc=0.8527
Epoch 022 | time=3.7s | train_loss=0.1926 | val_loss=0.4972 | val_auc=0.8547
Epoch 023 | time=3.7s | train_loss=0.1865 | val_loss=0.5179 | val_auc=0.8430
Epoch 024 | time=3.7s | train_loss=0.1848 | val_loss=0.5165 | val_auc=0.8446
Epoch 025 | time=3.7s | train_loss=0.1768 | val_loss=0.5062 | val_auc=0.8533
Epoch 026 | time=3.7s | train_loss=0.1709 | val_loss=0.5130 | val_auc=0.8492
Epoch 027 | time=4.0s | train_loss=0.1627 | val_loss=0.5077 | val_auc=0.8542
Epoch 028 | time=3.8s | train_loss=0.1607 | val_loss=0.5238 | val_auc=0.8476
Epoch 029 | time=3.7s | train_loss=0.1553 | val_loss=0.5145 | val_auc=0.8559
Epoch 030 | time=3.7s | train_loss=0.1504 | val_loss=0.5223 | val_auc=0.8516
Early stopping — no improvement for 10 epochs

Best model: epoch 20, val_loss=0.5223, val_auc=0.8585

═══ Test Results ═══
           auc: 0.7504
         auprc: 0.6957
            f1: 0.6446
     precision: 0.6435
        recall: 0.6458
          loss: 0.6560
