Uninstalled 1 package in 7ms
Installed 1 package in 11ms
/net/storage/pr3/plgrid/plggmlcil/plgkstankie/vvv/Multimodal-models-for-predicting-drug-target-interactions/.venv/lib/python3.11/site-packages/outdated/__init__.py:36: UserWarning: pkg_resources is deprecated as an API. See https://setuptools.pypa.io/en/latest/pkg_resources.html. The pkg_resources package is slated for removal as early as 2025-11-30. Refrain from using this package or pin to Setuptools<81.
  from pkg_resources import parse_version
Setting global random seed to 42
Using device: cuda
Loading clean data from: /net/storage/pr3/plgrid/plggmlcil/plgkstankie/vvv/Multimodal-models-for-predicting-drug-target-interactions/src/datasets/lincs_balanced.parquet
Dataset size: 27498
Split strategy: scaffold
Train: 19558  Val: 2885  Test: 5055
Fitting MinMaxScaler on 1264 cached RDKit descriptors...
SMILES encoders:  ['GCNEncoder', 'FingerprintMLPEncoder', 'LincsGraphEncoder', 'RDKitDescriptorEncoder']
Protein encoders: ['ProteinCNNEncoder']
Building graph cache for 1264 SMILES...
  0%|          | 0/1264 [00:00<?, ?it/s] 19%|█▊        | 236/1264 [00:00<00:00, 2353.16it/s] 37%|███▋      | 472/1264 [00:00<00:00, 2303.55it/s] 56%|█████▌    | 703/1264 [00:00<00:00, 2257.59it/s] 73%|███████▎  | 929/1264 [00:00<00:00, 2257.51it/s] 92%|█████████▏| 1169/1264 [00:00<00:00, 2305.88it/s]100%|██████████| 1264/1264 [00:00<00:00, 2313.41it/s]
Valid SMILES graphs: 1264
MultimodalDTI(
  (smiles_encoders): ModuleList(
    (0): GCNEncoder(
      (atom_encoder): AtomEncoder(
        (atom_embedding_list): ModuleList(
          (0): Embedding(119, 128)
          (1): Embedding(5, 128)
          (2-3): 2 x Embedding(12, 128)
          (4): Embedding(10, 128)
          (5-6): 2 x Embedding(6, 128)
          (7-8): 2 x Embedding(2, 128)
        )
      )
      (convs): ModuleList(
        (0-2): 3 x GCNConv(128, 128)
      )
      (bns): ModuleList(
        (0-2): 3 x BatchNorm1d(128, eps=1e-05, momentum=0.1, affine=True, track_running_stats=True)
      )
    )
    (1): FingerprintMLPEncoder(
      (mlp): Sequential(
        (0): Linear(in_features=1024, out_features=256, bias=True)
        (1): BatchNorm1d(256, eps=1e-05, momentum=0.1, affine=True, track_running_stats=True)
        (2): ReLU()
        (3): Dropout(p=0.5, inplace=False)
        (4): Linear(in_features=256, out_features=128, bias=True)
        (5): BatchNorm1d(128, eps=1e-05, momentum=0.1, affine=True, track_running_stats=True)
        (6): ReLU()
      )
    )
    (2): LincsGraphEncoder(
      (proj): Linear(in_features=1, out_features=128, bias=True)
      (convs): ModuleList(
        (0-1): 2 x DenseGCNConv(
          (linear): Linear(in_features=128, out_features=128, bias=False)
        )
      )
      (bns): ModuleList(
        (0-1): 2 x BatchNorm1d(128, eps=1e-05, momentum=0.1, affine=True, track_running_stats=True)
      )
      (pool_proj): Linear(in_features=128, out_features=128, bias=True)
    )
    (3): RDKitDescriptorEncoder(
      (mlp): Sequential(
        (0): Linear(in_features=210, out_features=256, bias=True)
        (1): BatchNorm1d(256, eps=1e-05, momentum=0.1, affine=True, track_running_stats=True)
        (2): ReLU()
        (3): Dropout(p=0.5, inplace=False)
        (4): Linear(in_features=256, out_features=128, bias=True)
        (5): BatchNorm1d(128, eps=1e-05, momentum=0.1, affine=True, track_running_stats=True)
        (6): ReLU()
      )
    )
  )
  (protein_encoders): ModuleList(
    (0): ProteinCNNEncoder(
      (embedding): Embedding(21, 128, padding_idx=0)
      (conv_blocks): ModuleList(
        (0): Sequential(
          (0): Conv1d(128, 64, kernel_size=(3,), stride=(1,), padding=(1,))
          (1): BatchNorm1d(64, eps=1e-05, momentum=0.1, affine=True, track_running_stats=True)
          (2): ReLU()
          (3): Conv1d(64, 64, kernel_size=(3,), stride=(1,), padding=(1,))
          (4): BatchNorm1d(64, eps=1e-05, momentum=0.1, affine=True, track_running_stats=True)
          (5): ReLU()
        )
        (1): Sequential(
          (0): Conv1d(128, 64, kernel_size=(7,), stride=(1,), padding=(3,))
          (1): BatchNorm1d(64, eps=1e-05, momentum=0.1, affine=True, track_running_stats=True)
          (2): ReLU()
          (3): Conv1d(64, 64, kernel_size=(7,), stride=(1,), padding=(3,))
          (4): BatchNorm1d(64, eps=1e-05, momentum=0.1, affine=True, track_running_stats=True)
          (5): ReLU()
        )
        (2): Sequential(
          (0): Conv1d(128, 64, kernel_size=(15,), stride=(1,), padding=(7,))
          (1): BatchNorm1d(64, eps=1e-05, momentum=0.1, affine=True, track_running_stats=True)
          (2): ReLU()
          (3): Conv1d(64, 64, kernel_size=(15,), stride=(1,), padding=(7,))
          (4): BatchNorm1d(64, eps=1e-05, momentum=0.1, affine=True, track_running_stats=True)
          (5): ReLU()
        )
      )
    )
  )
  (fusion): MLPFusion(
    (classifier): Sequential(
      (0): Linear(in_features=704, out_features=128, bias=True)
      (1): BatchNorm1d(128, eps=1e-05, momentum=0.1, affine=True, track_running_stats=True)
      (2): ReLU()
      (3): Dropout(p=0.5, inplace=False)
      (4): Linear(in_features=128, out_features=32, bias=True)
      (5): BatchNorm1d(32, eps=1e-05, momentum=0.1, affine=True, track_running_stats=True)
      (6): ReLU()
      (7): Dropout(p=0.5, inplace=False)
      (8): Linear(in_features=32, out_features=1, bias=True)
    )
  )
)
Epoch 001 | time=5.4s | train_loss=0.6614 | val_loss=0.6588 | val_auc=0.6780
  ✓ New best model (epoch 1, val_loss=0.6588, val_auc=0.6780) saved to checkpoints/fp_gcn_lincs_graph_rdkit_vs_cnn_seed42.pt
Epoch 002 | time=3.7s | train_loss=0.5626 | val_loss=0.6189 | val_auc=0.7308
  ✓ New best model (epoch 2, val_loss=0.6189, val_auc=0.7308) saved to checkpoints/fp_gcn_lincs_graph_rdkit_vs_cnn_seed42.pt
Epoch 003 | time=3.9s | train_loss=0.4911 | val_loss=0.5924 | val_auc=0.7516
  ✓ New best model (epoch 3, val_loss=0.5924, val_auc=0.7516) saved to checkpoints/fp_gcn_lincs_graph_rdkit_vs_cnn_seed42.pt
Epoch 004 | time=3.7s | train_loss=0.4462 | val_loss=0.5723 | val_auc=0.7707
  ✓ New best model (epoch 4, val_loss=0.5723, val_auc=0.7707) saved to checkpoints/fp_gcn_lincs_graph_rdkit_vs_cnn_seed42.pt
Epoch 005 | time=3.7s | train_loss=0.4116 | val_loss=0.5484 | val_auc=0.7949
  ✓ New best model (epoch 5, val_loss=0.5484, val_auc=0.7949) saved to checkpoints/fp_gcn_lincs_graph_rdkit_vs_cnn_seed42.pt
Epoch 006 | time=3.7s | train_loss=0.3837 | val_loss=0.5447 | val_auc=0.7981
  ✓ New best model (epoch 6, val_loss=0.5447, val_auc=0.7981) saved to checkpoints/fp_gcn_lincs_graph_rdkit_vs_cnn_seed42.pt
Epoch 007 | time=3.8s | train_loss=0.3638 | val_loss=0.5346 | val_auc=0.8103
  ✓ New best model (epoch 7, val_loss=0.5346, val_auc=0.8103) saved to checkpoints/fp_gcn_lincs_graph_rdkit_vs_cnn_seed42.pt
Epoch 008 | time=3.7s | train_loss=0.3371 | val_loss=0.5440 | val_auc=0.8021
Epoch 009 | time=3.7s | train_loss=0.3201 | val_loss=0.5406 | val_auc=0.8094
Epoch 010 | time=3.7s | train_loss=0.3024 | val_loss=0.5168 | val_auc=0.8250
  ✓ New best model (epoch 10, val_loss=0.5168, val_auc=0.8250) saved to checkpoints/fp_gcn_lincs_graph_rdkit_vs_cnn_seed42.pt
Epoch 011 | time=3.7s | train_loss=0.2848 | val_loss=0.5259 | val_auc=0.8247
Epoch 012 | time=3.7s | train_loss=0.2753 | val_loss=0.5194 | val_auc=0.8294
  ✓ New best model (epoch 12, val_loss=0.5194, val_auc=0.8294) saved to checkpoints/fp_gcn_lincs_graph_rdkit_vs_cnn_seed42.pt
Epoch 013 | time=3.7s | train_loss=0.2622 | val_loss=0.5324 | val_auc=0.8217
Epoch 014 | time=3.7s | train_loss=0.2501 | val_loss=0.5206 | val_auc=0.8352
  ✓ New best model (epoch 14, val_loss=0.5206, val_auc=0.8352) saved to checkpoints/fp_gcn_lincs_graph_rdkit_vs_cnn_seed42.pt
Epoch 015 | time=3.7s | train_loss=0.2425 | val_loss=0.5268 | val_auc=0.8303
Epoch 016 | time=3.7s | train_loss=0.2346 | val_loss=0.5173 | val_auc=0.8393
  ✓ New best model (epoch 16, val_loss=0.5173, val_auc=0.8393) saved to checkpoints/fp_gcn_lincs_graph_rdkit_vs_cnn_seed42.pt
Epoch 017 | time=3.8s | train_loss=0.2209 | val_loss=0.5231 | val_auc=0.8367
Epoch 018 | time=3.7s | train_loss=0.2158 | val_loss=0.5155 | val_auc=0.8422
  ✓ New best model (epoch 18, val_loss=0.5155, val_auc=0.8422) saved to checkpoints/fp_gcn_lincs_graph_rdkit_vs_cnn_seed42.pt
Epoch 019 | time=3.7s | train_loss=0.2090 | val_loss=0.5193 | val_auc=0.8418
Epoch 020 | time=3.7s | train_loss=0.2025 | val_loss=0.5147 | val_auc=0.8466
  ✓ New best model (epoch 20, val_loss=0.5147, val_auc=0.8466) saved to checkpoints/fp_gcn_lincs_graph_rdkit_vs_cnn_seed42.pt
Epoch 021 | time=3.7s | train_loss=0.2023 | val_loss=0.5192 | val_auc=0.8435
Epoch 022 | time=3.7s | train_loss=0.1977 | val_loss=0.5296 | val_auc=0.8459
Epoch 023 | time=3.7s | train_loss=0.1912 | val_loss=0.5340 | val_auc=0.8437
Epoch 024 | time=3.7s | train_loss=0.1902 | val_loss=0.5308 | val_auc=0.8428
Epoch 025 | time=3.7s | train_loss=0.1882 | val_loss=0.5208 | val_auc=0.8507
  ✓ New best model (epoch 25, val_loss=0.5208, val_auc=0.8507) saved to checkpoints/fp_gcn_lincs_graph_rdkit_vs_cnn_seed42.pt
Epoch 026 | time=3.7s | train_loss=0.1814 | val_loss=0.5399 | val_auc=0.8440
Epoch 027 | time=3.7s | train_loss=0.1762 | val_loss=0.5304 | val_auc=0.8475
Epoch 028 | time=3.7s | train_loss=0.1755 | val_loss=0.5348 | val_auc=0.8472
Epoch 029 | time=3.7s | train_loss=0.1728 | val_loss=0.5277 | val_auc=0.8506
Epoch 030 | time=3.7s | train_loss=0.1685 | val_loss=0.5361 | val_auc=0.8483
Epoch 031 | time=3.7s | train_loss=0.1673 | val_loss=0.5419 | val_auc=0.8462
Epoch 032 | time=3.7s | train_loss=0.1691 | val_loss=0.5366 | val_auc=0.8481
Epoch 033 | time=3.7s | train_loss=0.1619 | val_loss=0.5343 | val_auc=0.8498
Epoch 034 | time=3.7s | train_loss=0.1618 | val_loss=0.5390 | val_auc=0.8502
Epoch 035 | time=3.7s | train_loss=0.1607 | val_loss=0.5383 | val_auc=0.8495
Early stopping — no improvement for 10 epochs

Best model: epoch 25, val_loss=0.5383, val_auc=0.8507

═══ Test Results ═══
           auc: 0.7434
         auprc: 0.6724
            f1: 0.6592
     precision: 0.6192
        recall: 0.7048
          loss: 0.6903
