Uninstalled 1 package in 6ms
Installed 1 package in 10ms
/net/storage/pr3/plgrid/plggmlcil/plgkstankie/vvv/Multimodal-models-for-predicting-drug-target-interactions/.venv/lib/python3.11/site-packages/outdated/__init__.py:36: UserWarning: pkg_resources is deprecated as an API. See https://setuptools.pypa.io/en/latest/pkg_resources.html. The pkg_resources package is slated for removal as early as 2025-11-30. Refrain from using this package or pin to Setuptools<81.
  from pkg_resources import parse_version
Setting global random seed to 2026
Using device: cuda
Loading clean data from: /net/storage/pr3/plgrid/plggmlcil/plgkstankie/vvv/Multimodal-models-for-predicting-drug-target-interactions/src/datasets/lincs_balanced.parquet
Dataset size: 27498
Split strategy: scaffold
Train: 19558  Val: 2885  Test: 5055
Fitting MinMaxScaler on 1264 cached RDKit descriptors...
SMILES encoders:  ['GCNEncoder', 'FingerprintMLPEncoder', 'LincsGraphEncoder', 'RDKitDescriptorEncoder']
Protein encoders: ['ProteinCNNEncoder']
Building graph cache for 1264 SMILES...
  0%|          | 0/1264 [00:00<?, ?it/s] 19%|█▊        | 236/1264 [00:00<00:00, 2350.41it/s] 37%|███▋      | 472/1264 [00:00<00:00, 2299.98it/s] 56%|█████▌    | 703/1264 [00:00<00:00, 2247.92it/s] 73%|███████▎  | 929/1264 [00:00<00:00, 2250.70it/s] 92%|█████████▏| 1169/1264 [00:00<00:00, 2300.87it/s]100%|██████████| 1264/1264 [00:00<00:00, 2308.27it/s]
Valid SMILES graphs: 1264
MultimodalDTI(
  (smiles_encoders): ModuleList(
    (0): GCNEncoder(
      (atom_encoder): AtomEncoder(
        (atom_embedding_list): ModuleList(
          (0): Embedding(119, 128)
          (1): Embedding(5, 128)
          (2-3): 2 x Embedding(12, 128)
          (4): Embedding(10, 128)
          (5-6): 2 x Embedding(6, 128)
          (7-8): 2 x Embedding(2, 128)
        )
      )
      (convs): ModuleList(
        (0-2): 3 x GCNConv(128, 128)
      )
      (bns): ModuleList(
        (0-2): 3 x BatchNorm1d(128, eps=1e-05, momentum=0.1, affine=True, track_running_stats=True)
      )
    )
    (1): FingerprintMLPEncoder(
      (mlp): Sequential(
        (0): Linear(in_features=1024, out_features=256, bias=True)
        (1): BatchNorm1d(256, eps=1e-05, momentum=0.1, affine=True, track_running_stats=True)
        (2): ReLU()
        (3): Dropout(p=0.5, inplace=False)
        (4): Linear(in_features=256, out_features=128, bias=True)
        (5): BatchNorm1d(128, eps=1e-05, momentum=0.1, affine=True, track_running_stats=True)
        (6): ReLU()
      )
    )
    (2): LincsGraphEncoder(
      (proj): Linear(in_features=1, out_features=128, bias=True)
      (convs): ModuleList(
        (0-1): 2 x DenseGCNConv(
          (linear): Linear(in_features=128, out_features=128, bias=False)
        )
      )
      (bns): ModuleList(
        (0-1): 2 x BatchNorm1d(128, eps=1e-05, momentum=0.1, affine=True, track_running_stats=True)
      )
      (pool_proj): Linear(in_features=128, out_features=128, bias=True)
    )
    (3): RDKitDescriptorEncoder(
      (mlp): Sequential(
        (0): Linear(in_features=210, out_features=256, bias=True)
        (1): BatchNorm1d(256, eps=1e-05, momentum=0.1, affine=True, track_running_stats=True)
        (2): ReLU()
        (3): Dropout(p=0.5, inplace=False)
        (4): Linear(in_features=256, out_features=128, bias=True)
        (5): BatchNorm1d(128, eps=1e-05, momentum=0.1, affine=True, track_running_stats=True)
        (6): ReLU()
      )
    )
  )
  (protein_encoders): ModuleList(
    (0): ProteinCNNEncoder(
      (embedding): Embedding(21, 128, padding_idx=0)
      (conv_blocks): ModuleList(
        (0): Sequential(
          (0): Conv1d(128, 64, kernel_size=(3,), stride=(1,), padding=(1,))
          (1): BatchNorm1d(64, eps=1e-05, momentum=0.1, affine=True, track_running_stats=True)
          (2): ReLU()
          (3): Conv1d(64, 64, kernel_size=(3,), stride=(1,), padding=(1,))
          (4): BatchNorm1d(64, eps=1e-05, momentum=0.1, affine=True, track_running_stats=True)
          (5): ReLU()
        )
        (1): Sequential(
          (0): Conv1d(128, 64, kernel_size=(7,), stride=(1,), padding=(3,))
          (1): BatchNorm1d(64, eps=1e-05, momentum=0.1, affine=True, track_running_stats=True)
          (2): ReLU()
          (3): Conv1d(64, 64, kernel_size=(7,), stride=(1,), padding=(3,))
          (4): BatchNorm1d(64, eps=1e-05, momentum=0.1, affine=True, track_running_stats=True)
          (5): ReLU()
        )
        (2): Sequential(
          (0): Conv1d(128, 64, kernel_size=(15,), stride=(1,), padding=(7,))
          (1): BatchNorm1d(64, eps=1e-05, momentum=0.1, affine=True, track_running_stats=True)
          (2): ReLU()
          (3): Conv1d(64, 64, kernel_size=(15,), stride=(1,), padding=(7,))
          (4): BatchNorm1d(64, eps=1e-05, momentum=0.1, affine=True, track_running_stats=True)
          (5): ReLU()
        )
      )
    )
  )
  (fusion): MLPFusion(
    (classifier): Sequential(
      (0): Linear(in_features=704, out_features=128, bias=True)
      (1): BatchNorm1d(128, eps=1e-05, momentum=0.1, affine=True, track_running_stats=True)
      (2): ReLU()
      (3): Dropout(p=0.5, inplace=False)
      (4): Linear(in_features=128, out_features=32, bias=True)
      (5): BatchNorm1d(32, eps=1e-05, momentum=0.1, affine=True, track_running_stats=True)
      (6): ReLU()
      (7): Dropout(p=0.5, inplace=False)
      (8): Linear(in_features=32, out_features=1, bias=True)
    )
  )
)
Epoch 001 | time=4.6s | train_loss=0.6547 | val_loss=0.6313 | val_auc=0.7228
  ✓ New best model (epoch 1, val_loss=0.6313, val_auc=0.7228) saved to checkpoints/fp_gcn_lincs_graph_rdkit_vs_cnn_seed2026.pt
Epoch 002 | time=3.7s | train_loss=0.5429 | val_loss=0.5726 | val_auc=0.7738
  ✓ New best model (epoch 2, val_loss=0.5726, val_auc=0.7738) saved to checkpoints/fp_gcn_lincs_graph_rdkit_vs_cnn_seed2026.pt
Epoch 003 | time=3.7s | train_loss=0.4746 | val_loss=0.5674 | val_auc=0.7714
Epoch 004 | time=3.7s | train_loss=0.4315 | val_loss=0.5591 | val_auc=0.7813
  ✓ New best model (epoch 4, val_loss=0.5591, val_auc=0.7813) saved to checkpoints/fp_gcn_lincs_graph_rdkit_vs_cnn_seed2026.pt
Epoch 005 | time=3.7s | train_loss=0.4019 | val_loss=0.5288 | val_auc=0.8046
  ✓ New best model (epoch 5, val_loss=0.5288, val_auc=0.8046) saved to checkpoints/fp_gcn_lincs_graph_rdkit_vs_cnn_seed2026.pt
Epoch 006 | time=3.7s | train_loss=0.3734 | val_loss=0.5357 | val_auc=0.7961
Epoch 007 | time=3.8s | train_loss=0.3522 | val_loss=0.5222 | val_auc=0.8114
  ✓ New best model (epoch 7, val_loss=0.5222, val_auc=0.8114) saved to checkpoints/fp_gcn_lincs_graph_rdkit_vs_cnn_seed2026.pt
Epoch 008 | time=3.7s | train_loss=0.3303 | val_loss=0.5308 | val_auc=0.8083
Epoch 009 | time=3.7s | train_loss=0.3124 | val_loss=0.5244 | val_auc=0.8131
  ✓ New best model (epoch 9, val_loss=0.5244, val_auc=0.8131) saved to checkpoints/fp_gcn_lincs_graph_rdkit_vs_cnn_seed2026.pt
Epoch 010 | time=3.7s | train_loss=0.2980 | val_loss=0.5241 | val_auc=0.8158
  ✓ New best model (epoch 10, val_loss=0.5241, val_auc=0.8158) saved to checkpoints/fp_gcn_lincs_graph_rdkit_vs_cnn_seed2026.pt
Epoch 011 | time=3.7s | train_loss=0.2853 | val_loss=0.5093 | val_auc=0.8245
  ✓ New best model (epoch 11, val_loss=0.5093, val_auc=0.8245) saved to checkpoints/fp_gcn_lincs_graph_rdkit_vs_cnn_seed2026.pt
Epoch 012 | time=3.7s | train_loss=0.2696 | val_loss=0.5093 | val_auc=0.8308
  ✓ New best model (epoch 12, val_loss=0.5093, val_auc=0.8308) saved to checkpoints/fp_gcn_lincs_graph_rdkit_vs_cnn_seed2026.pt
Epoch 013 | time=3.7s | train_loss=0.2605 | val_loss=0.5095 | val_auc=0.8288
Epoch 014 | time=3.7s | train_loss=0.2468 | val_loss=0.5343 | val_auc=0.8157
Epoch 015 | time=3.7s | train_loss=0.2393 | val_loss=0.5044 | val_auc=0.8338
  ✓ New best model (epoch 15, val_loss=0.5044, val_auc=0.8338) saved to checkpoints/fp_gcn_lincs_graph_rdkit_vs_cnn_seed2026.pt
Epoch 016 | time=3.7s | train_loss=0.2311 | val_loss=0.5217 | val_auc=0.8270
Epoch 017 | time=3.8s | train_loss=0.2195 | val_loss=0.5321 | val_auc=0.8233
Epoch 018 | time=3.7s | train_loss=0.2118 | val_loss=0.5097 | val_auc=0.8357
  ✓ New best model (epoch 18, val_loss=0.5097, val_auc=0.8357) saved to checkpoints/fp_gcn_lincs_graph_rdkit_vs_cnn_seed2026.pt
Epoch 019 | time=3.7s | train_loss=0.2057 | val_loss=0.5184 | val_auc=0.8329
Epoch 020 | time=3.7s | train_loss=0.1981 | val_loss=0.5198 | val_auc=0.8359
  ✓ New best model (epoch 20, val_loss=0.5198, val_auc=0.8359) saved to checkpoints/fp_gcn_lincs_graph_rdkit_vs_cnn_seed2026.pt
Epoch 021 | time=5.0s | train_loss=0.1921 | val_loss=0.5159 | val_auc=0.8389
  ✓ New best model (epoch 21, val_loss=0.5159, val_auc=0.8389) saved to checkpoints/fp_gcn_lincs_graph_rdkit_vs_cnn_seed2026.pt
Epoch 022 | time=3.7s | train_loss=0.1811 | val_loss=0.5095 | val_auc=0.8399
  ✓ New best model (epoch 22, val_loss=0.5095, val_auc=0.8399) saved to checkpoints/fp_gcn_lincs_graph_rdkit_vs_cnn_seed2026.pt
Epoch 023 | time=3.7s | train_loss=0.1765 | val_loss=0.5124 | val_auc=0.8406
  ✓ New best model (epoch 23, val_loss=0.5124, val_auc=0.8406) saved to checkpoints/fp_gcn_lincs_graph_rdkit_vs_cnn_seed2026.pt
Epoch 024 | time=3.7s | train_loss=0.1756 | val_loss=0.5111 | val_auc=0.8422
  ✓ New best model (epoch 24, val_loss=0.5111, val_auc=0.8422) saved to checkpoints/fp_gcn_lincs_graph_rdkit_vs_cnn_seed2026.pt
Epoch 025 | time=3.7s | train_loss=0.1711 | val_loss=0.5232 | val_auc=0.8404
Epoch 026 | time=3.7s | train_loss=0.1685 | val_loss=0.5310 | val_auc=0.8352
Epoch 027 | time=3.7s | train_loss=0.1624 | val_loss=0.5339 | val_auc=0.8382
Epoch 028 | time=3.7s | train_loss=0.1590 | val_loss=0.5218 | val_auc=0.8424
  ✓ New best model (epoch 28, val_loss=0.5218, val_auc=0.8424) saved to checkpoints/fp_gcn_lincs_graph_rdkit_vs_cnn_seed2026.pt
Epoch 029 | time=3.7s | train_loss=0.1569 | val_loss=0.5329 | val_auc=0.8387
Epoch 030 | time=3.7s | train_loss=0.1554 | val_loss=0.5318 | val_auc=0.8416
Epoch 031 | time=3.7s | train_loss=0.1531 | val_loss=0.5423 | val_auc=0.8375
Epoch 032 | time=3.7s | train_loss=0.1509 | val_loss=0.5356 | val_auc=0.8384
Epoch 033 | time=3.7s | train_loss=0.1506 | val_loss=0.5340 | val_auc=0.8415
Epoch 034 | time=3.7s | train_loss=0.1465 | val_loss=0.5323 | val_auc=0.8429
  ✓ New best model (epoch 34, val_loss=0.5323, val_auc=0.8429) saved to checkpoints/fp_gcn_lincs_graph_rdkit_vs_cnn_seed2026.pt
Epoch 035 | time=3.7s | train_loss=0.1471 | val_loss=0.5351 | val_auc=0.8402
Epoch 036 | time=3.9s | train_loss=0.1474 | val_loss=0.5386 | val_auc=0.8407
Epoch 037 | time=3.9s | train_loss=0.1440 | val_loss=0.5380 | val_auc=0.8419
Epoch 038 | time=3.9s | train_loss=0.1436 | val_loss=0.5364 | val_auc=0.8413
Epoch 039 | time=3.7s | train_loss=0.1434 | val_loss=0.5425 | val_auc=0.8403
Epoch 040 | time=3.7s | train_loss=0.1421 | val_loss=0.5363 | val_auc=0.8429
  ✓ New best model (epoch 40, val_loss=0.5363, val_auc=0.8429) saved to checkpoints/fp_gcn_lincs_graph_rdkit_vs_cnn_seed2026.pt
Epoch 041 | time=8.9s | train_loss=0.1420 | val_loss=0.5442 | val_auc=0.8397
Epoch 042 | time=3.9s | train_loss=0.1403 | val_loss=0.5406 | val_auc=0.8415
Epoch 043 | time=3.7s | train_loss=0.1391 | val_loss=0.5418 | val_auc=0.8403
Epoch 044 | time=4.9s | train_loss=0.1399 | val_loss=0.5473 | val_auc=0.8397
Epoch 045 | time=3.7s | train_loss=0.1384 | val_loss=0.5435 | val_auc=0.8412
Epoch 046 | time=3.8s | train_loss=0.1355 | val_loss=0.5428 | val_auc=0.8405
Epoch 047 | time=3.7s | train_loss=0.1378 | val_loss=0.5422 | val_auc=0.8420
Epoch 048 | time=3.7s | train_loss=0.1393 | val_loss=0.5388 | val_auc=0.8429
Epoch 049 | time=3.7s | train_loss=0.1369 | val_loss=0.5516 | val_auc=0.8397
Epoch 050 | time=3.8s | train_loss=0.1365 | val_loss=0.5385 | val_auc=0.8431
  ✓ New best model (epoch 50, val_loss=0.5385, val_auc=0.8431) saved to checkpoints/fp_gcn_lincs_graph_rdkit_vs_cnn_seed2026.pt
Epoch 051 | time=3.8s | train_loss=0.1355 | val_loss=0.5417 | val_auc=0.8413
Epoch 052 | time=3.8s | train_loss=0.1391 | val_loss=0.5447 | val_auc=0.8409
Epoch 053 | time=3.8s | train_loss=0.1366 | val_loss=0.5439 | val_auc=0.8407
Epoch 054 | time=3.8s | train_loss=0.1354 | val_loss=0.5420 | val_auc=0.8424
Epoch 055 | time=4.1s | train_loss=0.1370 | val_loss=0.5415 | val_auc=0.8427
Epoch 056 | time=4.3s | train_loss=0.1378 | val_loss=0.5395 | val_auc=0.8423
Epoch 057 | time=4.6s | train_loss=0.1363 | val_loss=0.5435 | val_auc=0.8417
Epoch 058 | time=3.8s | train_loss=0.1375 | val_loss=0.5521 | val_auc=0.8394
Epoch 059 | time=4.5s | train_loss=0.1366 | val_loss=0.5423 | val_auc=0.8415
Epoch 060 | time=4.2s | train_loss=0.1389 | val_loss=0.5461 | val_auc=0.8418
Early stopping — no improvement for 10 epochs

Best model: epoch 50, val_loss=0.5461, val_auc=0.8431

═══ Test Results ═══
           auc: 0.7515
         auprc: 0.7144
            f1: 0.6682
     precision: 0.6401
        recall: 0.6990
          loss: 0.7392
