Uninstalled 1 package in 7ms
Installed 1 package in 11ms
/net/storage/pr3/plgrid/plggmlcil/plgkstankie/vvv/Multimodal-models-for-predicting-drug-target-interactions/.venv/lib/python3.11/site-packages/outdated/__init__.py:36: UserWarning: pkg_resources is deprecated as an API. See https://setuptools.pypa.io/en/latest/pkg_resources.html. The pkg_resources package is slated for removal as early as 2025-11-30. Refrain from using this package or pin to Setuptools<81.
  from pkg_resources import parse_version
Setting global random seed to 1024
Using device: cuda
Loading clean data from: /net/storage/pr3/plgrid/plggmlcil/plgkstankie/vvv/Multimodal-models-for-predicting-drug-target-interactions/src/datasets/lincs_balanced.parquet
Dataset size: 27498
Split strategy: cold_both
  K4 cold-both split: train=13694, val=328, test=923
  Rows retained: 14945/27498 (54.3%)
Train: 13694  Val: 328  Test: 923
Fitting MinMaxScaler on 1264 cached RDKit descriptors...
SMILES encoders:  ['GCNEncoder', 'FingerprintMLPEncoder', 'LincsGraphEncoder', 'RDKitDescriptorEncoder']
Protein encoders: ['ProteinCNNEncoder']
Building graph cache for 1264 SMILES...
  0%|          | 0/1264 [00:00<?, ?it/s] 19%|█▉        | 238/1264 [00:00<00:00, 2377.46it/s] 38%|███▊      | 476/1264 [00:00<00:00, 2336.16it/s] 56%|█████▌    | 710/1264 [00:00<00:00, 2289.12it/s] 74%|███████▍  | 940/1264 [00:00<00:00, 2288.22it/s] 94%|█████████▍| 1190/1264 [00:00<00:00, 2361.90it/s]100%|██████████| 1264/1264 [00:00<00:00, 2354.11it/s]
Valid SMILES graphs: 1264
MultimodalDTI(
  (smiles_encoders): ModuleList(
    (0): GCNEncoder(
      (atom_encoder): AtomEncoder(
        (atom_embedding_list): ModuleList(
          (0): Embedding(119, 128)
          (1): Embedding(5, 128)
          (2-3): 2 x Embedding(12, 128)
          (4): Embedding(10, 128)
          (5-6): 2 x Embedding(6, 128)
          (7-8): 2 x Embedding(2, 128)
        )
      )
      (convs): ModuleList(
        (0-2): 3 x GCNConv(128, 128)
      )
      (bns): ModuleList(
        (0-2): 3 x BatchNorm1d(128, eps=1e-05, momentum=0.1, affine=True, track_running_stats=True)
      )
    )
    (1): FingerprintMLPEncoder(
      (mlp): Sequential(
        (0): Linear(in_features=1024, out_features=256, bias=True)
        (1): BatchNorm1d(256, eps=1e-05, momentum=0.1, affine=True, track_running_stats=True)
        (2): ReLU()
        (3): Dropout(p=0.5, inplace=False)
        (4): Linear(in_features=256, out_features=128, bias=True)
        (5): BatchNorm1d(128, eps=1e-05, momentum=0.1, affine=True, track_running_stats=True)
        (6): ReLU()
      )
    )
    (2): LincsGraphEncoder(
      (proj): Linear(in_features=1, out_features=128, bias=True)
      (convs): ModuleList(
        (0-1): 2 x DenseGCNConv(
          (linear): Linear(in_features=128, out_features=128, bias=False)
        )
      )
      (bns): ModuleList(
        (0-1): 2 x BatchNorm1d(128, eps=1e-05, momentum=0.1, affine=True, track_running_stats=True)
      )
      (pool_proj): Linear(in_features=128, out_features=128, bias=True)
    )
    (3): RDKitDescriptorEncoder(
      (mlp): Sequential(
        (0): Linear(in_features=210, out_features=256, bias=True)
        (1): BatchNorm1d(256, eps=1e-05, momentum=0.1, affine=True, track_running_stats=True)
        (2): ReLU()
        (3): Dropout(p=0.5, inplace=False)
        (4): Linear(in_features=256, out_features=128, bias=True)
        (5): BatchNorm1d(128, eps=1e-05, momentum=0.1, affine=True, track_running_stats=True)
        (6): ReLU()
      )
    )
  )
  (protein_encoders): ModuleList(
    (0): ProteinCNNEncoder(
      (embedding): Embedding(21, 128, padding_idx=0)
      (conv_blocks): ModuleList(
        (0): Sequential(
          (0): Conv1d(128, 64, kernel_size=(3,), stride=(1,), padding=(1,))
          (1): BatchNorm1d(64, eps=1e-05, momentum=0.1, affine=True, track_running_stats=True)
          (2): ReLU()
          (3): Conv1d(64, 64, kernel_size=(3,), stride=(1,), padding=(1,))
          (4): BatchNorm1d(64, eps=1e-05, momentum=0.1, affine=True, track_running_stats=True)
          (5): ReLU()
        )
        (1): Sequential(
          (0): Conv1d(128, 64, kernel_size=(7,), stride=(1,), padding=(3,))
          (1): BatchNorm1d(64, eps=1e-05, momentum=0.1, affine=True, track_running_stats=True)
          (2): ReLU()
          (3): Conv1d(64, 64, kernel_size=(7,), stride=(1,), padding=(3,))
          (4): BatchNorm1d(64, eps=1e-05, momentum=0.1, affine=True, track_running_stats=True)
          (5): ReLU()
        )
        (2): Sequential(
          (0): Conv1d(128, 64, kernel_size=(15,), stride=(1,), padding=(7,))
          (1): BatchNorm1d(64, eps=1e-05, momentum=0.1, affine=True, track_running_stats=True)
          (2): ReLU()
          (3): Conv1d(64, 64, kernel_size=(15,), stride=(1,), padding=(7,))
          (4): BatchNorm1d(64, eps=1e-05, momentum=0.1, affine=True, track_running_stats=True)
          (5): ReLU()
        )
      )
    )
  )
  (fusion): MLPFusion(
    (classifier): Sequential(
      (0): Linear(in_features=704, out_features=128, bias=True)
      (1): BatchNorm1d(128, eps=1e-05, momentum=0.1, affine=True, track_running_stats=True)
      (2): ReLU()
      (3): Dropout(p=0.5, inplace=False)
      (4): Linear(in_features=128, out_features=32, bias=True)
      (5): BatchNorm1d(32, eps=1e-05, momentum=0.1, affine=True, track_running_stats=True)
      (6): ReLU()
      (7): Dropout(p=0.5, inplace=False)
      (8): Linear(in_features=32, out_features=1, bias=True)
    )
  )
)
Epoch 001 | time=3.2s | train_loss=0.6744 | val_loss=0.7050 | val_auc=0.5372
  ✓ New best model (epoch 1, val_loss=0.7050, val_auc=0.5372) saved to checkpoints/fp_gcn_lincs_graph_rdkit_vs_cnn_seed1024.pt
Epoch 002 | time=2.5s | train_loss=0.5866 | val_loss=0.6955 | val_auc=0.5570
  ✓ New best model (epoch 2, val_loss=0.6955, val_auc=0.5570) saved to checkpoints/fp_gcn_lincs_graph_rdkit_vs_cnn_seed1024.pt
Epoch 003 | time=2.5s | train_loss=0.5249 | val_loss=0.6870 | val_auc=0.5531
Epoch 004 | time=3.1s | train_loss=0.4821 | val_loss=0.6642 | val_auc=0.6052
  ✓ New best model (epoch 4, val_loss=0.6642, val_auc=0.6052) saved to checkpoints/fp_gcn_lincs_graph_rdkit_vs_cnn_seed1024.pt
Epoch 005 | time=2.5s | train_loss=0.4454 | val_loss=0.6539 | val_auc=0.6202
  ✓ New best model (epoch 5, val_loss=0.6539, val_auc=0.6202) saved to checkpoints/fp_gcn_lincs_graph_rdkit_vs_cnn_seed1024.pt
Epoch 006 | time=2.5s | train_loss=0.4184 | val_loss=0.6507 | val_auc=0.6280
  ✓ New best model (epoch 6, val_loss=0.6507, val_auc=0.6280) saved to checkpoints/fp_gcn_lincs_graph_rdkit_vs_cnn_seed1024.pt
Epoch 007 | time=2.8s | train_loss=0.3946 | val_loss=0.6461 | val_auc=0.6500
  ✓ New best model (epoch 7, val_loss=0.6461, val_auc=0.6500) saved to checkpoints/fp_gcn_lincs_graph_rdkit_vs_cnn_seed1024.pt
Epoch 008 | time=2.4s | train_loss=0.3705 | val_loss=0.6442 | val_auc=0.6347
Epoch 009 | time=2.5s | train_loss=0.3511 | val_loss=0.6416 | val_auc=0.6391
Epoch 010 | time=3.1s | train_loss=0.3361 | val_loss=0.6322 | val_auc=0.6537
  ✓ New best model (epoch 10, val_loss=0.6322, val_auc=0.6537) saved to checkpoints/fp_gcn_lincs_graph_rdkit_vs_cnn_seed1024.pt
Epoch 011 | time=2.4s | train_loss=0.3183 | val_loss=0.6324 | val_auc=0.6577
  ✓ New best model (epoch 11, val_loss=0.6324, val_auc=0.6577) saved to checkpoints/fp_gcn_lincs_graph_rdkit_vs_cnn_seed1024.pt
Epoch 012 | time=2.9s | train_loss=0.3074 | val_loss=0.6298 | val_auc=0.6637
  ✓ New best model (epoch 12, val_loss=0.6298, val_auc=0.6637) saved to checkpoints/fp_gcn_lincs_graph_rdkit_vs_cnn_seed1024.pt
Epoch 013 | time=2.5s | train_loss=0.2919 | val_loss=0.6288 | val_auc=0.6533
Epoch 014 | time=2.4s | train_loss=0.2790 | val_loss=0.6264 | val_auc=0.6601
Epoch 015 | time=2.4s | train_loss=0.2713 | val_loss=0.6280 | val_auc=0.6510
Epoch 016 | time=2.4s | train_loss=0.2593 | val_loss=0.6248 | val_auc=0.6709
  ✓ New best model (epoch 16, val_loss=0.6248, val_auc=0.6709) saved to checkpoints/fp_gcn_lincs_graph_rdkit_vs_cnn_seed1024.pt
Epoch 017 | time=2.5s | train_loss=0.2475 | val_loss=0.6246 | val_auc=0.6560
Epoch 018 | time=2.4s | train_loss=0.2445 | val_loss=0.6272 | val_auc=0.6508
Epoch 019 | time=2.4s | train_loss=0.2328 | val_loss=0.6337 | val_auc=0.6734
  ✓ New best model (epoch 19, val_loss=0.6337, val_auc=0.6734) saved to checkpoints/fp_gcn_lincs_graph_rdkit_vs_cnn_seed1024.pt
Epoch 020 | time=2.4s | train_loss=0.2253 | val_loss=0.6399 | val_auc=0.6512
Epoch 021 | time=2.5s | train_loss=0.2162 | val_loss=0.6522 | val_auc=0.6412
Epoch 022 | time=2.4s | train_loss=0.2123 | val_loss=0.6463 | val_auc=0.6492
Epoch 023 | time=2.4s | train_loss=0.2022 | val_loss=0.6592 | val_auc=0.6483
Epoch 024 | time=2.7s | train_loss=0.1959 | val_loss=0.6515 | val_auc=0.6524
Epoch 025 | time=2.5s | train_loss=0.1929 | val_loss=0.6500 | val_auc=0.6754
  ✓ New best model (epoch 25, val_loss=0.6500, val_auc=0.6754) saved to checkpoints/fp_gcn_lincs_graph_rdkit_vs_cnn_seed1024.pt
Epoch 026 | time=2.5s | train_loss=0.1870 | val_loss=0.6468 | val_auc=0.6659
Epoch 027 | time=2.4s | train_loss=0.1844 | val_loss=0.6413 | val_auc=0.6861
  ✓ New best model (epoch 27, val_loss=0.6413, val_auc=0.6861) saved to checkpoints/fp_gcn_lincs_graph_rdkit_vs_cnn_seed1024.pt
Epoch 028 | time=2.4s | train_loss=0.1815 | val_loss=0.6373 | val_auc=0.6801
Epoch 029 | time=3.4s | train_loss=0.1772 | val_loss=0.6444 | val_auc=0.6777
Epoch 030 | time=3.1s | train_loss=0.1734 | val_loss=0.6468 | val_auc=0.6873
  ✓ New best model (epoch 30, val_loss=0.6468, val_auc=0.6873) saved to checkpoints/fp_gcn_lincs_graph_rdkit_vs_cnn_seed1024.pt
Epoch 031 | time=2.5s | train_loss=0.1691 | val_loss=0.6526 | val_auc=0.6859
Epoch 032 | time=2.5s | train_loss=0.1691 | val_loss=0.6486 | val_auc=0.6869
Epoch 033 | time=2.6s | train_loss=0.1664 | val_loss=0.6552 | val_auc=0.6819
Epoch 034 | time=3.1s | train_loss=0.1666 | val_loss=0.6526 | val_auc=0.6870
Epoch 035 | time=3.2s | train_loss=0.1638 | val_loss=0.6679 | val_auc=0.6678
Epoch 036 | time=2.5s | train_loss=0.1595 | val_loss=0.6650 | val_auc=0.6705
Epoch 037 | time=2.4s | train_loss=0.1618 | val_loss=0.6630 | val_auc=0.6719
Epoch 038 | time=2.8s | train_loss=0.1615 | val_loss=0.6624 | val_auc=0.6781
Epoch 039 | time=2.8s | train_loss=0.1619 | val_loss=0.6559 | val_auc=0.6752
Epoch 040 | time=2.8s | train_loss=0.1591 | val_loss=0.6647 | val_auc=0.6791
Early stopping — no improvement for 10 epochs

Best model: epoch 30, val_loss=0.6647, val_auc=0.6873

═══ Test Results ═══
           auc: 0.5250
         auprc: 0.4907
            f1: 0.5109
     precision: 0.5092
        recall: 0.5127
          loss: 0.9779
