Uninstalled 1 package in 7ms
Installed 1 package in 11ms
/net/storage/pr3/plgrid/plggmlcil/plgkstankie/vvv/Multimodal-models-for-predicting-drug-target-interactions/.venv/lib/python3.11/site-packages/outdated/__init__.py:36: UserWarning: pkg_resources is deprecated as an API. See https://setuptools.pypa.io/en/latest/pkg_resources.html. The pkg_resources package is slated for removal as early as 2025-11-30. Refrain from using this package or pin to Setuptools<81.
  from pkg_resources import parse_version
Setting global random seed to 2026
Using device: cuda
Loading clean data from: /net/storage/pr3/plgrid/plggmlcil/plgkstankie/vvv/Multimodal-models-for-predicting-drug-target-interactions/src/datasets/lincs_balanced.parquet
Dataset size: 27498
Split strategy: cold_target
  K3 cold-target split: 900 train proteins, 124 val proteins, 195 test proteins
Train: 19163  Val: 3874  Test: 4461
Fitting MinMaxScaler on 1264 cached RDKit descriptors...
SMILES encoders:  ['GCNEncoder', 'FingerprintMLPEncoder', 'LincsGraphEncoder', 'RDKitDescriptorEncoder']
Protein encoders: ['ProteinCNNEncoder']
Building graph cache for 1264 SMILES...
  0%|          | 0/1264 [00:00<?, ?it/s] 19%|█▉        | 237/1264 [00:00<00:00, 2358.24it/s] 37%|███▋      | 473/1264 [00:00<00:00, 2317.18it/s] 56%|█████▌    | 705/1264 [00:00<00:00, 2261.71it/s] 74%|███████▎  | 932/1264 [00:00<00:00, 2258.79it/s] 93%|█████████▎| 1175/1264 [00:00<00:00, 2316.25it/s]100%|██████████| 1264/1264 [00:00<00:00, 2319.07it/s]
Valid SMILES graphs: 1264
MultimodalDTI(
  (smiles_encoders): ModuleList(
    (0): GCNEncoder(
      (atom_encoder): AtomEncoder(
        (atom_embedding_list): ModuleList(
          (0): Embedding(119, 128)
          (1): Embedding(5, 128)
          (2-3): 2 x Embedding(12, 128)
          (4): Embedding(10, 128)
          (5-6): 2 x Embedding(6, 128)
          (7-8): 2 x Embedding(2, 128)
        )
      )
      (convs): ModuleList(
        (0-2): 3 x GCNConv(128, 128)
      )
      (bns): ModuleList(
        (0-2): 3 x BatchNorm1d(128, eps=1e-05, momentum=0.1, affine=True, track_running_stats=True)
      )
    )
    (1): FingerprintMLPEncoder(
      (mlp): Sequential(
        (0): Linear(in_features=1024, out_features=256, bias=True)
        (1): BatchNorm1d(256, eps=1e-05, momentum=0.1, affine=True, track_running_stats=True)
        (2): ReLU()
        (3): Dropout(p=0.5, inplace=False)
        (4): Linear(in_features=256, out_features=128, bias=True)
        (5): BatchNorm1d(128, eps=1e-05, momentum=0.1, affine=True, track_running_stats=True)
        (6): ReLU()
      )
    )
    (2): LincsGraphEncoder(
      (proj): Linear(in_features=1, out_features=128, bias=True)
      (convs): ModuleList(
        (0-1): 2 x DenseGCNConv(
          (linear): Linear(in_features=128, out_features=128, bias=False)
        )
      )
      (bns): ModuleList(
        (0-1): 2 x BatchNorm1d(128, eps=1e-05, momentum=0.1, affine=True, track_running_stats=True)
      )
      (pool_proj): Linear(in_features=128, out_features=128, bias=True)
    )
    (3): RDKitDescriptorEncoder(
      (mlp): Sequential(
        (0): Linear(in_features=210, out_features=256, bias=True)
        (1): BatchNorm1d(256, eps=1e-05, momentum=0.1, affine=True, track_running_stats=True)
        (2): ReLU()
        (3): Dropout(p=0.5, inplace=False)
        (4): Linear(in_features=256, out_features=128, bias=True)
        (5): BatchNorm1d(128, eps=1e-05, momentum=0.1, affine=True, track_running_stats=True)
        (6): ReLU()
      )
    )
  )
  (protein_encoders): ModuleList(
    (0): ProteinCNNEncoder(
      (embedding): Embedding(21, 128, padding_idx=0)
      (conv_blocks): ModuleList(
        (0): Sequential(
          (0): Conv1d(128, 64, kernel_size=(3,), stride=(1,), padding=(1,))
          (1): BatchNorm1d(64, eps=1e-05, momentum=0.1, affine=True, track_running_stats=True)
          (2): ReLU()
          (3): Conv1d(64, 64, kernel_size=(3,), stride=(1,), padding=(1,))
          (4): BatchNorm1d(64, eps=1e-05, momentum=0.1, affine=True, track_running_stats=True)
          (5): ReLU()
        )
        (1): Sequential(
          (0): Conv1d(128, 64, kernel_size=(7,), stride=(1,), padding=(3,))
          (1): BatchNorm1d(64, eps=1e-05, momentum=0.1, affine=True, track_running_stats=True)
          (2): ReLU()
          (3): Conv1d(64, 64, kernel_size=(7,), stride=(1,), padding=(3,))
          (4): BatchNorm1d(64, eps=1e-05, momentum=0.1, affine=True, track_running_stats=True)
          (5): ReLU()
        )
        (2): Sequential(
          (0): Conv1d(128, 64, kernel_size=(15,), stride=(1,), padding=(7,))
          (1): BatchNorm1d(64, eps=1e-05, momentum=0.1, affine=True, track_running_stats=True)
          (2): ReLU()
          (3): Conv1d(64, 64, kernel_size=(15,), stride=(1,), padding=(7,))
          (4): BatchNorm1d(64, eps=1e-05, momentum=0.1, affine=True, track_running_stats=True)
          (5): ReLU()
        )
      )
    )
  )
  (fusion): MLPFusion(
    (classifier): Sequential(
      (0): Linear(in_features=704, out_features=128, bias=True)
      (1): BatchNorm1d(128, eps=1e-05, momentum=0.1, affine=True, track_running_stats=True)
      (2): ReLU()
      (3): Dropout(p=0.5, inplace=False)
      (4): Linear(in_features=128, out_features=32, bias=True)
      (5): BatchNorm1d(32, eps=1e-05, momentum=0.1, affine=True, track_running_stats=True)
      (6): ReLU()
      (7): Dropout(p=0.5, inplace=False)
      (8): Linear(in_features=32, out_features=1, bias=True)
    )
  )
)
Epoch 001 | time=4.5s | train_loss=0.6587 | val_loss=0.6724 | val_auc=0.5822
  ✓ New best model (epoch 1, val_loss=0.6724, val_auc=0.5822) saved to checkpoints/fp_gcn_lincs_graph_rdkit_vs_cnn_seed2026.pt
Epoch 002 | time=3.7s | train_loss=0.5602 | val_loss=0.6633 | val_auc=0.5967
  ✓ New best model (epoch 2, val_loss=0.6633, val_auc=0.5967) saved to checkpoints/fp_gcn_lincs_graph_rdkit_vs_cnn_seed2026.pt
Epoch 003 | time=3.7s | train_loss=0.4982 | val_loss=0.6744 | val_auc=0.5798
Epoch 004 | time=3.9s | train_loss=0.4550 | val_loss=0.6640 | val_auc=0.6092
  ✓ New best model (epoch 4, val_loss=0.6640, val_auc=0.6092) saved to checkpoints/fp_gcn_lincs_graph_rdkit_vs_cnn_seed2026.pt
Epoch 005 | time=3.7s | train_loss=0.4212 | val_loss=0.6772 | val_auc=0.6138
  ✓ New best model (epoch 5, val_loss=0.6772, val_auc=0.6138) saved to checkpoints/fp_gcn_lincs_graph_rdkit_vs_cnn_seed2026.pt
Epoch 006 | time=3.7s | train_loss=0.3936 | val_loss=0.6854 | val_auc=0.6133
Epoch 007 | time=3.7s | train_loss=0.3693 | val_loss=0.6886 | val_auc=0.6254
  ✓ New best model (epoch 7, val_loss=0.6886, val_auc=0.6254) saved to checkpoints/fp_gcn_lincs_graph_rdkit_vs_cnn_seed2026.pt
Epoch 008 | time=3.7s | train_loss=0.3523 | val_loss=0.6977 | val_auc=0.6288
  ✓ New best model (epoch 8, val_loss=0.6977, val_auc=0.6288) saved to checkpoints/fp_gcn_lincs_graph_rdkit_vs_cnn_seed2026.pt
Epoch 009 | time=3.7s | train_loss=0.3332 | val_loss=0.7137 | val_auc=0.6167
Epoch 010 | time=3.7s | train_loss=0.3199 | val_loss=0.7271 | val_auc=0.6176
Epoch 011 | time=3.7s | train_loss=0.3126 | val_loss=0.7260 | val_auc=0.6203
Epoch 012 | time=3.7s | train_loss=0.3056 | val_loss=0.7288 | val_auc=0.6212
Epoch 013 | time=3.7s | train_loss=0.2997 | val_loss=0.7411 | val_auc=0.6194
Epoch 014 | time=3.7s | train_loss=0.2914 | val_loss=0.7436 | val_auc=0.6200
Epoch 015 | time=3.7s | train_loss=0.2813 | val_loss=0.7417 | val_auc=0.6290
  ✓ New best model (epoch 15, val_loss=0.7417, val_auc=0.6290) saved to checkpoints/fp_gcn_lincs_graph_rdkit_vs_cnn_seed2026.pt
Epoch 016 | time=3.7s | train_loss=0.2769 | val_loss=0.7628 | val_auc=0.6232
Epoch 017 | time=3.9s | train_loss=0.2767 | val_loss=0.7589 | val_auc=0.6245
Epoch 018 | time=3.7s | train_loss=0.2726 | val_loss=0.7715 | val_auc=0.6203
Epoch 019 | time=3.9s | train_loss=0.2693 | val_loss=0.7725 | val_auc=0.6233
Epoch 020 | time=3.7s | train_loss=0.2659 | val_loss=0.7729 | val_auc=0.6241
Epoch 021 | time=3.7s | train_loss=0.2588 | val_loss=0.7771 | val_auc=0.6230
Epoch 022 | time=3.7s | train_loss=0.2599 | val_loss=0.7790 | val_auc=0.6258
Epoch 023 | time=3.8s | train_loss=0.2570 | val_loss=0.7809 | val_auc=0.6236
Epoch 024 | time=3.7s | train_loss=0.2578 | val_loss=0.7885 | val_auc=0.6229
Epoch 025 | time=3.7s | train_loss=0.2540 | val_loss=0.7941 | val_auc=0.6224
Early stopping — no improvement for 10 epochs

Best model: epoch 15, val_loss=0.7941, val_auc=0.6290

═══ Test Results ═══
           auc: 0.7386
         auprc: 0.6933
            f1: 0.6741
     precision: 0.6883
        recall: 0.6605
          loss: 0.6300
