Uninstalled 1 package in 6ms
Installed 1 package in 12ms
/net/storage/pr3/plgrid/plggmlcil/plgkstankie/vvv/Multimodal-models-for-predicting-drug-target-interactions/.venv/lib/python3.11/site-packages/outdated/__init__.py:36: UserWarning: pkg_resources is deprecated as an API. See https://setuptools.pypa.io/en/latest/pkg_resources.html. The pkg_resources package is slated for removal as early as 2025-11-30. Refrain from using this package or pin to Setuptools<81.
  from pkg_resources import parse_version
Setting global random seed to 999
Using device: cuda
Loading clean data from: /net/storage/pr3/plgrid/plggmlcil/plgkstankie/vvv/Multimodal-models-for-predicting-drug-target-interactions/src/datasets/lincs_balanced.parquet
Dataset size: 27498
Split strategy: cold_target
  K3 cold-target split: 900 train proteins, 124 val proteins, 195 test proteins
Train: 19163  Val: 3874  Test: 4461
Fitting MinMaxScaler on 1264 cached RDKit descriptors...
SMILES encoders:  ['GCNEncoder', 'FingerprintMLPEncoder', 'LincsGraphEncoder', 'RDKitDescriptorEncoder']
Protein encoders: ['ProteinCNNEncoder']
Building graph cache for 1264 SMILES...
  0%|          | 0/1264 [00:00<?, ?it/s] 19%|█▉        | 237/1264 [00:00<00:00, 2368.49it/s] 38%|███▊      | 474/1264 [00:00<00:00, 2333.61it/s] 56%|█████▌    | 708/1264 [00:00<00:00, 2286.40it/s] 74%|███████▍  | 938/1264 [00:00<00:00, 2289.83it/s] 94%|█████████▍| 1189/1264 [00:00<00:00, 2366.30it/s]100%|██████████| 1264/1264 [00:00<00:00, 2355.64it/s]
Valid SMILES graphs: 1264
MultimodalDTI(
  (smiles_encoders): ModuleList(
    (0): GCNEncoder(
      (atom_encoder): AtomEncoder(
        (atom_embedding_list): ModuleList(
          (0): Embedding(119, 128)
          (1): Embedding(5, 128)
          (2-3): 2 x Embedding(12, 128)
          (4): Embedding(10, 128)
          (5-6): 2 x Embedding(6, 128)
          (7-8): 2 x Embedding(2, 128)
        )
      )
      (convs): ModuleList(
        (0-2): 3 x GCNConv(128, 128)
      )
      (bns): ModuleList(
        (0-2): 3 x BatchNorm1d(128, eps=1e-05, momentum=0.1, affine=True, track_running_stats=True)
      )
    )
    (1): FingerprintMLPEncoder(
      (mlp): Sequential(
        (0): Linear(in_features=1024, out_features=256, bias=True)
        (1): BatchNorm1d(256, eps=1e-05, momentum=0.1, affine=True, track_running_stats=True)
        (2): ReLU()
        (3): Dropout(p=0.5, inplace=False)
        (4): Linear(in_features=256, out_features=128, bias=True)
        (5): BatchNorm1d(128, eps=1e-05, momentum=0.1, affine=True, track_running_stats=True)
        (6): ReLU()
      )
    )
    (2): LincsGraphEncoder(
      (proj): Linear(in_features=1, out_features=128, bias=True)
      (convs): ModuleList(
        (0-1): 2 x DenseGCNConv(
          (linear): Linear(in_features=128, out_features=128, bias=False)
        )
      )
      (bns): ModuleList(
        (0-1): 2 x BatchNorm1d(128, eps=1e-05, momentum=0.1, affine=True, track_running_stats=True)
      )
      (pool_proj): Linear(in_features=128, out_features=128, bias=True)
    )
    (3): RDKitDescriptorEncoder(
      (mlp): Sequential(
        (0): Linear(in_features=210, out_features=256, bias=True)
        (1): BatchNorm1d(256, eps=1e-05, momentum=0.1, affine=True, track_running_stats=True)
        (2): ReLU()
        (3): Dropout(p=0.5, inplace=False)
        (4): Linear(in_features=256, out_features=128, bias=True)
        (5): BatchNorm1d(128, eps=1e-05, momentum=0.1, affine=True, track_running_stats=True)
        (6): ReLU()
      )
    )
  )
  (protein_encoders): ModuleList(
    (0): ProteinCNNEncoder(
      (embedding): Embedding(21, 128, padding_idx=0)
      (conv_blocks): ModuleList(
        (0): Sequential(
          (0): Conv1d(128, 64, kernel_size=(3,), stride=(1,), padding=(1,))
          (1): BatchNorm1d(64, eps=1e-05, momentum=0.1, affine=True, track_running_stats=True)
          (2): ReLU()
          (3): Conv1d(64, 64, kernel_size=(3,), stride=(1,), padding=(1,))
          (4): BatchNorm1d(64, eps=1e-05, momentum=0.1, affine=True, track_running_stats=True)
          (5): ReLU()
        )
        (1): Sequential(
          (0): Conv1d(128, 64, kernel_size=(7,), stride=(1,), padding=(3,))
          (1): BatchNorm1d(64, eps=1e-05, momentum=0.1, affine=True, track_running_stats=True)
          (2): ReLU()
          (3): Conv1d(64, 64, kernel_size=(7,), stride=(1,), padding=(3,))
          (4): BatchNorm1d(64, eps=1e-05, momentum=0.1, affine=True, track_running_stats=True)
          (5): ReLU()
        )
        (2): Sequential(
          (0): Conv1d(128, 64, kernel_size=(15,), stride=(1,), padding=(7,))
          (1): BatchNorm1d(64, eps=1e-05, momentum=0.1, affine=True, track_running_stats=True)
          (2): ReLU()
          (3): Conv1d(64, 64, kernel_size=(15,), stride=(1,), padding=(7,))
          (4): BatchNorm1d(64, eps=1e-05, momentum=0.1, affine=True, track_running_stats=True)
          (5): ReLU()
        )
      )
    )
  )
  (fusion): MLPFusion(
    (classifier): Sequential(
      (0): Linear(in_features=704, out_features=128, bias=True)
      (1): BatchNorm1d(128, eps=1e-05, momentum=0.1, affine=True, track_running_stats=True)
      (2): ReLU()
      (3): Dropout(p=0.5, inplace=False)
      (4): Linear(in_features=128, out_features=32, bias=True)
      (5): BatchNorm1d(32, eps=1e-05, momentum=0.1, affine=True, track_running_stats=True)
      (6): ReLU()
      (7): Dropout(p=0.5, inplace=False)
      (8): Linear(in_features=32, out_features=1, bias=True)
    )
  )
)
Epoch 001 | time=4.4s | train_loss=0.6697 | val_loss=0.6635 | val_auc=0.5881
  ✓ New best model (epoch 1, val_loss=0.6635, val_auc=0.5881) saved to checkpoints/fp_gcn_lincs_graph_rdkit_vs_cnn_seed999.pt
Epoch 002 | time=3.8s | train_loss=0.5720 | val_loss=0.6565 | val_auc=0.6192
  ✓ New best model (epoch 2, val_loss=0.6565, val_auc=0.6192) saved to checkpoints/fp_gcn_lincs_graph_rdkit_vs_cnn_seed999.pt
Epoch 003 | time=3.7s | train_loss=0.5050 | val_loss=0.6588 | val_auc=0.6261
  ✓ New best model (epoch 3, val_loss=0.6588, val_auc=0.6261) saved to checkpoints/fp_gcn_lincs_graph_rdkit_vs_cnn_seed999.pt
Epoch 004 | time=3.9s | train_loss=0.4584 | val_loss=0.6761 | val_auc=0.6138
Epoch 005 | time=3.8s | train_loss=0.4227 | val_loss=0.6728 | val_auc=0.6097
Epoch 006 | time=3.8s | train_loss=0.3937 | val_loss=0.7013 | val_auc=0.6029
Epoch 007 | time=3.8s | train_loss=0.3687 | val_loss=0.6879 | val_auc=0.6285
  ✓ New best model (epoch 7, val_loss=0.6879, val_auc=0.6285) saved to checkpoints/fp_gcn_lincs_graph_rdkit_vs_cnn_seed999.pt
Epoch 008 | time=3.8s | train_loss=0.3522 | val_loss=0.7249 | val_auc=0.6272
Epoch 009 | time=3.8s | train_loss=0.3318 | val_loss=0.7166 | val_auc=0.6217
Epoch 010 | time=3.7s | train_loss=0.3205 | val_loss=0.7078 | val_auc=0.6342
  ✓ New best model (epoch 10, val_loss=0.7078, val_auc=0.6342) saved to checkpoints/fp_gcn_lincs_graph_rdkit_vs_cnn_seed999.pt
Epoch 011 | time=3.8s | train_loss=0.3139 | val_loss=0.7417 | val_auc=0.6257
Epoch 012 | time=3.7s | train_loss=0.3052 | val_loss=0.7590 | val_auc=0.6295
Epoch 013 | time=3.7s | train_loss=0.2973 | val_loss=0.7477 | val_auc=0.6336
Epoch 014 | time=3.7s | train_loss=0.2888 | val_loss=0.7623 | val_auc=0.6364
  ✓ New best model (epoch 14, val_loss=0.7623, val_auc=0.6364) saved to checkpoints/fp_gcn_lincs_graph_rdkit_vs_cnn_seed999.pt
Epoch 015 | time=3.7s | train_loss=0.2837 | val_loss=0.7633 | val_auc=0.6332
Epoch 016 | time=3.7s | train_loss=0.2821 | val_loss=0.7491 | val_auc=0.6417
  ✓ New best model (epoch 16, val_loss=0.7491, val_auc=0.6417) saved to checkpoints/fp_gcn_lincs_graph_rdkit_vs_cnn_seed999.pt
Epoch 017 | time=3.9s | train_loss=0.2749 | val_loss=0.7590 | val_auc=0.6362
Epoch 018 | time=3.8s | train_loss=0.2704 | val_loss=0.7692 | val_auc=0.6402
Epoch 019 | time=4.1s | train_loss=0.2664 | val_loss=0.7884 | val_auc=0.6373
Epoch 020 | time=3.8s | train_loss=0.2623 | val_loss=0.7840 | val_auc=0.6415
Epoch 021 | time=3.8s | train_loss=0.2632 | val_loss=0.7961 | val_auc=0.6400
Epoch 022 | time=3.8s | train_loss=0.2573 | val_loss=0.7950 | val_auc=0.6378
Epoch 023 | time=3.9s | train_loss=0.2587 | val_loss=0.8087 | val_auc=0.6389
Epoch 024 | time=3.7s | train_loss=0.2589 | val_loss=0.7867 | val_auc=0.6384
Epoch 025 | time=3.7s | train_loss=0.2552 | val_loss=0.7878 | val_auc=0.6398
Epoch 026 | time=3.8s | train_loss=0.2558 | val_loss=0.8090 | val_auc=0.6380
Early stopping — no improvement for 10 epochs

Best model: epoch 16, val_loss=0.8090, val_auc=0.6417

═══ Test Results ═══
           auc: 0.7165
         auprc: 0.6635
            f1: 0.6132
     precision: 0.6732
        recall: 0.5631
          loss: 0.6691
