Uninstalled 1 package in 7ms
Installed 1 package in 11ms
/net/storage/pr3/plgrid/plggmlcil/plgkstankie/vvv/Multimodal-models-for-predicting-drug-target-interactions/.venv/lib/python3.11/site-packages/outdated/__init__.py:36: UserWarning: pkg_resources is deprecated as an API. See https://setuptools.pypa.io/en/latest/pkg_resources.html. The pkg_resources package is slated for removal as early as 2025-11-30. Refrain from using this package or pin to Setuptools<81.
  from pkg_resources import parse_version
Setting global random seed to 123
Using device: cuda
Loading clean data from: /net/storage/pr3/plgrid/plggmlcil/plgkstankie/vvv/Multimodal-models-for-predicting-drug-target-interactions/src/datasets/lincs_balanced.parquet
Dataset size: 27498
Split strategy: scaffold
Train: 19558  Val: 2885  Test: 5055
Fitting MinMaxScaler on 1264 cached RDKit descriptors...
SMILES encoders:  ['GCNEncoder', 'FingerprintMLPEncoder', 'LincsGraphEncoder', 'RDKitDescriptorEncoder']
Protein encoders: ['ProteinCNNEncoder']
Building graph cache for 1264 SMILES...
  0%|          | 0/1264 [00:00<?, ?it/s] 17%|█▋        | 217/1264 [00:00<00:00, 2169.09it/s] 35%|███▍      | 439/1264 [00:00<00:00, 2195.13it/s] 52%|█████▏    | 661/1264 [00:00<00:00, 2206.18it/s] 70%|███████   | 886/1264 [00:00<00:00, 2223.20it/s] 89%|████████▉ | 1130/1264 [00:00<00:00, 2299.52it/s]100%|██████████| 1264/1264 [00:00<00:00, 2278.56it/s]
Valid SMILES graphs: 1264
MultimodalDTI(
  (smiles_encoders): ModuleList(
    (0): GCNEncoder(
      (atom_encoder): AtomEncoder(
        (atom_embedding_list): ModuleList(
          (0): Embedding(119, 128)
          (1): Embedding(5, 128)
          (2-3): 2 x Embedding(12, 128)
          (4): Embedding(10, 128)
          (5-6): 2 x Embedding(6, 128)
          (7-8): 2 x Embedding(2, 128)
        )
      )
      (convs): ModuleList(
        (0-2): 3 x GCNConv(128, 128)
      )
      (bns): ModuleList(
        (0-2): 3 x BatchNorm1d(128, eps=1e-05, momentum=0.1, affine=True, track_running_stats=True)
      )
    )
    (1): FingerprintMLPEncoder(
      (mlp): Sequential(
        (0): Linear(in_features=1024, out_features=256, bias=True)
        (1): BatchNorm1d(256, eps=1e-05, momentum=0.1, affine=True, track_running_stats=True)
        (2): ReLU()
        (3): Dropout(p=0.5, inplace=False)
        (4): Linear(in_features=256, out_features=128, bias=True)
        (5): BatchNorm1d(128, eps=1e-05, momentum=0.1, affine=True, track_running_stats=True)
        (6): ReLU()
      )
    )
    (2): LincsGraphEncoder(
      (proj): Linear(in_features=1, out_features=128, bias=True)
      (convs): ModuleList(
        (0-1): 2 x DenseGCNConv(
          (linear): Linear(in_features=128, out_features=128, bias=False)
        )
      )
      (bns): ModuleList(
        (0-1): 2 x BatchNorm1d(128, eps=1e-05, momentum=0.1, affine=True, track_running_stats=True)
      )
      (pool_proj): Linear(in_features=128, out_features=128, bias=True)
    )
    (3): RDKitDescriptorEncoder(
      (mlp): Sequential(
        (0): Linear(in_features=210, out_features=256, bias=True)
        (1): BatchNorm1d(256, eps=1e-05, momentum=0.1, affine=True, track_running_stats=True)
        (2): ReLU()
        (3): Dropout(p=0.5, inplace=False)
        (4): Linear(in_features=256, out_features=128, bias=True)
        (5): BatchNorm1d(128, eps=1e-05, momentum=0.1, affine=True, track_running_stats=True)
        (6): ReLU()
      )
    )
  )
  (protein_encoders): ModuleList(
    (0): ProteinCNNEncoder(
      (embedding): Embedding(21, 128, padding_idx=0)
      (conv_blocks): ModuleList(
        (0): Sequential(
          (0): Conv1d(128, 64, kernel_size=(3,), stride=(1,), padding=(1,))
          (1): BatchNorm1d(64, eps=1e-05, momentum=0.1, affine=True, track_running_stats=True)
          (2): ReLU()
          (3): Conv1d(64, 64, kernel_size=(3,), stride=(1,), padding=(1,))
          (4): BatchNorm1d(64, eps=1e-05, momentum=0.1, affine=True, track_running_stats=True)
          (5): ReLU()
        )
        (1): Sequential(
          (0): Conv1d(128, 64, kernel_size=(7,), stride=(1,), padding=(3,))
          (1): BatchNorm1d(64, eps=1e-05, momentum=0.1, affine=True, track_running_stats=True)
          (2): ReLU()
          (3): Conv1d(64, 64, kernel_size=(7,), stride=(1,), padding=(3,))
          (4): BatchNorm1d(64, eps=1e-05, momentum=0.1, affine=True, track_running_stats=True)
          (5): ReLU()
        )
        (2): Sequential(
          (0): Conv1d(128, 64, kernel_size=(15,), stride=(1,), padding=(7,))
          (1): BatchNorm1d(64, eps=1e-05, momentum=0.1, affine=True, track_running_stats=True)
          (2): ReLU()
          (3): Conv1d(64, 64, kernel_size=(15,), stride=(1,), padding=(7,))
          (4): BatchNorm1d(64, eps=1e-05, momentum=0.1, affine=True, track_running_stats=True)
          (5): ReLU()
        )
      )
    )
  )
  (fusion): MLPFusion(
    (classifier): Sequential(
      (0): Linear(in_features=704, out_features=128, bias=True)
      (1): BatchNorm1d(128, eps=1e-05, momentum=0.1, affine=True, track_running_stats=True)
      (2): ReLU()
      (3): Dropout(p=0.5, inplace=False)
      (4): Linear(in_features=128, out_features=32, bias=True)
      (5): BatchNorm1d(32, eps=1e-05, momentum=0.1, affine=True, track_running_stats=True)
      (6): ReLU()
      (7): Dropout(p=0.5, inplace=False)
      (8): Linear(in_features=32, out_features=1, bias=True)
    )
  )
)
Epoch 001 | time=4.4s | train_loss=0.6631 | val_loss=0.6617 | val_auc=0.6514
  ✓ New best model (epoch 1, val_loss=0.6617, val_auc=0.6514) saved to checkpoints/fp_gcn_lincs_graph_rdkit_vs_cnn_seed123.pt
Epoch 002 | time=3.7s | train_loss=0.5653 | val_loss=0.6109 | val_auc=0.7311
  ✓ New best model (epoch 2, val_loss=0.6109, val_auc=0.7311) saved to checkpoints/fp_gcn_lincs_graph_rdkit_vs_cnn_seed123.pt
Epoch 003 | time=3.7s | train_loss=0.4940 | val_loss=0.5793 | val_auc=0.7742
  ✓ New best model (epoch 3, val_loss=0.5793, val_auc=0.7742) saved to checkpoints/fp_gcn_lincs_graph_rdkit_vs_cnn_seed123.pt
Epoch 004 | time=3.7s | train_loss=0.4467 | val_loss=0.5604 | val_auc=0.7881
  ✓ New best model (epoch 4, val_loss=0.5604, val_auc=0.7881) saved to checkpoints/fp_gcn_lincs_graph_rdkit_vs_cnn_seed123.pt
Epoch 005 | time=3.7s | train_loss=0.4167 | val_loss=0.5520 | val_auc=0.7923
  ✓ New best model (epoch 5, val_loss=0.5520, val_auc=0.7923) saved to checkpoints/fp_gcn_lincs_graph_rdkit_vs_cnn_seed123.pt
Epoch 006 | time=3.7s | train_loss=0.3871 | val_loss=0.5399 | val_auc=0.8027
  ✓ New best model (epoch 6, val_loss=0.5399, val_auc=0.8027) saved to checkpoints/fp_gcn_lincs_graph_rdkit_vs_cnn_seed123.pt
Epoch 007 | time=3.8s | train_loss=0.3676 | val_loss=0.5279 | val_auc=0.8154
  ✓ New best model (epoch 7, val_loss=0.5279, val_auc=0.8154) saved to checkpoints/fp_gcn_lincs_graph_rdkit_vs_cnn_seed123.pt
Epoch 008 | time=3.7s | train_loss=0.3440 | val_loss=0.5468 | val_auc=0.8025
Epoch 009 | time=3.7s | train_loss=0.3256 | val_loss=0.5290 | val_auc=0.8144
Epoch 010 | time=3.7s | train_loss=0.3069 | val_loss=0.5278 | val_auc=0.8181
  ✓ New best model (epoch 10, val_loss=0.5278, val_auc=0.8181) saved to checkpoints/fp_gcn_lincs_graph_rdkit_vs_cnn_seed123.pt
Epoch 011 | time=3.7s | train_loss=0.2941 | val_loss=0.5257 | val_auc=0.8194
  ✓ New best model (epoch 11, val_loss=0.5257, val_auc=0.8194) saved to checkpoints/fp_gcn_lincs_graph_rdkit_vs_cnn_seed123.pt
Epoch 012 | time=3.7s | train_loss=0.2804 | val_loss=0.5149 | val_auc=0.8270
  ✓ New best model (epoch 12, val_loss=0.5149, val_auc=0.8270) saved to checkpoints/fp_gcn_lincs_graph_rdkit_vs_cnn_seed123.pt
Epoch 013 | time=3.7s | train_loss=0.2671 | val_loss=0.5369 | val_auc=0.8175
Epoch 014 | time=3.7s | train_loss=0.2576 | val_loss=0.5294 | val_auc=0.8237
Epoch 015 | time=3.7s | train_loss=0.2456 | val_loss=0.5304 | val_auc=0.8271
  ✓ New best model (epoch 15, val_loss=0.5304, val_auc=0.8271) saved to checkpoints/fp_gcn_lincs_graph_rdkit_vs_cnn_seed123.pt
Epoch 016 | time=3.7s | train_loss=0.2381 | val_loss=0.5201 | val_auc=0.8320
  ✓ New best model (epoch 16, val_loss=0.5201, val_auc=0.8320) saved to checkpoints/fp_gcn_lincs_graph_rdkit_vs_cnn_seed123.pt
Epoch 017 | time=3.8s | train_loss=0.2303 | val_loss=0.5212 | val_auc=0.8327
  ✓ New best model (epoch 17, val_loss=0.5212, val_auc=0.8327) saved to checkpoints/fp_gcn_lincs_graph_rdkit_vs_cnn_seed123.pt
Epoch 018 | time=3.7s | train_loss=0.2212 | val_loss=0.5286 | val_auc=0.8297
Epoch 019 | time=3.7s | train_loss=0.2082 | val_loss=0.5286 | val_auc=0.8324
Epoch 020 | time=3.7s | train_loss=0.2026 | val_loss=0.5293 | val_auc=0.8330
  ✓ New best model (epoch 20, val_loss=0.5293, val_auc=0.8330) saved to checkpoints/fp_gcn_lincs_graph_rdkit_vs_cnn_seed123.pt
Epoch 021 | time=3.7s | train_loss=0.1967 | val_loss=0.5307 | val_auc=0.8336
  ✓ New best model (epoch 21, val_loss=0.5307, val_auc=0.8336) saved to checkpoints/fp_gcn_lincs_graph_rdkit_vs_cnn_seed123.pt
Epoch 022 | time=3.7s | train_loss=0.1937 | val_loss=0.5169 | val_auc=0.8395
  ✓ New best model (epoch 22, val_loss=0.5169, val_auc=0.8395) saved to checkpoints/fp_gcn_lincs_graph_rdkit_vs_cnn_seed123.pt
Epoch 023 | time=3.7s | train_loss=0.1912 | val_loss=0.5287 | val_auc=0.8391
Epoch 024 | time=3.7s | train_loss=0.1874 | val_loss=0.5195 | val_auc=0.8409
  ✓ New best model (epoch 24, val_loss=0.5195, val_auc=0.8409) saved to checkpoints/fp_gcn_lincs_graph_rdkit_vs_cnn_seed123.pt
Epoch 025 | time=3.7s | train_loss=0.1804 | val_loss=0.5212 | val_auc=0.8409
  ✓ New best model (epoch 25, val_loss=0.5212, val_auc=0.8409) saved to checkpoints/fp_gcn_lincs_graph_rdkit_vs_cnn_seed123.pt
Epoch 026 | time=3.7s | train_loss=0.1795 | val_loss=0.5304 | val_auc=0.8400
Epoch 027 | time=3.7s | train_loss=0.1778 | val_loss=0.5317 | val_auc=0.8402
Epoch 028 | time=3.7s | train_loss=0.1745 | val_loss=0.5310 | val_auc=0.8387
Epoch 029 | time=3.7s | train_loss=0.1714 | val_loss=0.5327 | val_auc=0.8405
Epoch 030 | time=3.7s | train_loss=0.1715 | val_loss=0.5364 | val_auc=0.8382
Epoch 031 | time=3.8s | train_loss=0.1699 | val_loss=0.5302 | val_auc=0.8427
  ✓ New best model (epoch 31, val_loss=0.5302, val_auc=0.8427) saved to checkpoints/fp_gcn_lincs_graph_rdkit_vs_cnn_seed123.pt
Epoch 032 | time=3.7s | train_loss=0.1676 | val_loss=0.5321 | val_auc=0.8418
Epoch 033 | time=3.7s | train_loss=0.1685 | val_loss=0.5289 | val_auc=0.8437
  ✓ New best model (epoch 33, val_loss=0.5289, val_auc=0.8437) saved to checkpoints/fp_gcn_lincs_graph_rdkit_vs_cnn_seed123.pt
Epoch 034 | time=3.7s | train_loss=0.1648 | val_loss=0.5381 | val_auc=0.8404
Epoch 035 | time=3.9s | train_loss=0.1653 | val_loss=0.5304 | val_auc=0.8430
Epoch 036 | time=3.8s | train_loss=0.1647 | val_loss=0.5384 | val_auc=0.8394
Epoch 037 | time=3.7s | train_loss=0.1597 | val_loss=0.5367 | val_auc=0.8415
Epoch 038 | time=3.7s | train_loss=0.1588 | val_loss=0.5264 | val_auc=0.8453
  ✓ New best model (epoch 38, val_loss=0.5264, val_auc=0.8453) saved to checkpoints/fp_gcn_lincs_graph_rdkit_vs_cnn_seed123.pt
Epoch 039 | time=3.7s | train_loss=0.1605 | val_loss=0.5322 | val_auc=0.8434
Epoch 040 | time=3.8s | train_loss=0.1589 | val_loss=0.5247 | val_auc=0.8460
  ✓ New best model (epoch 40, val_loss=0.5247, val_auc=0.8460) saved to checkpoints/fp_gcn_lincs_graph_rdkit_vs_cnn_seed123.pt
Epoch 041 | time=3.7s | train_loss=0.1555 | val_loss=0.5349 | val_auc=0.8427
Epoch 042 | time=3.7s | train_loss=0.1597 | val_loss=0.5390 | val_auc=0.8422
Epoch 043 | time=3.7s | train_loss=0.1586 | val_loss=0.5340 | val_auc=0.8438
Epoch 044 | time=3.8s | train_loss=0.1575 | val_loss=0.5386 | val_auc=0.8430
Epoch 045 | time=3.7s | train_loss=0.1593 | val_loss=0.5315 | val_auc=0.8438
Epoch 046 | time=3.8s | train_loss=0.1564 | val_loss=0.5351 | val_auc=0.8426
Epoch 047 | time=3.7s | train_loss=0.1574 | val_loss=0.5307 | val_auc=0.8446
Epoch 048 | time=3.7s | train_loss=0.1570 | val_loss=0.5301 | val_auc=0.8457
Epoch 049 | time=3.7s | train_loss=0.1554 | val_loss=0.5330 | val_auc=0.8453
Epoch 050 | time=3.7s | train_loss=0.1561 | val_loss=0.5334 | val_auc=0.8440
Early stopping — no improvement for 10 epochs

Best model: epoch 40, val_loss=0.5334, val_auc=0.8460

═══ Test Results ═══
           auc: 0.7576
         auprc: 0.7066
            f1: 0.6834
     precision: 0.6536
        recall: 0.7161
          loss: 0.6812
