Uninstalled 1 package in 7ms
Installed 1 package in 11ms
/net/storage/pr3/plgrid/plggmlcil/plgkstankie/vvv/Multimodal-models-for-predicting-drug-target-interactions/.venv/lib/python3.11/site-packages/outdated/__init__.py:36: UserWarning: pkg_resources is deprecated as an API. See https://setuptools.pypa.io/en/latest/pkg_resources.html. The pkg_resources package is slated for removal as early as 2025-11-30. Refrain from using this package or pin to Setuptools<81.
  from pkg_resources import parse_version
Setting global random seed to 42
Using device: cuda
Loading clean data from: /net/storage/pr3/plgrid/plggmlcil/plgkstankie/vvv/Multimodal-models-for-predicting-drug-target-interactions/src/datasets/lincs_balanced.parquet
Dataset size: 27498
Split strategy: cold_both
  K4 cold-both split: train=13694, val=328, test=923
  Rows retained: 14945/27498 (54.3%)
Train: 13694  Val: 328  Test: 923
Fitting MinMaxScaler on 1264 cached RDKit descriptors...
SMILES encoders:  ['GCNEncoder', 'FingerprintMLPEncoder', 'LincsGraphEncoder', 'RDKitDescriptorEncoder']
Protein encoders: ['ProteinCNNEncoder']
Building graph cache for 1264 SMILES...
  0%|          | 0/1264 [00:00<?, ?it/s] 18%|█▊        | 229/1264 [00:00<00:00, 2285.13it/s] 36%|███▌      | 458/1264 [00:00<00:00, 2253.74it/s] 54%|█████▍    | 684/1264 [00:00<00:00, 2244.98it/s] 72%|███████▏  | 913/1264 [00:00<00:00, 2261.51it/s] 91%|█████████ | 1153/1264 [00:00<00:00, 2307.71it/s]100%|██████████| 1264/1264 [00:00<00:00, 2307.70it/s]
Valid SMILES graphs: 1264
MultimodalDTI(
  (smiles_encoders): ModuleList(
    (0): GCNEncoder(
      (atom_encoder): AtomEncoder(
        (atom_embedding_list): ModuleList(
          (0): Embedding(119, 128)
          (1): Embedding(5, 128)
          (2-3): 2 x Embedding(12, 128)
          (4): Embedding(10, 128)
          (5-6): 2 x Embedding(6, 128)
          (7-8): 2 x Embedding(2, 128)
        )
      )
      (convs): ModuleList(
        (0-2): 3 x GCNConv(128, 128)
      )
      (bns): ModuleList(
        (0-2): 3 x BatchNorm1d(128, eps=1e-05, momentum=0.1, affine=True, track_running_stats=True)
      )
    )
    (1): FingerprintMLPEncoder(
      (mlp): Sequential(
        (0): Linear(in_features=1024, out_features=256, bias=True)
        (1): BatchNorm1d(256, eps=1e-05, momentum=0.1, affine=True, track_running_stats=True)
        (2): ReLU()
        (3): Dropout(p=0.5, inplace=False)
        (4): Linear(in_features=256, out_features=128, bias=True)
        (5): BatchNorm1d(128, eps=1e-05, momentum=0.1, affine=True, track_running_stats=True)
        (6): ReLU()
      )
    )
    (2): LincsGraphEncoder(
      (proj): Linear(in_features=1, out_features=128, bias=True)
      (convs): ModuleList(
        (0-1): 2 x DenseGCNConv(
          (linear): Linear(in_features=128, out_features=128, bias=False)
        )
      )
      (bns): ModuleList(
        (0-1): 2 x BatchNorm1d(128, eps=1e-05, momentum=0.1, affine=True, track_running_stats=True)
      )
      (pool_proj): Linear(in_features=128, out_features=128, bias=True)
    )
    (3): RDKitDescriptorEncoder(
      (mlp): Sequential(
        (0): Linear(in_features=210, out_features=256, bias=True)
        (1): BatchNorm1d(256, eps=1e-05, momentum=0.1, affine=True, track_running_stats=True)
        (2): ReLU()
        (3): Dropout(p=0.5, inplace=False)
        (4): Linear(in_features=256, out_features=128, bias=True)
        (5): BatchNorm1d(128, eps=1e-05, momentum=0.1, affine=True, track_running_stats=True)
        (6): ReLU()
      )
    )
  )
  (protein_encoders): ModuleList(
    (0): ProteinCNNEncoder(
      (embedding): Embedding(21, 128, padding_idx=0)
      (conv_blocks): ModuleList(
        (0): Sequential(
          (0): Conv1d(128, 64, kernel_size=(3,), stride=(1,), padding=(1,))
          (1): BatchNorm1d(64, eps=1e-05, momentum=0.1, affine=True, track_running_stats=True)
          (2): ReLU()
          (3): Conv1d(64, 64, kernel_size=(3,), stride=(1,), padding=(1,))
          (4): BatchNorm1d(64, eps=1e-05, momentum=0.1, affine=True, track_running_stats=True)
          (5): ReLU()
        )
        (1): Sequential(
          (0): Conv1d(128, 64, kernel_size=(7,), stride=(1,), padding=(3,))
          (1): BatchNorm1d(64, eps=1e-05, momentum=0.1, affine=True, track_running_stats=True)
          (2): ReLU()
          (3): Conv1d(64, 64, kernel_size=(7,), stride=(1,), padding=(3,))
          (4): BatchNorm1d(64, eps=1e-05, momentum=0.1, affine=True, track_running_stats=True)
          (5): ReLU()
        )
        (2): Sequential(
          (0): Conv1d(128, 64, kernel_size=(15,), stride=(1,), padding=(7,))
          (1): BatchNorm1d(64, eps=1e-05, momentum=0.1, affine=True, track_running_stats=True)
          (2): ReLU()
          (3): Conv1d(64, 64, kernel_size=(15,), stride=(1,), padding=(7,))
          (4): BatchNorm1d(64, eps=1e-05, momentum=0.1, affine=True, track_running_stats=True)
          (5): ReLU()
        )
      )
    )
  )
  (fusion): MLPFusion(
    (classifier): Sequential(
      (0): Linear(in_features=704, out_features=128, bias=True)
      (1): BatchNorm1d(128, eps=1e-05, momentum=0.1, affine=True, track_running_stats=True)
      (2): ReLU()
      (3): Dropout(p=0.5, inplace=False)
      (4): Linear(in_features=128, out_features=32, bias=True)
      (5): BatchNorm1d(32, eps=1e-05, momentum=0.1, affine=True, track_running_stats=True)
      (6): ReLU()
      (7): Dropout(p=0.5, inplace=False)
      (8): Linear(in_features=32, out_features=1, bias=True)
    )
  )
)
Epoch 001 | time=3.2s | train_loss=0.6651 | val_loss=0.6820 | val_auc=0.6468
  ✓ New best model (epoch 1, val_loss=0.6820, val_auc=0.6468) saved to checkpoints/fp_gcn_lincs_graph_rdkit_vs_cnn_seed42.pt
Epoch 002 | time=2.4s | train_loss=0.5788 | val_loss=0.6597 | val_auc=0.6618
  ✓ New best model (epoch 2, val_loss=0.6597, val_auc=0.6618) saved to checkpoints/fp_gcn_lincs_graph_rdkit_vs_cnn_seed42.pt
Epoch 003 | time=2.4s | train_loss=0.5131 | val_loss=0.6395 | val_auc=0.6823
  ✓ New best model (epoch 3, val_loss=0.6395, val_auc=0.6823) saved to checkpoints/fp_gcn_lincs_graph_rdkit_vs_cnn_seed42.pt
Epoch 004 | time=2.4s | train_loss=0.4692 | val_loss=0.6319 | val_auc=0.6952
  ✓ New best model (epoch 4, val_loss=0.6319, val_auc=0.6952) saved to checkpoints/fp_gcn_lincs_graph_rdkit_vs_cnn_seed42.pt
Epoch 005 | time=2.4s | train_loss=0.4338 | val_loss=0.6277 | val_auc=0.6903
Epoch 006 | time=2.4s | train_loss=0.4050 | val_loss=0.6328 | val_auc=0.6861
Epoch 007 | time=2.4s | train_loss=0.3828 | val_loss=0.6433 | val_auc=0.6485
Epoch 008 | time=2.4s | train_loss=0.3598 | val_loss=0.6345 | val_auc=0.6841
Epoch 009 | time=2.5s | train_loss=0.3397 | val_loss=0.6531 | val_auc=0.6817
Epoch 010 | time=2.5s | train_loss=0.3233 | val_loss=0.6422 | val_auc=0.7003
  ✓ New best model (epoch 10, val_loss=0.6422, val_auc=0.7003) saved to checkpoints/fp_gcn_lincs_graph_rdkit_vs_cnn_seed42.pt
Epoch 011 | time=2.4s | train_loss=0.3054 | val_loss=0.6434 | val_auc=0.6912
Epoch 012 | time=2.4s | train_loss=0.2890 | val_loss=0.6484 | val_auc=0.6882
Epoch 013 | time=2.4s | train_loss=0.2832 | val_loss=0.6536 | val_auc=0.6862
Epoch 014 | time=2.4s | train_loss=0.2757 | val_loss=0.6512 | val_auc=0.6901
Epoch 015 | time=2.4s | train_loss=0.2712 | val_loss=0.6635 | val_auc=0.6903
Epoch 016 | time=2.4s | train_loss=0.2625 | val_loss=0.6613 | val_auc=0.6903
Epoch 017 | time=2.5s | train_loss=0.2622 | val_loss=0.6728 | val_auc=0.6696
Epoch 018 | time=2.4s | train_loss=0.2522 | val_loss=0.6657 | val_auc=0.6811
Epoch 019 | time=2.4s | train_loss=0.2498 | val_loss=0.6687 | val_auc=0.6798
Epoch 020 | time=2.4s | train_loss=0.2468 | val_loss=0.6695 | val_auc=0.6821
Early stopping — no improvement for 10 epochs

Best model: epoch 10, val_loss=0.6695, val_auc=0.7003

═══ Test Results ═══
           auc: 0.5492
         auprc: 0.4797
            f1: 0.5523
     precision: 0.5333
        recall: 0.5727
          loss: 0.7732
