Uninstalled 1 package in 7ms
Installed 1 package in 11ms
/net/storage/pr3/plgrid/plggmlcil/plgkstankie/vvv/Multimodal-models-for-predicting-drug-target-interactions/.venv/lib/python3.11/site-packages/outdated/__init__.py:36: UserWarning: pkg_resources is deprecated as an API. See https://setuptools.pypa.io/en/latest/pkg_resources.html. The pkg_resources package is slated for removal as early as 2025-11-30. Refrain from using this package or pin to Setuptools<81.
  from pkg_resources import parse_version
Setting global random seed to 999
Using device: cuda
Loading clean data from: /net/storage/pr3/plgrid/plggmlcil/plgkstankie/vvv/Multimodal-models-for-predicting-drug-target-interactions/src/datasets/lincs_balanced.parquet
Dataset size: 27498
Split strategy: cold_both
  K4 cold-both split: train=13694, val=328, test=923
  Rows retained: 14945/27498 (54.3%)
Train: 13694  Val: 328  Test: 923
Fitting MinMaxScaler on 1264 cached RDKit descriptors...
SMILES encoders:  ['GCNEncoder', 'FingerprintMLPEncoder', 'LincsGraphEncoder', 'RDKitDescriptorEncoder']
Protein encoders: ['ProteinCNNEncoder']
Building graph cache for 1264 SMILES...
  0%|          | 0/1264 [00:00<?, ?it/s] 19%|█▉        | 237/1264 [00:00<00:00, 2364.47it/s] 38%|███▊      | 474/1264 [00:00<00:00, 2335.48it/s] 56%|█████▌    | 708/1264 [00:00<00:00, 2300.63it/s] 74%|███████▍  | 940/1264 [00:00<00:00, 2305.12it/s] 94%|█████████▍| 1193/1264 [00:00<00:00, 2381.16it/s]100%|██████████| 1264/1264 [00:00<00:00, 2367.75it/s]
Valid SMILES graphs: 1264
MultimodalDTI(
  (smiles_encoders): ModuleList(
    (0): GCNEncoder(
      (atom_encoder): AtomEncoder(
        (atom_embedding_list): ModuleList(
          (0): Embedding(119, 128)
          (1): Embedding(5, 128)
          (2-3): 2 x Embedding(12, 128)
          (4): Embedding(10, 128)
          (5-6): 2 x Embedding(6, 128)
          (7-8): 2 x Embedding(2, 128)
        )
      )
      (convs): ModuleList(
        (0-2): 3 x GCNConv(128, 128)
      )
      (bns): ModuleList(
        (0-2): 3 x BatchNorm1d(128, eps=1e-05, momentum=0.1, affine=True, track_running_stats=True)
      )
    )
    (1): FingerprintMLPEncoder(
      (mlp): Sequential(
        (0): Linear(in_features=1024, out_features=256, bias=True)
        (1): BatchNorm1d(256, eps=1e-05, momentum=0.1, affine=True, track_running_stats=True)
        (2): ReLU()
        (3): Dropout(p=0.5, inplace=False)
        (4): Linear(in_features=256, out_features=128, bias=True)
        (5): BatchNorm1d(128, eps=1e-05, momentum=0.1, affine=True, track_running_stats=True)
        (6): ReLU()
      )
    )
    (2): LincsGraphEncoder(
      (proj): Linear(in_features=1, out_features=128, bias=True)
      (convs): ModuleList(
        (0-1): 2 x DenseGCNConv(
          (linear): Linear(in_features=128, out_features=128, bias=False)
        )
      )
      (bns): ModuleList(
        (0-1): 2 x BatchNorm1d(128, eps=1e-05, momentum=0.1, affine=True, track_running_stats=True)
      )
      (pool_proj): Linear(in_features=128, out_features=128, bias=True)
    )
    (3): RDKitDescriptorEncoder(
      (mlp): Sequential(
        (0): Linear(in_features=210, out_features=256, bias=True)
        (1): BatchNorm1d(256, eps=1e-05, momentum=0.1, affine=True, track_running_stats=True)
        (2): ReLU()
        (3): Dropout(p=0.5, inplace=False)
        (4): Linear(in_features=256, out_features=128, bias=True)
        (5): BatchNorm1d(128, eps=1e-05, momentum=0.1, affine=True, track_running_stats=True)
        (6): ReLU()
      )
    )
  )
  (protein_encoders): ModuleList(
    (0): ProteinCNNEncoder(
      (embedding): Embedding(21, 128, padding_idx=0)
      (conv_blocks): ModuleList(
        (0): Sequential(
          (0): Conv1d(128, 64, kernel_size=(3,), stride=(1,), padding=(1,))
          (1): BatchNorm1d(64, eps=1e-05, momentum=0.1, affine=True, track_running_stats=True)
          (2): ReLU()
          (3): Conv1d(64, 64, kernel_size=(3,), stride=(1,), padding=(1,))
          (4): BatchNorm1d(64, eps=1e-05, momentum=0.1, affine=True, track_running_stats=True)
          (5): ReLU()
        )
        (1): Sequential(
          (0): Conv1d(128, 64, kernel_size=(7,), stride=(1,), padding=(3,))
          (1): BatchNorm1d(64, eps=1e-05, momentum=0.1, affine=True, track_running_stats=True)
          (2): ReLU()
          (3): Conv1d(64, 64, kernel_size=(7,), stride=(1,), padding=(3,))
          (4): BatchNorm1d(64, eps=1e-05, momentum=0.1, affine=True, track_running_stats=True)
          (5): ReLU()
        )
        (2): Sequential(
          (0): Conv1d(128, 64, kernel_size=(15,), stride=(1,), padding=(7,))
          (1): BatchNorm1d(64, eps=1e-05, momentum=0.1, affine=True, track_running_stats=True)
          (2): ReLU()
          (3): Conv1d(64, 64, kernel_size=(15,), stride=(1,), padding=(7,))
          (4): BatchNorm1d(64, eps=1e-05, momentum=0.1, affine=True, track_running_stats=True)
          (5): ReLU()
        )
      )
    )
  )
  (fusion): MLPFusion(
    (classifier): Sequential(
      (0): Linear(in_features=704, out_features=128, bias=True)
      (1): BatchNorm1d(128, eps=1e-05, momentum=0.1, affine=True, track_running_stats=True)
      (2): ReLU()
      (3): Dropout(p=0.5, inplace=False)
      (4): Linear(in_features=128, out_features=32, bias=True)
      (5): BatchNorm1d(32, eps=1e-05, momentum=0.1, affine=True, track_running_stats=True)
      (6): ReLU()
      (7): Dropout(p=0.5, inplace=False)
      (8): Linear(in_features=32, out_features=1, bias=True)
    )
  )
)
Epoch 001 | time=3.2s | train_loss=0.6783 | val_loss=0.6736 | val_auc=0.5675
  ✓ New best model (epoch 1, val_loss=0.6736, val_auc=0.5675) saved to checkpoints/fp_gcn_lincs_graph_rdkit_vs_cnn_seed999.pt
Epoch 002 | time=2.5s | train_loss=0.5775 | val_loss=0.6548 | val_auc=0.6504
  ✓ New best model (epoch 2, val_loss=0.6548, val_auc=0.6504) saved to checkpoints/fp_gcn_lincs_graph_rdkit_vs_cnn_seed999.pt
Epoch 003 | time=2.4s | train_loss=0.5086 | val_loss=0.6340 | val_auc=0.6984
  ✓ New best model (epoch 3, val_loss=0.6340, val_auc=0.6984) saved to checkpoints/fp_gcn_lincs_graph_rdkit_vs_cnn_seed999.pt
Epoch 004 | time=2.4s | train_loss=0.4596 | val_loss=0.6277 | val_auc=0.7124
  ✓ New best model (epoch 4, val_loss=0.6277, val_auc=0.7124) saved to checkpoints/fp_gcn_lincs_graph_rdkit_vs_cnn_seed999.pt
Epoch 005 | time=2.4s | train_loss=0.4228 | val_loss=0.6275 | val_auc=0.6978
Epoch 006 | time=2.4s | train_loss=0.3931 | val_loss=0.6222 | val_auc=0.6916
Epoch 007 | time=2.4s | train_loss=0.3698 | val_loss=0.6116 | val_auc=0.7218
  ✓ New best model (epoch 7, val_loss=0.6116, val_auc=0.7218) saved to checkpoints/fp_gcn_lincs_graph_rdkit_vs_cnn_seed999.pt
Epoch 008 | time=2.4s | train_loss=0.3457 | val_loss=0.6127 | val_auc=0.7082
Epoch 009 | time=2.5s | train_loss=0.3306 | val_loss=0.6165 | val_auc=0.7090
Epoch 010 | time=2.5s | train_loss=0.3138 | val_loss=0.6072 | val_auc=0.7165
Epoch 011 | time=2.5s | train_loss=0.2982 | val_loss=0.6048 | val_auc=0.7085
Epoch 012 | time=2.4s | train_loss=0.2855 | val_loss=0.6074 | val_auc=0.7085
Epoch 013 | time=2.4s | train_loss=0.2718 | val_loss=0.6082 | val_auc=0.7102
Epoch 014 | time=2.4s | train_loss=0.2621 | val_loss=0.6053 | val_auc=0.6977
Epoch 015 | time=2.4s | train_loss=0.2526 | val_loss=0.6207 | val_auc=0.6942
Epoch 016 | time=2.4s | train_loss=0.2396 | val_loss=0.6161 | val_auc=0.6982
Epoch 017 | time=2.4s | train_loss=0.2322 | val_loss=0.6032 | val_auc=0.7129
Early stopping — no improvement for 10 epochs

Best model: epoch 7, val_loss=0.6032, val_auc=0.7218

═══ Test Results ═══
           auc: 0.4872
         auprc: 0.4605
            f1: 0.4536
     precision: 0.5131
        recall: 0.4065
          loss: 0.7665
