Uninstalled 1 package in 7ms
Installed 1 package in 11ms
/net/storage/pr3/plgrid/plggmlcil/plgkstankie/vvv/Multimodal-models-for-predicting-drug-target-interactions/.venv/lib/python3.11/site-packages/outdated/__init__.py:36: UserWarning: pkg_resources is deprecated as an API. See https://setuptools.pypa.io/en/latest/pkg_resources.html. The pkg_resources package is slated for removal as early as 2025-11-30. Refrain from using this package or pin to Setuptools<81.
  from pkg_resources import parse_version
Setting global random seed to 123
Using device: cuda
Loading clean data from: /net/storage/pr3/plgrid/plggmlcil/plgkstankie/vvv/Multimodal-models-for-predicting-drug-target-interactions/src/datasets/lincs_balanced.parquet
Dataset size: 27498
Split strategy: cold_target
  K3 cold-target split: 900 train proteins, 124 val proteins, 195 test proteins
Train: 19163  Val: 3874  Test: 4461
Fitting MinMaxScaler on 1264 cached RDKit descriptors...
SMILES encoders:  ['GCNEncoder', 'FingerprintMLPEncoder', 'LincsGraphEncoder', 'RDKitDescriptorEncoder']
Protein encoders: ['ProteinCNNEncoder']
Building graph cache for 1264 SMILES...
  0%|          | 0/1264 [00:00<?, ?it/s] 19%|█▉        | 241/1264 [00:00<00:00, 2404.57it/s] 38%|███▊      | 482/1264 [00:00<00:00, 2354.27it/s] 57%|█████▋    | 718/1264 [00:00<00:00, 2305.25it/s] 75%|███████▌  | 951/1264 [00:00<00:00, 2311.55it/s] 95%|█████████▌| 1204/1264 [00:00<00:00, 2388.67it/s]100%|██████████| 1264/1264 [00:00<00:00, 2373.11it/s]
Valid SMILES graphs: 1264
MultimodalDTI(
  (smiles_encoders): ModuleList(
    (0): GCNEncoder(
      (atom_encoder): AtomEncoder(
        (atom_embedding_list): ModuleList(
          (0): Embedding(119, 128)
          (1): Embedding(5, 128)
          (2-3): 2 x Embedding(12, 128)
          (4): Embedding(10, 128)
          (5-6): 2 x Embedding(6, 128)
          (7-8): 2 x Embedding(2, 128)
        )
      )
      (convs): ModuleList(
        (0-2): 3 x GCNConv(128, 128)
      )
      (bns): ModuleList(
        (0-2): 3 x BatchNorm1d(128, eps=1e-05, momentum=0.1, affine=True, track_running_stats=True)
      )
    )
    (1): FingerprintMLPEncoder(
      (mlp): Sequential(
        (0): Linear(in_features=1024, out_features=256, bias=True)
        (1): BatchNorm1d(256, eps=1e-05, momentum=0.1, affine=True, track_running_stats=True)
        (2): ReLU()
        (3): Dropout(p=0.5, inplace=False)
        (4): Linear(in_features=256, out_features=128, bias=True)
        (5): BatchNorm1d(128, eps=1e-05, momentum=0.1, affine=True, track_running_stats=True)
        (6): ReLU()
      )
    )
    (2): LincsGraphEncoder(
      (proj): Linear(in_features=1, out_features=128, bias=True)
      (convs): ModuleList(
        (0-1): 2 x DenseGCNConv(
          (linear): Linear(in_features=128, out_features=128, bias=False)
        )
      )
      (bns): ModuleList(
        (0-1): 2 x BatchNorm1d(128, eps=1e-05, momentum=0.1, affine=True, track_running_stats=True)
      )
      (pool_proj): Linear(in_features=128, out_features=128, bias=True)
    )
    (3): RDKitDescriptorEncoder(
      (mlp): Sequential(
        (0): Linear(in_features=210, out_features=256, bias=True)
        (1): BatchNorm1d(256, eps=1e-05, momentum=0.1, affine=True, track_running_stats=True)
        (2): ReLU()
        (3): Dropout(p=0.5, inplace=False)
        (4): Linear(in_features=256, out_features=128, bias=True)
        (5): BatchNorm1d(128, eps=1e-05, momentum=0.1, affine=True, track_running_stats=True)
        (6): ReLU()
      )
    )
  )
  (protein_encoders): ModuleList(
    (0): ProteinCNNEncoder(
      (embedding): Embedding(21, 128, padding_idx=0)
      (conv_blocks): ModuleList(
        (0): Sequential(
          (0): Conv1d(128, 64, kernel_size=(3,), stride=(1,), padding=(1,))
          (1): BatchNorm1d(64, eps=1e-05, momentum=0.1, affine=True, track_running_stats=True)
          (2): ReLU()
          (3): Conv1d(64, 64, kernel_size=(3,), stride=(1,), padding=(1,))
          (4): BatchNorm1d(64, eps=1e-05, momentum=0.1, affine=True, track_running_stats=True)
          (5): ReLU()
        )
        (1): Sequential(
          (0): Conv1d(128, 64, kernel_size=(7,), stride=(1,), padding=(3,))
          (1): BatchNorm1d(64, eps=1e-05, momentum=0.1, affine=True, track_running_stats=True)
          (2): ReLU()
          (3): Conv1d(64, 64, kernel_size=(7,), stride=(1,), padding=(3,))
          (4): BatchNorm1d(64, eps=1e-05, momentum=0.1, affine=True, track_running_stats=True)
          (5): ReLU()
        )
        (2): Sequential(
          (0): Conv1d(128, 64, kernel_size=(15,), stride=(1,), padding=(7,))
          (1): BatchNorm1d(64, eps=1e-05, momentum=0.1, affine=True, track_running_stats=True)
          (2): ReLU()
          (3): Conv1d(64, 64, kernel_size=(15,), stride=(1,), padding=(7,))
          (4): BatchNorm1d(64, eps=1e-05, momentum=0.1, affine=True, track_running_stats=True)
          (5): ReLU()
        )
      )
    )
  )
  (fusion): MLPFusion(
    (classifier): Sequential(
      (0): Linear(in_features=704, out_features=128, bias=True)
      (1): BatchNorm1d(128, eps=1e-05, momentum=0.1, affine=True, track_running_stats=True)
      (2): ReLU()
      (3): Dropout(p=0.5, inplace=False)
      (4): Linear(in_features=128, out_features=32, bias=True)
      (5): BatchNorm1d(32, eps=1e-05, momentum=0.1, affine=True, track_running_stats=True)
      (6): ReLU()
      (7): Dropout(p=0.5, inplace=False)
      (8): Linear(in_features=32, out_features=1, bias=True)
    )
  )
)
Epoch 001 | time=4.5s | train_loss=0.6649 | val_loss=0.6731 | val_auc=0.6029
  ✓ New best model (epoch 1, val_loss=0.6731, val_auc=0.6029) saved to checkpoints/fp_gcn_lincs_graph_rdkit_vs_cnn_seed123.pt
Epoch 002 | time=3.7s | train_loss=0.5797 | val_loss=0.6565 | val_auc=0.6253
  ✓ New best model (epoch 2, val_loss=0.6565, val_auc=0.6253) saved to checkpoints/fp_gcn_lincs_graph_rdkit_vs_cnn_seed123.pt
Epoch 003 | time=3.7s | train_loss=0.5159 | val_loss=0.6529 | val_auc=0.6263
  ✓ New best model (epoch 3, val_loss=0.6529, val_auc=0.6263) saved to checkpoints/fp_gcn_lincs_graph_rdkit_vs_cnn_seed123.pt
Epoch 004 | time=3.8s | train_loss=0.4682 | val_loss=0.6507 | val_auc=0.6361
  ✓ New best model (epoch 4, val_loss=0.6507, val_auc=0.6361) saved to checkpoints/fp_gcn_lincs_graph_rdkit_vs_cnn_seed123.pt
Epoch 005 | time=3.7s | train_loss=0.4346 | val_loss=0.6613 | val_auc=0.6193
Epoch 006 | time=3.7s | train_loss=0.4079 | val_loss=0.6580 | val_auc=0.6440
  ✓ New best model (epoch 6, val_loss=0.6580, val_auc=0.6440) saved to checkpoints/fp_gcn_lincs_graph_rdkit_vs_cnn_seed123.pt
Epoch 007 | time=3.7s | train_loss=0.3841 | val_loss=0.6738 | val_auc=0.6367
Epoch 008 | time=3.7s | train_loss=0.3626 | val_loss=0.6858 | val_auc=0.6311
Epoch 009 | time=3.8s | train_loss=0.3446 | val_loss=0.6956 | val_auc=0.6356
Epoch 010 | time=3.7s | train_loss=0.3266 | val_loss=0.7068 | val_auc=0.6393
Epoch 011 | time=3.7s | train_loss=0.3119 | val_loss=0.7105 | val_auc=0.6374
Epoch 012 | time=3.7s | train_loss=0.3042 | val_loss=0.7133 | val_auc=0.6419
Epoch 013 | time=3.7s | train_loss=0.2957 | val_loss=0.7381 | val_auc=0.6362
Epoch 014 | time=3.7s | train_loss=0.2880 | val_loss=0.7363 | val_auc=0.6417
Epoch 015 | time=3.7s | train_loss=0.2808 | val_loss=0.7437 | val_auc=0.6417
Epoch 016 | time=3.8s | train_loss=0.2746 | val_loss=0.7436 | val_auc=0.6475
  ✓ New best model (epoch 16, val_loss=0.7436, val_auc=0.6475) saved to checkpoints/fp_gcn_lincs_graph_rdkit_vs_cnn_seed123.pt
Epoch 017 | time=3.9s | train_loss=0.2674 | val_loss=0.7428 | val_auc=0.6462
Epoch 018 | time=3.7s | train_loss=0.2652 | val_loss=0.7648 | val_auc=0.6449
Epoch 019 | time=3.9s | train_loss=0.2607 | val_loss=0.7561 | val_auc=0.6512
  ✓ New best model (epoch 19, val_loss=0.7561, val_auc=0.6512) saved to checkpoints/fp_gcn_lincs_graph_rdkit_vs_cnn_seed123.pt
Epoch 020 | time=3.7s | train_loss=0.2598 | val_loss=0.7688 | val_auc=0.6455
Epoch 021 | time=3.7s | train_loss=0.2550 | val_loss=0.7841 | val_auc=0.6428
Epoch 022 | time=3.7s | train_loss=0.2528 | val_loss=0.7811 | val_auc=0.6453
Epoch 023 | time=3.8s | train_loss=0.2492 | val_loss=0.7858 | val_auc=0.6433
Epoch 024 | time=3.7s | train_loss=0.2485 | val_loss=0.7868 | val_auc=0.6417
Epoch 025 | time=3.7s | train_loss=0.2454 | val_loss=0.7915 | val_auc=0.6407
Epoch 026 | time=3.8s | train_loss=0.2461 | val_loss=0.7934 | val_auc=0.6425
Epoch 027 | time=3.7s | train_loss=0.2437 | val_loss=0.7961 | val_auc=0.6414
Epoch 028 | time=3.7s | train_loss=0.2411 | val_loss=0.7989 | val_auc=0.6429
Epoch 029 | time=3.7s | train_loss=0.2404 | val_loss=0.8020 | val_auc=0.6428
Early stopping — no improvement for 10 epochs

Best model: epoch 19, val_loss=0.8020, val_auc=0.6512

═══ Test Results ═══
           auc: 0.6991
         auprc: 0.6517
            f1: 0.6229
     precision: 0.6590
        recall: 0.5906
          loss: 0.7061
