Uninstalled 1 package in 28ms
Installed 1 package in 11ms
/net/storage/pr3/plgrid/plggmlcil/plgkstankie/vvv/Multimodal-models-for-predicting-drug-target-interactions/.venv/lib/python3.11/site-packages/outdated/__init__.py:36: UserWarning: pkg_resources is deprecated as an API. See https://setuptools.pypa.io/en/latest/pkg_resources.html. The pkg_resources package is slated for removal as early as 2025-11-30. Refrain from using this package or pin to Setuptools<81.
  from pkg_resources import parse_version
Setting global random seed to 123
Using device: cuda
Loading clean data from: /net/storage/pr3/plgrid/plggmlcil/plgkstankie/vvv/Multimodal-models-for-predicting-drug-target-interactions/src/datasets/lincs_balanced.parquet
Dataset size: 27498
Split strategy: cold_both
  K4 cold-both split: train=13694, val=328, test=923
  Rows retained: 14945/27498 (54.3%)
Train: 13694  Val: 328  Test: 923
Fitting MinMaxScaler on 1264 cached RDKit descriptors...
SMILES encoders:  ['GCNEncoder', 'FingerprintMLPEncoder', 'LincsGraphEncoder', 'RDKitDescriptorEncoder']
Protein encoders: ['ProteinCNNEncoder']
Building graph cache for 1264 SMILES...
  0%|          | 0/1264 [00:00<?, ?it/s] 19%|█▉        | 239/1264 [00:00<00:00, 2381.89it/s] 38%|███▊      | 478/1264 [00:00<00:00, 2334.97it/s] 56%|█████▋    | 712/1264 [00:00<00:00, 2288.32it/s] 74%|███████▍  | 941/1264 [00:00<00:00, 2282.59it/s] 94%|█████████▍| 1189/1264 [00:00<00:00, 2351.17it/s]100%|██████████| 1264/1264 [00:00<00:00, 2347.55it/s]
Valid SMILES graphs: 1264
MultimodalDTI(
  (smiles_encoders): ModuleList(
    (0): GCNEncoder(
      (atom_encoder): AtomEncoder(
        (atom_embedding_list): ModuleList(
          (0): Embedding(119, 128)
          (1): Embedding(5, 128)
          (2-3): 2 x Embedding(12, 128)
          (4): Embedding(10, 128)
          (5-6): 2 x Embedding(6, 128)
          (7-8): 2 x Embedding(2, 128)
        )
      )
      (convs): ModuleList(
        (0-2): 3 x GCNConv(128, 128)
      )
      (bns): ModuleList(
        (0-2): 3 x BatchNorm1d(128, eps=1e-05, momentum=0.1, affine=True, track_running_stats=True)
      )
    )
    (1): FingerprintMLPEncoder(
      (mlp): Sequential(
        (0): Linear(in_features=1024, out_features=256, bias=True)
        (1): BatchNorm1d(256, eps=1e-05, momentum=0.1, affine=True, track_running_stats=True)
        (2): ReLU()
        (3): Dropout(p=0.5, inplace=False)
        (4): Linear(in_features=256, out_features=128, bias=True)
        (5): BatchNorm1d(128, eps=1e-05, momentum=0.1, affine=True, track_running_stats=True)
        (6): ReLU()
      )
    )
    (2): LincsGraphEncoder(
      (proj): Linear(in_features=1, out_features=128, bias=True)
      (convs): ModuleList(
        (0-1): 2 x DenseGCNConv(
          (linear): Linear(in_features=128, out_features=128, bias=False)
        )
      )
      (bns): ModuleList(
        (0-1): 2 x BatchNorm1d(128, eps=1e-05, momentum=0.1, affine=True, track_running_stats=True)
      )
      (pool_proj): Linear(in_features=128, out_features=128, bias=True)
    )
    (3): RDKitDescriptorEncoder(
      (mlp): Sequential(
        (0): Linear(in_features=210, out_features=256, bias=True)
        (1): BatchNorm1d(256, eps=1e-05, momentum=0.1, affine=True, track_running_stats=True)
        (2): ReLU()
        (3): Dropout(p=0.5, inplace=False)
        (4): Linear(in_features=256, out_features=128, bias=True)
        (5): BatchNorm1d(128, eps=1e-05, momentum=0.1, affine=True, track_running_stats=True)
        (6): ReLU()
      )
    )
  )
  (protein_encoders): ModuleList(
    (0): ProteinCNNEncoder(
      (embedding): Embedding(21, 128, padding_idx=0)
      (conv_blocks): ModuleList(
        (0): Sequential(
          (0): Conv1d(128, 64, kernel_size=(3,), stride=(1,), padding=(1,))
          (1): BatchNorm1d(64, eps=1e-05, momentum=0.1, affine=True, track_running_stats=True)
          (2): ReLU()
          (3): Conv1d(64, 64, kernel_size=(3,), stride=(1,), padding=(1,))
          (4): BatchNorm1d(64, eps=1e-05, momentum=0.1, affine=True, track_running_stats=True)
          (5): ReLU()
        )
        (1): Sequential(
          (0): Conv1d(128, 64, kernel_size=(7,), stride=(1,), padding=(3,))
          (1): BatchNorm1d(64, eps=1e-05, momentum=0.1, affine=True, track_running_stats=True)
          (2): ReLU()
          (3): Conv1d(64, 64, kernel_size=(7,), stride=(1,), padding=(3,))
          (4): BatchNorm1d(64, eps=1e-05, momentum=0.1, affine=True, track_running_stats=True)
          (5): ReLU()
        )
        (2): Sequential(
          (0): Conv1d(128, 64, kernel_size=(15,), stride=(1,), padding=(7,))
          (1): BatchNorm1d(64, eps=1e-05, momentum=0.1, affine=True, track_running_stats=True)
          (2): ReLU()
          (3): Conv1d(64, 64, kernel_size=(15,), stride=(1,), padding=(7,))
          (4): BatchNorm1d(64, eps=1e-05, momentum=0.1, affine=True, track_running_stats=True)
          (5): ReLU()
        )
      )
    )
  )
  (fusion): MLPFusion(
    (classifier): Sequential(
      (0): Linear(in_features=704, out_features=128, bias=True)
      (1): BatchNorm1d(128, eps=1e-05, momentum=0.1, affine=True, track_running_stats=True)
      (2): ReLU()
      (3): Dropout(p=0.5, inplace=False)
      (4): Linear(in_features=128, out_features=32, bias=True)
      (5): BatchNorm1d(32, eps=1e-05, momentum=0.1, affine=True, track_running_stats=True)
      (6): ReLU()
      (7): Dropout(p=0.5, inplace=False)
      (8): Linear(in_features=32, out_features=1, bias=True)
    )
  )
)
Epoch 001 | time=3.2s | train_loss=0.6733 | val_loss=0.6840 | val_auc=0.5836
  ✓ New best model (epoch 1, val_loss=0.6840, val_auc=0.5836) saved to checkpoints/fp_gcn_lincs_graph_rdkit_vs_cnn_seed123.pt
Epoch 002 | time=2.4s | train_loss=0.5897 | val_loss=0.6709 | val_auc=0.6045
  ✓ New best model (epoch 2, val_loss=0.6709, val_auc=0.6045) saved to checkpoints/fp_gcn_lincs_graph_rdkit_vs_cnn_seed123.pt
Epoch 003 | time=2.4s | train_loss=0.5221 | val_loss=0.6680 | val_auc=0.5974
Epoch 004 | time=2.4s | train_loss=0.4731 | val_loss=0.6634 | val_auc=0.6338
  ✓ New best model (epoch 4, val_loss=0.6634, val_auc=0.6338) saved to checkpoints/fp_gcn_lincs_graph_rdkit_vs_cnn_seed123.pt
Epoch 005 | time=2.4s | train_loss=0.4353 | val_loss=0.6515 | val_auc=0.6296
Epoch 006 | time=2.4s | train_loss=0.4085 | val_loss=0.6646 | val_auc=0.6223
Epoch 007 | time=2.4s | train_loss=0.3875 | val_loss=0.6523 | val_auc=0.6437
  ✓ New best model (epoch 7, val_loss=0.6523, val_auc=0.6437) saved to checkpoints/fp_gcn_lincs_graph_rdkit_vs_cnn_seed123.pt
Epoch 008 | time=2.4s | train_loss=0.3633 | val_loss=0.6433 | val_auc=0.6595
  ✓ New best model (epoch 8, val_loss=0.6433, val_auc=0.6595) saved to checkpoints/fp_gcn_lincs_graph_rdkit_vs_cnn_seed123.pt
Epoch 009 | time=2.5s | train_loss=0.3481 | val_loss=0.6643 | val_auc=0.6411
Epoch 010 | time=2.5s | train_loss=0.3309 | val_loss=0.6595 | val_auc=0.6282
Epoch 011 | time=2.4s | train_loss=0.3122 | val_loss=0.6626 | val_auc=0.6372
Epoch 012 | time=2.4s | train_loss=0.3003 | val_loss=0.6474 | val_auc=0.6722
  ✓ New best model (epoch 12, val_loss=0.6474, val_auc=0.6722) saved to checkpoints/fp_gcn_lincs_graph_rdkit_vs_cnn_seed123.pt
Epoch 013 | time=2.4s | train_loss=0.2881 | val_loss=0.6396 | val_auc=0.6564
Epoch 014 | time=2.4s | train_loss=0.2741 | val_loss=0.6601 | val_auc=0.6519
Epoch 015 | time=2.4s | train_loss=0.2640 | val_loss=0.6615 | val_auc=0.6758
  ✓ New best model (epoch 15, val_loss=0.6615, val_auc=0.6758) saved to checkpoints/fp_gcn_lincs_graph_rdkit_vs_cnn_seed123.pt
Epoch 016 | time=2.4s | train_loss=0.2537 | val_loss=0.6772 | val_auc=0.6579
Epoch 017 | time=2.4s | train_loss=0.2420 | val_loss=0.6402 | val_auc=0.6847
  ✓ New best model (epoch 17, val_loss=0.6402, val_auc=0.6847) saved to checkpoints/fp_gcn_lincs_graph_rdkit_vs_cnn_seed123.pt
Epoch 018 | time=2.4s | train_loss=0.2333 | val_loss=0.6599 | val_auc=0.6697
Epoch 019 | time=2.4s | train_loss=0.2257 | val_loss=0.6388 | val_auc=0.7114
  ✓ New best model (epoch 19, val_loss=0.6388, val_auc=0.7114) saved to checkpoints/fp_gcn_lincs_graph_rdkit_vs_cnn_seed123.pt
Epoch 020 | time=2.4s | train_loss=0.2199 | val_loss=0.6717 | val_auc=0.6987
Epoch 021 | time=2.4s | train_loss=0.2130 | val_loss=0.6856 | val_auc=0.7048
Epoch 022 | time=2.4s | train_loss=0.2096 | val_loss=0.6521 | val_auc=0.7074
Epoch 023 | time=2.4s | train_loss=0.2007 | val_loss=0.6668 | val_auc=0.6926
Epoch 024 | time=2.5s | train_loss=0.1929 | val_loss=0.6583 | val_auc=0.6920
Epoch 025 | time=2.5s | train_loss=0.1864 | val_loss=0.7029 | val_auc=0.6818
Epoch 026 | time=2.4s | train_loss=0.1804 | val_loss=0.6884 | val_auc=0.6914
Epoch 027 | time=2.4s | train_loss=0.1757 | val_loss=0.6963 | val_auc=0.6879
Epoch 028 | time=2.4s | train_loss=0.1730 | val_loss=0.6713 | val_auc=0.6946
Epoch 029 | time=2.4s | train_loss=0.1683 | val_loss=0.6921 | val_auc=0.6765
Early stopping — no improvement for 10 epochs

Best model: epoch 19, val_loss=0.6921, val_auc=0.7114

═══ Test Results ═══
           auc: 0.5566
         auprc: 0.5232
            f1: 0.5210
     precision: 0.4989
        recall: 0.5450
          loss: 0.8266
