Uninstalled 1 package in 6ms
Installed 1 package in 12ms
/net/storage/pr3/plgrid/plggmlcil/plgkstankie/vvv/Multimodal-models-for-predicting-drug-target-interactions/.venv/lib/python3.11/site-packages/outdated/__init__.py:36: UserWarning: pkg_resources is deprecated as an API. See https://setuptools.pypa.io/en/latest/pkg_resources.html. The pkg_resources package is slated for removal as early as 2025-11-30. Refrain from using this package or pin to Setuptools<81.
  from pkg_resources import parse_version
Setting global random seed to 999
Using device: cuda
Loading clean data from: /net/storage/pr3/plgrid/plggmlcil/plgkstankie/vvv/Multimodal-models-for-predicting-drug-target-interactions/src/datasets/lincs_balanced.parquet
Dataset size: 27498
Split strategy: scaffold
Train: 19558  Val: 2885  Test: 5055
Fitting MinMaxScaler on 1264 cached RDKit descriptors...
SMILES encoders:  ['GCNEncoder', 'FingerprintMLPEncoder', 'LincsGraphEncoder', 'RDKitDescriptorEncoder']
Protein encoders: ['ProteinCNNEncoder']
Building graph cache for 1264 SMILES...
  0%|          | 0/1264 [00:00<?, ?it/s] 18%|█▊        | 232/1264 [00:00<00:00, 2311.94it/s] 37%|███▋      | 464/1264 [00:00<00:00, 2296.70it/s] 55%|█████▍    | 694/1264 [00:00<00:00, 2275.56it/s] 73%|███████▎  | 925/1264 [00:00<00:00, 2288.05it/s] 93%|█████████▎| 1170/1264 [00:00<00:00, 2345.78it/s]100%|██████████| 1264/1264 [00:00<00:00, 2342.69it/s]
Valid SMILES graphs: 1264
MultimodalDTI(
  (smiles_encoders): ModuleList(
    (0): GCNEncoder(
      (atom_encoder): AtomEncoder(
        (atom_embedding_list): ModuleList(
          (0): Embedding(119, 128)
          (1): Embedding(5, 128)
          (2-3): 2 x Embedding(12, 128)
          (4): Embedding(10, 128)
          (5-6): 2 x Embedding(6, 128)
          (7-8): 2 x Embedding(2, 128)
        )
      )
      (convs): ModuleList(
        (0-2): 3 x GCNConv(128, 128)
      )
      (bns): ModuleList(
        (0-2): 3 x BatchNorm1d(128, eps=1e-05, momentum=0.1, affine=True, track_running_stats=True)
      )
    )
    (1): FingerprintMLPEncoder(
      (mlp): Sequential(
        (0): Linear(in_features=1024, out_features=256, bias=True)
        (1): BatchNorm1d(256, eps=1e-05, momentum=0.1, affine=True, track_running_stats=True)
        (2): ReLU()
        (3): Dropout(p=0.5, inplace=False)
        (4): Linear(in_features=256, out_features=128, bias=True)
        (5): BatchNorm1d(128, eps=1e-05, momentum=0.1, affine=True, track_running_stats=True)
        (6): ReLU()
      )
    )
    (2): LincsGraphEncoder(
      (proj): Linear(in_features=1, out_features=128, bias=True)
      (convs): ModuleList(
        (0-1): 2 x DenseGCNConv(
          (linear): Linear(in_features=128, out_features=128, bias=False)
        )
      )
      (bns): ModuleList(
        (0-1): 2 x BatchNorm1d(128, eps=1e-05, momentum=0.1, affine=True, track_running_stats=True)
      )
      (pool_proj): Linear(in_features=128, out_features=128, bias=True)
    )
    (3): RDKitDescriptorEncoder(
      (mlp): Sequential(
        (0): Linear(in_features=210, out_features=256, bias=True)
        (1): BatchNorm1d(256, eps=1e-05, momentum=0.1, affine=True, track_running_stats=True)
        (2): ReLU()
        (3): Dropout(p=0.5, inplace=False)
        (4): Linear(in_features=256, out_features=128, bias=True)
        (5): BatchNorm1d(128, eps=1e-05, momentum=0.1, affine=True, track_running_stats=True)
        (6): ReLU()
      )
    )
  )
  (protein_encoders): ModuleList(
    (0): ProteinCNNEncoder(
      (embedding): Embedding(21, 128, padding_idx=0)
      (conv_blocks): ModuleList(
        (0): Sequential(
          (0): Conv1d(128, 64, kernel_size=(3,), stride=(1,), padding=(1,))
          (1): BatchNorm1d(64, eps=1e-05, momentum=0.1, affine=True, track_running_stats=True)
          (2): ReLU()
          (3): Conv1d(64, 64, kernel_size=(3,), stride=(1,), padding=(1,))
          (4): BatchNorm1d(64, eps=1e-05, momentum=0.1, affine=True, track_running_stats=True)
          (5): ReLU()
        )
        (1): Sequential(
          (0): Conv1d(128, 64, kernel_size=(7,), stride=(1,), padding=(3,))
          (1): BatchNorm1d(64, eps=1e-05, momentum=0.1, affine=True, track_running_stats=True)
          (2): ReLU()
          (3): Conv1d(64, 64, kernel_size=(7,), stride=(1,), padding=(3,))
          (4): BatchNorm1d(64, eps=1e-05, momentum=0.1, affine=True, track_running_stats=True)
          (5): ReLU()
        )
        (2): Sequential(
          (0): Conv1d(128, 64, kernel_size=(15,), stride=(1,), padding=(7,))
          (1): BatchNorm1d(64, eps=1e-05, momentum=0.1, affine=True, track_running_stats=True)
          (2): ReLU()
          (3): Conv1d(64, 64, kernel_size=(15,), stride=(1,), padding=(7,))
          (4): BatchNorm1d(64, eps=1e-05, momentum=0.1, affine=True, track_running_stats=True)
          (5): ReLU()
        )
      )
    )
  )
  (fusion): MLPFusion(
    (classifier): Sequential(
      (0): Linear(in_features=704, out_features=128, bias=True)
      (1): BatchNorm1d(128, eps=1e-05, momentum=0.1, affine=True, track_running_stats=True)
      (2): ReLU()
      (3): Dropout(p=0.5, inplace=False)
      (4): Linear(in_features=128, out_features=32, bias=True)
      (5): BatchNorm1d(32, eps=1e-05, momentum=0.1, affine=True, track_running_stats=True)
      (6): ReLU()
      (7): Dropout(p=0.5, inplace=False)
      (8): Linear(in_features=32, out_features=1, bias=True)
    )
  )
)
Epoch 001 | time=6.2s | train_loss=0.6688 | val_loss=0.6644 | val_auc=0.6731
  ✓ New best model (epoch 1, val_loss=0.6644, val_auc=0.6731) saved to checkpoints/fp_gcn_lincs_graph_rdkit_vs_cnn_seed999.pt
Epoch 002 | time=3.7s | train_loss=0.5627 | val_loss=0.6050 | val_auc=0.7471
  ✓ New best model (epoch 2, val_loss=0.6050, val_auc=0.7471) saved to checkpoints/fp_gcn_lincs_graph_rdkit_vs_cnn_seed999.pt
Epoch 003 | time=3.7s | train_loss=0.4856 | val_loss=0.5754 | val_auc=0.7764
  ✓ New best model (epoch 3, val_loss=0.5754, val_auc=0.7764) saved to checkpoints/fp_gcn_lincs_graph_rdkit_vs_cnn_seed999.pt
Epoch 004 | time=3.7s | train_loss=0.4355 | val_loss=0.5542 | val_auc=0.7941
  ✓ New best model (epoch 4, val_loss=0.5542, val_auc=0.7941) saved to checkpoints/fp_gcn_lincs_graph_rdkit_vs_cnn_seed999.pt
Epoch 005 | time=3.7s | train_loss=0.4035 | val_loss=0.5366 | val_auc=0.8101
  ✓ New best model (epoch 5, val_loss=0.5366, val_auc=0.8101) saved to checkpoints/fp_gcn_lincs_graph_rdkit_vs_cnn_seed999.pt
Epoch 006 | time=3.7s | train_loss=0.3790 | val_loss=0.5296 | val_auc=0.8136
  ✓ New best model (epoch 6, val_loss=0.5296, val_auc=0.8136) saved to checkpoints/fp_gcn_lincs_graph_rdkit_vs_cnn_seed999.pt
Epoch 007 | time=3.8s | train_loss=0.3506 | val_loss=0.5200 | val_auc=0.8221
  ✓ New best model (epoch 7, val_loss=0.5200, val_auc=0.8221) saved to checkpoints/fp_gcn_lincs_graph_rdkit_vs_cnn_seed999.pt
Epoch 008 | time=3.7s | train_loss=0.3322 | val_loss=0.5180 | val_auc=0.8242
  ✓ New best model (epoch 8, val_loss=0.5180, val_auc=0.8242) saved to checkpoints/fp_gcn_lincs_graph_rdkit_vs_cnn_seed999.pt
Epoch 009 | time=3.7s | train_loss=0.3118 | val_loss=0.5018 | val_auc=0.8329
  ✓ New best model (epoch 9, val_loss=0.5018, val_auc=0.8329) saved to checkpoints/fp_gcn_lincs_graph_rdkit_vs_cnn_seed999.pt
Epoch 010 | time=3.7s | train_loss=0.2981 | val_loss=0.5081 | val_auc=0.8287
Epoch 011 | time=3.7s | train_loss=0.2832 | val_loss=0.5081 | val_auc=0.8289
Epoch 012 | time=3.7s | train_loss=0.2728 | val_loss=0.5074 | val_auc=0.8307
Epoch 013 | time=3.7s | train_loss=0.2573 | val_loss=0.5247 | val_auc=0.8217
Epoch 014 | time=3.7s | train_loss=0.2476 | val_loss=0.5060 | val_auc=0.8327
Epoch 015 | time=3.7s | train_loss=0.2403 | val_loss=0.5054 | val_auc=0.8343
  ✓ New best model (epoch 15, val_loss=0.5054, val_auc=0.8343) saved to checkpoints/fp_gcn_lincs_graph_rdkit_vs_cnn_seed999.pt
Epoch 016 | time=3.7s | train_loss=0.2261 | val_loss=0.4991 | val_auc=0.8399
  ✓ New best model (epoch 16, val_loss=0.4991, val_auc=0.8399) saved to checkpoints/fp_gcn_lincs_graph_rdkit_vs_cnn_seed999.pt
Epoch 017 | time=3.8s | train_loss=0.2184 | val_loss=0.5148 | val_auc=0.8330
Epoch 018 | time=3.7s | train_loss=0.2137 | val_loss=0.4992 | val_auc=0.8423
  ✓ New best model (epoch 18, val_loss=0.4992, val_auc=0.8423) saved to checkpoints/fp_gcn_lincs_graph_rdkit_vs_cnn_seed999.pt
Epoch 019 | time=3.7s | train_loss=0.2114 | val_loss=0.5128 | val_auc=0.8374
Epoch 020 | time=3.7s | train_loss=0.2074 | val_loss=0.5067 | val_auc=0.8396
Epoch 021 | time=3.7s | train_loss=0.2002 | val_loss=0.5227 | val_auc=0.8345
Epoch 022 | time=3.7s | train_loss=0.1960 | val_loss=0.5076 | val_auc=0.8423
Epoch 023 | time=3.7s | train_loss=0.1900 | val_loss=0.5175 | val_auc=0.8380
Epoch 024 | time=3.7s | train_loss=0.1880 | val_loss=0.5068 | val_auc=0.8440
  ✓ New best model (epoch 24, val_loss=0.5068, val_auc=0.8440) saved to checkpoints/fp_gcn_lincs_graph_rdkit_vs_cnn_seed999.pt
Epoch 025 | time=3.7s | train_loss=0.1851 | val_loss=0.5046 | val_auc=0.8458
  ✓ New best model (epoch 25, val_loss=0.5046, val_auc=0.8458) saved to checkpoints/fp_gcn_lincs_graph_rdkit_vs_cnn_seed999.pt
Epoch 026 | time=3.7s | train_loss=0.1835 | val_loss=0.5084 | val_auc=0.8443
Epoch 027 | time=3.7s | train_loss=0.1839 | val_loss=0.5119 | val_auc=0.8440
Epoch 028 | time=3.7s | train_loss=0.1808 | val_loss=0.5198 | val_auc=0.8399
Epoch 029 | time=3.7s | train_loss=0.1762 | val_loss=0.5144 | val_auc=0.8432
Epoch 030 | time=3.7s | train_loss=0.1755 | val_loss=0.5105 | val_auc=0.8465
  ✓ New best model (epoch 30, val_loss=0.5105, val_auc=0.8465) saved to checkpoints/fp_gcn_lincs_graph_rdkit_vs_cnn_seed999.pt
Epoch 031 | time=3.7s | train_loss=0.1770 | val_loss=0.5214 | val_auc=0.8426
Epoch 032 | time=3.7s | train_loss=0.1737 | val_loss=0.5148 | val_auc=0.8450
Epoch 033 | time=3.7s | train_loss=0.1700 | val_loss=0.5163 | val_auc=0.8436
Epoch 034 | time=3.7s | train_loss=0.1679 | val_loss=0.5197 | val_auc=0.8430
Epoch 035 | time=3.7s | train_loss=0.1724 | val_loss=0.5187 | val_auc=0.8441
Epoch 036 | time=3.8s | train_loss=0.1690 | val_loss=0.5206 | val_auc=0.8441
Epoch 037 | time=3.9s | train_loss=0.1709 | val_loss=0.5192 | val_auc=0.8441
Epoch 038 | time=4.1s | train_loss=0.1683 | val_loss=0.5152 | val_auc=0.8461
Epoch 039 | time=3.7s | train_loss=0.1681 | val_loss=0.5199 | val_auc=0.8449
Epoch 040 | time=3.7s | train_loss=0.1691 | val_loss=0.5182 | val_auc=0.8450
Early stopping — no improvement for 10 epochs

Best model: epoch 30, val_loss=0.5182, val_auc=0.8465

═══ Test Results ═══
           auc: 0.7292
         auprc: 0.6641
            f1: 0.6389
     precision: 0.6428
        recall: 0.6350
          loss: 0.7118
