Uninstalled 1 package in 29ms
Installed 1 package in 53ms
/net/storage/pr3/plgrid/plggmlcil/plgkstankie/vvv/Multimodal-models-for-predicting-drug-target-interactions/.venv/lib/python3.11/site-packages/outdated/__init__.py:36: UserWarning: pkg_resources is deprecated as an API. See https://setuptools.pypa.io/en/latest/pkg_resources.html. The pkg_resources package is slated for removal as early as 2025-11-30. Refrain from using this package or pin to Setuptools<81.
  from pkg_resources import parse_version
Setting global random seed to 999
Using device: cuda
Loading clean data from: /net/storage/pr3/plgrid/plggmlcil/plgkstankie/vvv/Multimodal-models-for-predicting-drug-target-interactions/src/datasets/lincs_balanced.parquet
Dataset size: 27498
Split strategy: scaffold
Train: 19558  Val: 2885  Test: 5055
SMILES encoders:  ['FingerprintMLPEncoder', 'LincsGraphEncoder']
Protein encoders: ['ProteinCNNEncoder']
MultimodalDTI(
  (smiles_encoders): ModuleList(
    (0): FingerprintMLPEncoder(
      (mlp): Sequential(
        (0): Linear(in_features=1024, out_features=256, bias=True)
        (1): BatchNorm1d(256, eps=1e-05, momentum=0.1, affine=True, track_running_stats=True)
        (2): ReLU()
        (3): Dropout(p=0.5, inplace=False)
        (4): Linear(in_features=256, out_features=128, bias=True)
        (5): BatchNorm1d(128, eps=1e-05, momentum=0.1, affine=True, track_running_stats=True)
        (6): ReLU()
      )
    )
    (1): LincsGraphEncoder(
      (proj): Linear(in_features=1, out_features=128, bias=True)
      (convs): ModuleList(
        (0-1): 2 x DenseGCNConv(
          (linear): Linear(in_features=128, out_features=128, bias=False)
        )
      )
      (bns): ModuleList(
        (0-1): 2 x BatchNorm1d(128, eps=1e-05, momentum=0.1, affine=True, track_running_stats=True)
      )
      (pool_proj): Linear(in_features=128, out_features=128, bias=True)
    )
  )
  (protein_encoders): ModuleList(
    (0): ProteinCNNEncoder(
      (embedding): Embedding(21, 128, padding_idx=0)
      (conv_blocks): ModuleList(
        (0): Sequential(
          (0): Conv1d(128, 64, kernel_size=(3,), stride=(1,), padding=(1,))
          (1): BatchNorm1d(64, eps=1e-05, momentum=0.1, affine=True, track_running_stats=True)
          (2): ReLU()
          (3): Conv1d(64, 64, kernel_size=(3,), stride=(1,), padding=(1,))
          (4): BatchNorm1d(64, eps=1e-05, momentum=0.1, affine=True, track_running_stats=True)
          (5): ReLU()
        )
        (1): Sequential(
          (0): Conv1d(128, 64, kernel_size=(7,), stride=(1,), padding=(3,))
          (1): BatchNorm1d(64, eps=1e-05, momentum=0.1, affine=True, track_running_stats=True)
          (2): ReLU()
          (3): Conv1d(64, 64, kernel_size=(7,), stride=(1,), padding=(3,))
          (4): BatchNorm1d(64, eps=1e-05, momentum=0.1, affine=True, track_running_stats=True)
          (5): ReLU()
        )
        (2): Sequential(
          (0): Conv1d(128, 64, kernel_size=(15,), stride=(1,), padding=(7,))
          (1): BatchNorm1d(64, eps=1e-05, momentum=0.1, affine=True, track_running_stats=True)
          (2): ReLU()
          (3): Conv1d(64, 64, kernel_size=(15,), stride=(1,), padding=(7,))
          (4): BatchNorm1d(64, eps=1e-05, momentum=0.1, affine=True, track_running_stats=True)
          (5): ReLU()
        )
      )
    )
  )
  (fusion): MLPFusion(
    (classifier): Sequential(
      (0): Linear(in_features=448, out_features=128, bias=True)
      (1): BatchNorm1d(128, eps=1e-05, momentum=0.1, affine=True, track_running_stats=True)
      (2): ReLU()
      (3): Dropout(p=0.5, inplace=False)
      (4): Linear(in_features=128, out_features=32, bias=True)
      (5): BatchNorm1d(32, eps=1e-05, momentum=0.1, affine=True, track_running_stats=True)
      (6): ReLU()
      (7): Dropout(p=0.5, inplace=False)
      (8): Linear(in_features=32, out_features=1, bias=True)
    )
  )
)
Epoch 001 | time=15.7s | train_loss=0.6158 | val_loss=0.6347 | val_auc=0.7069
  ✓ New best model (epoch 1, val_loss=0.6347, val_auc=0.7069) saved to checkpoints/fp_lincs_graph_vs_cnn_seed999.pt
Epoch 002 | time=2.9s | train_loss=0.5214 | val_loss=0.6073 | val_auc=0.7380
  ✓ New best model (epoch 2, val_loss=0.6073, val_auc=0.7380) saved to checkpoints/fp_lincs_graph_vs_cnn_seed999.pt
Epoch 003 | time=2.9s | train_loss=0.4688 | val_loss=0.5950 | val_auc=0.7516
  ✓ New best model (epoch 3, val_loss=0.5950, val_auc=0.7516) saved to checkpoints/fp_lincs_graph_vs_cnn_seed999.pt
Epoch 004 | time=2.9s | train_loss=0.4288 | val_loss=0.5818 | val_auc=0.7592
  ✓ New best model (epoch 4, val_loss=0.5818, val_auc=0.7592) saved to checkpoints/fp_lincs_graph_vs_cnn_seed999.pt
Epoch 005 | time=2.9s | train_loss=0.3951 | val_loss=0.5755 | val_auc=0.7693
  ✓ New best model (epoch 5, val_loss=0.5755, val_auc=0.7693) saved to checkpoints/fp_lincs_graph_vs_cnn_seed999.pt
Epoch 006 | time=2.9s | train_loss=0.3667 | val_loss=0.5555 | val_auc=0.7945
  ✓ New best model (epoch 6, val_loss=0.5555, val_auc=0.7945) saved to checkpoints/fp_lincs_graph_vs_cnn_seed999.pt
Epoch 007 | time=2.9s | train_loss=0.3449 | val_loss=0.5609 | val_auc=0.7892
Epoch 008 | time=2.9s | train_loss=0.3222 | val_loss=0.5550 | val_auc=0.7955
  ✓ New best model (epoch 8, val_loss=0.5550, val_auc=0.7955) saved to checkpoints/fp_lincs_graph_vs_cnn_seed999.pt
Epoch 009 | time=2.9s | train_loss=0.3061 | val_loss=0.5608 | val_auc=0.7986
  ✓ New best model (epoch 9, val_loss=0.5608, val_auc=0.7986) saved to checkpoints/fp_lincs_graph_vs_cnn_seed999.pt
Epoch 010 | time=2.9s | train_loss=0.2872 | val_loss=0.5611 | val_auc=0.7957
Epoch 011 | time=2.9s | train_loss=0.2752 | val_loss=0.5513 | val_auc=0.8087
  ✓ New best model (epoch 11, val_loss=0.5513, val_auc=0.8087) saved to checkpoints/fp_lincs_graph_vs_cnn_seed999.pt
Epoch 012 | time=2.9s | train_loss=0.2599 | val_loss=0.5647 | val_auc=0.8031
Epoch 013 | time=2.9s | train_loss=0.2491 | val_loss=0.5457 | val_auc=0.8162
  ✓ New best model (epoch 13, val_loss=0.5457, val_auc=0.8162) saved to checkpoints/fp_lincs_graph_vs_cnn_seed999.pt
Epoch 014 | time=2.9s | train_loss=0.2382 | val_loss=0.5599 | val_auc=0.8114
Epoch 015 | time=2.9s | train_loss=0.2284 | val_loss=0.5629 | val_auc=0.8108
Epoch 016 | time=2.9s | train_loss=0.2187 | val_loss=0.5583 | val_auc=0.8177
  ✓ New best model (epoch 16, val_loss=0.5583, val_auc=0.8177) saved to checkpoints/fp_lincs_graph_vs_cnn_seed999.pt
Epoch 017 | time=2.9s | train_loss=0.2096 | val_loss=0.5725 | val_auc=0.8080
Epoch 018 | time=2.9s | train_loss=0.2054 | val_loss=0.5839 | val_auc=0.8102
Epoch 019 | time=3.0s | train_loss=0.1974 | val_loss=0.5957 | val_auc=0.8006
Epoch 020 | time=3.0s | train_loss=0.1844 | val_loss=0.5647 | val_auc=0.8203
  ✓ New best model (epoch 20, val_loss=0.5647, val_auc=0.8203) saved to checkpoints/fp_lincs_graph_vs_cnn_seed999.pt
Epoch 021 | time=2.9s | train_loss=0.1780 | val_loss=0.5725 | val_auc=0.8219
  ✓ New best model (epoch 21, val_loss=0.5725, val_auc=0.8219) saved to checkpoints/fp_lincs_graph_vs_cnn_seed999.pt
Epoch 022 | time=2.9s | train_loss=0.1764 | val_loss=0.5838 | val_auc=0.8203
Epoch 023 | time=2.9s | train_loss=0.1767 | val_loss=0.5808 | val_auc=0.8165
Epoch 024 | time=2.9s | train_loss=0.1678 | val_loss=0.5911 | val_auc=0.8179
Epoch 025 | time=2.9s | train_loss=0.1651 | val_loss=0.5970 | val_auc=0.8203
Epoch 026 | time=2.9s | train_loss=0.1612 | val_loss=0.5870 | val_auc=0.8207
Epoch 027 | time=2.9s | train_loss=0.1578 | val_loss=0.5986 | val_auc=0.8184
Epoch 028 | time=2.9s | train_loss=0.1556 | val_loss=0.6016 | val_auc=0.8176
Epoch 029 | time=2.9s | train_loss=0.1546 | val_loss=0.5962 | val_auc=0.8190
Epoch 030 | time=2.9s | train_loss=0.1510 | val_loss=0.5997 | val_auc=0.8156
Epoch 031 | time=2.9s | train_loss=0.1490 | val_loss=0.5995 | val_auc=0.8202
Early stopping — no improvement for 10 epochs

Best model: epoch 21, val_loss=0.5995, val_auc=0.8219

═══ Test Results ═══
           auc: 0.7518
         auprc: 0.6883
            f1: 0.6503
     precision: 0.6336
        recall: 0.6679
          loss: 0.6810
