Uninstalled 1 package in 7ms
Installed 1 package in 12ms
/net/storage/pr3/plgrid/plggmlcil/plgkstankie/vvv/Multimodal-models-for-predicting-drug-target-interactions/.venv/lib/python3.11/site-packages/outdated/__init__.py:36: UserWarning: pkg_resources is deprecated as an API. See https://setuptools.pypa.io/en/latest/pkg_resources.html. The pkg_resources package is slated for removal as early as 2025-11-30. Refrain from using this package or pin to Setuptools<81.
  from pkg_resources import parse_version
Setting global random seed to 2026
Using device: cuda
Loading clean data from: /net/storage/pr3/plgrid/plggmlcil/plgkstankie/vvv/Multimodal-models-for-predicting-drug-target-interactions/src/datasets/lincs_balanced.parquet
Dataset size: 27498
Split strategy: cold_target
  K3 cold-target split: 900 train proteins, 124 val proteins, 195 test proteins
Train: 19163  Val: 3874  Test: 4461
SMILES encoders:  ['FingerprintMLPEncoder', 'LincsGraphEncoder']
Protein encoders: ['ProteinCNNEncoder']
MultimodalDTI(
  (smiles_encoders): ModuleList(
    (0): FingerprintMLPEncoder(
      (mlp): Sequential(
        (0): Linear(in_features=1024, out_features=256, bias=True)
        (1): BatchNorm1d(256, eps=1e-05, momentum=0.1, affine=True, track_running_stats=True)
        (2): ReLU()
        (3): Dropout(p=0.5, inplace=False)
        (4): Linear(in_features=256, out_features=128, bias=True)
        (5): BatchNorm1d(128, eps=1e-05, momentum=0.1, affine=True, track_running_stats=True)
        (6): ReLU()
      )
    )
    (1): LincsGraphEncoder(
      (proj): Linear(in_features=1, out_features=128, bias=True)
      (convs): ModuleList(
        (0-1): 2 x DenseGCNConv(
          (linear): Linear(in_features=128, out_features=128, bias=False)
        )
      )
      (bns): ModuleList(
        (0-1): 2 x BatchNorm1d(128, eps=1e-05, momentum=0.1, affine=True, track_running_stats=True)
      )
      (pool_proj): Linear(in_features=128, out_features=128, bias=True)
    )
  )
  (protein_encoders): ModuleList(
    (0): ProteinCNNEncoder(
      (embedding): Embedding(21, 128, padding_idx=0)
      (conv_blocks): ModuleList(
        (0): Sequential(
          (0): Conv1d(128, 64, kernel_size=(3,), stride=(1,), padding=(1,))
          (1): BatchNorm1d(64, eps=1e-05, momentum=0.1, affine=True, track_running_stats=True)
          (2): ReLU()
          (3): Conv1d(64, 64, kernel_size=(3,), stride=(1,), padding=(1,))
          (4): BatchNorm1d(64, eps=1e-05, momentum=0.1, affine=True, track_running_stats=True)
          (5): ReLU()
        )
        (1): Sequential(
          (0): Conv1d(128, 64, kernel_size=(7,), stride=(1,), padding=(3,))
          (1): BatchNorm1d(64, eps=1e-05, momentum=0.1, affine=True, track_running_stats=True)
          (2): ReLU()
          (3): Conv1d(64, 64, kernel_size=(7,), stride=(1,), padding=(3,))
          (4): BatchNorm1d(64, eps=1e-05, momentum=0.1, affine=True, track_running_stats=True)
          (5): ReLU()
        )
        (2): Sequential(
          (0): Conv1d(128, 64, kernel_size=(15,), stride=(1,), padding=(7,))
          (1): BatchNorm1d(64, eps=1e-05, momentum=0.1, affine=True, track_running_stats=True)
          (2): ReLU()
          (3): Conv1d(64, 64, kernel_size=(15,), stride=(1,), padding=(7,))
          (4): BatchNorm1d(64, eps=1e-05, momentum=0.1, affine=True, track_running_stats=True)
          (5): ReLU()
        )
      )
    )
  )
  (fusion): MLPFusion(
    (classifier): Sequential(
      (0): Linear(in_features=448, out_features=128, bias=True)
      (1): BatchNorm1d(128, eps=1e-05, momentum=0.1, affine=True, track_running_stats=True)
      (2): ReLU()
      (3): Dropout(p=0.5, inplace=False)
      (4): Linear(in_features=128, out_features=32, bias=True)
      (5): BatchNorm1d(32, eps=1e-05, momentum=0.1, affine=True, track_running_stats=True)
      (6): ReLU()
      (7): Dropout(p=0.5, inplace=False)
      (8): Linear(in_features=32, out_features=1, bias=True)
    )
  )
)
Epoch 001 | time=3.6s | train_loss=0.6437 | val_loss=0.6890 | val_auc=0.5070
  ✓ New best model (epoch 1, val_loss=0.6890, val_auc=0.5070) saved to checkpoints/fp_lincs_graph_vs_cnn_seed2026.pt
Epoch 002 | time=3.0s | train_loss=0.5468 | val_loss=0.7084 | val_auc=0.5134
  ✓ New best model (epoch 2, val_loss=0.7084, val_auc=0.5134) saved to checkpoints/fp_lincs_graph_vs_cnn_seed2026.pt
Epoch 003 | time=2.9s | train_loss=0.4914 | val_loss=0.7071 | val_auc=0.5549
  ✓ New best model (epoch 3, val_loss=0.7071, val_auc=0.5549) saved to checkpoints/fp_lincs_graph_vs_cnn_seed2026.pt
Epoch 004 | time=2.9s | train_loss=0.4496 | val_loss=0.7154 | val_auc=0.5875
  ✓ New best model (epoch 4, val_loss=0.7154, val_auc=0.5875) saved to checkpoints/fp_lincs_graph_vs_cnn_seed2026.pt
Epoch 005 | time=2.9s | train_loss=0.4181 | val_loss=0.7233 | val_auc=0.5904
  ✓ New best model (epoch 5, val_loss=0.7233, val_auc=0.5904) saved to checkpoints/fp_lincs_graph_vs_cnn_seed2026.pt
Epoch 006 | time=2.9s | train_loss=0.3897 | val_loss=0.7319 | val_auc=0.6057
  ✓ New best model (epoch 6, val_loss=0.7319, val_auc=0.6057) saved to checkpoints/fp_lincs_graph_vs_cnn_seed2026.pt
Epoch 007 | time=2.9s | train_loss=0.3684 | val_loss=0.7616 | val_auc=0.6035
Epoch 008 | time=2.9s | train_loss=0.3475 | val_loss=0.7651 | val_auc=0.6105
  ✓ New best model (epoch 8, val_loss=0.7651, val_auc=0.6105) saved to checkpoints/fp_lincs_graph_vs_cnn_seed2026.pt
Epoch 009 | time=2.9s | train_loss=0.3343 | val_loss=0.7835 | val_auc=0.6168
  ✓ New best model (epoch 9, val_loss=0.7835, val_auc=0.6168) saved to checkpoints/fp_lincs_graph_vs_cnn_seed2026.pt
Epoch 010 | time=2.9s | train_loss=0.3251 | val_loss=0.7885 | val_auc=0.6126
Epoch 011 | time=2.9s | train_loss=0.3153 | val_loss=0.8104 | val_auc=0.6177
  ✓ New best model (epoch 11, val_loss=0.8104, val_auc=0.6177) saved to checkpoints/fp_lincs_graph_vs_cnn_seed2026.pt
Epoch 012 | time=2.9s | train_loss=0.3108 | val_loss=0.8005 | val_auc=0.6186
  ✓ New best model (epoch 12, val_loss=0.8005, val_auc=0.6186) saved to checkpoints/fp_lincs_graph_vs_cnn_seed2026.pt
Epoch 013 | time=2.9s | train_loss=0.3013 | val_loss=0.8099 | val_auc=0.6170
Epoch 014 | time=3.0s | train_loss=0.2937 | val_loss=0.8326 | val_auc=0.6168
Epoch 015 | time=2.9s | train_loss=0.2886 | val_loss=0.8357 | val_auc=0.6184
Epoch 016 | time=2.9s | train_loss=0.2815 | val_loss=0.8466 | val_auc=0.6137
Epoch 017 | time=2.9s | train_loss=0.2791 | val_loss=0.8420 | val_auc=0.6143
Epoch 018 | time=2.9s | train_loss=0.2767 | val_loss=0.8379 | val_auc=0.6192
  ✓ New best model (epoch 18, val_loss=0.8379, val_auc=0.6192) saved to checkpoints/fp_lincs_graph_vs_cnn_seed2026.pt
Epoch 019 | time=3.1s | train_loss=0.2733 | val_loss=0.8520 | val_auc=0.6213
  ✓ New best model (epoch 19, val_loss=0.8520, val_auc=0.6213) saved to checkpoints/fp_lincs_graph_vs_cnn_seed2026.pt
Epoch 020 | time=2.9s | train_loss=0.2694 | val_loss=0.8754 | val_auc=0.6186
Epoch 021 | time=2.9s | train_loss=0.2682 | val_loss=0.8461 | val_auc=0.6192
Epoch 022 | time=2.9s | train_loss=0.2665 | val_loss=0.8548 | val_auc=0.6178
Epoch 023 | time=2.9s | train_loss=0.2644 | val_loss=0.8456 | val_auc=0.6204
Epoch 024 | time=2.9s | train_loss=0.2616 | val_loss=0.8701 | val_auc=0.6201
Epoch 025 | time=2.9s | train_loss=0.2592 | val_loss=0.8834 | val_auc=0.6174
Epoch 026 | time=2.9s | train_loss=0.2584 | val_loss=0.8815 | val_auc=0.6168
Epoch 027 | time=2.9s | train_loss=0.2570 | val_loss=0.8773 | val_auc=0.6191
Epoch 028 | time=2.9s | train_loss=0.2511 | val_loss=0.8715 | val_auc=0.6200
Epoch 029 | time=2.9s | train_loss=0.2548 | val_loss=0.8693 | val_auc=0.6194
Early stopping — no improvement for 10 epochs

Best model: epoch 19, val_loss=0.8693, val_auc=0.6213

═══ Test Results ═══
           auc: 0.7199
         auprc: 0.6797
            f1: 0.5843
     precision: 0.6748
        recall: 0.5151
          loss: 0.6894
