Uninstalled 1 package in 8ms
Installed 1 package in 11ms
/net/storage/pr3/plgrid/plggmlcil/plgkstankie/vvv/Multimodal-models-for-predicting-drug-target-interactions/.venv/lib/python3.11/site-packages/outdated/__init__.py:36: UserWarning: pkg_resources is deprecated as an API. See https://setuptools.pypa.io/en/latest/pkg_resources.html. The pkg_resources package is slated for removal as early as 2025-11-30. Refrain from using this package or pin to Setuptools<81.
  from pkg_resources import parse_version
Setting global random seed to 42
Using device: cuda
Loading clean data from: /net/storage/pr3/plgrid/plggmlcil/plgkstankie/vvv/Multimodal-models-for-predicting-drug-target-interactions/src/datasets/lincs_balanced.parquet
Dataset size: 27498
Split strategy: cold_target
  K3 cold-target split: 900 train proteins, 124 val proteins, 195 test proteins
Train: 19163  Val: 3874  Test: 4461
SMILES encoders:  ['FingerprintMLPEncoder', 'LincsGraphEncoder']
Protein encoders: ['ProteinCNNEncoder']
MultimodalDTI(
  (smiles_encoders): ModuleList(
    (0): FingerprintMLPEncoder(
      (mlp): Sequential(
        (0): Linear(in_features=1024, out_features=256, bias=True)
        (1): BatchNorm1d(256, eps=1e-05, momentum=0.1, affine=True, track_running_stats=True)
        (2): ReLU()
        (3): Dropout(p=0.5, inplace=False)
        (4): Linear(in_features=256, out_features=128, bias=True)
        (5): BatchNorm1d(128, eps=1e-05, momentum=0.1, affine=True, track_running_stats=True)
        (6): ReLU()
      )
    )
    (1): LincsGraphEncoder(
      (proj): Linear(in_features=1, out_features=128, bias=True)
      (convs): ModuleList(
        (0-1): 2 x DenseGCNConv(
          (linear): Linear(in_features=128, out_features=128, bias=False)
        )
      )
      (bns): ModuleList(
        (0-1): 2 x BatchNorm1d(128, eps=1e-05, momentum=0.1, affine=True, track_running_stats=True)
      )
      (pool_proj): Linear(in_features=128, out_features=128, bias=True)
    )
  )
  (protein_encoders): ModuleList(
    (0): ProteinCNNEncoder(
      (embedding): Embedding(21, 128, padding_idx=0)
      (conv_blocks): ModuleList(
        (0): Sequential(
          (0): Conv1d(128, 64, kernel_size=(3,), stride=(1,), padding=(1,))
          (1): BatchNorm1d(64, eps=1e-05, momentum=0.1, affine=True, track_running_stats=True)
          (2): ReLU()
          (3): Conv1d(64, 64, kernel_size=(3,), stride=(1,), padding=(1,))
          (4): BatchNorm1d(64, eps=1e-05, momentum=0.1, affine=True, track_running_stats=True)
          (5): ReLU()
        )
        (1): Sequential(
          (0): Conv1d(128, 64, kernel_size=(7,), stride=(1,), padding=(3,))
          (1): BatchNorm1d(64, eps=1e-05, momentum=0.1, affine=True, track_running_stats=True)
          (2): ReLU()
          (3): Conv1d(64, 64, kernel_size=(7,), stride=(1,), padding=(3,))
          (4): BatchNorm1d(64, eps=1e-05, momentum=0.1, affine=True, track_running_stats=True)
          (5): ReLU()
        )
        (2): Sequential(
          (0): Conv1d(128, 64, kernel_size=(15,), stride=(1,), padding=(7,))
          (1): BatchNorm1d(64, eps=1e-05, momentum=0.1, affine=True, track_running_stats=True)
          (2): ReLU()
          (3): Conv1d(64, 64, kernel_size=(15,), stride=(1,), padding=(7,))
          (4): BatchNorm1d(64, eps=1e-05, momentum=0.1, affine=True, track_running_stats=True)
          (5): ReLU()
        )
      )
    )
  )
  (fusion): MLPFusion(
    (classifier): Sequential(
      (0): Linear(in_features=448, out_features=128, bias=True)
      (1): BatchNorm1d(128, eps=1e-05, momentum=0.1, affine=True, track_running_stats=True)
      (2): ReLU()
      (3): Dropout(p=0.5, inplace=False)
      (4): Linear(in_features=128, out_features=32, bias=True)
      (5): BatchNorm1d(32, eps=1e-05, momentum=0.1, affine=True, track_running_stats=True)
      (6): ReLU()
      (7): Dropout(p=0.5, inplace=False)
      (8): Linear(in_features=32, out_features=1, bias=True)
    )
  )
)
Epoch 001 | time=5.1s | train_loss=0.6471 | val_loss=0.6841 | val_auc=0.5206
  ✓ New best model (epoch 1, val_loss=0.6841, val_auc=0.5206) saved to checkpoints/fp_lincs_graph_vs_cnn_seed42.pt
Epoch 002 | time=2.9s | train_loss=0.5509 | val_loss=0.6950 | val_auc=0.5195
Epoch 003 | time=2.9s | train_loss=0.4972 | val_loss=0.6962 | val_auc=0.5574
  ✓ New best model (epoch 3, val_loss=0.6962, val_auc=0.5574) saved to checkpoints/fp_lincs_graph_vs_cnn_seed42.pt
Epoch 004 | time=2.9s | train_loss=0.4580 | val_loss=0.7022 | val_auc=0.5829
  ✓ New best model (epoch 4, val_loss=0.7022, val_auc=0.5829) saved to checkpoints/fp_lincs_graph_vs_cnn_seed42.pt
Epoch 005 | time=2.9s | train_loss=0.4248 | val_loss=0.7151 | val_auc=0.6098
  ✓ New best model (epoch 5, val_loss=0.7151, val_auc=0.6098) saved to checkpoints/fp_lincs_graph_vs_cnn_seed42.pt
Epoch 006 | time=2.9s | train_loss=0.3978 | val_loss=0.7137 | val_auc=0.6204
  ✓ New best model (epoch 6, val_loss=0.7137, val_auc=0.6204) saved to checkpoints/fp_lincs_graph_vs_cnn_seed42.pt
Epoch 007 | time=2.9s | train_loss=0.3762 | val_loss=0.7314 | val_auc=0.6181
Epoch 008 | time=2.9s | train_loss=0.3557 | val_loss=0.7504 | val_auc=0.6165
Epoch 009 | time=2.9s | train_loss=0.3454 | val_loss=0.7564 | val_auc=0.6249
  ✓ New best model (epoch 9, val_loss=0.7564, val_auc=0.6249) saved to checkpoints/fp_lincs_graph_vs_cnn_seed42.pt
Epoch 010 | time=2.9s | train_loss=0.3334 | val_loss=0.7747 | val_auc=0.6242
Epoch 011 | time=2.9s | train_loss=0.3239 | val_loss=0.7711 | val_auc=0.6248
Epoch 012 | time=3.0s | train_loss=0.3154 | val_loss=0.7720 | val_auc=0.6230
Epoch 013 | time=2.9s | train_loss=0.3102 | val_loss=0.7821 | val_auc=0.6263
  ✓ New best model (epoch 13, val_loss=0.7821, val_auc=0.6263) saved to checkpoints/fp_lincs_graph_vs_cnn_seed42.pt
Epoch 014 | time=2.9s | train_loss=0.2995 | val_loss=0.7929 | val_auc=0.6190
Epoch 015 | time=3.0s | train_loss=0.2939 | val_loss=0.7828 | val_auc=0.6248
Epoch 016 | time=2.9s | train_loss=0.2914 | val_loss=0.7908 | val_auc=0.6233
Epoch 017 | time=2.9s | train_loss=0.2870 | val_loss=0.7994 | val_auc=0.6198
Epoch 018 | time=2.9s | train_loss=0.2846 | val_loss=0.7996 | val_auc=0.6221
Epoch 019 | time=3.1s | train_loss=0.2799 | val_loss=0.8219 | val_auc=0.6235
Epoch 020 | time=2.9s | train_loss=0.2740 | val_loss=0.8095 | val_auc=0.6207
Epoch 021 | time=2.9s | train_loss=0.2731 | val_loss=0.8250 | val_auc=0.6228
Epoch 022 | time=3.0s | train_loss=0.2701 | val_loss=0.8159 | val_auc=0.6198
Epoch 023 | time=2.9s | train_loss=0.2700 | val_loss=0.8256 | val_auc=0.6206
Early stopping — no improvement for 10 epochs

Best model: epoch 13, val_loss=0.8256, val_auc=0.6263

═══ Test Results ═══
           auc: 0.7196
         auprc: 0.6773
            f1: 0.5849
     precision: 0.6576
        recall: 0.5268
          loss: 0.6583
