Uninstalled 1 package in 8ms
Installed 1 package in 11ms
/net/storage/pr3/plgrid/plggmlcil/plgkstankie/vvv/Multimodal-models-for-predicting-drug-target-interactions/.venv/lib/python3.11/site-packages/outdated/__init__.py:36: UserWarning: pkg_resources is deprecated as an API. See https://setuptools.pypa.io/en/latest/pkg_resources.html. The pkg_resources package is slated for removal as early as 2025-11-30. Refrain from using this package or pin to Setuptools<81.
  from pkg_resources import parse_version
Setting global random seed to 2026
Using device: cuda
Loading clean data from: /net/storage/pr3/plgrid/plggmlcil/plgkstankie/vvv/Multimodal-models-for-predicting-drug-target-interactions/src/datasets/lincs_balanced.parquet
Dataset size: 27498
Split strategy: cold_both
  K4 cold-both split: train=13694, val=328, test=923
  Rows retained: 14945/27498 (54.3%)
Train: 13694  Val: 328  Test: 923
SMILES encoders:  ['FingerprintMLPEncoder', 'LincsGraphEncoder']
Protein encoders: ['ProteinCNNEncoder']
MultimodalDTI(
  (smiles_encoders): ModuleList(
    (0): FingerprintMLPEncoder(
      (mlp): Sequential(
        (0): Linear(in_features=1024, out_features=256, bias=True)
        (1): BatchNorm1d(256, eps=1e-05, momentum=0.1, affine=True, track_running_stats=True)
        (2): ReLU()
        (3): Dropout(p=0.5, inplace=False)
        (4): Linear(in_features=256, out_features=128, bias=True)
        (5): BatchNorm1d(128, eps=1e-05, momentum=0.1, affine=True, track_running_stats=True)
        (6): ReLU()
      )
    )
    (1): LincsGraphEncoder(
      (proj): Linear(in_features=1, out_features=128, bias=True)
      (convs): ModuleList(
        (0-1): 2 x DenseGCNConv(
          (linear): Linear(in_features=128, out_features=128, bias=False)
        )
      )
      (bns): ModuleList(
        (0-1): 2 x BatchNorm1d(128, eps=1e-05, momentum=0.1, affine=True, track_running_stats=True)
      )
      (pool_proj): Linear(in_features=128, out_features=128, bias=True)
    )
  )
  (protein_encoders): ModuleList(
    (0): ProteinCNNEncoder(
      (embedding): Embedding(21, 128, padding_idx=0)
      (conv_blocks): ModuleList(
        (0): Sequential(
          (0): Conv1d(128, 64, kernel_size=(3,), stride=(1,), padding=(1,))
          (1): BatchNorm1d(64, eps=1e-05, momentum=0.1, affine=True, track_running_stats=True)
          (2): ReLU()
          (3): Conv1d(64, 64, kernel_size=(3,), stride=(1,), padding=(1,))
          (4): BatchNorm1d(64, eps=1e-05, momentum=0.1, affine=True, track_running_stats=True)
          (5): ReLU()
        )
        (1): Sequential(
          (0): Conv1d(128, 64, kernel_size=(7,), stride=(1,), padding=(3,))
          (1): BatchNorm1d(64, eps=1e-05, momentum=0.1, affine=True, track_running_stats=True)
          (2): ReLU()
          (3): Conv1d(64, 64, kernel_size=(7,), stride=(1,), padding=(3,))
          (4): BatchNorm1d(64, eps=1e-05, momentum=0.1, affine=True, track_running_stats=True)
          (5): ReLU()
        )
        (2): Sequential(
          (0): Conv1d(128, 64, kernel_size=(15,), stride=(1,), padding=(7,))
          (1): BatchNorm1d(64, eps=1e-05, momentum=0.1, affine=True, track_running_stats=True)
          (2): ReLU()
          (3): Conv1d(64, 64, kernel_size=(15,), stride=(1,), padding=(7,))
          (4): BatchNorm1d(64, eps=1e-05, momentum=0.1, affine=True, track_running_stats=True)
          (5): ReLU()
        )
      )
    )
  )
  (fusion): MLPFusion(
    (classifier): Sequential(
      (0): Linear(in_features=448, out_features=128, bias=True)
      (1): BatchNorm1d(128, eps=1e-05, momentum=0.1, affine=True, track_running_stats=True)
      (2): ReLU()
      (3): Dropout(p=0.5, inplace=False)
      (4): Linear(in_features=128, out_features=32, bias=True)
      (5): BatchNorm1d(32, eps=1e-05, momentum=0.1, affine=True, track_running_stats=True)
      (6): ReLU()
      (7): Dropout(p=0.5, inplace=False)
      (8): Linear(in_features=32, out_features=1, bias=True)
    )
  )
)
Epoch 001 | time=2.6s | train_loss=0.6528 | val_loss=0.6721 | val_auc=0.5406
  ✓ New best model (epoch 1, val_loss=0.6721, val_auc=0.5406) saved to checkpoints/fp_lincs_graph_vs_cnn_seed2026.pt
Epoch 002 | time=1.9s | train_loss=0.5475 | val_loss=0.6618 | val_auc=0.5886
  ✓ New best model (epoch 2, val_loss=0.6618, val_auc=0.5886) saved to checkpoints/fp_lincs_graph_vs_cnn_seed2026.pt
Epoch 003 | time=1.9s | train_loss=0.4917 | val_loss=0.6675 | val_auc=0.5571
Epoch 004 | time=1.9s | train_loss=0.4530 | val_loss=0.6653 | val_auc=0.5557
Epoch 005 | time=1.9s | train_loss=0.4181 | val_loss=0.6601 | val_auc=0.5863
Epoch 006 | time=1.9s | train_loss=0.3903 | val_loss=0.6614 | val_auc=0.6015
  ✓ New best model (epoch 6, val_loss=0.6614, val_auc=0.6015) saved to checkpoints/fp_lincs_graph_vs_cnn_seed2026.pt
Epoch 007 | time=1.9s | train_loss=0.3705 | val_loss=0.6428 | val_auc=0.6477
  ✓ New best model (epoch 7, val_loss=0.6428, val_auc=0.6477) saved to checkpoints/fp_lincs_graph_vs_cnn_seed2026.pt
Epoch 008 | time=1.9s | train_loss=0.3495 | val_loss=0.6444 | val_auc=0.6401
Epoch 009 | time=1.9s | train_loss=0.3311 | val_loss=0.6534 | val_auc=0.6409
Epoch 010 | time=1.9s | train_loss=0.3169 | val_loss=0.6648 | val_auc=0.6413
Epoch 011 | time=1.9s | train_loss=0.3034 | val_loss=0.6818 | val_auc=0.6114
Epoch 012 | time=1.9s | train_loss=0.2900 | val_loss=0.6924 | val_auc=0.6121
Epoch 013 | time=1.9s | train_loss=0.2743 | val_loss=0.7200 | val_auc=0.6032
Epoch 014 | time=1.9s | train_loss=0.2607 | val_loss=0.7166 | val_auc=0.6124
Epoch 015 | time=1.9s | train_loss=0.2562 | val_loss=0.7204 | val_auc=0.6188
Epoch 016 | time=1.9s | train_loss=0.2506 | val_loss=0.7196 | val_auc=0.6304
Epoch 017 | time=1.9s | train_loss=0.2420 | val_loss=0.7173 | val_auc=0.6397
Early stopping — no improvement for 10 epochs

Best model: epoch 7, val_loss=0.7173, val_auc=0.6477

═══ Test Results ═══
           auc: 0.5607
         auprc: 0.4963
            f1: 0.3487
     precision: 0.4401
        recall: 0.2887
          loss: 0.7352
