Uninstalled 1 package in 17ms
Installed 1 package in 30ms
/net/storage/pr3/plgrid/plggmlcil/plgkstankie/vvv/Multimodal-models-for-predicting-drug-target-interactions/.venv/lib/python3.11/site-packages/outdated/__init__.py:36: UserWarning: pkg_resources is deprecated as an API. See https://setuptools.pypa.io/en/latest/pkg_resources.html. The pkg_resources package is slated for removal as early as 2025-11-30. Refrain from using this package or pin to Setuptools<81.
  from pkg_resources import parse_version
Setting global random seed to 1024
Using device: cuda
Loading clean data from: /net/storage/pr3/plgrid/plggmlcil/plgkstankie/vvv/Multimodal-models-for-predicting-drug-target-interactions/src/datasets/lincs_balanced.parquet
Dataset size: 27498
Split strategy: scaffold
Train: 19558  Val: 2885  Test: 5055
SMILES encoders:  ['FingerprintMLPEncoder', 'LincsGraphEncoder']
Protein encoders: ['ProteinCNNEncoder']
MultimodalDTI(
  (smiles_encoders): ModuleList(
    (0): FingerprintMLPEncoder(
      (mlp): Sequential(
        (0): Linear(in_features=1024, out_features=256, bias=True)
        (1): BatchNorm1d(256, eps=1e-05, momentum=0.1, affine=True, track_running_stats=True)
        (2): ReLU()
        (3): Dropout(p=0.5, inplace=False)
        (4): Linear(in_features=256, out_features=128, bias=True)
        (5): BatchNorm1d(128, eps=1e-05, momentum=0.1, affine=True, track_running_stats=True)
        (6): ReLU()
      )
    )
    (1): LincsGraphEncoder(
      (proj): Linear(in_features=1, out_features=128, bias=True)
      (convs): ModuleList(
        (0-1): 2 x DenseGCNConv(
          (linear): Linear(in_features=128, out_features=128, bias=False)
        )
      )
      (bns): ModuleList(
        (0-1): 2 x BatchNorm1d(128, eps=1e-05, momentum=0.1, affine=True, track_running_stats=True)
      )
      (pool_proj): Linear(in_features=128, out_features=128, bias=True)
    )
  )
  (protein_encoders): ModuleList(
    (0): ProteinCNNEncoder(
      (embedding): Embedding(21, 128, padding_idx=0)
      (conv_blocks): ModuleList(
        (0): Sequential(
          (0): Conv1d(128, 64, kernel_size=(3,), stride=(1,), padding=(1,))
          (1): BatchNorm1d(64, eps=1e-05, momentum=0.1, affine=True, track_running_stats=True)
          (2): ReLU()
          (3): Conv1d(64, 64, kernel_size=(3,), stride=(1,), padding=(1,))
          (4): BatchNorm1d(64, eps=1e-05, momentum=0.1, affine=True, track_running_stats=True)
          (5): ReLU()
        )
        (1): Sequential(
          (0): Conv1d(128, 64, kernel_size=(7,), stride=(1,), padding=(3,))
          (1): BatchNorm1d(64, eps=1e-05, momentum=0.1, affine=True, track_running_stats=True)
          (2): ReLU()
          (3): Conv1d(64, 64, kernel_size=(7,), stride=(1,), padding=(3,))
          (4): BatchNorm1d(64, eps=1e-05, momentum=0.1, affine=True, track_running_stats=True)
          (5): ReLU()
        )
        (2): Sequential(
          (0): Conv1d(128, 64, kernel_size=(15,), stride=(1,), padding=(7,))
          (1): BatchNorm1d(64, eps=1e-05, momentum=0.1, affine=True, track_running_stats=True)
          (2): ReLU()
          (3): Conv1d(64, 64, kernel_size=(15,), stride=(1,), padding=(7,))
          (4): BatchNorm1d(64, eps=1e-05, momentum=0.1, affine=True, track_running_stats=True)
          (5): ReLU()
        )
      )
    )
  )
  (fusion): MLPFusion(
    (classifier): Sequential(
      (0): Linear(in_features=448, out_features=128, bias=True)
      (1): BatchNorm1d(128, eps=1e-05, momentum=0.1, affine=True, track_running_stats=True)
      (2): ReLU()
      (3): Dropout(p=0.5, inplace=False)
      (4): Linear(in_features=128, out_features=32, bias=True)
      (5): BatchNorm1d(32, eps=1e-05, momentum=0.1, affine=True, track_running_stats=True)
      (6): ReLU()
      (7): Dropout(p=0.5, inplace=False)
      (8): Linear(in_features=32, out_features=1, bias=True)
    )
  )
)
Epoch 001 | time=3.6s | train_loss=0.6291 | val_loss=0.6484 | val_auc=0.6870
  ✓ New best model (epoch 1, val_loss=0.6484, val_auc=0.6870) saved to checkpoints/fp_lincs_graph_vs_cnn_seed1024.pt
Epoch 002 | time=2.9s | train_loss=0.5253 | val_loss=0.6207 | val_auc=0.7293
  ✓ New best model (epoch 2, val_loss=0.6207, val_auc=0.7293) saved to checkpoints/fp_lincs_graph_vs_cnn_seed1024.pt
Epoch 003 | time=2.9s | train_loss=0.4740 | val_loss=0.5981 | val_auc=0.7551
  ✓ New best model (epoch 3, val_loss=0.5981, val_auc=0.7551) saved to checkpoints/fp_lincs_graph_vs_cnn_seed1024.pt
Epoch 004 | time=2.9s | train_loss=0.4342 | val_loss=0.5857 | val_auc=0.7726
  ✓ New best model (epoch 4, val_loss=0.5857, val_auc=0.7726) saved to checkpoints/fp_lincs_graph_vs_cnn_seed1024.pt
Epoch 005 | time=2.9s | train_loss=0.4019 | val_loss=0.5844 | val_auc=0.7765
  ✓ New best model (epoch 5, val_loss=0.5844, val_auc=0.7765) saved to checkpoints/fp_lincs_graph_vs_cnn_seed1024.pt
Epoch 006 | time=2.9s | train_loss=0.3766 | val_loss=0.5629 | val_auc=0.8022
  ✓ New best model (epoch 6, val_loss=0.5629, val_auc=0.8022) saved to checkpoints/fp_lincs_graph_vs_cnn_seed1024.pt
Epoch 007 | time=2.9s | train_loss=0.3539 | val_loss=0.5808 | val_auc=0.7822
Epoch 008 | time=2.9s | train_loss=0.3330 | val_loss=0.5749 | val_auc=0.7963
Epoch 009 | time=2.9s | train_loss=0.3156 | val_loss=0.5705 | val_auc=0.7963
Epoch 010 | time=2.9s | train_loss=0.2982 | val_loss=0.5633 | val_auc=0.8008
Epoch 011 | time=2.9s | train_loss=0.2843 | val_loss=0.5665 | val_auc=0.8005
Epoch 012 | time=2.9s | train_loss=0.2697 | val_loss=0.5878 | val_auc=0.7864
Epoch 013 | time=2.9s | train_loss=0.2547 | val_loss=0.5698 | val_auc=0.8060
  ✓ New best model (epoch 13, val_loss=0.5698, val_auc=0.8060) saved to checkpoints/fp_lincs_graph_vs_cnn_seed1024.pt
Epoch 014 | time=2.9s | train_loss=0.2467 | val_loss=0.5618 | val_auc=0.8103
  ✓ New best model (epoch 14, val_loss=0.5618, val_auc=0.8103) saved to checkpoints/fp_lincs_graph_vs_cnn_seed1024.pt
Epoch 015 | time=2.9s | train_loss=0.2400 | val_loss=0.5741 | val_auc=0.8064
Epoch 016 | time=2.9s | train_loss=0.2352 | val_loss=0.5735 | val_auc=0.8088
Epoch 017 | time=2.9s | train_loss=0.2283 | val_loss=0.5749 | val_auc=0.8119
  ✓ New best model (epoch 17, val_loss=0.5749, val_auc=0.8119) saved to checkpoints/fp_lincs_graph_vs_cnn_seed1024.pt
Epoch 018 | time=2.9s | train_loss=0.2214 | val_loss=0.5946 | val_auc=0.8017
Epoch 019 | time=3.0s | train_loss=0.2197 | val_loss=0.5772 | val_auc=0.8124
  ✓ New best model (epoch 19, val_loss=0.5772, val_auc=0.8124) saved to checkpoints/fp_lincs_graph_vs_cnn_seed1024.pt
Epoch 020 | time=2.9s | train_loss=0.2146 | val_loss=0.5807 | val_auc=0.8119
Epoch 021 | time=2.9s | train_loss=0.2059 | val_loss=0.5833 | val_auc=0.8105
Epoch 022 | time=2.9s | train_loss=0.2058 | val_loss=0.5889 | val_auc=0.8139
  ✓ New best model (epoch 22, val_loss=0.5889, val_auc=0.8139) saved to checkpoints/fp_lincs_graph_vs_cnn_seed1024.pt
Epoch 023 | time=2.9s | train_loss=0.2021 | val_loss=0.5823 | val_auc=0.8141
  ✓ New best model (epoch 23, val_loss=0.5823, val_auc=0.8141) saved to checkpoints/fp_lincs_graph_vs_cnn_seed1024.pt
Epoch 024 | time=2.9s | train_loss=0.1982 | val_loss=0.5835 | val_auc=0.8123
Epoch 025 | time=2.9s | train_loss=0.1977 | val_loss=0.5855 | val_auc=0.8137
Epoch 026 | time=2.9s | train_loss=0.1931 | val_loss=0.5838 | val_auc=0.8140
Epoch 027 | time=2.9s | train_loss=0.1882 | val_loss=0.5967 | val_auc=0.8132
Epoch 028 | time=2.9s | train_loss=0.1893 | val_loss=0.5954 | val_auc=0.8109
Epoch 029 | time=2.9s | train_loss=0.1906 | val_loss=0.5960 | val_auc=0.8144
  ✓ New best model (epoch 29, val_loss=0.5960, val_auc=0.8144) saved to checkpoints/fp_lincs_graph_vs_cnn_seed1024.pt
Epoch 030 | time=2.9s | train_loss=0.1872 | val_loss=0.5938 | val_auc=0.8161
  ✓ New best model (epoch 30, val_loss=0.5938, val_auc=0.8161) saved to checkpoints/fp_lincs_graph_vs_cnn_seed1024.pt
Epoch 031 | time=2.9s | train_loss=0.1844 | val_loss=0.5899 | val_auc=0.8208
  ✓ New best model (epoch 31, val_loss=0.5899, val_auc=0.8208) saved to checkpoints/fp_lincs_graph_vs_cnn_seed1024.pt
Epoch 032 | time=2.9s | train_loss=0.1858 | val_loss=0.5899 | val_auc=0.8162
Epoch 033 | time=2.9s | train_loss=0.1837 | val_loss=0.5854 | val_auc=0.8179
Epoch 034 | time=2.9s | train_loss=0.1787 | val_loss=0.5868 | val_auc=0.8193
Epoch 035 | time=2.9s | train_loss=0.1792 | val_loss=0.5851 | val_auc=0.8172
Epoch 036 | time=2.9s | train_loss=0.1817 | val_loss=0.5919 | val_auc=0.8188
Epoch 037 | time=2.9s | train_loss=0.1805 | val_loss=0.5948 | val_auc=0.8149
Epoch 038 | time=2.9s | train_loss=0.1808 | val_loss=0.5884 | val_auc=0.8165
Epoch 039 | time=2.9s | train_loss=0.1792 | val_loss=0.5900 | val_auc=0.8169
Epoch 040 | time=2.9s | train_loss=0.1771 | val_loss=0.5954 | val_auc=0.8159
Epoch 041 | time=2.9s | train_loss=0.1794 | val_loss=0.5880 | val_auc=0.8189
Early stopping — no improvement for 10 epochs

Best model: epoch 31, val_loss=0.5880, val_auc=0.8208

═══ Test Results ═══
           auc: 0.7317
         auprc: 0.6578
            f1: 0.6589
     precision: 0.6224
        recall: 0.6999
          loss: 0.7236
