Uninstalled 1 package in 8ms
Installed 1 package in 11ms
/net/storage/pr3/plgrid/plggmlcil/plgkstankie/vvv/Multimodal-models-for-predicting-drug-target-interactions/.venv/lib/python3.11/site-packages/outdated/__init__.py:36: UserWarning: pkg_resources is deprecated as an API. See https://setuptools.pypa.io/en/latest/pkg_resources.html. The pkg_resources package is slated for removal as early as 2025-11-30. Refrain from using this package or pin to Setuptools<81.
  from pkg_resources import parse_version
Setting global random seed to 2026
Using device: cuda
Loading clean data from: /net/storage/pr3/plgrid/plggmlcil/plgkstankie/vvv/Multimodal-models-for-predicting-drug-target-interactions/src/datasets/lincs_balanced.parquet
Dataset size: 27498
Split strategy: scaffold
Train: 19558  Val: 2885  Test: 5055
SMILES encoders:  ['FingerprintMLPEncoder', 'LincsGraphEncoder']
Protein encoders: ['ProteinCNNEncoder']
MultimodalDTI(
  (smiles_encoders): ModuleList(
    (0): FingerprintMLPEncoder(
      (mlp): Sequential(
        (0): Linear(in_features=1024, out_features=256, bias=True)
        (1): BatchNorm1d(256, eps=1e-05, momentum=0.1, affine=True, track_running_stats=True)
        (2): ReLU()
        (3): Dropout(p=0.5, inplace=False)
        (4): Linear(in_features=256, out_features=128, bias=True)
        (5): BatchNorm1d(128, eps=1e-05, momentum=0.1, affine=True, track_running_stats=True)
        (6): ReLU()
      )
    )
    (1): LincsGraphEncoder(
      (proj): Linear(in_features=1, out_features=128, bias=True)
      (convs): ModuleList(
        (0-1): 2 x DenseGCNConv(
          (linear): Linear(in_features=128, out_features=128, bias=False)
        )
      )
      (bns): ModuleList(
        (0-1): 2 x BatchNorm1d(128, eps=1e-05, momentum=0.1, affine=True, track_running_stats=True)
      )
      (pool_proj): Linear(in_features=128, out_features=128, bias=True)
    )
  )
  (protein_encoders): ModuleList(
    (0): ProteinCNNEncoder(
      (embedding): Embedding(21, 128, padding_idx=0)
      (conv_blocks): ModuleList(
        (0): Sequential(
          (0): Conv1d(128, 64, kernel_size=(3,), stride=(1,), padding=(1,))
          (1): BatchNorm1d(64, eps=1e-05, momentum=0.1, affine=True, track_running_stats=True)
          (2): ReLU()
          (3): Conv1d(64, 64, kernel_size=(3,), stride=(1,), padding=(1,))
          (4): BatchNorm1d(64, eps=1e-05, momentum=0.1, affine=True, track_running_stats=True)
          (5): ReLU()
        )
        (1): Sequential(
          (0): Conv1d(128, 64, kernel_size=(7,), stride=(1,), padding=(3,))
          (1): BatchNorm1d(64, eps=1e-05, momentum=0.1, affine=True, track_running_stats=True)
          (2): ReLU()
          (3): Conv1d(64, 64, kernel_size=(7,), stride=(1,), padding=(3,))
          (4): BatchNorm1d(64, eps=1e-05, momentum=0.1, affine=True, track_running_stats=True)
          (5): ReLU()
        )
        (2): Sequential(
          (0): Conv1d(128, 64, kernel_size=(15,), stride=(1,), padding=(7,))
          (1): BatchNorm1d(64, eps=1e-05, momentum=0.1, affine=True, track_running_stats=True)
          (2): ReLU()
          (3): Conv1d(64, 64, kernel_size=(15,), stride=(1,), padding=(7,))
          (4): BatchNorm1d(64, eps=1e-05, momentum=0.1, affine=True, track_running_stats=True)
          (5): ReLU()
        )
      )
    )
  )
  (fusion): MLPFusion(
    (classifier): Sequential(
      (0): Linear(in_features=448, out_features=128, bias=True)
      (1): BatchNorm1d(128, eps=1e-05, momentum=0.1, affine=True, track_running_stats=True)
      (2): ReLU()
      (3): Dropout(p=0.5, inplace=False)
      (4): Linear(in_features=128, out_features=32, bias=True)
      (5): BatchNorm1d(32, eps=1e-05, momentum=0.1, affine=True, track_running_stats=True)
      (6): ReLU()
      (7): Dropout(p=0.5, inplace=False)
      (8): Linear(in_features=32, out_features=1, bias=True)
    )
  )
)
Epoch 001 | time=3.6s | train_loss=0.6331 | val_loss=0.6289 | val_auc=0.7093
  ✓ New best model (epoch 1, val_loss=0.6289, val_auc=0.7093) saved to checkpoints/fp_lincs_graph_vs_cnn_seed2026.pt
Epoch 002 | time=2.9s | train_loss=0.5293 | val_loss=0.6117 | val_auc=0.7292
  ✓ New best model (epoch 2, val_loss=0.6117, val_auc=0.7292) saved to checkpoints/fp_lincs_graph_vs_cnn_seed2026.pt
Epoch 003 | time=2.9s | train_loss=0.4737 | val_loss=0.5940 | val_auc=0.7495
  ✓ New best model (epoch 3, val_loss=0.5940, val_auc=0.7495) saved to checkpoints/fp_lincs_graph_vs_cnn_seed2026.pt
Epoch 004 | time=2.9s | train_loss=0.4331 | val_loss=0.5785 | val_auc=0.7751
  ✓ New best model (epoch 4, val_loss=0.5785, val_auc=0.7751) saved to checkpoints/fp_lincs_graph_vs_cnn_seed2026.pt
Epoch 005 | time=2.9s | train_loss=0.4011 | val_loss=0.5833 | val_auc=0.7736
Epoch 006 | time=2.9s | train_loss=0.3775 | val_loss=0.5649 | val_auc=0.7947
  ✓ New best model (epoch 6, val_loss=0.5649, val_auc=0.7947) saved to checkpoints/fp_lincs_graph_vs_cnn_seed2026.pt
Epoch 007 | time=2.9s | train_loss=0.3509 | val_loss=0.5566 | val_auc=0.8026
  ✓ New best model (epoch 7, val_loss=0.5566, val_auc=0.8026) saved to checkpoints/fp_lincs_graph_vs_cnn_seed2026.pt
Epoch 008 | time=2.9s | train_loss=0.3292 | val_loss=0.5702 | val_auc=0.7948
Epoch 009 | time=2.9s | train_loss=0.3091 | val_loss=0.5622 | val_auc=0.8063
  ✓ New best model (epoch 9, val_loss=0.5622, val_auc=0.8063) saved to checkpoints/fp_lincs_graph_vs_cnn_seed2026.pt
Epoch 010 | time=2.9s | train_loss=0.2956 | val_loss=0.5744 | val_auc=0.8056
Epoch 011 | time=2.9s | train_loss=0.2819 | val_loss=0.5723 | val_auc=0.7986
Epoch 012 | time=2.9s | train_loss=0.2692 | val_loss=0.5615 | val_auc=0.8129
  ✓ New best model (epoch 12, val_loss=0.5615, val_auc=0.8129) saved to checkpoints/fp_lincs_graph_vs_cnn_seed2026.pt
Epoch 013 | time=2.9s | train_loss=0.2570 | val_loss=0.5690 | val_auc=0.8125
Epoch 014 | time=2.9s | train_loss=0.2444 | val_loss=0.5660 | val_auc=0.8182
  ✓ New best model (epoch 14, val_loss=0.5660, val_auc=0.8182) saved to checkpoints/fp_lincs_graph_vs_cnn_seed2026.pt
Epoch 015 | time=2.9s | train_loss=0.2339 | val_loss=0.5633 | val_auc=0.8164
Epoch 016 | time=2.9s | train_loss=0.2319 | val_loss=0.5696 | val_auc=0.8199
  ✓ New best model (epoch 16, val_loss=0.5696, val_auc=0.8199) saved to checkpoints/fp_lincs_graph_vs_cnn_seed2026.pt
Epoch 017 | time=2.9s | train_loss=0.2208 | val_loss=0.5687 | val_auc=0.8226
  ✓ New best model (epoch 17, val_loss=0.5687, val_auc=0.8226) saved to checkpoints/fp_lincs_graph_vs_cnn_seed2026.pt
Epoch 018 | time=2.9s | train_loss=0.2172 | val_loss=0.5828 | val_auc=0.8140
Epoch 019 | time=3.0s | train_loss=0.2154 | val_loss=0.5767 | val_auc=0.8190
Epoch 020 | time=2.9s | train_loss=0.2077 | val_loss=0.5716 | val_auc=0.8235
  ✓ New best model (epoch 20, val_loss=0.5716, val_auc=0.8235) saved to checkpoints/fp_lincs_graph_vs_cnn_seed2026.pt
Epoch 021 | time=2.9s | train_loss=0.2050 | val_loss=0.5825 | val_auc=0.8176
Epoch 022 | time=2.9s | train_loss=0.2015 | val_loss=0.5812 | val_auc=0.8215
Epoch 023 | time=2.9s | train_loss=0.1991 | val_loss=0.5850 | val_auc=0.8199
Epoch 024 | time=2.9s | train_loss=0.1957 | val_loss=0.5747 | val_auc=0.8232
Epoch 025 | time=2.9s | train_loss=0.1934 | val_loss=0.5752 | val_auc=0.8259
  ✓ New best model (epoch 25, val_loss=0.5752, val_auc=0.8259) saved to checkpoints/fp_lincs_graph_vs_cnn_seed2026.pt
Epoch 026 | time=2.9s | train_loss=0.1889 | val_loss=0.5827 | val_auc=0.8231
Epoch 027 | time=2.9s | train_loss=0.1914 | val_loss=0.5756 | val_auc=0.8259
Epoch 028 | time=2.9s | train_loss=0.1862 | val_loss=0.5857 | val_auc=0.8240
Epoch 029 | time=2.9s | train_loss=0.1853 | val_loss=0.5803 | val_auc=0.8253
Epoch 030 | time=2.9s | train_loss=0.1829 | val_loss=0.5788 | val_auc=0.8247
Epoch 031 | time=2.9s | train_loss=0.1845 | val_loss=0.5797 | val_auc=0.8252
Epoch 032 | time=2.9s | train_loss=0.1816 | val_loss=0.5823 | val_auc=0.8257
Epoch 033 | time=2.9s | train_loss=0.1821 | val_loss=0.5799 | val_auc=0.8255
Epoch 034 | time=2.9s | train_loss=0.1818 | val_loss=0.5796 | val_auc=0.8268
  ✓ New best model (epoch 34, val_loss=0.5796, val_auc=0.8268) saved to checkpoints/fp_lincs_graph_vs_cnn_seed2026.pt
Epoch 035 | time=2.9s | train_loss=0.1804 | val_loss=0.5843 | val_auc=0.8237
Epoch 036 | time=2.9s | train_loss=0.1799 | val_loss=0.5842 | val_auc=0.8253
Epoch 037 | time=2.9s | train_loss=0.1791 | val_loss=0.5846 | val_auc=0.8264
Epoch 038 | time=2.9s | train_loss=0.1778 | val_loss=0.5843 | val_auc=0.8244
Epoch 039 | time=2.9s | train_loss=0.1757 | val_loss=0.5856 | val_auc=0.8246
Epoch 040 | time=2.9s | train_loss=0.1761 | val_loss=0.5838 | val_auc=0.8248
Epoch 041 | time=2.9s | train_loss=0.1773 | val_loss=0.5854 | val_auc=0.8241
Epoch 042 | time=2.9s | train_loss=0.1768 | val_loss=0.5899 | val_auc=0.8227
Epoch 043 | time=2.9s | train_loss=0.1772 | val_loss=0.5867 | val_auc=0.8235
Epoch 044 | time=2.9s | train_loss=0.1731 | val_loss=0.5860 | val_auc=0.8255
Early stopping — no improvement for 10 epochs

Best model: epoch 34, val_loss=0.5860, val_auc=0.8268

═══ Test Results ═══
           auc: 0.7539
         auprc: 0.7005
            f1: 0.6711
     precision: 0.6412
        recall: 0.7039
          loss: 0.6813
