Uninstalled 1 package in 7ms
Installed 1 package in 10ms
/net/storage/pr3/plgrid/plggmlcil/plgkstankie/vvv/Multimodal-models-for-predicting-drug-target-interactions/.venv/lib/python3.11/site-packages/outdated/__init__.py:36: UserWarning: pkg_resources is deprecated as an API. See https://setuptools.pypa.io/en/latest/pkg_resources.html. The pkg_resources package is slated for removal as early as 2025-11-30. Refrain from using this package or pin to Setuptools<81.
  from pkg_resources import parse_version
Setting global random seed to 42
Using device: cuda
Loading clean data from: /net/storage/pr3/plgrid/plggmlcil/plgkstankie/vvv/Multimodal-models-for-predicting-drug-target-interactions/src/datasets/lincs_balanced.parquet
Dataset size: 27498
Split strategy: scaffold
Train: 19558  Val: 2885  Test: 5055
SMILES encoders:  ['FingerprintMLPEncoder', 'LincsGraphEncoder']
Protein encoders: ['ProteinCNNEncoder']
MultimodalDTI(
  (smiles_encoders): ModuleList(
    (0): FingerprintMLPEncoder(
      (mlp): Sequential(
        (0): Linear(in_features=1024, out_features=256, bias=True)
        (1): BatchNorm1d(256, eps=1e-05, momentum=0.1, affine=True, track_running_stats=True)
        (2): ReLU()
        (3): Dropout(p=0.5, inplace=False)
        (4): Linear(in_features=256, out_features=128, bias=True)
        (5): BatchNorm1d(128, eps=1e-05, momentum=0.1, affine=True, track_running_stats=True)
        (6): ReLU()
      )
    )
    (1): LincsGraphEncoder(
      (proj): Linear(in_features=1, out_features=128, bias=True)
      (convs): ModuleList(
        (0-1): 2 x DenseGCNConv(
          (linear): Linear(in_features=128, out_features=128, bias=False)
        )
      )
      (bns): ModuleList(
        (0-1): 2 x BatchNorm1d(128, eps=1e-05, momentum=0.1, affine=True, track_running_stats=True)
      )
      (pool_proj): Linear(in_features=128, out_features=128, bias=True)
    )
  )
  (protein_encoders): ModuleList(
    (0): ProteinCNNEncoder(
      (embedding): Embedding(21, 128, padding_idx=0)
      (conv_blocks): ModuleList(
        (0): Sequential(
          (0): Conv1d(128, 64, kernel_size=(3,), stride=(1,), padding=(1,))
          (1): BatchNorm1d(64, eps=1e-05, momentum=0.1, affine=True, track_running_stats=True)
          (2): ReLU()
          (3): Conv1d(64, 64, kernel_size=(3,), stride=(1,), padding=(1,))
          (4): BatchNorm1d(64, eps=1e-05, momentum=0.1, affine=True, track_running_stats=True)
          (5): ReLU()
        )
        (1): Sequential(
          (0): Conv1d(128, 64, kernel_size=(7,), stride=(1,), padding=(3,))
          (1): BatchNorm1d(64, eps=1e-05, momentum=0.1, affine=True, track_running_stats=True)
          (2): ReLU()
          (3): Conv1d(64, 64, kernel_size=(7,), stride=(1,), padding=(3,))
          (4): BatchNorm1d(64, eps=1e-05, momentum=0.1, affine=True, track_running_stats=True)
          (5): ReLU()
        )
        (2): Sequential(
          (0): Conv1d(128, 64, kernel_size=(15,), stride=(1,), padding=(7,))
          (1): BatchNorm1d(64, eps=1e-05, momentum=0.1, affine=True, track_running_stats=True)
          (2): ReLU()
          (3): Conv1d(64, 64, kernel_size=(15,), stride=(1,), padding=(7,))
          (4): BatchNorm1d(64, eps=1e-05, momentum=0.1, affine=True, track_running_stats=True)
          (5): ReLU()
        )
      )
    )
  )
  (fusion): MLPFusion(
    (classifier): Sequential(
      (0): Linear(in_features=448, out_features=128, bias=True)
      (1): BatchNorm1d(128, eps=1e-05, momentum=0.1, affine=True, track_running_stats=True)
      (2): ReLU()
      (3): Dropout(p=0.5, inplace=False)
      (4): Linear(in_features=128, out_features=32, bias=True)
      (5): BatchNorm1d(32, eps=1e-05, momentum=0.1, affine=True, track_running_stats=True)
      (6): ReLU()
      (7): Dropout(p=0.5, inplace=False)
      (8): Linear(in_features=32, out_features=1, bias=True)
    )
  )
)
Epoch 001 | time=3.9s | train_loss=0.6358 | val_loss=0.6566 | val_auc=0.6744
  ✓ New best model (epoch 1, val_loss=0.6566, val_auc=0.6744) saved to checkpoints/fp_lincs_graph_vs_cnn_seed42.pt
Epoch 002 | time=2.9s | train_loss=0.5315 | val_loss=0.6257 | val_auc=0.7293
  ✓ New best model (epoch 2, val_loss=0.6257, val_auc=0.7293) saved to checkpoints/fp_lincs_graph_vs_cnn_seed42.pt
Epoch 003 | time=2.9s | train_loss=0.4774 | val_loss=0.6140 | val_auc=0.7410
  ✓ New best model (epoch 3, val_loss=0.6140, val_auc=0.7410) saved to checkpoints/fp_lincs_graph_vs_cnn_seed42.pt
Epoch 004 | time=2.9s | train_loss=0.4371 | val_loss=0.5975 | val_auc=0.7607
  ✓ New best model (epoch 4, val_loss=0.5975, val_auc=0.7607) saved to checkpoints/fp_lincs_graph_vs_cnn_seed42.pt
Epoch 005 | time=2.9s | train_loss=0.4071 | val_loss=0.5893 | val_auc=0.7729
  ✓ New best model (epoch 5, val_loss=0.5893, val_auc=0.7729) saved to checkpoints/fp_lincs_graph_vs_cnn_seed42.pt
Epoch 006 | time=2.9s | train_loss=0.3801 | val_loss=0.5968 | val_auc=0.7672
Epoch 007 | time=2.9s | train_loss=0.3580 | val_loss=0.5820 | val_auc=0.7800
  ✓ New best model (epoch 7, val_loss=0.5820, val_auc=0.7800) saved to checkpoints/fp_lincs_graph_vs_cnn_seed42.pt
Epoch 008 | time=2.9s | train_loss=0.3389 | val_loss=0.5786 | val_auc=0.7834
  ✓ New best model (epoch 8, val_loss=0.5786, val_auc=0.7834) saved to checkpoints/fp_lincs_graph_vs_cnn_seed42.pt
Epoch 009 | time=2.9s | train_loss=0.3183 | val_loss=0.5725 | val_auc=0.7903
  ✓ New best model (epoch 9, val_loss=0.5725, val_auc=0.7903) saved to checkpoints/fp_lincs_graph_vs_cnn_seed42.pt
Epoch 010 | time=2.9s | train_loss=0.3003 | val_loss=0.5620 | val_auc=0.8016
  ✓ New best model (epoch 10, val_loss=0.5620, val_auc=0.8016) saved to checkpoints/fp_lincs_graph_vs_cnn_seed42.pt
Epoch 011 | time=2.9s | train_loss=0.2849 | val_loss=0.5816 | val_auc=0.7847
Epoch 012 | time=2.9s | train_loss=0.2709 | val_loss=0.5834 | val_auc=0.7893
Epoch 013 | time=2.9s | train_loss=0.2592 | val_loss=0.5668 | val_auc=0.8046
  ✓ New best model (epoch 13, val_loss=0.5668, val_auc=0.8046) saved to checkpoints/fp_lincs_graph_vs_cnn_seed42.pt
Epoch 014 | time=2.9s | train_loss=0.2454 | val_loss=0.5978 | val_auc=0.7926
Epoch 015 | time=2.9s | train_loss=0.2389 | val_loss=0.5845 | val_auc=0.7990
Epoch 016 | time=2.9s | train_loss=0.2269 | val_loss=0.5975 | val_auc=0.7963
Epoch 017 | time=2.9s | train_loss=0.2139 | val_loss=0.6065 | val_auc=0.7905
Epoch 018 | time=2.9s | train_loss=0.2088 | val_loss=0.5950 | val_auc=0.7976
Epoch 019 | time=3.0s | train_loss=0.2048 | val_loss=0.6180 | val_auc=0.7925
Epoch 020 | time=2.9s | train_loss=0.1972 | val_loss=0.6192 | val_auc=0.7915
Epoch 021 | time=2.9s | train_loss=0.1953 | val_loss=0.6196 | val_auc=0.7925
Epoch 022 | time=2.9s | train_loss=0.1906 | val_loss=0.6157 | val_auc=0.7966
Epoch 023 | time=2.9s | train_loss=0.1832 | val_loss=0.6048 | val_auc=0.8025
Early stopping — no improvement for 10 epochs

Best model: epoch 13, val_loss=0.6048, val_auc=0.8046

═══ Test Results ═══
           auc: 0.7584
         auprc: 0.6836
            f1: 0.6627
     precision: 0.6671
        recall: 0.6584
          loss: 0.6085
