Uninstalled 1 package in 8ms
Installed 1 package in 10ms
/net/storage/pr3/plgrid/plggmlcil/plgkstankie/vvv/Multimodal-models-for-predicting-drug-target-interactions/.venv/lib/python3.11/site-packages/outdated/__init__.py:36: UserWarning: pkg_resources is deprecated as an API. See https://setuptools.pypa.io/en/latest/pkg_resources.html. The pkg_resources package is slated for removal as early as 2025-11-30. Refrain from using this package or pin to Setuptools<81.
  from pkg_resources import parse_version
Setting global random seed to 123
Using device: cuda
Loading clean data from: /net/storage/pr3/plgrid/plggmlcil/plgkstankie/vvv/Multimodal-models-for-predicting-drug-target-interactions/src/datasets/lincs_balanced.parquet
Dataset size: 27498
Split strategy: scaffold
Train: 19558  Val: 2885  Test: 5055
SMILES encoders:  ['FingerprintMLPEncoder', 'LincsGraphEncoder']
Protein encoders: ['ProteinCNNEncoder']
MultimodalDTI(
  (smiles_encoders): ModuleList(
    (0): FingerprintMLPEncoder(
      (mlp): Sequential(
        (0): Linear(in_features=1024, out_features=256, bias=True)
        (1): BatchNorm1d(256, eps=1e-05, momentum=0.1, affine=True, track_running_stats=True)
        (2): ReLU()
        (3): Dropout(p=0.5, inplace=False)
        (4): Linear(in_features=256, out_features=128, bias=True)
        (5): BatchNorm1d(128, eps=1e-05, momentum=0.1, affine=True, track_running_stats=True)
        (6): ReLU()
      )
    )
    (1): LincsGraphEncoder(
      (proj): Linear(in_features=1, out_features=128, bias=True)
      (convs): ModuleList(
        (0-1): 2 x DenseGCNConv(
          (linear): Linear(in_features=128, out_features=128, bias=False)
        )
      )
      (bns): ModuleList(
        (0-1): 2 x BatchNorm1d(128, eps=1e-05, momentum=0.1, affine=True, track_running_stats=True)
      )
      (pool_proj): Linear(in_features=128, out_features=128, bias=True)
    )
  )
  (protein_encoders): ModuleList(
    (0): ProteinCNNEncoder(
      (embedding): Embedding(21, 128, padding_idx=0)
      (conv_blocks): ModuleList(
        (0): Sequential(
          (0): Conv1d(128, 64, kernel_size=(3,), stride=(1,), padding=(1,))
          (1): BatchNorm1d(64, eps=1e-05, momentum=0.1, affine=True, track_running_stats=True)
          (2): ReLU()
          (3): Conv1d(64, 64, kernel_size=(3,), stride=(1,), padding=(1,))
          (4): BatchNorm1d(64, eps=1e-05, momentum=0.1, affine=True, track_running_stats=True)
          (5): ReLU()
        )
        (1): Sequential(
          (0): Conv1d(128, 64, kernel_size=(7,), stride=(1,), padding=(3,))
          (1): BatchNorm1d(64, eps=1e-05, momentum=0.1, affine=True, track_running_stats=True)
          (2): ReLU()
          (3): Conv1d(64, 64, kernel_size=(7,), stride=(1,), padding=(3,))
          (4): BatchNorm1d(64, eps=1e-05, momentum=0.1, affine=True, track_running_stats=True)
          (5): ReLU()
        )
        (2): Sequential(
          (0): Conv1d(128, 64, kernel_size=(15,), stride=(1,), padding=(7,))
          (1): BatchNorm1d(64, eps=1e-05, momentum=0.1, affine=True, track_running_stats=True)
          (2): ReLU()
          (3): Conv1d(64, 64, kernel_size=(15,), stride=(1,), padding=(7,))
          (4): BatchNorm1d(64, eps=1e-05, momentum=0.1, affine=True, track_running_stats=True)
          (5): ReLU()
        )
      )
    )
  )
  (fusion): MLPFusion(
    (classifier): Sequential(
      (0): Linear(in_features=448, out_features=128, bias=True)
      (1): BatchNorm1d(128, eps=1e-05, momentum=0.1, affine=True, track_running_stats=True)
      (2): ReLU()
      (3): Dropout(p=0.5, inplace=False)
      (4): Linear(in_features=128, out_features=32, bias=True)
      (5): BatchNorm1d(32, eps=1e-05, momentum=0.1, affine=True, track_running_stats=True)
      (6): ReLU()
      (7): Dropout(p=0.5, inplace=False)
      (8): Linear(in_features=32, out_features=1, bias=True)
    )
  )
)
Epoch 001 | time=3.6s | train_loss=0.6030 | val_loss=0.6306 | val_auc=0.7052
  ✓ New best model (epoch 1, val_loss=0.6306, val_auc=0.7052) saved to checkpoints/fp_lincs_graph_vs_cnn_seed123.pt
Epoch 002 | time=2.9s | train_loss=0.5019 | val_loss=0.6122 | val_auc=0.7299
  ✓ New best model (epoch 2, val_loss=0.6122, val_auc=0.7299) saved to checkpoints/fp_lincs_graph_vs_cnn_seed123.pt
Epoch 003 | time=2.9s | train_loss=0.4514 | val_loss=0.5874 | val_auc=0.7609
  ✓ New best model (epoch 3, val_loss=0.5874, val_auc=0.7609) saved to checkpoints/fp_lincs_graph_vs_cnn_seed123.pt
Epoch 004 | time=2.9s | train_loss=0.4150 | val_loss=0.5829 | val_auc=0.7653
  ✓ New best model (epoch 4, val_loss=0.5829, val_auc=0.7653) saved to checkpoints/fp_lincs_graph_vs_cnn_seed123.pt
Epoch 005 | time=2.9s | train_loss=0.3823 | val_loss=0.5654 | val_auc=0.7875
  ✓ New best model (epoch 5, val_loss=0.5654, val_auc=0.7875) saved to checkpoints/fp_lincs_graph_vs_cnn_seed123.pt
Epoch 006 | time=2.9s | train_loss=0.3564 | val_loss=0.5688 | val_auc=0.7844
Epoch 007 | time=2.9s | train_loss=0.3350 | val_loss=0.5547 | val_auc=0.7990
  ✓ New best model (epoch 7, val_loss=0.5547, val_auc=0.7990) saved to checkpoints/fp_lincs_graph_vs_cnn_seed123.pt
Epoch 008 | time=2.9s | train_loss=0.3160 | val_loss=0.5729 | val_auc=0.7871
Epoch 009 | time=2.9s | train_loss=0.2959 | val_loss=0.5606 | val_auc=0.8014
  ✓ New best model (epoch 9, val_loss=0.5606, val_auc=0.8014) saved to checkpoints/fp_lincs_graph_vs_cnn_seed123.pt
Epoch 010 | time=2.9s | train_loss=0.2828 | val_loss=0.5598 | val_auc=0.7985
Epoch 011 | time=2.9s | train_loss=0.2673 | val_loss=0.5521 | val_auc=0.8113
  ✓ New best model (epoch 11, val_loss=0.5521, val_auc=0.8113) saved to checkpoints/fp_lincs_graph_vs_cnn_seed123.pt
Epoch 012 | time=2.9s | train_loss=0.2554 | val_loss=0.5597 | val_auc=0.8054
Epoch 013 | time=2.9s | train_loss=0.2439 | val_loss=0.5616 | val_auc=0.8090
Epoch 014 | time=2.9s | train_loss=0.2362 | val_loss=0.5748 | val_auc=0.8054
Epoch 015 | time=2.9s | train_loss=0.2248 | val_loss=0.5846 | val_auc=0.7984
Epoch 016 | time=2.9s | train_loss=0.2176 | val_loss=0.5785 | val_auc=0.8090
Epoch 017 | time=2.9s | train_loss=0.2090 | val_loss=0.5782 | val_auc=0.8157
  ✓ New best model (epoch 17, val_loss=0.5782, val_auc=0.8157) saved to checkpoints/fp_lincs_graph_vs_cnn_seed123.pt
Epoch 018 | time=2.9s | train_loss=0.1957 | val_loss=0.5725 | val_auc=0.8207
  ✓ New best model (epoch 18, val_loss=0.5725, val_auc=0.8207) saved to checkpoints/fp_lincs_graph_vs_cnn_seed123.pt
Epoch 019 | time=3.1s | train_loss=0.1892 | val_loss=0.5729 | val_auc=0.8201
Epoch 020 | time=2.9s | train_loss=0.1857 | val_loss=0.5694 | val_auc=0.8246
  ✓ New best model (epoch 20, val_loss=0.5694, val_auc=0.8246) saved to checkpoints/fp_lincs_graph_vs_cnn_seed123.pt
Epoch 021 | time=2.9s | train_loss=0.1830 | val_loss=0.5793 | val_auc=0.8177
Epoch 022 | time=8.5s | train_loss=0.1788 | val_loss=0.5823 | val_auc=0.8231
Epoch 023 | time=9.8s | train_loss=0.1741 | val_loss=0.5932 | val_auc=0.8167
Epoch 024 | time=2.9s | train_loss=0.1699 | val_loss=0.5877 | val_auc=0.8198
Epoch 025 | time=2.9s | train_loss=0.1697 | val_loss=0.5883 | val_auc=0.8217
Epoch 026 | time=2.9s | train_loss=0.1654 | val_loss=0.5893 | val_auc=0.8208
Epoch 027 | time=7.9s | train_loss=0.1638 | val_loss=0.5835 | val_auc=0.8265
  ✓ New best model (epoch 27, val_loss=0.5835, val_auc=0.8265) saved to checkpoints/fp_lincs_graph_vs_cnn_seed123.pt
Epoch 028 | time=4.8s | train_loss=0.1600 | val_loss=0.5951 | val_auc=0.8220
Epoch 029 | time=2.9s | train_loss=0.1626 | val_loss=0.5909 | val_auc=0.8236
Epoch 030 | time=2.9s | train_loss=0.1564 | val_loss=0.5932 | val_auc=0.8243
Epoch 031 | time=2.9s | train_loss=0.1550 | val_loss=0.5887 | val_auc=0.8242
Epoch 032 | time=2.9s | train_loss=0.1551 | val_loss=0.5894 | val_auc=0.8271
  ✓ New best model (epoch 32, val_loss=0.5894, val_auc=0.8271) saved to checkpoints/fp_lincs_graph_vs_cnn_seed123.pt
Epoch 033 | time=2.9s | train_loss=0.1522 | val_loss=0.5967 | val_auc=0.8234
Epoch 034 | time=2.9s | train_loss=0.1522 | val_loss=0.5973 | val_auc=0.8224
Epoch 035 | time=2.9s | train_loss=0.1505 | val_loss=0.5989 | val_auc=0.8219
Epoch 036 | time=2.9s | train_loss=0.1495 | val_loss=0.5969 | val_auc=0.8225
Epoch 037 | time=2.9s | train_loss=0.1493 | val_loss=0.6019 | val_auc=0.8221
Epoch 038 | time=2.9s | train_loss=0.1488 | val_loss=0.6010 | val_auc=0.8220
Epoch 039 | time=2.9s | train_loss=0.1486 | val_loss=0.5979 | val_auc=0.8253
Epoch 040 | time=2.9s | train_loss=0.1487 | val_loss=0.5982 | val_auc=0.8254
Epoch 041 | time=2.9s | train_loss=0.1457 | val_loss=0.6011 | val_auc=0.8236
Epoch 042 | time=2.9s | train_loss=0.1461 | val_loss=0.5990 | val_auc=0.8246
Early stopping — no improvement for 10 epochs

Best model: epoch 32, val_loss=0.5990, val_auc=0.8271

═══ Test Results ═══
           auc: 0.7384
         auprc: 0.6819
            f1: 0.6621
     precision: 0.6268
        recall: 0.7017
          loss: 0.7511
