Uninstalled 1 package in 7ms
Installed 1 package in 10ms
/net/storage/pr3/plgrid/plggmlcil/plgkstankie/vvv/Multimodal-models-for-predicting-drug-target-interactions/.venv/lib/python3.11/site-packages/outdated/__init__.py:36: UserWarning: pkg_resources is deprecated as an API. See https://setuptools.pypa.io/en/latest/pkg_resources.html. The pkg_resources package is slated for removal as early as 2025-11-30. Refrain from using this package or pin to Setuptools<81.
  from pkg_resources import parse_version
Setting global random seed to 1024
Using device: cuda
Loading clean data from: /net/storage/pr3/plgrid/plggmlcil/plgkstankie/vvv/Multimodal-models-for-predicting-drug-target-interactions/src/datasets/lincs_balanced.parquet
Dataset size: 27498
Split strategy: scaffold
Train: 19558  Val: 2885  Test: 5055
SMILES encoders:  ['GCNEncoder']
Protein encoders: ['ProteinCNNEncoder']
Building graph cache for 1264 SMILES...
  0%|          | 0/1264 [00:00<?, ?it/s] 18%|█▊        | 229/1264 [00:00<00:00, 2282.98it/s] 36%|███▌      | 458/1264 [00:00<00:00, 2262.58it/s] 54%|█████▍    | 685/1264 [00:00<00:00, 2260.51it/s] 73%|███████▎  | 917/1264 [00:00<00:00, 2283.31it/s] 92%|█████████▏| 1163/1264 [00:00<00:00, 2345.86it/s]100%|██████████| 1264/1264 [00:00<00:00, 2337.04it/s]
Valid SMILES graphs: 1264
MultimodalDTI(
  (smiles_encoders): ModuleList(
    (0): GCNEncoder(
      (atom_encoder): AtomEncoder(
        (atom_embedding_list): ModuleList(
          (0): Embedding(119, 128)
          (1): Embedding(5, 128)
          (2-3): 2 x Embedding(12, 128)
          (4): Embedding(10, 128)
          (5-6): 2 x Embedding(6, 128)
          (7-8): 2 x Embedding(2, 128)
        )
      )
      (convs): ModuleList(
        (0-2): 3 x GCNConv(128, 128)
      )
      (bns): ModuleList(
        (0-2): 3 x BatchNorm1d(128, eps=1e-05, momentum=0.1, affine=True, track_running_stats=True)
      )
    )
  )
  (protein_encoders): ModuleList(
    (0): ProteinCNNEncoder(
      (embedding): Embedding(21, 128, padding_idx=0)
      (conv_blocks): ModuleList(
        (0): Sequential(
          (0): Conv1d(128, 64, kernel_size=(3,), stride=(1,), padding=(1,))
          (1): BatchNorm1d(64, eps=1e-05, momentum=0.1, affine=True, track_running_stats=True)
          (2): ReLU()
          (3): Conv1d(64, 64, kernel_size=(3,), stride=(1,), padding=(1,))
          (4): BatchNorm1d(64, eps=1e-05, momentum=0.1, affine=True, track_running_stats=True)
          (5): ReLU()
        )
        (1): Sequential(
          (0): Conv1d(128, 64, kernel_size=(7,), stride=(1,), padding=(3,))
          (1): BatchNorm1d(64, eps=1e-05, momentum=0.1, affine=True, track_running_stats=True)
          (2): ReLU()
          (3): Conv1d(64, 64, kernel_size=(7,), stride=(1,), padding=(3,))
          (4): BatchNorm1d(64, eps=1e-05, momentum=0.1, affine=True, track_running_stats=True)
          (5): ReLU()
        )
        (2): Sequential(
          (0): Conv1d(128, 64, kernel_size=(15,), stride=(1,), padding=(7,))
          (1): BatchNorm1d(64, eps=1e-05, momentum=0.1, affine=True, track_running_stats=True)
          (2): ReLU()
          (3): Conv1d(64, 64, kernel_size=(15,), stride=(1,), padding=(7,))
          (4): BatchNorm1d(64, eps=1e-05, momentum=0.1, affine=True, track_running_stats=True)
          (5): ReLU()
        )
      )
    )
  )
  (fusion): MLPFusion(
    (classifier): Sequential(
      (0): Linear(in_features=320, out_features=128, bias=True)
      (1): BatchNorm1d(128, eps=1e-05, momentum=0.1, affine=True, track_running_stats=True)
      (2): ReLU()
      (3): Dropout(p=0.5, inplace=False)
      (4): Linear(in_features=128, out_features=32, bias=True)
      (5): BatchNorm1d(32, eps=1e-05, momentum=0.1, affine=True, track_running_stats=True)
      (6): ReLU()
      (7): Dropout(p=0.5, inplace=False)
      (8): Linear(in_features=32, out_features=1, bias=True)
    )
  )
)
Epoch 001 | time=3.1s | train_loss=0.6854 | val_loss=0.6680 | val_auc=0.6889
  ✓ New best model (epoch 1, val_loss=0.6680, val_auc=0.6889) saved to checkpoints/gcn_vs_cnn_seed1024.pt
Epoch 002 | time=2.3s | train_loss=0.5946 | val_loss=0.6265 | val_auc=0.7263
  ✓ New best model (epoch 2, val_loss=0.6265, val_auc=0.7263) saved to checkpoints/gcn_vs_cnn_seed1024.pt
Epoch 003 | time=2.3s | train_loss=0.5226 | val_loss=0.5864 | val_auc=0.7682
  ✓ New best model (epoch 3, val_loss=0.5864, val_auc=0.7682) saved to checkpoints/gcn_vs_cnn_seed1024.pt
Epoch 004 | time=10.6s | train_loss=0.4761 | val_loss=0.5775 | val_auc=0.7744
  ✓ New best model (epoch 4, val_loss=0.5775, val_auc=0.7744) saved to checkpoints/gcn_vs_cnn_seed1024.pt
Epoch 005 | time=2.4s | train_loss=0.4415 | val_loss=0.5567 | val_auc=0.7939
  ✓ New best model (epoch 5, val_loss=0.5567, val_auc=0.7939) saved to checkpoints/gcn_vs_cnn_seed1024.pt
Epoch 006 | time=2.4s | train_loss=0.4135 | val_loss=0.5553 | val_auc=0.7891
Epoch 007 | time=2.4s | train_loss=0.3928 | val_loss=0.5362 | val_auc=0.8071
  ✓ New best model (epoch 7, val_loss=0.5362, val_auc=0.8071) saved to checkpoints/gcn_vs_cnn_seed1024.pt
Epoch 008 | time=3.7s | train_loss=0.3735 | val_loss=0.5371 | val_auc=0.8076
  ✓ New best model (epoch 8, val_loss=0.5371, val_auc=0.8076) saved to checkpoints/gcn_vs_cnn_seed1024.pt
Epoch 009 | time=2.4s | train_loss=0.3581 | val_loss=0.5238 | val_auc=0.8158
  ✓ New best model (epoch 9, val_loss=0.5238, val_auc=0.8158) saved to checkpoints/gcn_vs_cnn_seed1024.pt
Epoch 010 | time=2.4s | train_loss=0.3404 | val_loss=0.5289 | val_auc=0.8132
Epoch 011 | time=2.4s | train_loss=0.3273 | val_loss=0.5224 | val_auc=0.8178
  ✓ New best model (epoch 11, val_loss=0.5224, val_auc=0.8178) saved to checkpoints/gcn_vs_cnn_seed1024.pt
Epoch 012 | time=3.8s | train_loss=0.3152 | val_loss=0.5159 | val_auc=0.8233
  ✓ New best model (epoch 12, val_loss=0.5159, val_auc=0.8233) saved to checkpoints/gcn_vs_cnn_seed1024.pt
Epoch 013 | time=2.4s | train_loss=0.3025 | val_loss=0.5193 | val_auc=0.8238
  ✓ New best model (epoch 13, val_loss=0.5193, val_auc=0.8238) saved to checkpoints/gcn_vs_cnn_seed1024.pt
Epoch 014 | time=2.3s | train_loss=0.2919 | val_loss=0.5182 | val_auc=0.8256
  ✓ New best model (epoch 14, val_loss=0.5182, val_auc=0.8256) saved to checkpoints/gcn_vs_cnn_seed1024.pt
Epoch 015 | time=2.4s | train_loss=0.2854 | val_loss=0.5136 | val_auc=0.8278
  ✓ New best model (epoch 15, val_loss=0.5136, val_auc=0.8278) saved to checkpoints/gcn_vs_cnn_seed1024.pt
Epoch 016 | time=2.3s | train_loss=0.2739 | val_loss=0.5117 | val_auc=0.8310
  ✓ New best model (epoch 16, val_loss=0.5117, val_auc=0.8310) saved to checkpoints/gcn_vs_cnn_seed1024.pt
Epoch 017 | time=2.3s | train_loss=0.2652 | val_loss=0.5124 | val_auc=0.8324
  ✓ New best model (epoch 17, val_loss=0.5124, val_auc=0.8324) saved to checkpoints/gcn_vs_cnn_seed1024.pt
Epoch 018 | time=2.4s | train_loss=0.2616 | val_loss=0.5055 | val_auc=0.8364
  ✓ New best model (epoch 18, val_loss=0.5055, val_auc=0.8364) saved to checkpoints/gcn_vs_cnn_seed1024.pt
Epoch 019 | time=2.5s | train_loss=0.2539 | val_loss=0.5114 | val_auc=0.8337
Epoch 020 | time=2.5s | train_loss=0.2474 | val_loss=0.5094 | val_auc=0.8370
  ✓ New best model (epoch 20, val_loss=0.5094, val_auc=0.8370) saved to checkpoints/gcn_vs_cnn_seed1024.pt
Epoch 021 | time=2.5s | train_loss=0.2419 | val_loss=0.5048 | val_auc=0.8380
  ✓ New best model (epoch 21, val_loss=0.5048, val_auc=0.8380) saved to checkpoints/gcn_vs_cnn_seed1024.pt
Epoch 022 | time=2.3s | train_loss=0.2319 | val_loss=0.5133 | val_auc=0.8375
Epoch 023 | time=2.4s | train_loss=0.2297 | val_loss=0.5206 | val_auc=0.8381
  ✓ New best model (epoch 23, val_loss=0.5206, val_auc=0.8381) saved to checkpoints/gcn_vs_cnn_seed1024.pt
Epoch 024 | time=2.3s | train_loss=0.2242 | val_loss=0.5162 | val_auc=0.8388
  ✓ New best model (epoch 24, val_loss=0.5162, val_auc=0.8388) saved to checkpoints/gcn_vs_cnn_seed1024.pt
Epoch 025 | time=2.3s | train_loss=0.2210 | val_loss=0.5115 | val_auc=0.8418
  ✓ New best model (epoch 25, val_loss=0.5115, val_auc=0.8418) saved to checkpoints/gcn_vs_cnn_seed1024.pt
Epoch 026 | time=2.3s | train_loss=0.2167 | val_loss=0.5039 | val_auc=0.8479
  ✓ New best model (epoch 26, val_loss=0.5039, val_auc=0.8479) saved to checkpoints/gcn_vs_cnn_seed1024.pt
Epoch 027 | time=2.3s | train_loss=0.2097 | val_loss=0.5034 | val_auc=0.8498
  ✓ New best model (epoch 27, val_loss=0.5034, val_auc=0.8498) saved to checkpoints/gcn_vs_cnn_seed1024.pt
Epoch 028 | time=2.4s | train_loss=0.2071 | val_loss=0.5169 | val_auc=0.8434
Epoch 029 | time=2.4s | train_loss=0.1969 | val_loss=0.5162 | val_auc=0.8461
Epoch 030 | time=2.3s | train_loss=0.1995 | val_loss=0.5218 | val_auc=0.8430
Epoch 031 | time=2.4s | train_loss=0.1925 | val_loss=0.5150 | val_auc=0.8478
Epoch 032 | time=2.4s | train_loss=0.1871 | val_loss=0.5275 | val_auc=0.8440
Epoch 033 | time=2.3s | train_loss=0.1896 | val_loss=0.5381 | val_auc=0.8424
Epoch 034 | time=2.3s | train_loss=0.1740 | val_loss=0.5177 | val_auc=0.8514
  ✓ New best model (epoch 34, val_loss=0.5177, val_auc=0.8514) saved to checkpoints/gcn_vs_cnn_seed1024.pt
Epoch 035 | time=2.4s | train_loss=0.1683 | val_loss=0.5163 | val_auc=0.8526
  ✓ New best model (epoch 35, val_loss=0.5163, val_auc=0.8526) saved to checkpoints/gcn_vs_cnn_seed1024.pt
Epoch 036 | time=2.3s | train_loss=0.1666 | val_loss=0.5267 | val_auc=0.8490
Epoch 037 | time=2.4s | train_loss=0.1670 | val_loss=0.5266 | val_auc=0.8486
Epoch 038 | time=2.3s | train_loss=0.1668 | val_loss=0.5332 | val_auc=0.8474
Epoch 039 | time=2.3s | train_loss=0.1631 | val_loss=0.5244 | val_auc=0.8512
Epoch 040 | time=2.3s | train_loss=0.1569 | val_loss=0.5276 | val_auc=0.8520
Epoch 041 | time=2.3s | train_loss=0.1536 | val_loss=0.5278 | val_auc=0.8522
Epoch 042 | time=2.3s | train_loss=0.1547 | val_loss=0.5308 | val_auc=0.8522
Epoch 043 | time=2.4s | train_loss=0.1555 | val_loss=0.5250 | val_auc=0.8534
  ✓ New best model (epoch 43, val_loss=0.5250, val_auc=0.8534) saved to checkpoints/gcn_vs_cnn_seed1024.pt
Epoch 044 | time=2.3s | train_loss=0.1516 | val_loss=0.5292 | val_auc=0.8541
  ✓ New best model (epoch 44, val_loss=0.5292, val_auc=0.8541) saved to checkpoints/gcn_vs_cnn_seed1024.pt
Epoch 045 | time=2.4s | train_loss=0.1495 | val_loss=0.5282 | val_auc=0.8528
Epoch 046 | time=2.3s | train_loss=0.1502 | val_loss=0.5307 | val_auc=0.8535
Epoch 047 | time=2.4s | train_loss=0.1484 | val_loss=0.5269 | val_auc=0.8534
Epoch 048 | time=2.4s | train_loss=0.1481 | val_loss=0.5353 | val_auc=0.8529
Epoch 049 | time=2.3s | train_loss=0.1457 | val_loss=0.5240 | val_auc=0.8558
  ✓ New best model (epoch 49, val_loss=0.5240, val_auc=0.8558) saved to checkpoints/gcn_vs_cnn_seed1024.pt
Epoch 050 | time=2.4s | train_loss=0.1455 | val_loss=0.5261 | val_auc=0.8559
  ✓ New best model (epoch 50, val_loss=0.5261, val_auc=0.8559) saved to checkpoints/gcn_vs_cnn_seed1024.pt
Epoch 051 | time=2.4s | train_loss=0.1446 | val_loss=0.5310 | val_auc=0.8543
Epoch 052 | time=2.3s | train_loss=0.1443 | val_loss=0.5265 | val_auc=0.8554
Epoch 053 | time=2.3s | train_loss=0.1438 | val_loss=0.5356 | val_auc=0.8539
Epoch 054 | time=2.3s | train_loss=0.1405 | val_loss=0.5339 | val_auc=0.8546
Epoch 055 | time=2.3s | train_loss=0.1422 | val_loss=0.5344 | val_auc=0.8550
Epoch 056 | time=2.3s | train_loss=0.1415 | val_loss=0.5336 | val_auc=0.8556
Epoch 057 | time=2.4s | train_loss=0.1405 | val_loss=0.5327 | val_auc=0.8551
Epoch 058 | time=2.3s | train_loss=0.1392 | val_loss=0.5318 | val_auc=0.8545
Epoch 059 | time=2.3s | train_loss=0.1410 | val_loss=0.5340 | val_auc=0.8544
Epoch 060 | time=2.3s | train_loss=0.1402 | val_loss=0.5339 | val_auc=0.8556
Early stopping — no improvement for 10 epochs

Best model: epoch 50, val_loss=0.5339, val_auc=0.8559

═══ Test Results ═══
           auc: 0.7148
         auprc: 0.6688
            f1: 0.5861
     precision: 0.6026
        recall: 0.5705
          loss: 0.8861
