Uninstalled 1 package in 6ms
Installed 1 package in 10ms
/net/storage/pr3/plgrid/plggmlcil/plgkstankie/vvv/Multimodal-models-for-predicting-drug-target-interactions/.venv/lib/python3.11/site-packages/outdated/__init__.py:36: UserWarning: pkg_resources is deprecated as an API. See https://setuptools.pypa.io/en/latest/pkg_resources.html. The pkg_resources package is slated for removal as early as 2025-11-30. Refrain from using this package or pin to Setuptools<81.
  from pkg_resources import parse_version
Setting global random seed to 1024
Using device: cuda
Loading clean data from: /net/storage/pr3/plgrid/plggmlcil/plgkstankie/vvv/Multimodal-models-for-predicting-drug-target-interactions/src/datasets/lincs_balanced.parquet
Dataset size: 27498
Split strategy: cold_target
  K3 cold-target split: 900 train proteins, 124 val proteins, 195 test proteins
Train: 19163  Val: 3874  Test: 4461
ChemBERTProcessor: loaded 236379 embeddings (dim=768) from /net/storage/pr3/plgrid/plggmlcil/plgkstankie/vvv/Multimodal-models-for-predicting-drug-target-interactions/src/datasets/ChemBERTa-zinc-base-v1.pt
Fitting MinMaxScaler on 1264 cached RDKit descriptors...
ESM2Processor: loaded 3580 embeddings (dim=1280) from /net/storage/pr3/plgrid/plggmlcil/plgkstankie/vvv/Multimodal-models-for-predicting-drug-target-interactions/src/datasets/esm2_t33_650M_UR50D.pt
SMILES encoders:  ['GCNEncoder', 'ChemBERTEncoder', 'FingerprintMLPEncoder', 'RDKitDescriptorEncoder', 'LincsGraphEncoder']
Protein encoders: ['ProteinCNNEncoder', 'ESM2Encoder']
Building graph cache for 1264 SMILES...
  0%|          | 0/1264 [00:00<?, ?it/s] 19%|█▉        | 238/1264 [00:00<00:00, 2375.67it/s] 38%|███▊      | 476/1264 [00:00<00:00, 2329.04it/s] 56%|█████▌    | 709/1264 [00:00<00:00, 2293.54it/s] 74%|███████▍  | 941/1264 [00:00<00:00, 2302.51it/s] 94%|█████████▍| 1193/1264 [00:00<00:00, 2379.02it/s]100%|██████████| 1264/1264 [00:00<00:00, 2366.20it/s]
Valid SMILES graphs: 1264
MultimodalDTI(
  (smiles_encoders): ModuleList(
    (0): GCNEncoder(
      (atom_encoder): AtomEncoder(
        (atom_embedding_list): ModuleList(
          (0): Embedding(119, 128)
          (1): Embedding(5, 128)
          (2-3): 2 x Embedding(12, 128)
          (4): Embedding(10, 128)
          (5-6): 2 x Embedding(6, 128)
          (7-8): 2 x Embedding(2, 128)
        )
      )
      (convs): ModuleList(
        (0-2): 3 x GCNConv(128, 128)
      )
      (bns): ModuleList(
        (0-2): 3 x BatchNorm1d(128, eps=1e-05, momentum=0.1, affine=True, track_running_stats=True)
      )
    )
    (1): ChemBERTEncoder(
      (projection): Sequential(
        (0): Linear(in_features=768, out_features=256, bias=True)
        (1): LayerNorm((256,), eps=1e-05, elementwise_affine=True)
        (2): ReLU()
      )
    )
    (2): FingerprintMLPEncoder(
      (mlp): Sequential(
        (0): Linear(in_features=1024, out_features=256, bias=True)
        (1): BatchNorm1d(256, eps=1e-05, momentum=0.1, affine=True, track_running_stats=True)
        (2): ReLU()
        (3): Dropout(p=0.5, inplace=False)
        (4): Linear(in_features=256, out_features=128, bias=True)
        (5): BatchNorm1d(128, eps=1e-05, momentum=0.1, affine=True, track_running_stats=True)
        (6): ReLU()
      )
    )
    (3): RDKitDescriptorEncoder(
      (mlp): Sequential(
        (0): Linear(in_features=210, out_features=128, bias=True)
        (1): BatchNorm1d(128, eps=1e-05, momentum=0.1, affine=True, track_running_stats=True)
        (2): ReLU()
        (3): Dropout(p=0.5, inplace=False)
        (4): Linear(in_features=128, out_features=128, bias=True)
        (5): BatchNorm1d(128, eps=1e-05, momentum=0.1, affine=True, track_running_stats=True)
        (6): ReLU()
      )
    )
    (4): LincsGraphEncoder(
      (proj): Linear(in_features=1, out_features=128, bias=True)
      (convs): ModuleList(
        (0-1): 2 x DenseGCNConv(
          (linear): Linear(in_features=128, out_features=128, bias=False)
        )
      )
      (bns): ModuleList(
        (0-1): 2 x BatchNorm1d(128, eps=1e-05, momentum=0.1, affine=True, track_running_stats=True)
      )
      (pool_proj): Linear(in_features=128, out_features=128, bias=True)
    )
  )
  (protein_encoders): ModuleList(
    (0): ProteinCNNEncoder(
      (embedding): Embedding(21, 128, padding_idx=0)
      (conv_blocks): ModuleList(
        (0): Sequential(
          (0): Conv1d(128, 64, kernel_size=(3,), stride=(1,), padding=(1,))
          (1): BatchNorm1d(64, eps=1e-05, momentum=0.1, affine=True, track_running_stats=True)
          (2): ReLU()
          (3): Conv1d(64, 64, kernel_size=(3,), stride=(1,), padding=(1,))
          (4): BatchNorm1d(64, eps=1e-05, momentum=0.1, affine=True, track_running_stats=True)
          (5): ReLU()
        )
        (1): Sequential(
          (0): Conv1d(128, 64, kernel_size=(7,), stride=(1,), padding=(3,))
          (1): BatchNorm1d(64, eps=1e-05, momentum=0.1, affine=True, track_running_stats=True)
          (2): ReLU()
          (3): Conv1d(64, 64, kernel_size=(7,), stride=(1,), padding=(3,))
          (4): BatchNorm1d(64, eps=1e-05, momentum=0.1, affine=True, track_running_stats=True)
          (5): ReLU()
        )
        (2): Sequential(
          (0): Conv1d(128, 64, kernel_size=(15,), stride=(1,), padding=(7,))
          (1): BatchNorm1d(64, eps=1e-05, momentum=0.1, affine=True, track_running_stats=True)
          (2): ReLU()
          (3): Conv1d(64, 64, kernel_size=(15,), stride=(1,), padding=(7,))
          (4): BatchNorm1d(64, eps=1e-05, momentum=0.1, affine=True, track_running_stats=True)
          (5): ReLU()
        )
      )
    )
    (1): ESM2Encoder(
      (projection): Sequential(
        (0): Linear(in_features=1280, out_features=128, bias=True)
        (1): LayerNorm((128,), eps=1e-05, elementwise_affine=True)
        (2): ReLU()
      )
    )
  )
  (fusion): MLPFusion(
    (classifier): Sequential(
      (0): Linear(in_features=1088, out_features=128, bias=True)
      (1): BatchNorm1d(128, eps=1e-05, momentum=0.1, affine=True, track_running_stats=True)
      (2): ReLU()
      (3): Dropout(p=0.5, inplace=False)
      (4): Linear(in_features=128, out_features=32, bias=True)
      (5): BatchNorm1d(32, eps=1e-05, momentum=0.1, affine=True, track_running_stats=True)
      (6): ReLU()
      (7): Dropout(p=0.5, inplace=False)
      (8): Linear(in_features=32, out_features=1, bias=True)
    )
  )
)
Epoch 001 | time=6.3s | train_loss=0.6526 | val_loss=0.6731 | val_auc=0.5806
  ✓ New best model (epoch 1, val_loss=0.6731, val_auc=0.5806) saved to checkpoints/gcn_chemberta_fp_lincs_graph_rdkit_vs_cnn_esm2_seed1024.pt
Epoch 002 | time=5.0s | train_loss=0.5405 | val_loss=0.6657 | val_auc=0.6070
  ✓ New best model (epoch 2, val_loss=0.6657, val_auc=0.6070) saved to checkpoints/gcn_chemberta_fp_lincs_graph_rdkit_vs_cnn_esm2_seed1024.pt
Epoch 003 | time=3.9s | train_loss=0.4722 | val_loss=0.6564 | val_auc=0.6343
  ✓ New best model (epoch 3, val_loss=0.6564, val_auc=0.6343) saved to checkpoints/gcn_chemberta_fp_lincs_graph_rdkit_vs_cnn_esm2_seed1024.pt
Epoch 004 | time=3.9s | train_loss=0.4280 | val_loss=0.6593 | val_auc=0.6328
Epoch 005 | time=3.9s | train_loss=0.3970 | val_loss=0.6641 | val_auc=0.6409
  ✓ New best model (epoch 5, val_loss=0.6641, val_auc=0.6409) saved to checkpoints/gcn_chemberta_fp_lincs_graph_rdkit_vs_cnn_esm2_seed1024.pt
Epoch 006 | time=3.8s | train_loss=0.3715 | val_loss=0.6716 | val_auc=0.6451
  ✓ New best model (epoch 6, val_loss=0.6716, val_auc=0.6451) saved to checkpoints/gcn_chemberta_fp_lincs_graph_rdkit_vs_cnn_esm2_seed1024.pt
Epoch 007 | time=3.9s | train_loss=0.3474 | val_loss=0.6933 | val_auc=0.6325
Epoch 008 | time=3.9s | train_loss=0.3292 | val_loss=0.7051 | val_auc=0.6347
Epoch 009 | time=3.9s | train_loss=0.3089 | val_loss=0.7208 | val_auc=0.6358
Epoch 010 | time=4.3s | train_loss=0.2937 | val_loss=0.7197 | val_auc=0.6449
Epoch 011 | time=3.8s | train_loss=0.2840 | val_loss=0.7436 | val_auc=0.6377
Epoch 012 | time=3.9s | train_loss=0.2730 | val_loss=0.7557 | val_auc=0.6292
Epoch 013 | time=3.8s | train_loss=0.2684 | val_loss=0.7608 | val_auc=0.6314
Epoch 014 | time=3.9s | train_loss=0.2619 | val_loss=0.7808 | val_auc=0.6281
Epoch 015 | time=3.8s | train_loss=0.2557 | val_loss=0.7927 | val_auc=0.6279
Epoch 016 | time=4.2s | train_loss=0.2454 | val_loss=0.8014 | val_auc=0.6189
Early stopping — no improvement for 10 epochs

Best model: epoch 6, val_loss=0.8014, val_auc=0.6451

═══ Test Results ═══
           auc: 0.7270
         auprc: 0.6622
            f1: 0.6443
     precision: 0.6478
        recall: 0.6409
          loss: 0.6109
