Uninstalled 1 package in 7ms
Installed 1 package in 12ms
/net/storage/pr3/plgrid/plggmlcil/plgkstankie/vvv/Multimodal-models-for-predicting-drug-target-interactions/.venv/lib/python3.11/site-packages/outdated/__init__.py:36: UserWarning: pkg_resources is deprecated as an API. See https://setuptools.pypa.io/en/latest/pkg_resources.html. The pkg_resources package is slated for removal as early as 2025-11-30. Refrain from using this package or pin to Setuptools<81.
  from pkg_resources import parse_version
Setting global random seed to 123
Using device: cuda
Loading clean data from: /net/storage/pr3/plgrid/plggmlcil/plgkstankie/vvv/Multimodal-models-for-predicting-drug-target-interactions/src/datasets/lincs_balanced.parquet
Dataset size: 27498
Split strategy: cold_both
  K4 cold-both split: train=13694, val=328, test=923
  Rows retained: 14945/27498 (54.3%)
Train: 13694  Val: 328  Test: 923
Fitting MinMaxScaler on 1264 cached RDKit descriptors...
SMILES encoders:  ['GCNEncoder', 'LincsGraphEncoder', 'RDKitDescriptorEncoder']
Protein encoders: ['ProteinCNNEncoder']
Building graph cache for 1264 SMILES...
  0%|          | 0/1264 [00:00<?, ?it/s] 19%|█▊        | 235/1264 [00:00<00:00, 2340.68it/s] 37%|███▋      | 470/1264 [00:00<00:00, 2287.02it/s] 55%|█████▌    | 699/1264 [00:00<00:00, 2247.50it/s] 73%|███████▎  | 926/1264 [00:00<00:00, 2252.77it/s] 92%|█████████▏| 1166/1264 [00:00<00:00, 2303.43it/s]100%|██████████| 1264/1264 [00:00<00:00, 2308.70it/s]
Valid SMILES graphs: 1264
MultimodalDTI(
  (smiles_encoders): ModuleList(
    (0): GCNEncoder(
      (atom_encoder): AtomEncoder(
        (atom_embedding_list): ModuleList(
          (0): Embedding(119, 128)
          (1): Embedding(5, 128)
          (2-3): 2 x Embedding(12, 128)
          (4): Embedding(10, 128)
          (5-6): 2 x Embedding(6, 128)
          (7-8): 2 x Embedding(2, 128)
        )
      )
      (convs): ModuleList(
        (0-2): 3 x GCNConv(128, 128)
      )
      (bns): ModuleList(
        (0-2): 3 x BatchNorm1d(128, eps=1e-05, momentum=0.1, affine=True, track_running_stats=True)
      )
    )
    (1): LincsGraphEncoder(
      (proj): Linear(in_features=1, out_features=128, bias=True)
      (convs): ModuleList(
        (0-1): 2 x DenseGCNConv(
          (linear): Linear(in_features=128, out_features=128, bias=False)
        )
      )
      (bns): ModuleList(
        (0-1): 2 x BatchNorm1d(128, eps=1e-05, momentum=0.1, affine=True, track_running_stats=True)
      )
      (pool_proj): Linear(in_features=128, out_features=128, bias=True)
    )
    (2): RDKitDescriptorEncoder(
      (mlp): Sequential(
        (0): Linear(in_features=210, out_features=256, bias=True)
        (1): BatchNorm1d(256, eps=1e-05, momentum=0.1, affine=True, track_running_stats=True)
        (2): ReLU()
        (3): Dropout(p=0.5, inplace=False)
        (4): Linear(in_features=256, out_features=128, bias=True)
        (5): BatchNorm1d(128, eps=1e-05, momentum=0.1, affine=True, track_running_stats=True)
        (6): ReLU()
      )
    )
  )
  (protein_encoders): ModuleList(
    (0): ProteinCNNEncoder(
      (embedding): Embedding(21, 128, padding_idx=0)
      (conv_blocks): ModuleList(
        (0): Sequential(
          (0): Conv1d(128, 64, kernel_size=(3,), stride=(1,), padding=(1,))
          (1): BatchNorm1d(64, eps=1e-05, momentum=0.1, affine=True, track_running_stats=True)
          (2): ReLU()
          (3): Conv1d(64, 64, kernel_size=(3,), stride=(1,), padding=(1,))
          (4): BatchNorm1d(64, eps=1e-05, momentum=0.1, affine=True, track_running_stats=True)
          (5): ReLU()
        )
        (1): Sequential(
          (0): Conv1d(128, 64, kernel_size=(7,), stride=(1,), padding=(3,))
          (1): BatchNorm1d(64, eps=1e-05, momentum=0.1, affine=True, track_running_stats=True)
          (2): ReLU()
          (3): Conv1d(64, 64, kernel_size=(7,), stride=(1,), padding=(3,))
          (4): BatchNorm1d(64, eps=1e-05, momentum=0.1, affine=True, track_running_stats=True)
          (5): ReLU()
        )
        (2): Sequential(
          (0): Conv1d(128, 64, kernel_size=(15,), stride=(1,), padding=(7,))
          (1): BatchNorm1d(64, eps=1e-05, momentum=0.1, affine=True, track_running_stats=True)
          (2): ReLU()
          (3): Conv1d(64, 64, kernel_size=(15,), stride=(1,), padding=(7,))
          (4): BatchNorm1d(64, eps=1e-05, momentum=0.1, affine=True, track_running_stats=True)
          (5): ReLU()
        )
      )
    )
  )
  (fusion): MLPFusion(
    (classifier): Sequential(
      (0): Linear(in_features=576, out_features=128, bias=True)
      (1): BatchNorm1d(128, eps=1e-05, momentum=0.1, affine=True, track_running_stats=True)
      (2): ReLU()
      (3): Dropout(p=0.5, inplace=False)
      (4): Linear(in_features=128, out_features=32, bias=True)
      (5): BatchNorm1d(32, eps=1e-05, momentum=0.1, affine=True, track_running_stats=True)
      (6): ReLU()
      (7): Dropout(p=0.5, inplace=False)
      (8): Linear(in_features=32, out_features=1, bias=True)
    )
  )
)
Epoch 001 | time=3.1s | train_loss=0.6614 | val_loss=0.6883 | val_auc=0.6055
  ✓ New best model (epoch 1, val_loss=0.6883, val_auc=0.6055) saved to checkpoints/gcn_lincs_graph_rdkit_vs_cnn_seed123.pt
Epoch 002 | time=2.3s | train_loss=0.5769 | val_loss=0.6653 | val_auc=0.6347
  ✓ New best model (epoch 2, val_loss=0.6653, val_auc=0.6347) saved to checkpoints/gcn_lincs_graph_rdkit_vs_cnn_seed123.pt
Epoch 003 | time=2.3s | train_loss=0.5098 | val_loss=0.6539 | val_auc=0.6569
  ✓ New best model (epoch 3, val_loss=0.6539, val_auc=0.6569) saved to checkpoints/gcn_lincs_graph_rdkit_vs_cnn_seed123.pt
Epoch 004 | time=2.3s | train_loss=0.4624 | val_loss=0.6451 | val_auc=0.6407
Epoch 005 | time=2.3s | train_loss=0.4314 | val_loss=0.6595 | val_auc=0.6330
Epoch 006 | time=2.4s | train_loss=0.4026 | val_loss=0.6497 | val_auc=0.6312
Epoch 007 | time=2.3s | train_loss=0.3841 | val_loss=0.6457 | val_auc=0.6231
Epoch 008 | time=2.3s | train_loss=0.3656 | val_loss=0.6531 | val_auc=0.6154
Epoch 009 | time=2.3s | train_loss=0.3490 | val_loss=0.6492 | val_auc=0.6287
Epoch 010 | time=2.3s | train_loss=0.3372 | val_loss=0.6504 | val_auc=0.6496
Epoch 011 | time=2.3s | train_loss=0.3219 | val_loss=0.6589 | val_auc=0.6327
Epoch 012 | time=2.3s | train_loss=0.3109 | val_loss=0.6530 | val_auc=0.6408
Epoch 013 | time=2.2s | train_loss=0.3080 | val_loss=0.6599 | val_auc=0.6339
Early stopping — no improvement for 10 epochs

Best model: epoch 3, val_loss=0.6599, val_auc=0.6569

═══ Test Results ═══
           auc: 0.4989
         auprc: 0.4857
            f1: 0.5502
     precision: 0.4981
        recall: 0.6143
          loss: 0.7414
