Uninstalled 1 package in 23ms
Installed 1 package in 48ms
/net/storage/pr3/plgrid/plggmlcil/plgkstankie/vvv/Multimodal-models-for-predicting-drug-target-interactions/.venv/lib/python3.11/site-packages/outdated/__init__.py:36: UserWarning: pkg_resources is deprecated as an API. See https://setuptools.pypa.io/en/latest/pkg_resources.html. The pkg_resources package is slated for removal as early as 2025-11-30. Refrain from using this package or pin to Setuptools<81.
  from pkg_resources import parse_version
Setting global random seed to 999
Using device: cuda
Loading clean data from: /net/storage/pr3/plgrid/plggmlcil/plgkstankie/vvv/Multimodal-models-for-predicting-drug-target-interactions/src/datasets/lincs_balanced.parquet
Dataset size: 27498
Split strategy: scaffold
Train: 19558  Val: 2885  Test: 5055
ESM2Processor: loaded 3580 embeddings (dim=1280) from /net/storage/pr3/plgrid/plggmlcil/plgkstankie/vvv/Multimodal-models-for-predicting-drug-target-interactions/src/datasets/esm2_t33_650M_UR50D.pt
SMILES encoders:  ['GCNEncoder']
Protein encoders: ['ProteinCNNEncoder', 'ESM2Encoder']
Building graph cache for 1264 SMILES...
  0%|          | 0/1264 [00:00<?, ?it/s] 19%|█▊        | 236/1264 [00:00<00:00, 2353.49it/s] 37%|███▋      | 472/1264 [00:00<00:00, 2287.10it/s] 55%|█████▌    | 701/1264 [00:00<00:00, 2230.61it/s] 73%|███████▎  | 927/1264 [00:00<00:00, 2237.94it/s] 92%|█████████▏| 1169/1264 [00:00<00:00, 2299.98it/s]100%|██████████| 1264/1264 [00:00<00:00, 2305.10it/s]
Valid SMILES graphs: 1264
MultimodalDTI(
  (smiles_encoders): ModuleList(
    (0): GCNEncoder(
      (atom_encoder): AtomEncoder(
        (atom_embedding_list): ModuleList(
          (0): Embedding(119, 128)
          (1): Embedding(5, 128)
          (2-3): 2 x Embedding(12, 128)
          (4): Embedding(10, 128)
          (5-6): 2 x Embedding(6, 128)
          (7-8): 2 x Embedding(2, 128)
        )
      )
      (convs): ModuleList(
        (0-2): 3 x GCNConv(128, 128)
      )
      (bns): ModuleList(
        (0-2): 3 x BatchNorm1d(128, eps=1e-05, momentum=0.1, affine=True, track_running_stats=True)
      )
    )
  )
  (protein_encoders): ModuleList(
    (0): ProteinCNNEncoder(
      (embedding): Embedding(21, 128, padding_idx=0)
      (conv_blocks): ModuleList(
        (0): Sequential(
          (0): Conv1d(128, 64, kernel_size=(3,), stride=(1,), padding=(1,))
          (1): BatchNorm1d(64, eps=1e-05, momentum=0.1, affine=True, track_running_stats=True)
          (2): ReLU()
          (3): Conv1d(64, 64, kernel_size=(3,), stride=(1,), padding=(1,))
          (4): BatchNorm1d(64, eps=1e-05, momentum=0.1, affine=True, track_running_stats=True)
          (5): ReLU()
        )
        (1): Sequential(
          (0): Conv1d(128, 64, kernel_size=(7,), stride=(1,), padding=(3,))
          (1): BatchNorm1d(64, eps=1e-05, momentum=0.1, affine=True, track_running_stats=True)
          (2): ReLU()
          (3): Conv1d(64, 64, kernel_size=(7,), stride=(1,), padding=(3,))
          (4): BatchNorm1d(64, eps=1e-05, momentum=0.1, affine=True, track_running_stats=True)
          (5): ReLU()
        )
        (2): Sequential(
          (0): Conv1d(128, 64, kernel_size=(15,), stride=(1,), padding=(7,))
          (1): BatchNorm1d(64, eps=1e-05, momentum=0.1, affine=True, track_running_stats=True)
          (2): ReLU()
          (3): Conv1d(64, 64, kernel_size=(15,), stride=(1,), padding=(7,))
          (4): BatchNorm1d(64, eps=1e-05, momentum=0.1, affine=True, track_running_stats=True)
          (5): ReLU()
        )
      )
    )
    (1): ESM2Encoder(
      (projection): Sequential(
        (0): Linear(in_features=1280, out_features=256, bias=True)
        (1): LayerNorm((256,), eps=1e-05, elementwise_affine=True)
        (2): ReLU()
      )
    )
  )
  (fusion): MLPFusion(
    (classifier): Sequential(
      (0): Linear(in_features=576, out_features=128, bias=True)
      (1): BatchNorm1d(128, eps=1e-05, momentum=0.1, affine=True, track_running_stats=True)
      (2): ReLU()
      (3): Dropout(p=0.3, inplace=False)
      (4): Linear(in_features=128, out_features=32, bias=True)
      (5): BatchNorm1d(32, eps=1e-05, momentum=0.1, affine=True, track_running_stats=True)
      (6): ReLU()
      (7): Dropout(p=0.3, inplace=False)
      (8): Linear(in_features=32, out_features=1, bias=True)
    )
  )
)
Epoch 001 | time=8.6s | train_loss=0.6059 | val_loss=0.6161 | val_auc=0.7363
  ✓ New best model (epoch 1, val_loss=0.6161, val_auc=0.7363) saved to checkpoints/gcn_vs_cnn_esm2_seed999.pt
Epoch 002 | time=2.4s | train_loss=0.4925 | val_loss=0.5769 | val_auc=0.7818
  ✓ New best model (epoch 2, val_loss=0.5769, val_auc=0.7818) saved to checkpoints/gcn_vs_cnn_esm2_seed999.pt
Epoch 003 | time=2.4s | train_loss=0.4342 | val_loss=0.5528 | val_auc=0.8017
  ✓ New best model (epoch 3, val_loss=0.5528, val_auc=0.8017) saved to checkpoints/gcn_vs_cnn_esm2_seed999.pt
Epoch 004 | time=2.4s | train_loss=0.3947 | val_loss=0.5363 | val_auc=0.8187
  ✓ New best model (epoch 4, val_loss=0.5363, val_auc=0.8187) saved to checkpoints/gcn_vs_cnn_esm2_seed999.pt
Epoch 005 | time=2.4s | train_loss=0.3650 | val_loss=0.5291 | val_auc=0.8195
  ✓ New best model (epoch 5, val_loss=0.5291, val_auc=0.8195) saved to checkpoints/gcn_vs_cnn_esm2_seed999.pt
Epoch 006 | time=2.5s | train_loss=0.3396 | val_loss=0.5153 | val_auc=0.8257
  ✓ New best model (epoch 6, val_loss=0.5153, val_auc=0.8257) saved to checkpoints/gcn_vs_cnn_esm2_seed999.pt
Epoch 007 | time=2.5s | train_loss=0.3194 | val_loss=0.5172 | val_auc=0.8255
Epoch 008 | time=2.4s | train_loss=0.3014 | val_loss=0.5138 | val_auc=0.8291
  ✓ New best model (epoch 8, val_loss=0.5138, val_auc=0.8291) saved to checkpoints/gcn_vs_cnn_esm2_seed999.pt
Epoch 009 | time=2.4s | train_loss=0.2837 | val_loss=0.4992 | val_auc=0.8372
  ✓ New best model (epoch 9, val_loss=0.4992, val_auc=0.8372) saved to checkpoints/gcn_vs_cnn_esm2_seed999.pt
Epoch 010 | time=2.4s | train_loss=0.2685 | val_loss=0.4860 | val_auc=0.8449
  ✓ New best model (epoch 10, val_loss=0.4860, val_auc=0.8449) saved to checkpoints/gcn_vs_cnn_esm2_seed999.pt
Epoch 011 | time=2.4s | train_loss=0.2557 | val_loss=0.4813 | val_auc=0.8459
  ✓ New best model (epoch 11, val_loss=0.4813, val_auc=0.8459) saved to checkpoints/gcn_vs_cnn_esm2_seed999.pt
Epoch 012 | time=2.5s | train_loss=0.2451 | val_loss=0.4809 | val_auc=0.8482
  ✓ New best model (epoch 12, val_loss=0.4809, val_auc=0.8482) saved to checkpoints/gcn_vs_cnn_esm2_seed999.pt
Epoch 013 | time=2.4s | train_loss=0.2342 | val_loss=0.4677 | val_auc=0.8535
  ✓ New best model (epoch 13, val_loss=0.4677, val_auc=0.8535) saved to checkpoints/gcn_vs_cnn_esm2_seed999.pt
Epoch 014 | time=2.4s | train_loss=0.2224 | val_loss=0.4829 | val_auc=0.8434
Epoch 015 | time=2.4s | train_loss=0.2145 | val_loss=0.4858 | val_auc=0.8441
Epoch 016 | time=2.4s | train_loss=0.2027 | val_loss=0.4659 | val_auc=0.8559
  ✓ New best model (epoch 16, val_loss=0.4659, val_auc=0.8559) saved to checkpoints/gcn_vs_cnn_esm2_seed999.pt
Epoch 017 | time=2.5s | train_loss=0.1968 | val_loss=0.4633 | val_auc=0.8619
  ✓ New best model (epoch 17, val_loss=0.4633, val_auc=0.8619) saved to checkpoints/gcn_vs_cnn_esm2_seed999.pt
Epoch 018 | time=2.4s | train_loss=0.1877 | val_loss=0.4632 | val_auc=0.8587
Epoch 019 | time=2.4s | train_loss=0.1809 | val_loss=0.4669 | val_auc=0.8590
Epoch 020 | time=2.4s | train_loss=0.1734 | val_loss=0.4775 | val_auc=0.8534
Epoch 021 | time=2.6s | train_loss=0.1677 | val_loss=0.4640 | val_auc=0.8624
  ✓ New best model (epoch 21, val_loss=0.4640, val_auc=0.8624) saved to checkpoints/gcn_vs_cnn_esm2_seed999.pt
Epoch 022 | time=2.4s | train_loss=0.1627 | val_loss=0.4626 | val_auc=0.8674
  ✓ New best model (epoch 22, val_loss=0.4626, val_auc=0.8674) saved to checkpoints/gcn_vs_cnn_esm2_seed999.pt
Epoch 023 | time=2.4s | train_loss=0.1566 | val_loss=0.4804 | val_auc=0.8582
Epoch 024 | time=2.4s | train_loss=0.1491 | val_loss=0.4949 | val_auc=0.8530
Epoch 025 | time=2.4s | train_loss=0.1472 | val_loss=0.4701 | val_auc=0.8647
Epoch 026 | time=2.4s | train_loss=0.1415 | val_loss=0.4672 | val_auc=0.8630
Epoch 027 | time=2.4s | train_loss=0.1365 | val_loss=0.4765 | val_auc=0.8609
Epoch 028 | time=2.4s | train_loss=0.1319 | val_loss=0.5065 | val_auc=0.8566
Epoch 029 | time=2.4s | train_loss=0.1227 | val_loss=0.4842 | val_auc=0.8629
Epoch 030 | time=2.4s | train_loss=0.1178 | val_loss=0.4842 | val_auc=0.8639
Epoch 031 | time=2.4s | train_loss=0.1158 | val_loss=0.4948 | val_auc=0.8623
Epoch 032 | time=2.4s | train_loss=0.1123 | val_loss=0.4844 | val_auc=0.8674
Early stopping — no improvement for 10 epochs

Best model: epoch 22, val_loss=0.4844, val_auc=0.8674

═══ Test Results ═══
           auc: 0.7137
         auprc: 0.6715
            f1: 0.5787
     precision: 0.6087
        recall: 0.5516
          loss: 0.7296
