Uninstalled 1 package in 6ms
Installed 1 package in 10ms
/net/storage/pr3/plgrid/plggmlcil/plgkstankie/vvv/Multimodal-models-for-predicting-drug-target-interactions/.venv/lib/python3.11/site-packages/outdated/__init__.py:36: UserWarning: pkg_resources is deprecated as an API. See https://setuptools.pypa.io/en/latest/pkg_resources.html. The pkg_resources package is slated for removal as early as 2025-11-30. Refrain from using this package or pin to Setuptools<81.
  from pkg_resources import parse_version
Setting global random seed to 2026
Using device: cuda
Loading clean data from: /net/storage/pr3/plgrid/plggmlcil/plgkstankie/vvv/Multimodal-models-for-predicting-drug-target-interactions/src/datasets/lincs_balanced.parquet
Dataset size: 27498
Split strategy: cold_target
  K3 cold-target split: 900 train proteins, 124 val proteins, 195 test proteins
Train: 19163  Val: 3874  Test: 4461
SMILES encoders:  ['GCNEncoder', 'FingerprintMLPEncoder', 'LincsGraphEncoder']
Protein encoders: ['ProteinCNNEncoder']
Building graph cache for 1264 SMILES...
  0%|          | 0/1264 [00:00<?, ?it/s] 19%|█▉        | 241/1264 [00:00<00:00, 2406.15it/s] 38%|███▊      | 482/1264 [00:00<00:00, 2356.56it/s] 57%|█████▋    | 718/1264 [00:00<00:00, 2316.56it/s] 75%|███████▌  | 952/1264 [00:00<00:00, 2323.24it/s] 95%|█████████▌| 1206/1264 [00:00<00:00, 2398.58it/s]100%|██████████| 1264/1264 [00:00<00:00, 2383.03it/s]
Valid SMILES graphs: 1264
MultimodalDTI(
  (smiles_encoders): ModuleList(
    (0): GCNEncoder(
      (atom_encoder): AtomEncoder(
        (atom_embedding_list): ModuleList(
          (0): Embedding(119, 128)
          (1): Embedding(5, 128)
          (2-3): 2 x Embedding(12, 128)
          (4): Embedding(10, 128)
          (5-6): 2 x Embedding(6, 128)
          (7-8): 2 x Embedding(2, 128)
        )
      )
      (convs): ModuleList(
        (0-2): 3 x GCNConv(128, 128)
      )
      (bns): ModuleList(
        (0-2): 3 x BatchNorm1d(128, eps=1e-05, momentum=0.1, affine=True, track_running_stats=True)
      )
    )
    (1): FingerprintMLPEncoder(
      (mlp): Sequential(
        (0): Linear(in_features=1024, out_features=256, bias=True)
        (1): BatchNorm1d(256, eps=1e-05, momentum=0.1, affine=True, track_running_stats=True)
        (2): ReLU()
        (3): Dropout(p=0.5, inplace=False)
        (4): Linear(in_features=256, out_features=128, bias=True)
        (5): BatchNorm1d(128, eps=1e-05, momentum=0.1, affine=True, track_running_stats=True)
        (6): ReLU()
      )
    )
    (2): LincsGraphEncoder(
      (proj): Linear(in_features=1, out_features=128, bias=True)
      (convs): ModuleList(
        (0-1): 2 x DenseGCNConv(
          (linear): Linear(in_features=128, out_features=128, bias=False)
        )
      )
      (bns): ModuleList(
        (0-1): 2 x BatchNorm1d(128, eps=1e-05, momentum=0.1, affine=True, track_running_stats=True)
      )
      (pool_proj): Linear(in_features=128, out_features=128, bias=True)
    )
  )
  (protein_encoders): ModuleList(
    (0): ProteinCNNEncoder(
      (embedding): Embedding(21, 128, padding_idx=0)
      (conv_blocks): ModuleList(
        (0): Sequential(
          (0): Conv1d(128, 64, kernel_size=(3,), stride=(1,), padding=(1,))
          (1): BatchNorm1d(64, eps=1e-05, momentum=0.1, affine=True, track_running_stats=True)
          (2): ReLU()
          (3): Conv1d(64, 64, kernel_size=(3,), stride=(1,), padding=(1,))
          (4): BatchNorm1d(64, eps=1e-05, momentum=0.1, affine=True, track_running_stats=True)
          (5): ReLU()
        )
        (1): Sequential(
          (0): Conv1d(128, 64, kernel_size=(7,), stride=(1,), padding=(3,))
          (1): BatchNorm1d(64, eps=1e-05, momentum=0.1, affine=True, track_running_stats=True)
          (2): ReLU()
          (3): Conv1d(64, 64, kernel_size=(7,), stride=(1,), padding=(3,))
          (4): BatchNorm1d(64, eps=1e-05, momentum=0.1, affine=True, track_running_stats=True)
          (5): ReLU()
        )
        (2): Sequential(
          (0): Conv1d(128, 64, kernel_size=(15,), stride=(1,), padding=(7,))
          (1): BatchNorm1d(64, eps=1e-05, momentum=0.1, affine=True, track_running_stats=True)
          (2): ReLU()
          (3): Conv1d(64, 64, kernel_size=(15,), stride=(1,), padding=(7,))
          (4): BatchNorm1d(64, eps=1e-05, momentum=0.1, affine=True, track_running_stats=True)
          (5): ReLU()
        )
      )
    )
  )
  (fusion): MLPFusion(
    (classifier): Sequential(
      (0): Linear(in_features=576, out_features=128, bias=True)
      (1): BatchNorm1d(128, eps=1e-05, momentum=0.1, affine=True, track_running_stats=True)
      (2): ReLU()
      (3): Dropout(p=0.5, inplace=False)
      (4): Linear(in_features=128, out_features=32, bias=True)
      (5): BatchNorm1d(32, eps=1e-05, momentum=0.1, affine=True, track_running_stats=True)
      (6): ReLU()
      (7): Dropout(p=0.5, inplace=False)
      (8): Linear(in_features=32, out_features=1, bias=True)
    )
  )
)
Epoch 001 | time=4.4s | train_loss=0.6708 | val_loss=0.6772 | val_auc=0.5553
  ✓ New best model (epoch 1, val_loss=0.6772, val_auc=0.5553) saved to checkpoints/gcn_fp_lincs_graph_vs_cnn_seed2026.pt
Epoch 002 | time=3.7s | train_loss=0.5697 | val_loss=0.6702 | val_auc=0.5781
  ✓ New best model (epoch 2, val_loss=0.6702, val_auc=0.5781) saved to checkpoints/gcn_fp_lincs_graph_vs_cnn_seed2026.pt
Epoch 003 | time=3.7s | train_loss=0.5022 | val_loss=0.6774 | val_auc=0.5860
  ✓ New best model (epoch 3, val_loss=0.6774, val_auc=0.5860) saved to checkpoints/gcn_fp_lincs_graph_vs_cnn_seed2026.pt
Epoch 004 | time=3.7s | train_loss=0.4599 | val_loss=0.6854 | val_auc=0.5914
  ✓ New best model (epoch 4, val_loss=0.6854, val_auc=0.5914) saved to checkpoints/gcn_fp_lincs_graph_vs_cnn_seed2026.pt
Epoch 005 | time=3.9s | train_loss=0.4209 | val_loss=0.6999 | val_auc=0.5956
  ✓ New best model (epoch 5, val_loss=0.6999, val_auc=0.5956) saved to checkpoints/gcn_fp_lincs_graph_vs_cnn_seed2026.pt
Epoch 006 | time=3.7s | train_loss=0.3959 | val_loss=0.6914 | val_auc=0.6260
  ✓ New best model (epoch 6, val_loss=0.6914, val_auc=0.6260) saved to checkpoints/gcn_fp_lincs_graph_vs_cnn_seed2026.pt
Epoch 007 | time=3.7s | train_loss=0.3707 | val_loss=0.7250 | val_auc=0.6116
Epoch 008 | time=3.7s | train_loss=0.3508 | val_loss=0.7424 | val_auc=0.6092
Epoch 009 | time=3.7s | train_loss=0.3305 | val_loss=0.7424 | val_auc=0.6176
Epoch 010 | time=3.7s | train_loss=0.3207 | val_loss=0.7459 | val_auc=0.6270
  ✓ New best model (epoch 10, val_loss=0.7459, val_auc=0.6270) saved to checkpoints/gcn_fp_lincs_graph_vs_cnn_seed2026.pt
Epoch 011 | time=3.7s | train_loss=0.3124 | val_loss=0.7516 | val_auc=0.6234
Epoch 012 | time=3.7s | train_loss=0.3030 | val_loss=0.7378 | val_auc=0.6394
  ✓ New best model (epoch 12, val_loss=0.7378, val_auc=0.6394) saved to checkpoints/gcn_fp_lincs_graph_vs_cnn_seed2026.pt
Epoch 013 | time=3.7s | train_loss=0.2964 | val_loss=0.7640 | val_auc=0.6263
Epoch 014 | time=3.8s | train_loss=0.2891 | val_loss=0.7553 | val_auc=0.6347
Epoch 015 | time=3.8s | train_loss=0.2824 | val_loss=0.7771 | val_auc=0.6334
Epoch 016 | time=3.8s | train_loss=0.2778 | val_loss=0.7936 | val_auc=0.6247
Epoch 017 | time=3.7s | train_loss=0.2756 | val_loss=0.8109 | val_auc=0.6257
Epoch 018 | time=3.7s | train_loss=0.2725 | val_loss=0.8015 | val_auc=0.6313
Epoch 019 | time=3.9s | train_loss=0.2697 | val_loss=0.7810 | val_auc=0.6348
Epoch 020 | time=3.7s | train_loss=0.2646 | val_loss=0.8032 | val_auc=0.6357
Epoch 021 | time=3.9s | train_loss=0.2617 | val_loss=0.8080 | val_auc=0.6303
Epoch 022 | time=3.7s | train_loss=0.2621 | val_loss=0.8236 | val_auc=0.6271
Early stopping — no improvement for 10 epochs

Best model: epoch 12, val_loss=0.8236, val_auc=0.6394

═══ Test Results ═══
           auc: 0.7089
         auprc: 0.6639
            f1: 0.5791
     precision: 0.6574
        recall: 0.5175
          loss: 0.6606
