Uninstalled 1 package in 26ms
Installed 1 package in 60ms
/net/storage/pr3/plgrid/plggmlcil/plgkstankie/vvv/Multimodal-models-for-predicting-drug-target-interactions/.venv/lib/python3.11/site-packages/outdated/__init__.py:36: UserWarning: pkg_resources is deprecated as an API. See https://setuptools.pypa.io/en/latest/pkg_resources.html. The pkg_resources package is slated for removal as early as 2025-11-30. Refrain from using this package or pin to Setuptools<81.
  from pkg_resources import parse_version
Setting global random seed to 999
Using device: cuda
Loading clean data from: /net/storage/pr3/plgrid/plggmlcil/plgkstankie/vvv/Multimodal-models-for-predicting-drug-target-interactions/src/datasets/lincs_balanced.parquet
Dataset size: 27498
Split strategy: scaffold
Train: 19558  Val: 2885  Test: 5055
SMILES encoders:  ['GCNEncoder', 'FingerprintMLPEncoder', 'LincsGraphEncoder']
Protein encoders: ['ProteinCNNEncoder']
Building graph cache for 1264 SMILES...
  0%|          | 0/1264 [00:00<?, ?it/s]  3%|▎         | 44/1264 [00:00<00:02, 439.01it/s] 22%|██▏       | 276/1264 [00:00<00:00, 1542.09it/s] 40%|███▉      | 500/1264 [00:00<00:00, 1858.44it/s] 57%|█████▋    | 721/1264 [00:00<00:00, 1994.17it/s] 75%|███████▍  | 947/1264 [00:00<00:00, 2089.45it/s] 94%|█████████▍| 1193/1264 [00:00<00:00, 2213.37it/s]100%|██████████| 1264/1264 [00:00<00:00, 2009.62it/s]
Valid SMILES graphs: 1264
MultimodalDTI(
  (smiles_encoders): ModuleList(
    (0): GCNEncoder(
      (atom_encoder): AtomEncoder(
        (atom_embedding_list): ModuleList(
          (0): Embedding(119, 128)
          (1): Embedding(5, 128)
          (2-3): 2 x Embedding(12, 128)
          (4): Embedding(10, 128)
          (5-6): 2 x Embedding(6, 128)
          (7-8): 2 x Embedding(2, 128)
        )
      )
      (convs): ModuleList(
        (0-2): 3 x GCNConv(128, 128)
      )
      (bns): ModuleList(
        (0-2): 3 x BatchNorm1d(128, eps=1e-05, momentum=0.1, affine=True, track_running_stats=True)
      )
    )
    (1): FingerprintMLPEncoder(
      (mlp): Sequential(
        (0): Linear(in_features=1024, out_features=256, bias=True)
        (1): BatchNorm1d(256, eps=1e-05, momentum=0.1, affine=True, track_running_stats=True)
        (2): ReLU()
        (3): Dropout(p=0.5, inplace=False)
        (4): Linear(in_features=256, out_features=128, bias=True)
        (5): BatchNorm1d(128, eps=1e-05, momentum=0.1, affine=True, track_running_stats=True)
        (6): ReLU()
      )
    )
    (2): LincsGraphEncoder(
      (proj): Linear(in_features=1, out_features=128, bias=True)
      (convs): ModuleList(
        (0-1): 2 x DenseGCNConv(
          (linear): Linear(in_features=128, out_features=128, bias=False)
        )
      )
      (bns): ModuleList(
        (0-1): 2 x BatchNorm1d(128, eps=1e-05, momentum=0.1, affine=True, track_running_stats=True)
      )
      (pool_proj): Linear(in_features=128, out_features=128, bias=True)
    )
  )
  (protein_encoders): ModuleList(
    (0): ProteinCNNEncoder(
      (embedding): Embedding(21, 128, padding_idx=0)
      (conv_blocks): ModuleList(
        (0): Sequential(
          (0): Conv1d(128, 64, kernel_size=(3,), stride=(1,), padding=(1,))
          (1): BatchNorm1d(64, eps=1e-05, momentum=0.1, affine=True, track_running_stats=True)
          (2): ReLU()
          (3): Conv1d(64, 64, kernel_size=(3,), stride=(1,), padding=(1,))
          (4): BatchNorm1d(64, eps=1e-05, momentum=0.1, affine=True, track_running_stats=True)
          (5): ReLU()
        )
        (1): Sequential(
          (0): Conv1d(128, 64, kernel_size=(7,), stride=(1,), padding=(3,))
          (1): BatchNorm1d(64, eps=1e-05, momentum=0.1, affine=True, track_running_stats=True)
          (2): ReLU()
          (3): Conv1d(64, 64, kernel_size=(7,), stride=(1,), padding=(3,))
          (4): BatchNorm1d(64, eps=1e-05, momentum=0.1, affine=True, track_running_stats=True)
          (5): ReLU()
        )
        (2): Sequential(
          (0): Conv1d(128, 64, kernel_size=(15,), stride=(1,), padding=(7,))
          (1): BatchNorm1d(64, eps=1e-05, momentum=0.1, affine=True, track_running_stats=True)
          (2): ReLU()
          (3): Conv1d(64, 64, kernel_size=(15,), stride=(1,), padding=(7,))
          (4): BatchNorm1d(64, eps=1e-05, momentum=0.1, affine=True, track_running_stats=True)
          (5): ReLU()
        )
      )
    )
  )
  (fusion): MLPFusion(
    (classifier): Sequential(
      (0): Linear(in_features=576, out_features=128, bias=True)
      (1): BatchNorm1d(128, eps=1e-05, momentum=0.1, affine=True, track_running_stats=True)
      (2): ReLU()
      (3): Dropout(p=0.5, inplace=False)
      (4): Linear(in_features=128, out_features=32, bias=True)
      (5): BatchNorm1d(32, eps=1e-05, momentum=0.1, affine=True, track_running_stats=True)
      (6): ReLU()
      (7): Dropout(p=0.5, inplace=False)
      (8): Linear(in_features=32, out_features=1, bias=True)
    )
  )
)
Epoch 001 | time=15.1s | train_loss=0.6708 | val_loss=0.6603 | val_auc=0.6883
  ✓ New best model (epoch 1, val_loss=0.6603, val_auc=0.6883) saved to checkpoints/gcn_fp_lincs_graph_vs_cnn_seed999.pt
Epoch 002 | time=3.7s | train_loss=0.5690 | val_loss=0.6175 | val_auc=0.7320
  ✓ New best model (epoch 2, val_loss=0.6175, val_auc=0.7320) saved to checkpoints/gcn_fp_lincs_graph_vs_cnn_seed999.pt
Epoch 003 | time=3.7s | train_loss=0.4916 | val_loss=0.5813 | val_auc=0.7766
  ✓ New best model (epoch 3, val_loss=0.5813, val_auc=0.7766) saved to checkpoints/gcn_fp_lincs_graph_vs_cnn_seed999.pt
Epoch 004 | time=3.7s | train_loss=0.4451 | val_loss=0.5620 | val_auc=0.7909
  ✓ New best model (epoch 4, val_loss=0.5620, val_auc=0.7909) saved to checkpoints/gcn_fp_lincs_graph_vs_cnn_seed999.pt
Epoch 005 | time=3.7s | train_loss=0.4131 | val_loss=0.5496 | val_auc=0.7957
  ✓ New best model (epoch 5, val_loss=0.5496, val_auc=0.7957) saved to checkpoints/gcn_fp_lincs_graph_vs_cnn_seed999.pt
Epoch 006 | time=3.7s | train_loss=0.3848 | val_loss=0.5475 | val_auc=0.7952
Epoch 007 | time=3.8s | train_loss=0.3572 | val_loss=0.5257 | val_auc=0.8224
  ✓ New best model (epoch 7, val_loss=0.5257, val_auc=0.8224) saved to checkpoints/gcn_fp_lincs_graph_vs_cnn_seed999.pt
Epoch 008 | time=3.7s | train_loss=0.3366 | val_loss=0.5203 | val_auc=0.8236
  ✓ New best model (epoch 8, val_loss=0.5203, val_auc=0.8236) saved to checkpoints/gcn_fp_lincs_graph_vs_cnn_seed999.pt
Epoch 009 | time=3.7s | train_loss=0.3182 | val_loss=0.5198 | val_auc=0.8226
Epoch 010 | time=3.7s | train_loss=0.3067 | val_loss=0.5265 | val_auc=0.8171
Epoch 011 | time=3.7s | train_loss=0.2885 | val_loss=0.5037 | val_auc=0.8367
  ✓ New best model (epoch 11, val_loss=0.5037, val_auc=0.8367) saved to checkpoints/gcn_fp_lincs_graph_vs_cnn_seed999.pt
Epoch 012 | time=3.7s | train_loss=0.2778 | val_loss=0.4928 | val_auc=0.8452
  ✓ New best model (epoch 12, val_loss=0.4928, val_auc=0.8452) saved to checkpoints/gcn_fp_lincs_graph_vs_cnn_seed999.pt
Epoch 013 | time=3.7s | train_loss=0.2638 | val_loss=0.5089 | val_auc=0.8319
Epoch 014 | time=3.7s | train_loss=0.2523 | val_loss=0.5112 | val_auc=0.8330
Epoch 015 | time=3.7s | train_loss=0.2415 | val_loss=0.5182 | val_auc=0.8335
Epoch 016 | time=11.5s | train_loss=0.2349 | val_loss=0.4995 | val_auc=0.8430
Epoch 017 | time=5.0s | train_loss=0.2218 | val_loss=0.5097 | val_auc=0.8378
Epoch 018 | time=5.2s | train_loss=0.2183 | val_loss=0.5147 | val_auc=0.8385
Epoch 019 | time=3.7s | train_loss=0.2041 | val_loss=0.5014 | val_auc=0.8468
  ✓ New best model (epoch 19, val_loss=0.5014, val_auc=0.8468) saved to checkpoints/gcn_fp_lincs_graph_vs_cnn_seed999.pt
Epoch 020 | time=3.7s | train_loss=0.1997 | val_loss=0.5022 | val_auc=0.8475
  ✓ New best model (epoch 20, val_loss=0.5022, val_auc=0.8475) saved to checkpoints/gcn_fp_lincs_graph_vs_cnn_seed999.pt
Epoch 021 | time=3.7s | train_loss=0.1937 | val_loss=0.5067 | val_auc=0.8446
Epoch 022 | time=3.7s | train_loss=0.1892 | val_loss=0.5067 | val_auc=0.8478
  ✓ New best model (epoch 22, val_loss=0.5067, val_auc=0.8478) saved to checkpoints/gcn_fp_lincs_graph_vs_cnn_seed999.pt
Epoch 023 | time=3.7s | train_loss=0.1836 | val_loss=0.5083 | val_auc=0.8474
Epoch 024 | time=3.7s | train_loss=0.1839 | val_loss=0.5032 | val_auc=0.8483
  ✓ New best model (epoch 24, val_loss=0.5032, val_auc=0.8483) saved to checkpoints/gcn_fp_lincs_graph_vs_cnn_seed999.pt
Epoch 025 | time=3.7s | train_loss=0.1743 | val_loss=0.5109 | val_auc=0.8468
Epoch 026 | time=3.7s | train_loss=0.1717 | val_loss=0.5108 | val_auc=0.8488
  ✓ New best model (epoch 26, val_loss=0.5108, val_auc=0.8488) saved to checkpoints/gcn_fp_lincs_graph_vs_cnn_seed999.pt
Epoch 027 | time=3.7s | train_loss=0.1702 | val_loss=0.5118 | val_auc=0.8462
Epoch 028 | time=3.7s | train_loss=0.1676 | val_loss=0.5146 | val_auc=0.8463
Epoch 029 | time=3.7s | train_loss=0.1685 | val_loss=0.5108 | val_auc=0.8488
Epoch 030 | time=3.9s | train_loss=0.1686 | val_loss=0.5225 | val_auc=0.8458
Epoch 031 | time=3.7s | train_loss=0.1650 | val_loss=0.5115 | val_auc=0.8489
  ✓ New best model (epoch 31, val_loss=0.5115, val_auc=0.8489) saved to checkpoints/gcn_fp_lincs_graph_vs_cnn_seed999.pt
Epoch 032 | time=3.7s | train_loss=0.1605 | val_loss=0.5085 | val_auc=0.8506
  ✓ New best model (epoch 32, val_loss=0.5085, val_auc=0.8506) saved to checkpoints/gcn_fp_lincs_graph_vs_cnn_seed999.pt
Epoch 033 | time=3.8s | train_loss=0.1598 | val_loss=0.5114 | val_auc=0.8480
Epoch 034 | time=3.7s | train_loss=0.1573 | val_loss=0.5160 | val_auc=0.8486
Epoch 035 | time=3.8s | train_loss=0.1563 | val_loss=0.5128 | val_auc=0.8481
Epoch 036 | time=3.8s | train_loss=0.1581 | val_loss=0.5218 | val_auc=0.8489
Epoch 037 | time=3.8s | train_loss=0.1573 | val_loss=0.5168 | val_auc=0.8483
Epoch 038 | time=3.7s | train_loss=0.1554 | val_loss=0.5070 | val_auc=0.8519
  ✓ New best model (epoch 38, val_loss=0.5070, val_auc=0.8519) saved to checkpoints/gcn_fp_lincs_graph_vs_cnn_seed999.pt
Epoch 039 | time=3.7s | train_loss=0.1546 | val_loss=0.5107 | val_auc=0.8512
Epoch 040 | time=3.7s | train_loss=0.1536 | val_loss=0.5164 | val_auc=0.8499
Epoch 041 | time=3.8s | train_loss=0.1524 | val_loss=0.5194 | val_auc=0.8512
Epoch 042 | time=3.9s | train_loss=0.1537 | val_loss=0.5105 | val_auc=0.8514
Epoch 043 | time=3.7s | train_loss=0.1496 | val_loss=0.5170 | val_auc=0.8503
Epoch 044 | time=3.7s | train_loss=0.1540 | val_loss=0.5152 | val_auc=0.8501
Epoch 045 | time=3.8s | train_loss=0.1519 | val_loss=0.5137 | val_auc=0.8515
Epoch 046 | time=3.7s | train_loss=0.1504 | val_loss=0.5173 | val_auc=0.8509
Epoch 047 | time=3.8s | train_loss=0.1520 | val_loss=0.5134 | val_auc=0.8511
Epoch 048 | time=3.7s | train_loss=0.1498 | val_loss=0.5161 | val_auc=0.8515
Early stopping — no improvement for 10 epochs

Best model: epoch 38, val_loss=0.5161, val_auc=0.8519

═══ Test Results ═══
           auc: 0.7450
         auprc: 0.6934
            f1: 0.6433
     precision: 0.6533
        recall: 0.6336
          loss: 0.7097
