Uninstalled 1 package in 7ms
Installed 1 package in 10ms
/net/storage/pr3/plgrid/plggmlcil/plgkstankie/vvv/Multimodal-models-for-predicting-drug-target-interactions/.venv/lib/python3.11/site-packages/outdated/__init__.py:36: UserWarning: pkg_resources is deprecated as an API. See https://setuptools.pypa.io/en/latest/pkg_resources.html. The pkg_resources package is slated for removal as early as 2025-11-30. Refrain from using this package or pin to Setuptools<81.
  from pkg_resources import parse_version
Setting global random seed to 42
Using device: cuda
Loading clean data from: /net/storage/pr3/plgrid/plggmlcil/plgkstankie/vvv/Multimodal-models-for-predicting-drug-target-interactions/src/datasets/lincs_balanced.parquet
Dataset size: 27498
Split strategy: cold_target
  K3 cold-target split: 900 train proteins, 124 val proteins, 195 test proteins
Train: 19163  Val: 3874  Test: 4461
SMILES encoders:  ['GCNEncoder', 'FingerprintMLPEncoder', 'LincsGraphEncoder']
Protein encoders: ['ProteinCNNEncoder']
Building graph cache for 1264 SMILES...
  0%|          | 0/1264 [00:00<?, ?it/s] 19%|█▉        | 243/1264 [00:00<00:00, 2422.62it/s] 38%|███▊      | 486/1264 [00:00<00:00, 2357.29it/s] 57%|█████▋    | 722/1264 [00:00<00:00, 2308.67it/s] 76%|███████▌  | 957/1264 [00:00<00:00, 2322.47it/s] 96%|█████████▌| 1210/1264 [00:00<00:00, 2394.85it/s]100%|██████████| 1264/1264 [00:00<00:00, 2380.44it/s]
Valid SMILES graphs: 1264
MultimodalDTI(
  (smiles_encoders): ModuleList(
    (0): GCNEncoder(
      (atom_encoder): AtomEncoder(
        (atom_embedding_list): ModuleList(
          (0): Embedding(119, 128)
          (1): Embedding(5, 128)
          (2-3): 2 x Embedding(12, 128)
          (4): Embedding(10, 128)
          (5-6): 2 x Embedding(6, 128)
          (7-8): 2 x Embedding(2, 128)
        )
      )
      (convs): ModuleList(
        (0-2): 3 x GCNConv(128, 128)
      )
      (bns): ModuleList(
        (0-2): 3 x BatchNorm1d(128, eps=1e-05, momentum=0.1, affine=True, track_running_stats=True)
      )
    )
    (1): FingerprintMLPEncoder(
      (mlp): Sequential(
        (0): Linear(in_features=1024, out_features=256, bias=True)
        (1): BatchNorm1d(256, eps=1e-05, momentum=0.1, affine=True, track_running_stats=True)
        (2): ReLU()
        (3): Dropout(p=0.5, inplace=False)
        (4): Linear(in_features=256, out_features=128, bias=True)
        (5): BatchNorm1d(128, eps=1e-05, momentum=0.1, affine=True, track_running_stats=True)
        (6): ReLU()
      )
    )
    (2): LincsGraphEncoder(
      (proj): Linear(in_features=1, out_features=128, bias=True)
      (convs): ModuleList(
        (0-1): 2 x DenseGCNConv(
          (linear): Linear(in_features=128, out_features=128, bias=False)
        )
      )
      (bns): ModuleList(
        (0-1): 2 x BatchNorm1d(128, eps=1e-05, momentum=0.1, affine=True, track_running_stats=True)
      )
      (pool_proj): Linear(in_features=128, out_features=128, bias=True)
    )
  )
  (protein_encoders): ModuleList(
    (0): ProteinCNNEncoder(
      (embedding): Embedding(21, 128, padding_idx=0)
      (conv_blocks): ModuleList(
        (0): Sequential(
          (0): Conv1d(128, 64, kernel_size=(3,), stride=(1,), padding=(1,))
          (1): BatchNorm1d(64, eps=1e-05, momentum=0.1, affine=True, track_running_stats=True)
          (2): ReLU()
          (3): Conv1d(64, 64, kernel_size=(3,), stride=(1,), padding=(1,))
          (4): BatchNorm1d(64, eps=1e-05, momentum=0.1, affine=True, track_running_stats=True)
          (5): ReLU()
        )
        (1): Sequential(
          (0): Conv1d(128, 64, kernel_size=(7,), stride=(1,), padding=(3,))
          (1): BatchNorm1d(64, eps=1e-05, momentum=0.1, affine=True, track_running_stats=True)
          (2): ReLU()
          (3): Conv1d(64, 64, kernel_size=(7,), stride=(1,), padding=(3,))
          (4): BatchNorm1d(64, eps=1e-05, momentum=0.1, affine=True, track_running_stats=True)
          (5): ReLU()
        )
        (2): Sequential(
          (0): Conv1d(128, 64, kernel_size=(15,), stride=(1,), padding=(7,))
          (1): BatchNorm1d(64, eps=1e-05, momentum=0.1, affine=True, track_running_stats=True)
          (2): ReLU()
          (3): Conv1d(64, 64, kernel_size=(15,), stride=(1,), padding=(7,))
          (4): BatchNorm1d(64, eps=1e-05, momentum=0.1, affine=True, track_running_stats=True)
          (5): ReLU()
        )
      )
    )
  )
  (fusion): MLPFusion(
    (classifier): Sequential(
      (0): Linear(in_features=576, out_features=128, bias=True)
      (1): BatchNorm1d(128, eps=1e-05, momentum=0.1, affine=True, track_running_stats=True)
      (2): ReLU()
      (3): Dropout(p=0.5, inplace=False)
      (4): Linear(in_features=128, out_features=32, bias=True)
      (5): BatchNorm1d(32, eps=1e-05, momentum=0.1, affine=True, track_running_stats=True)
      (6): ReLU()
      (7): Dropout(p=0.5, inplace=False)
      (8): Linear(in_features=32, out_features=1, bias=True)
    )
  )
)
Epoch 001 | time=4.5s | train_loss=0.6643 | val_loss=0.6680 | val_auc=0.6024
  ✓ New best model (epoch 1, val_loss=0.6680, val_auc=0.6024) saved to checkpoints/gcn_fp_lincs_graph_vs_cnn_seed42.pt
Epoch 002 | time=3.7s | train_loss=0.5736 | val_loss=0.6587 | val_auc=0.6134
  ✓ New best model (epoch 2, val_loss=0.6587, val_auc=0.6134) saved to checkpoints/gcn_fp_lincs_graph_vs_cnn_seed42.pt
Epoch 003 | time=3.7s | train_loss=0.5084 | val_loss=0.6539 | val_auc=0.6351
  ✓ New best model (epoch 3, val_loss=0.6539, val_auc=0.6351) saved to checkpoints/gcn_fp_lincs_graph_vs_cnn_seed42.pt
Epoch 004 | time=3.7s | train_loss=0.4630 | val_loss=0.6569 | val_auc=0.6375
  ✓ New best model (epoch 4, val_loss=0.6569, val_auc=0.6375) saved to checkpoints/gcn_fp_lincs_graph_vs_cnn_seed42.pt
Epoch 005 | time=3.9s | train_loss=0.4290 | val_loss=0.6537 | val_auc=0.6498
  ✓ New best model (epoch 5, val_loss=0.6537, val_auc=0.6498) saved to checkpoints/gcn_fp_lincs_graph_vs_cnn_seed42.pt
Epoch 006 | time=3.7s | train_loss=0.3983 | val_loss=0.6534 | val_auc=0.6633
  ✓ New best model (epoch 6, val_loss=0.6534, val_auc=0.6633) saved to checkpoints/gcn_fp_lincs_graph_vs_cnn_seed42.pt
Epoch 007 | time=3.8s | train_loss=0.3750 | val_loss=0.6603 | val_auc=0.6608
Epoch 008 | time=3.8s | train_loss=0.3522 | val_loss=0.6860 | val_auc=0.6549
Epoch 009 | time=3.8s | train_loss=0.3381 | val_loss=0.6880 | val_auc=0.6549
Epoch 010 | time=3.8s | train_loss=0.3201 | val_loss=0.6965 | val_auc=0.6636
  ✓ New best model (epoch 10, val_loss=0.6965, val_auc=0.6636) saved to checkpoints/gcn_fp_lincs_graph_vs_cnn_seed42.pt
Epoch 011 | time=3.7s | train_loss=0.3065 | val_loss=0.7277 | val_auc=0.6454
Epoch 012 | time=3.7s | train_loss=0.2931 | val_loss=0.7662 | val_auc=0.6372
Epoch 013 | time=3.7s | train_loss=0.2801 | val_loss=0.7584 | val_auc=0.6491
Epoch 014 | time=3.7s | train_loss=0.2713 | val_loss=0.7543 | val_auc=0.6587
Epoch 015 | time=3.8s | train_loss=0.2655 | val_loss=0.7684 | val_auc=0.6501
Epoch 016 | time=3.8s | train_loss=0.2602 | val_loss=0.7642 | val_auc=0.6506
Epoch 017 | time=3.7s | train_loss=0.2572 | val_loss=0.8099 | val_auc=0.6361
Epoch 018 | time=3.7s | train_loss=0.2491 | val_loss=0.7845 | val_auc=0.6505
Epoch 019 | time=3.9s | train_loss=0.2461 | val_loss=0.8094 | val_auc=0.6484
Epoch 020 | time=3.7s | train_loss=0.2388 | val_loss=0.8000 | val_auc=0.6583
Early stopping — no improvement for 10 epochs

Best model: epoch 10, val_loss=0.8000, val_auc=0.6636

═══ Test Results ═══
           auc: 0.7090
         auprc: 0.6604
            f1: 0.5350
     precision: 0.6371
        recall: 0.4611
          loss: 0.6524
