Uninstalled 1 package in 6ms
Installed 1 package in 10ms
/net/storage/pr3/plgrid/plggmlcil/plgkstankie/vvv/Multimodal-models-for-predicting-drug-target-interactions/.venv/lib/python3.11/site-packages/outdated/__init__.py:36: UserWarning: pkg_resources is deprecated as an API. See https://setuptools.pypa.io/en/latest/pkg_resources.html. The pkg_resources package is slated for removal as early as 2025-11-30. Refrain from using this package or pin to Setuptools<81.
  from pkg_resources import parse_version
Setting global random seed to 2026
Using device: cuda
Loading clean data from: /net/storage/pr3/plgrid/plggmlcil/plgkstankie/vvv/Multimodal-models-for-predicting-drug-target-interactions/src/datasets/lincs_balanced.parquet
Dataset size: 27498
Split strategy: scaffold
Train: 19558  Val: 2885  Test: 5055
ESM2Processor: loaded 3580 embeddings (dim=1280) from /net/storage/pr3/plgrid/plggmlcil/plgkstankie/vvv/Multimodal-models-for-predicting-drug-target-interactions/src/datasets/esm2_t33_650M_UR50D.pt
SMILES encoders:  ['GCNEncoder']
Protein encoders: ['ProteinCNNEncoder', 'ESM2Encoder']
Building graph cache for 1264 SMILES...
  0%|          | 0/1264 [00:00<?, ?it/s] 18%|█▊        | 233/1264 [00:00<00:00, 2325.26it/s] 37%|███▋      | 466/1264 [00:00<00:00, 2279.45it/s] 55%|█████▍    | 695/1264 [00:00<00:00, 2237.64it/s] 73%|███████▎  | 923/1264 [00:00<00:00, 2250.41it/s] 92%|█████████▏| 1166/1264 [00:00<00:00, 2312.97it/s]100%|██████████| 1264/1264 [00:00<00:00, 2313.62it/s]
Valid SMILES graphs: 1264
MultimodalDTI(
  (smiles_encoders): ModuleList(
    (0): GCNEncoder(
      (atom_encoder): AtomEncoder(
        (atom_embedding_list): ModuleList(
          (0): Embedding(119, 128)
          (1): Embedding(5, 128)
          (2-3): 2 x Embedding(12, 128)
          (4): Embedding(10, 128)
          (5-6): 2 x Embedding(6, 128)
          (7-8): 2 x Embedding(2, 128)
        )
      )
      (convs): ModuleList(
        (0-2): 3 x GCNConv(128, 128)
      )
      (bns): ModuleList(
        (0-2): 3 x BatchNorm1d(128, eps=1e-05, momentum=0.1, affine=True, track_running_stats=True)
      )
    )
  )
  (protein_encoders): ModuleList(
    (0): ProteinCNNEncoder(
      (embedding): Embedding(21, 128, padding_idx=0)
      (conv_blocks): ModuleList(
        (0): Sequential(
          (0): Conv1d(128, 64, kernel_size=(3,), stride=(1,), padding=(1,))
          (1): BatchNorm1d(64, eps=1e-05, momentum=0.1, affine=True, track_running_stats=True)
          (2): ReLU()
          (3): Conv1d(64, 64, kernel_size=(3,), stride=(1,), padding=(1,))
          (4): BatchNorm1d(64, eps=1e-05, momentum=0.1, affine=True, track_running_stats=True)
          (5): ReLU()
        )
        (1): Sequential(
          (0): Conv1d(128, 64, kernel_size=(7,), stride=(1,), padding=(3,))
          (1): BatchNorm1d(64, eps=1e-05, momentum=0.1, affine=True, track_running_stats=True)
          (2): ReLU()
          (3): Conv1d(64, 64, kernel_size=(7,), stride=(1,), padding=(3,))
          (4): BatchNorm1d(64, eps=1e-05, momentum=0.1, affine=True, track_running_stats=True)
          (5): ReLU()
        )
        (2): Sequential(
          (0): Conv1d(128, 64, kernel_size=(15,), stride=(1,), padding=(7,))
          (1): BatchNorm1d(64, eps=1e-05, momentum=0.1, affine=True, track_running_stats=True)
          (2): ReLU()
          (3): Conv1d(64, 64, kernel_size=(15,), stride=(1,), padding=(7,))
          (4): BatchNorm1d(64, eps=1e-05, momentum=0.1, affine=True, track_running_stats=True)
          (5): ReLU()
        )
      )
    )
    (1): ESM2Encoder(
      (projection): Sequential(
        (0): Linear(in_features=1280, out_features=256, bias=True)
        (1): LayerNorm((256,), eps=1e-05, elementwise_affine=True)
        (2): ReLU()
      )
    )
  )
  (fusion): MLPFusion(
    (classifier): Sequential(
      (0): Linear(in_features=576, out_features=128, bias=True)
      (1): BatchNorm1d(128, eps=1e-05, momentum=0.1, affine=True, track_running_stats=True)
      (2): ReLU()
      (3): Dropout(p=0.3, inplace=False)
      (4): Linear(in_features=128, out_features=32, bias=True)
      (5): BatchNorm1d(32, eps=1e-05, momentum=0.1, affine=True, track_running_stats=True)
      (6): ReLU()
      (7): Dropout(p=0.3, inplace=False)
      (8): Linear(in_features=32, out_features=1, bias=True)
    )
  )
)
Epoch 001 | time=3.3s | train_loss=0.6044 | val_loss=0.6037 | val_auc=0.7600
  ✓ New best model (epoch 1, val_loss=0.6037, val_auc=0.7600) saved to checkpoints/gcn_vs_cnn_esm2_seed2026.pt
Epoch 002 | time=2.5s | train_loss=0.4806 | val_loss=0.5622 | val_auc=0.7933
  ✓ New best model (epoch 2, val_loss=0.5622, val_auc=0.7933) saved to checkpoints/gcn_vs_cnn_esm2_seed2026.pt
Epoch 003 | time=2.4s | train_loss=0.4154 | val_loss=0.5446 | val_auc=0.8011
  ✓ New best model (epoch 3, val_loss=0.5446, val_auc=0.8011) saved to checkpoints/gcn_vs_cnn_esm2_seed2026.pt
Epoch 004 | time=2.5s | train_loss=0.3775 | val_loss=0.5271 | val_auc=0.8172
  ✓ New best model (epoch 4, val_loss=0.5271, val_auc=0.8172) saved to checkpoints/gcn_vs_cnn_esm2_seed2026.pt
Epoch 005 | time=2.5s | train_loss=0.3475 | val_loss=0.5161 | val_auc=0.8232
  ✓ New best model (epoch 5, val_loss=0.5161, val_auc=0.8232) saved to checkpoints/gcn_vs_cnn_esm2_seed2026.pt
Epoch 006 | time=2.6s | train_loss=0.3223 | val_loss=0.5276 | val_auc=0.8204
Epoch 007 | time=2.5s | train_loss=0.3021 | val_loss=0.5159 | val_auc=0.8302
  ✓ New best model (epoch 7, val_loss=0.5159, val_auc=0.8302) saved to checkpoints/gcn_vs_cnn_esm2_seed2026.pt
Epoch 008 | time=2.5s | train_loss=0.2853 | val_loss=0.5065 | val_auc=0.8325
  ✓ New best model (epoch 8, val_loss=0.5065, val_auc=0.8325) saved to checkpoints/gcn_vs_cnn_esm2_seed2026.pt
Epoch 009 | time=2.5s | train_loss=0.2691 | val_loss=0.5023 | val_auc=0.8325
Epoch 010 | time=2.5s | train_loss=0.2543 | val_loss=0.5041 | val_auc=0.8324
Epoch 011 | time=2.5s | train_loss=0.2415 | val_loss=0.4966 | val_auc=0.8362
  ✓ New best model (epoch 11, val_loss=0.4966, val_auc=0.8362) saved to checkpoints/gcn_vs_cnn_esm2_seed2026.pt
Epoch 012 | time=2.5s | train_loss=0.2299 | val_loss=0.5084 | val_auc=0.8329
Epoch 013 | time=2.5s | train_loss=0.2197 | val_loss=0.4971 | val_auc=0.8414
  ✓ New best model (epoch 13, val_loss=0.4971, val_auc=0.8414) saved to checkpoints/gcn_vs_cnn_esm2_seed2026.pt
Epoch 014 | time=2.5s | train_loss=0.2093 | val_loss=0.5084 | val_auc=0.8394
Epoch 015 | time=2.5s | train_loss=0.2033 | val_loss=0.5120 | val_auc=0.8386
Epoch 016 | time=2.5s | train_loss=0.1923 | val_loss=0.5149 | val_auc=0.8394
Epoch 017 | time=2.5s | train_loss=0.1881 | val_loss=0.4921 | val_auc=0.8502
  ✓ New best model (epoch 17, val_loss=0.4921, val_auc=0.8502) saved to checkpoints/gcn_vs_cnn_esm2_seed2026.pt
Epoch 018 | time=2.5s | train_loss=0.1775 | val_loss=0.5302 | val_auc=0.8361
Epoch 019 | time=2.5s | train_loss=0.1716 | val_loss=0.5217 | val_auc=0.8424
Epoch 020 | time=2.5s | train_loss=0.1654 | val_loss=0.5126 | val_auc=0.8450
Epoch 021 | time=2.6s | train_loss=0.1592 | val_loss=0.5047 | val_auc=0.8476
Epoch 022 | time=2.5s | train_loss=0.1565 | val_loss=0.5024 | val_auc=0.8533
  ✓ New best model (epoch 22, val_loss=0.5024, val_auc=0.8533) saved to checkpoints/gcn_vs_cnn_esm2_seed2026.pt
Epoch 023 | time=2.5s | train_loss=0.1497 | val_loss=0.5379 | val_auc=0.8450
Epoch 024 | time=2.5s | train_loss=0.1374 | val_loss=0.5346 | val_auc=0.8426
Epoch 025 | time=2.5s | train_loss=0.1343 | val_loss=0.5295 | val_auc=0.8479
Epoch 026 | time=2.5s | train_loss=0.1304 | val_loss=0.5297 | val_auc=0.8489
Epoch 027 | time=2.5s | train_loss=0.1279 | val_loss=0.5363 | val_auc=0.8464
Epoch 028 | time=2.5s | train_loss=0.1263 | val_loss=0.5555 | val_auc=0.8428
Epoch 029 | time=2.5s | train_loss=0.1210 | val_loss=0.5492 | val_auc=0.8466
Epoch 030 | time=2.5s | train_loss=0.1157 | val_loss=0.5518 | val_auc=0.8477
Epoch 031 | time=2.5s | train_loss=0.1185 | val_loss=0.5504 | val_auc=0.8479
Epoch 032 | time=2.5s | train_loss=0.1117 | val_loss=0.5616 | val_auc=0.8450
Early stopping — no improvement for 10 epochs

Best model: epoch 22, val_loss=0.5616, val_auc=0.8533

═══ Test Results ═══
           auc: 0.7271
         auprc: 0.6935
            f1: 0.5890
     precision: 0.5963
        recall: 0.5818
          loss: 0.7202
