Uninstalled 1 package in 20ms
Installed 1 package in 41ms
/net/storage/pr3/plgrid/plggmlcil/plgkstankie/vvv/Multimodal-models-for-predicting-drug-target-interactions/.venv/lib/python3.11/site-packages/outdated/__init__.py:36: UserWarning: pkg_resources is deprecated as an API. See https://setuptools.pypa.io/en/latest/pkg_resources.html. The pkg_resources package is slated for removal as early as 2025-11-30. Refrain from using this package or pin to Setuptools<81.
  from pkg_resources import parse_version
Setting global random seed to 123
Using device: cuda
Loading clean data from: /net/storage/pr3/plgrid/plggmlcil/plgkstankie/vvv/Multimodal-models-for-predicting-drug-target-interactions/src/datasets/lincs_balanced.parquet
Dataset size: 27498
Split strategy: scaffold
Train: 19558  Val: 2885  Test: 5055
ChemBERTProcessor: loaded 236379 embeddings (dim=768) from /net/storage/pr3/plgrid/plggmlcil/plgkstankie/vvv/Multimodal-models-for-predicting-drug-target-interactions/src/datasets/ChemBERTa-zinc-base-v1.pt
Fitting MinMaxScaler on 1264 cached RDKit descriptors...
ESM2Processor: loaded 3580 embeddings (dim=1280) from /net/storage/pr3/plgrid/plggmlcil/plgkstankie/vvv/Multimodal-models-for-predicting-drug-target-interactions/src/datasets/esm2_t33_650M_UR50D.pt
SMILES encoders:  ['GCNEncoder', 'ChemBERTEncoder', 'FingerprintMLPEncoder', 'RDKitDescriptorEncoder', 'LincsGraphEncoder']
Protein encoders: ['ProteinCNNEncoder', 'ESM2Encoder']
Building graph cache for 1264 SMILES...
  0%|          | 0/1264 [00:00<?, ?it/s]  6%|▋         | 81/1264 [00:00<00:01, 808.39it/s] 24%|██▍       | 305/1264 [00:00<00:00, 1647.09it/s] 42%|████▏     | 529/1264 [00:00<00:00, 1916.18it/s] 59%|█████▉    | 743/1264 [00:00<00:00, 2000.76it/s] 77%|███████▋  | 977/1264 [00:00<00:00, 2121.36it/s] 97%|█████████▋| 1222/1264 [00:00<00:00, 2230.51it/s]100%|██████████| 1264/1264 [00:00<00:00, 2044.95it/s]
Valid SMILES graphs: 1264
MultimodalDTI(
  (smiles_encoders): ModuleList(
    (0): GCNEncoder(
      (atom_encoder): AtomEncoder(
        (atom_embedding_list): ModuleList(
          (0): Embedding(119, 128)
          (1): Embedding(5, 128)
          (2-3): 2 x Embedding(12, 128)
          (4): Embedding(10, 128)
          (5-6): 2 x Embedding(6, 128)
          (7-8): 2 x Embedding(2, 128)
        )
      )
      (convs): ModuleList(
        (0-2): 3 x GCNConv(128, 128)
      )
      (bns): ModuleList(
        (0-2): 3 x BatchNorm1d(128, eps=1e-05, momentum=0.1, affine=True, track_running_stats=True)
      )
    )
    (1): ChemBERTEncoder(
      (projection): Sequential(
        (0): Linear(in_features=768, out_features=256, bias=True)
        (1): LayerNorm((256,), eps=1e-05, elementwise_affine=True)
        (2): ReLU()
      )
    )
    (2): FingerprintMLPEncoder(
      (mlp): Sequential(
        (0): Linear(in_features=1024, out_features=256, bias=True)
        (1): BatchNorm1d(256, eps=1e-05, momentum=0.1, affine=True, track_running_stats=True)
        (2): ReLU()
        (3): Dropout(p=0.5, inplace=False)
        (4): Linear(in_features=256, out_features=128, bias=True)
        (5): BatchNorm1d(128, eps=1e-05, momentum=0.1, affine=True, track_running_stats=True)
        (6): ReLU()
      )
    )
    (3): RDKitDescriptorEncoder(
      (mlp): Sequential(
        (0): Linear(in_features=210, out_features=128, bias=True)
        (1): BatchNorm1d(128, eps=1e-05, momentum=0.1, affine=True, track_running_stats=True)
        (2): ReLU()
        (3): Dropout(p=0.5, inplace=False)
        (4): Linear(in_features=128, out_features=128, bias=True)
        (5): BatchNorm1d(128, eps=1e-05, momentum=0.1, affine=True, track_running_stats=True)
        (6): ReLU()
      )
    )
    (4): LincsGraphEncoder(
      (proj): Linear(in_features=1, out_features=128, bias=True)
      (convs): ModuleList(
        (0-1): 2 x DenseGCNConv(
          (linear): Linear(in_features=128, out_features=128, bias=False)
        )
      )
      (bns): ModuleList(
        (0-1): 2 x BatchNorm1d(128, eps=1e-05, momentum=0.1, affine=True, track_running_stats=True)
      )
      (pool_proj): Linear(in_features=128, out_features=128, bias=True)
    )
  )
  (protein_encoders): ModuleList(
    (0): ProteinCNNEncoder(
      (embedding): Embedding(21, 128, padding_idx=0)
      (conv_blocks): ModuleList(
        (0): Sequential(
          (0): Conv1d(128, 64, kernel_size=(3,), stride=(1,), padding=(1,))
          (1): BatchNorm1d(64, eps=1e-05, momentum=0.1, affine=True, track_running_stats=True)
          (2): ReLU()
          (3): Conv1d(64, 64, kernel_size=(3,), stride=(1,), padding=(1,))
          (4): BatchNorm1d(64, eps=1e-05, momentum=0.1, affine=True, track_running_stats=True)
          (5): ReLU()
        )
        (1): Sequential(
          (0): Conv1d(128, 64, kernel_size=(7,), stride=(1,), padding=(3,))
          (1): BatchNorm1d(64, eps=1e-05, momentum=0.1, affine=True, track_running_stats=True)
          (2): ReLU()
          (3): Conv1d(64, 64, kernel_size=(7,), stride=(1,), padding=(3,))
          (4): BatchNorm1d(64, eps=1e-05, momentum=0.1, affine=True, track_running_stats=True)
          (5): ReLU()
        )
        (2): Sequential(
          (0): Conv1d(128, 64, kernel_size=(15,), stride=(1,), padding=(7,))
          (1): BatchNorm1d(64, eps=1e-05, momentum=0.1, affine=True, track_running_stats=True)
          (2): ReLU()
          (3): Conv1d(64, 64, kernel_size=(15,), stride=(1,), padding=(7,))
          (4): BatchNorm1d(64, eps=1e-05, momentum=0.1, affine=True, track_running_stats=True)
          (5): ReLU()
        )
      )
    )
    (1): ESM2Encoder(
      (projection): Sequential(
        (0): Linear(in_features=1280, out_features=128, bias=True)
        (1): LayerNorm((128,), eps=1e-05, elementwise_affine=True)
        (2): ReLU()
      )
    )
  )
  (fusion): MLPFusion(
    (classifier): Sequential(
      (0): Linear(in_features=1088, out_features=128, bias=True)
      (1): BatchNorm1d(128, eps=1e-05, momentum=0.1, affine=True, track_running_stats=True)
      (2): ReLU()
      (3): Dropout(p=0.5, inplace=False)
      (4): Linear(in_features=128, out_features=32, bias=True)
      (5): BatchNorm1d(32, eps=1e-05, momentum=0.1, affine=True, track_running_stats=True)
      (6): ReLU()
      (7): Dropout(p=0.5, inplace=False)
      (8): Linear(in_features=32, out_features=1, bias=True)
    )
  )
)
Epoch 001 | time=33.9s | train_loss=0.6570 | val_loss=0.6438 | val_auc=0.6953
  ✓ New best model (epoch 1, val_loss=0.6438, val_auc=0.6953) saved to checkpoints/gcn_chemberta_fp_lincs_graph_rdkit_vs_cnn_esm2_seed123.pt
Epoch 002 | time=4.0s | train_loss=0.5239 | val_loss=0.6027 | val_auc=0.7468
  ✓ New best model (epoch 2, val_loss=0.6027, val_auc=0.7468) saved to checkpoints/gcn_chemberta_fp_lincs_graph_rdkit_vs_cnn_esm2_seed123.pt
Epoch 003 | time=4.0s | train_loss=0.4529 | val_loss=0.5867 | val_auc=0.7631
  ✓ New best model (epoch 3, val_loss=0.5867, val_auc=0.7631) saved to checkpoints/gcn_chemberta_fp_lincs_graph_rdkit_vs_cnn_esm2_seed123.pt
Epoch 004 | time=3.9s | train_loss=0.4104 | val_loss=0.5707 | val_auc=0.7868
  ✓ New best model (epoch 4, val_loss=0.5707, val_auc=0.7868) saved to checkpoints/gcn_chemberta_fp_lincs_graph_rdkit_vs_cnn_esm2_seed123.pt
Epoch 005 | time=3.8s | train_loss=0.3772 | val_loss=0.5593 | val_auc=0.7944
  ✓ New best model (epoch 5, val_loss=0.5593, val_auc=0.7944) saved to checkpoints/gcn_chemberta_fp_lincs_graph_rdkit_vs_cnn_esm2_seed123.pt
Epoch 006 | time=3.9s | train_loss=0.3540 | val_loss=0.5500 | val_auc=0.8047
  ✓ New best model (epoch 6, val_loss=0.5500, val_auc=0.8047) saved to checkpoints/gcn_chemberta_fp_lincs_graph_rdkit_vs_cnn_esm2_seed123.pt
Epoch 007 | time=3.9s | train_loss=0.3278 | val_loss=0.5403 | val_auc=0.8148
  ✓ New best model (epoch 7, val_loss=0.5403, val_auc=0.8148) saved to checkpoints/gcn_chemberta_fp_lincs_graph_rdkit_vs_cnn_esm2_seed123.pt
Epoch 008 | time=3.9s | train_loss=0.3102 | val_loss=0.5446 | val_auc=0.8167
  ✓ New best model (epoch 8, val_loss=0.5446, val_auc=0.8167) saved to checkpoints/gcn_chemberta_fp_lincs_graph_rdkit_vs_cnn_esm2_seed123.pt
Epoch 009 | time=3.9s | train_loss=0.2910 | val_loss=0.5227 | val_auc=0.8283
  ✓ New best model (epoch 9, val_loss=0.5227, val_auc=0.8283) saved to checkpoints/gcn_chemberta_fp_lincs_graph_rdkit_vs_cnn_esm2_seed123.pt
Epoch 010 | time=3.8s | train_loss=0.2768 | val_loss=0.5265 | val_auc=0.8298
  ✓ New best model (epoch 10, val_loss=0.5265, val_auc=0.8298) saved to checkpoints/gcn_chemberta_fp_lincs_graph_rdkit_vs_cnn_esm2_seed123.pt
Epoch 011 | time=4.0s | train_loss=0.2612 | val_loss=0.5152 | val_auc=0.8342
  ✓ New best model (epoch 11, val_loss=0.5152, val_auc=0.8342) saved to checkpoints/gcn_chemberta_fp_lincs_graph_rdkit_vs_cnn_esm2_seed123.pt
Epoch 012 | time=4.0s | train_loss=0.2482 | val_loss=0.5188 | val_auc=0.8361
  ✓ New best model (epoch 12, val_loss=0.5188, val_auc=0.8361) saved to checkpoints/gcn_chemberta_fp_lincs_graph_rdkit_vs_cnn_esm2_seed123.pt
Epoch 013 | time=4.0s | train_loss=0.2377 | val_loss=0.5246 | val_auc=0.8338
Epoch 014 | time=3.9s | train_loss=0.2274 | val_loss=0.5204 | val_auc=0.8359
Epoch 015 | time=10.6s | train_loss=0.2181 | val_loss=0.5301 | val_auc=0.8315
Epoch 016 | time=3.9s | train_loss=0.2088 | val_loss=0.5250 | val_auc=0.8385
  ✓ New best model (epoch 16, val_loss=0.5250, val_auc=0.8385) saved to checkpoints/gcn_chemberta_fp_lincs_graph_rdkit_vs_cnn_esm2_seed123.pt
Epoch 017 | time=3.9s | train_loss=0.1996 | val_loss=0.5253 | val_auc=0.8366
Epoch 018 | time=3.9s | train_loss=0.1894 | val_loss=0.5180 | val_auc=0.8436
  ✓ New best model (epoch 18, val_loss=0.5180, val_auc=0.8436) saved to checkpoints/gcn_chemberta_fp_lincs_graph_rdkit_vs_cnn_esm2_seed123.pt
Epoch 019 | time=3.8s | train_loss=0.1818 | val_loss=0.5290 | val_auc=0.8392
Epoch 020 | time=3.9s | train_loss=0.1780 | val_loss=0.5229 | val_auc=0.8467
  ✓ New best model (epoch 20, val_loss=0.5229, val_auc=0.8467) saved to checkpoints/gcn_chemberta_fp_lincs_graph_rdkit_vs_cnn_esm2_seed123.pt
Epoch 021 | time=3.8s | train_loss=0.1739 | val_loss=0.5189 | val_auc=0.8434
Epoch 022 | time=3.9s | train_loss=0.1708 | val_loss=0.5186 | val_auc=0.8477
  ✓ New best model (epoch 22, val_loss=0.5186, val_auc=0.8477) saved to checkpoints/gcn_chemberta_fp_lincs_graph_rdkit_vs_cnn_esm2_seed123.pt
Epoch 023 | time=3.9s | train_loss=0.1682 | val_loss=0.5181 | val_auc=0.8461
Epoch 024 | time=10.3s | train_loss=0.1585 | val_loss=0.5180 | val_auc=0.8484
  ✓ New best model (epoch 24, val_loss=0.5180, val_auc=0.8484) saved to checkpoints/gcn_chemberta_fp_lincs_graph_rdkit_vs_cnn_esm2_seed123.pt
Epoch 025 | time=4.0s | train_loss=0.1581 | val_loss=0.5244 | val_auc=0.8481
Epoch 026 | time=6.0s | train_loss=0.1554 | val_loss=0.5231 | val_auc=0.8469
Epoch 027 | time=4.1s | train_loss=0.1527 | val_loss=0.5162 | val_auc=0.8497
  ✓ New best model (epoch 27, val_loss=0.5162, val_auc=0.8497) saved to checkpoints/gcn_chemberta_fp_lincs_graph_rdkit_vs_cnn_esm2_seed123.pt
Epoch 028 | time=3.9s | train_loss=0.1525 | val_loss=0.5282 | val_auc=0.8462
Epoch 029 | time=3.9s | train_loss=0.1504 | val_loss=0.5310 | val_auc=0.8472
Epoch 030 | time=3.8s | train_loss=0.1485 | val_loss=0.5275 | val_auc=0.8487
Epoch 031 | time=3.9s | train_loss=0.1453 | val_loss=0.5270 | val_auc=0.8503
  ✓ New best model (epoch 31, val_loss=0.5270, val_auc=0.8503) saved to checkpoints/gcn_chemberta_fp_lincs_graph_rdkit_vs_cnn_esm2_seed123.pt
Epoch 032 | time=3.9s | train_loss=0.1438 | val_loss=0.5242 | val_auc=0.8510
  ✓ New best model (epoch 32, val_loss=0.5242, val_auc=0.8510) saved to checkpoints/gcn_chemberta_fp_lincs_graph_rdkit_vs_cnn_esm2_seed123.pt
Epoch 033 | time=3.9s | train_loss=0.1450 | val_loss=0.5302 | val_auc=0.8498
Epoch 034 | time=4.0s | train_loss=0.1432 | val_loss=0.5296 | val_auc=0.8489
Epoch 035 | time=4.0s | train_loss=0.1404 | val_loss=0.5278 | val_auc=0.8509
Epoch 036 | time=3.9s | train_loss=0.1412 | val_loss=0.5287 | val_auc=0.8510
Epoch 037 | time=3.8s | train_loss=0.1394 | val_loss=0.5277 | val_auc=0.8515
  ✓ New best model (epoch 37, val_loss=0.5277, val_auc=0.8515) saved to checkpoints/gcn_chemberta_fp_lincs_graph_rdkit_vs_cnn_esm2_seed123.pt
Epoch 038 | time=4.0s | train_loss=0.1388 | val_loss=0.5312 | val_auc=0.8495
Epoch 039 | time=4.0s | train_loss=0.1388 | val_loss=0.5309 | val_auc=0.8491
Epoch 040 | time=4.0s | train_loss=0.1377 | val_loss=0.5335 | val_auc=0.8497
Epoch 041 | time=9.1s | train_loss=0.1329 | val_loss=0.5312 | val_auc=0.8497
Epoch 042 | time=3.9s | train_loss=0.1364 | val_loss=0.5315 | val_auc=0.8502
Epoch 043 | time=5.2s | train_loss=0.1343 | val_loss=0.5329 | val_auc=0.8499
Epoch 044 | time=3.9s | train_loss=0.1386 | val_loss=0.5349 | val_auc=0.8494
Epoch 045 | time=3.9s | train_loss=0.1373 | val_loss=0.5352 | val_auc=0.8479
Epoch 046 | time=3.9s | train_loss=0.1351 | val_loss=0.5303 | val_auc=0.8511
Epoch 047 | time=3.8s | train_loss=0.1340 | val_loss=0.5343 | val_auc=0.8509
Early stopping — no improvement for 10 epochs

Best model: epoch 37, val_loss=0.5343, val_auc=0.8515

═══ Test Results ═══
           auc: 0.7390
         auprc: 0.6740
            f1: 0.6691
     precision: 0.6275
        recall: 0.7165
          loss: 0.7246
