Uninstalled 1 package in 6ms
Installed 1 package in 10ms
/net/storage/pr3/plgrid/plggmlcil/plgkstankie/vvv/Multimodal-models-for-predicting-drug-target-interactions/.venv/lib/python3.11/site-packages/outdated/__init__.py:36: UserWarning: pkg_resources is deprecated as an API. See https://setuptools.pypa.io/en/latest/pkg_resources.html. The pkg_resources package is slated for removal as early as 2025-11-30. Refrain from using this package or pin to Setuptools<81.
  from pkg_resources import parse_version
Setting global random seed to 999
Using device: cuda
Loading clean data from: /net/storage/pr3/plgrid/plggmlcil/plgkstankie/vvv/Multimodal-models-for-predicting-drug-target-interactions/src/datasets/lincs_balanced.parquet
Dataset size: 27498
Split strategy: cold_target
  K3 cold-target split: 900 train proteins, 124 val proteins, 195 test proteins
Train: 19163  Val: 3874  Test: 4461
ChemBERTProcessor: loaded 236379 embeddings (dim=768) from /net/storage/pr3/plgrid/plggmlcil/plgkstankie/vvv/Multimodal-models-for-predicting-drug-target-interactions/src/datasets/ChemBERTa-zinc-base-v1.pt
Fitting MinMaxScaler on 1264 cached RDKit descriptors...
ESM2Processor: loaded 3580 embeddings (dim=1280) from /net/storage/pr3/plgrid/plggmlcil/plgkstankie/vvv/Multimodal-models-for-predicting-drug-target-interactions/src/datasets/esm2_t33_650M_UR50D.pt
SMILES encoders:  ['GCNEncoder', 'ChemBERTEncoder', 'FingerprintMLPEncoder', 'RDKitDescriptorEncoder', 'LincsGraphEncoder']
Protein encoders: ['ProteinCNNEncoder', 'ESM2Encoder']
Building graph cache for 1264 SMILES...
  0%|          | 0/1264 [00:00<?, ?it/s] 19%|█▊        | 236/1264 [00:00<00:00, 2353.69it/s] 37%|███▋      | 472/1264 [00:00<00:00, 2309.12it/s] 56%|█████▌    | 703/1264 [00:00<00:00, 2276.41it/s] 74%|███████▍  | 933/1264 [00:00<00:00, 2284.76it/s] 94%|█████████▎| 1182/1264 [00:00<00:00, 2357.90it/s]100%|██████████| 1264/1264 [00:00<00:00, 2343.66it/s]
Valid SMILES graphs: 1264
MultimodalDTI(
  (smiles_encoders): ModuleList(
    (0): GCNEncoder(
      (atom_encoder): AtomEncoder(
        (atom_embedding_list): ModuleList(
          (0): Embedding(119, 128)
          (1): Embedding(5, 128)
          (2-3): 2 x Embedding(12, 128)
          (4): Embedding(10, 128)
          (5-6): 2 x Embedding(6, 128)
          (7-8): 2 x Embedding(2, 128)
        )
      )
      (convs): ModuleList(
        (0-2): 3 x GCNConv(128, 128)
      )
      (bns): ModuleList(
        (0-2): 3 x BatchNorm1d(128, eps=1e-05, momentum=0.1, affine=True, track_running_stats=True)
      )
    )
    (1): ChemBERTEncoder(
      (projection): Sequential(
        (0): Linear(in_features=768, out_features=256, bias=True)
        (1): LayerNorm((256,), eps=1e-05, elementwise_affine=True)
        (2): ReLU()
      )
    )
    (2): FingerprintMLPEncoder(
      (mlp): Sequential(
        (0): Linear(in_features=1024, out_features=256, bias=True)
        (1): BatchNorm1d(256, eps=1e-05, momentum=0.1, affine=True, track_running_stats=True)
        (2): ReLU()
        (3): Dropout(p=0.5, inplace=False)
        (4): Linear(in_features=256, out_features=128, bias=True)
        (5): BatchNorm1d(128, eps=1e-05, momentum=0.1, affine=True, track_running_stats=True)
        (6): ReLU()
      )
    )
    (3): RDKitDescriptorEncoder(
      (mlp): Sequential(
        (0): Linear(in_features=210, out_features=128, bias=True)
        (1): BatchNorm1d(128, eps=1e-05, momentum=0.1, affine=True, track_running_stats=True)
        (2): ReLU()
        (3): Dropout(p=0.5, inplace=False)
        (4): Linear(in_features=128, out_features=128, bias=True)
        (5): BatchNorm1d(128, eps=1e-05, momentum=0.1, affine=True, track_running_stats=True)
        (6): ReLU()
      )
    )
    (4): LincsGraphEncoder(
      (proj): Linear(in_features=1, out_features=128, bias=True)
      (convs): ModuleList(
        (0-1): 2 x DenseGCNConv(
          (linear): Linear(in_features=128, out_features=128, bias=False)
        )
      )
      (bns): ModuleList(
        (0-1): 2 x BatchNorm1d(128, eps=1e-05, momentum=0.1, affine=True, track_running_stats=True)
      )
      (pool_proj): Linear(in_features=128, out_features=128, bias=True)
    )
  )
  (protein_encoders): ModuleList(
    (0): ProteinCNNEncoder(
      (embedding): Embedding(21, 128, padding_idx=0)
      (conv_blocks): ModuleList(
        (0): Sequential(
          (0): Conv1d(128, 64, kernel_size=(3,), stride=(1,), padding=(1,))
          (1): BatchNorm1d(64, eps=1e-05, momentum=0.1, affine=True, track_running_stats=True)
          (2): ReLU()
          (3): Conv1d(64, 64, kernel_size=(3,), stride=(1,), padding=(1,))
          (4): BatchNorm1d(64, eps=1e-05, momentum=0.1, affine=True, track_running_stats=True)
          (5): ReLU()
        )
        (1): Sequential(
          (0): Conv1d(128, 64, kernel_size=(7,), stride=(1,), padding=(3,))
          (1): BatchNorm1d(64, eps=1e-05, momentum=0.1, affine=True, track_running_stats=True)
          (2): ReLU()
          (3): Conv1d(64, 64, kernel_size=(7,), stride=(1,), padding=(3,))
          (4): BatchNorm1d(64, eps=1e-05, momentum=0.1, affine=True, track_running_stats=True)
          (5): ReLU()
        )
        (2): Sequential(
          (0): Conv1d(128, 64, kernel_size=(15,), stride=(1,), padding=(7,))
          (1): BatchNorm1d(64, eps=1e-05, momentum=0.1, affine=True, track_running_stats=True)
          (2): ReLU()
          (3): Conv1d(64, 64, kernel_size=(15,), stride=(1,), padding=(7,))
          (4): BatchNorm1d(64, eps=1e-05, momentum=0.1, affine=True, track_running_stats=True)
          (5): ReLU()
        )
      )
    )
    (1): ESM2Encoder(
      (projection): Sequential(
        (0): Linear(in_features=1280, out_features=128, bias=True)
        (1): LayerNorm((128,), eps=1e-05, elementwise_affine=True)
        (2): ReLU()
      )
    )
  )
  (fusion): MLPFusion(
    (classifier): Sequential(
      (0): Linear(in_features=1088, out_features=128, bias=True)
      (1): BatchNorm1d(128, eps=1e-05, momentum=0.1, affine=True, track_running_stats=True)
      (2): ReLU()
      (3): Dropout(p=0.5, inplace=False)
      (4): Linear(in_features=128, out_features=32, bias=True)
      (5): BatchNorm1d(32, eps=1e-05, momentum=0.1, affine=True, track_running_stats=True)
      (6): ReLU()
      (7): Dropout(p=0.5, inplace=False)
      (8): Linear(in_features=32, out_features=1, bias=True)
    )
  )
)
Epoch 001 | time=4.6s | train_loss=0.6619 | val_loss=0.6586 | val_auc=0.6117
  ✓ New best model (epoch 1, val_loss=0.6586, val_auc=0.6117) saved to checkpoints/gcn_chemberta_fp_lincs_graph_rdkit_vs_cnn_esm2_seed999.pt
Epoch 002 | time=3.9s | train_loss=0.5569 | val_loss=0.6640 | val_auc=0.6034
Epoch 003 | time=3.9s | train_loss=0.4893 | val_loss=0.6640 | val_auc=0.6239
  ✓ New best model (epoch 3, val_loss=0.6640, val_auc=0.6239) saved to checkpoints/gcn_chemberta_fp_lincs_graph_rdkit_vs_cnn_esm2_seed999.pt
Epoch 004 | time=3.9s | train_loss=0.4384 | val_loss=0.6685 | val_auc=0.6282
  ✓ New best model (epoch 4, val_loss=0.6685, val_auc=0.6282) saved to checkpoints/gcn_chemberta_fp_lincs_graph_rdkit_vs_cnn_esm2_seed999.pt
Epoch 005 | time=3.9s | train_loss=0.4063 | val_loss=0.6781 | val_auc=0.6319
  ✓ New best model (epoch 5, val_loss=0.6781, val_auc=0.6319) saved to checkpoints/gcn_chemberta_fp_lincs_graph_rdkit_vs_cnn_esm2_seed999.pt
Epoch 006 | time=3.9s | train_loss=0.3767 | val_loss=0.6836 | val_auc=0.6422
  ✓ New best model (epoch 6, val_loss=0.6836, val_auc=0.6422) saved to checkpoints/gcn_chemberta_fp_lincs_graph_rdkit_vs_cnn_esm2_seed999.pt
Epoch 007 | time=3.9s | train_loss=0.3539 | val_loss=0.7111 | val_auc=0.6367
Epoch 008 | time=3.9s | train_loss=0.3326 | val_loss=0.7008 | val_auc=0.6497
  ✓ New best model (epoch 8, val_loss=0.7008, val_auc=0.6497) saved to checkpoints/gcn_chemberta_fp_lincs_graph_rdkit_vs_cnn_esm2_seed999.pt
Epoch 009 | time=3.9s | train_loss=0.3194 | val_loss=0.7114 | val_auc=0.6542
  ✓ New best model (epoch 9, val_loss=0.7114, val_auc=0.6542) saved to checkpoints/gcn_chemberta_fp_lincs_graph_rdkit_vs_cnn_esm2_seed999.pt
Epoch 010 | time=3.9s | train_loss=0.3114 | val_loss=0.7066 | val_auc=0.6636
  ✓ New best model (epoch 10, val_loss=0.7066, val_auc=0.6636) saved to checkpoints/gcn_chemberta_fp_lincs_graph_rdkit_vs_cnn_esm2_seed999.pt
Epoch 011 | time=3.9s | train_loss=0.3038 | val_loss=0.7087 | val_auc=0.6598
Epoch 012 | time=3.9s | train_loss=0.2961 | val_loss=0.7233 | val_auc=0.6567
Epoch 013 | time=3.9s | train_loss=0.2878 | val_loss=0.7282 | val_auc=0.6632
Epoch 014 | time=3.8s | train_loss=0.2778 | val_loss=0.7452 | val_auc=0.6539
Epoch 015 | time=3.9s | train_loss=0.2751 | val_loss=0.7494 | val_auc=0.6576
Epoch 016 | time=4.2s | train_loss=0.2723 | val_loss=0.7532 | val_auc=0.6569
Epoch 017 | time=3.9s | train_loss=0.2664 | val_loss=0.7375 | val_auc=0.6627
Epoch 018 | time=3.9s | train_loss=0.2613 | val_loss=0.7692 | val_auc=0.6579
Epoch 019 | time=4.5s | train_loss=0.2592 | val_loss=0.7633 | val_auc=0.6622
Epoch 020 | time=3.9s | train_loss=0.2543 | val_loss=0.7809 | val_auc=0.6561
Early stopping — no improvement for 10 epochs

Best model: epoch 10, val_loss=0.7809, val_auc=0.6636

═══ Test Results ═══
           auc: 0.7295
         auprc: 0.7002
            f1: 0.6571
     precision: 0.6865
        recall: 0.6302
          loss: 0.6242
