Uninstalled 1 package in 7ms
Installed 1 package in 10ms
/net/storage/pr3/plgrid/plggmlcil/plgkstankie/vvv/Multimodal-models-for-predicting-drug-target-interactions/.venv/lib/python3.11/site-packages/outdated/__init__.py:36: UserWarning: pkg_resources is deprecated as an API. See https://setuptools.pypa.io/en/latest/pkg_resources.html. The pkg_resources package is slated for removal as early as 2025-11-30. Refrain from using this package or pin to Setuptools<81.
  from pkg_resources import parse_version
Setting global random seed to 123
Using device: cuda
Loading clean data from: /net/storage/pr3/plgrid/plggmlcil/plgkstankie/vvv/Multimodal-models-for-predicting-drug-target-interactions/src/datasets/lincs_balanced.parquet
Dataset size: 27498
Split strategy: cold_target
  K3 cold-target split: 900 train proteins, 124 val proteins, 195 test proteins
Train: 19163  Val: 3874  Test: 4461
SMILES encoders:  ['GCNEncoder', 'FingerprintMLPEncoder', 'LincsGraphEncoder']
Protein encoders: ['ProteinCNNEncoder']
Building graph cache for 1264 SMILES...
  0%|          | 0/1264 [00:00<?, ?it/s] 17%|█▋        | 218/1264 [00:00<00:00, 2174.71it/s] 35%|███▌      | 448/1264 [00:00<00:00, 2247.10it/s] 54%|█████▎    | 677/1264 [00:00<00:00, 2260.74it/s] 72%|███████▏  | 907/1264 [00:00<00:00, 2272.26it/s] 91%|█████████ | 1153/1264 [00:00<00:00, 2336.09it/s]100%|██████████| 1264/1264 [00:00<00:00, 2318.05it/s]
Valid SMILES graphs: 1264
MultimodalDTI(
  (smiles_encoders): ModuleList(
    (0): GCNEncoder(
      (atom_encoder): AtomEncoder(
        (atom_embedding_list): ModuleList(
          (0): Embedding(119, 128)
          (1): Embedding(5, 128)
          (2-3): 2 x Embedding(12, 128)
          (4): Embedding(10, 128)
          (5-6): 2 x Embedding(6, 128)
          (7-8): 2 x Embedding(2, 128)
        )
      )
      (convs): ModuleList(
        (0-2): 3 x GCNConv(128, 128)
      )
      (bns): ModuleList(
        (0-2): 3 x BatchNorm1d(128, eps=1e-05, momentum=0.1, affine=True, track_running_stats=True)
      )
    )
    (1): FingerprintMLPEncoder(
      (mlp): Sequential(
        (0): Linear(in_features=1024, out_features=256, bias=True)
        (1): BatchNorm1d(256, eps=1e-05, momentum=0.1, affine=True, track_running_stats=True)
        (2): ReLU()
        (3): Dropout(p=0.5, inplace=False)
        (4): Linear(in_features=256, out_features=128, bias=True)
        (5): BatchNorm1d(128, eps=1e-05, momentum=0.1, affine=True, track_running_stats=True)
        (6): ReLU()
      )
    )
    (2): LincsGraphEncoder(
      (proj): Linear(in_features=1, out_features=128, bias=True)
      (convs): ModuleList(
        (0-1): 2 x DenseGCNConv(
          (linear): Linear(in_features=128, out_features=128, bias=False)
        )
      )
      (bns): ModuleList(
        (0-1): 2 x BatchNorm1d(128, eps=1e-05, momentum=0.1, affine=True, track_running_stats=True)
      )
      (pool_proj): Linear(in_features=128, out_features=128, bias=True)
    )
  )
  (protein_encoders): ModuleList(
    (0): ProteinCNNEncoder(
      (embedding): Embedding(21, 128, padding_idx=0)
      (conv_blocks): ModuleList(
        (0): Sequential(
          (0): Conv1d(128, 64, kernel_size=(3,), stride=(1,), padding=(1,))
          (1): BatchNorm1d(64, eps=1e-05, momentum=0.1, affine=True, track_running_stats=True)
          (2): ReLU()
          (3): Conv1d(64, 64, kernel_size=(3,), stride=(1,), padding=(1,))
          (4): BatchNorm1d(64, eps=1e-05, momentum=0.1, affine=True, track_running_stats=True)
          (5): ReLU()
        )
        (1): Sequential(
          (0): Conv1d(128, 64, kernel_size=(7,), stride=(1,), padding=(3,))
          (1): BatchNorm1d(64, eps=1e-05, momentum=0.1, affine=True, track_running_stats=True)
          (2): ReLU()
          (3): Conv1d(64, 64, kernel_size=(7,), stride=(1,), padding=(3,))
          (4): BatchNorm1d(64, eps=1e-05, momentum=0.1, affine=True, track_running_stats=True)
          (5): ReLU()
        )
        (2): Sequential(
          (0): Conv1d(128, 64, kernel_size=(15,), stride=(1,), padding=(7,))
          (1): BatchNorm1d(64, eps=1e-05, momentum=0.1, affine=True, track_running_stats=True)
          (2): ReLU()
          (3): Conv1d(64, 64, kernel_size=(15,), stride=(1,), padding=(7,))
          (4): BatchNorm1d(64, eps=1e-05, momentum=0.1, affine=True, track_running_stats=True)
          (5): ReLU()
        )
      )
    )
  )
  (fusion): MLPFusion(
    (classifier): Sequential(
      (0): Linear(in_features=576, out_features=128, bias=True)
      (1): BatchNorm1d(128, eps=1e-05, momentum=0.1, affine=True, track_running_stats=True)
      (2): ReLU()
      (3): Dropout(p=0.5, inplace=False)
      (4): Linear(in_features=128, out_features=32, bias=True)
      (5): BatchNorm1d(32, eps=1e-05, momentum=0.1, affine=True, track_running_stats=True)
      (6): ReLU()
      (7): Dropout(p=0.5, inplace=False)
      (8): Linear(in_features=32, out_features=1, bias=True)
    )
  )
)
Epoch 001 | time=4.6s | train_loss=0.6645 | val_loss=0.6734 | val_auc=0.6005
  ✓ New best model (epoch 1, val_loss=0.6734, val_auc=0.6005) saved to checkpoints/gcn_fp_lincs_graph_vs_cnn_seed123.pt
Epoch 002 | time=3.7s | train_loss=0.5781 | val_loss=0.6565 | val_auc=0.6297
  ✓ New best model (epoch 2, val_loss=0.6565, val_auc=0.6297) saved to checkpoints/gcn_fp_lincs_graph_vs_cnn_seed123.pt
Epoch 003 | time=3.7s | train_loss=0.5109 | val_loss=0.6518 | val_auc=0.6314
  ✓ New best model (epoch 3, val_loss=0.6518, val_auc=0.6314) saved to checkpoints/gcn_fp_lincs_graph_vs_cnn_seed123.pt
Epoch 004 | time=3.7s | train_loss=0.4648 | val_loss=0.6550 | val_auc=0.6315
  ✓ New best model (epoch 4, val_loss=0.6550, val_auc=0.6315) saved to checkpoints/gcn_fp_lincs_graph_vs_cnn_seed123.pt
Epoch 005 | time=3.9s | train_loss=0.4306 | val_loss=0.6616 | val_auc=0.6353
  ✓ New best model (epoch 5, val_loss=0.6616, val_auc=0.6353) saved to checkpoints/gcn_fp_lincs_graph_vs_cnn_seed123.pt
Epoch 006 | time=3.7s | train_loss=0.4023 | val_loss=0.6552 | val_auc=0.6449
  ✓ New best model (epoch 6, val_loss=0.6552, val_auc=0.6449) saved to checkpoints/gcn_fp_lincs_graph_vs_cnn_seed123.pt
Epoch 007 | time=3.7s | train_loss=0.3733 | val_loss=0.6868 | val_auc=0.6307
Epoch 008 | time=3.7s | train_loss=0.3555 | val_loss=0.6916 | val_auc=0.6487
  ✓ New best model (epoch 8, val_loss=0.6916, val_auc=0.6487) saved to checkpoints/gcn_fp_lincs_graph_vs_cnn_seed123.pt
Epoch 009 | time=3.7s | train_loss=0.3392 | val_loss=0.7139 | val_auc=0.6279
Epoch 010 | time=3.7s | train_loss=0.3216 | val_loss=0.7264 | val_auc=0.6342
Epoch 011 | time=3.7s | train_loss=0.3110 | val_loss=0.7229 | val_auc=0.6381
Epoch 012 | time=3.7s | train_loss=0.3029 | val_loss=0.7463 | val_auc=0.6348
Epoch 013 | time=3.7s | train_loss=0.2950 | val_loss=0.7477 | val_auc=0.6376
Epoch 014 | time=3.7s | train_loss=0.2863 | val_loss=0.7529 | val_auc=0.6314
Epoch 015 | time=3.7s | train_loss=0.2819 | val_loss=0.7395 | val_auc=0.6471
Epoch 016 | time=3.8s | train_loss=0.2732 | val_loss=0.7706 | val_auc=0.6352
Epoch 017 | time=3.7s | train_loss=0.2710 | val_loss=0.7847 | val_auc=0.6305
Epoch 018 | time=3.7s | train_loss=0.2651 | val_loss=0.7661 | val_auc=0.6371
Early stopping — no improvement for 10 epochs

Best model: epoch 8, val_loss=0.7661, val_auc=0.6487

═══ Test Results ═══
           auc: 0.7430
         auprc: 0.6949
            f1: 0.6876
     precision: 0.6755
        recall: 0.7000
          loss: 0.6052
