Uninstalled 1 package in 7ms
Installed 1 package in 11ms
/net/storage/pr3/plgrid/plggmlcil/plgkstankie/vvv/Multimodal-models-for-predicting-drug-target-interactions/.venv/lib/python3.11/site-packages/outdated/__init__.py:36: UserWarning: pkg_resources is deprecated as an API. See https://setuptools.pypa.io/en/latest/pkg_resources.html. The pkg_resources package is slated for removal as early as 2025-11-30. Refrain from using this package or pin to Setuptools<81.
  from pkg_resources import parse_version
Setting global random seed to 123
Using device: cuda
Loading clean data from: /net/storage/pr3/plgrid/plggmlcil/plgkstankie/vvv/Multimodal-models-for-predicting-drug-target-interactions/src/datasets/lincs_balanced.parquet
Dataset size: 27498
Split strategy: cold_both
  K4 cold-both split: train=13694, val=328, test=923
  Rows retained: 14945/27498 (54.3%)
Train: 13694  Val: 328  Test: 923
ESM2Processor: loaded 3580 embeddings (dim=1280) from /net/storage/pr3/plgrid/plggmlcil/plgkstankie/vvv/Multimodal-models-for-predicting-drug-target-interactions/src/datasets/esm2_t33_650M_UR50D.pt
SMILES encoders:  ['GCNEncoder']
Protein encoders: ['ProteinCNNEncoder', 'ESM2Encoder']
Building graph cache for 1264 SMILES...
  0%|          | 0/1264 [00:00<?, ?it/s] 19%|█▊        | 234/1264 [00:00<00:00, 2335.46it/s] 37%|███▋      | 468/1264 [00:00<00:00, 2273.26it/s] 55%|█████▌    | 696/1264 [00:00<00:00, 2239.87it/s] 73%|███████▎  | 926/1264 [00:00<00:00, 2260.84it/s] 93%|█████████▎| 1173/1264 [00:00<00:00, 2333.70it/s]100%|██████████| 1264/1264 [00:00<00:00, 2326.30it/s]
Valid SMILES graphs: 1264
MultimodalDTI(
  (smiles_encoders): ModuleList(
    (0): GCNEncoder(
      (atom_encoder): AtomEncoder(
        (atom_embedding_list): ModuleList(
          (0): Embedding(119, 128)
          (1): Embedding(5, 128)
          (2-3): 2 x Embedding(12, 128)
          (4): Embedding(10, 128)
          (5-6): 2 x Embedding(6, 128)
          (7-8): 2 x Embedding(2, 128)
        )
      )
      (convs): ModuleList(
        (0-2): 3 x GCNConv(128, 128)
      )
      (bns): ModuleList(
        (0-2): 3 x BatchNorm1d(128, eps=1e-05, momentum=0.1, affine=True, track_running_stats=True)
      )
    )
  )
  (protein_encoders): ModuleList(
    (0): ProteinCNNEncoder(
      (embedding): Embedding(21, 128, padding_idx=0)
      (conv_blocks): ModuleList(
        (0): Sequential(
          (0): Conv1d(128, 64, kernel_size=(3,), stride=(1,), padding=(1,))
          (1): BatchNorm1d(64, eps=1e-05, momentum=0.1, affine=True, track_running_stats=True)
          (2): ReLU()
          (3): Conv1d(64, 64, kernel_size=(3,), stride=(1,), padding=(1,))
          (4): BatchNorm1d(64, eps=1e-05, momentum=0.1, affine=True, track_running_stats=True)
          (5): ReLU()
        )
        (1): Sequential(
          (0): Conv1d(128, 64, kernel_size=(7,), stride=(1,), padding=(3,))
          (1): BatchNorm1d(64, eps=1e-05, momentum=0.1, affine=True, track_running_stats=True)
          (2): ReLU()
          (3): Conv1d(64, 64, kernel_size=(7,), stride=(1,), padding=(3,))
          (4): BatchNorm1d(64, eps=1e-05, momentum=0.1, affine=True, track_running_stats=True)
          (5): ReLU()
        )
        (2): Sequential(
          (0): Conv1d(128, 64, kernel_size=(15,), stride=(1,), padding=(7,))
          (1): BatchNorm1d(64, eps=1e-05, momentum=0.1, affine=True, track_running_stats=True)
          (2): ReLU()
          (3): Conv1d(64, 64, kernel_size=(15,), stride=(1,), padding=(7,))
          (4): BatchNorm1d(64, eps=1e-05, momentum=0.1, affine=True, track_running_stats=True)
          (5): ReLU()
        )
      )
    )
    (1): ESM2Encoder(
      (projection): Sequential(
        (0): Linear(in_features=1280, out_features=256, bias=True)
        (1): LayerNorm((256,), eps=1e-05, elementwise_affine=True)
        (2): ReLU()
      )
    )
  )
  (fusion): MLPFusion(
    (classifier): Sequential(
      (0): Linear(in_features=576, out_features=128, bias=True)
      (1): BatchNorm1d(128, eps=1e-05, momentum=0.1, affine=True, track_running_stats=True)
      (2): ReLU()
      (3): Dropout(p=0.3, inplace=False)
      (4): Linear(in_features=128, out_features=32, bias=True)
      (5): BatchNorm1d(32, eps=1e-05, momentum=0.1, affine=True, track_running_stats=True)
      (6): ReLU()
      (7): Dropout(p=0.3, inplace=False)
      (8): Linear(in_features=32, out_features=1, bias=True)
    )
  )
)
Epoch 001 | time=2.4s | train_loss=0.6095 | val_loss=0.6656 | val_auc=0.6572
  ✓ New best model (epoch 1, val_loss=0.6656, val_auc=0.6572) saved to checkpoints/gcn_vs_cnn_esm2_seed123.pt
Epoch 002 | time=1.6s | train_loss=0.4991 | val_loss=0.6721 | val_auc=0.6586
  ✓ New best model (epoch 2, val_loss=0.6721, val_auc=0.6586) saved to checkpoints/gcn_vs_cnn_esm2_seed123.pt
Epoch 003 | time=1.6s | train_loss=0.4430 | val_loss=0.6763 | val_auc=0.6284
Epoch 004 | time=1.6s | train_loss=0.4035 | val_loss=0.6708 | val_auc=0.6378
Epoch 005 | time=1.6s | train_loss=0.3746 | val_loss=0.6649 | val_auc=0.6314
Epoch 006 | time=1.6s | train_loss=0.3525 | val_loss=0.6757 | val_auc=0.6330
Epoch 007 | time=1.6s | train_loss=0.3342 | val_loss=0.6633 | val_auc=0.6452
Epoch 008 | time=1.6s | train_loss=0.3160 | val_loss=0.6653 | val_auc=0.6469
Epoch 009 | time=1.8s | train_loss=0.2997 | val_loss=0.6749 | val_auc=0.6272
Epoch 010 | time=1.6s | train_loss=0.2870 | val_loss=0.7303 | val_auc=0.6347
Epoch 011 | time=1.6s | train_loss=0.2761 | val_loss=0.6716 | val_auc=0.6329
Epoch 012 | time=1.6s | train_loss=0.2626 | val_loss=0.7051 | val_auc=0.6129
Early stopping — no improvement for 10 epochs

Best model: epoch 2, val_loss=0.7051, val_auc=0.6586

═══ Test Results ═══
           auc: 0.4542
         auprc: 0.4465
            f1: 0.4918
     precision: 0.4650
        recall: 0.5219
          loss: 0.7776
