Uninstalled 1 package in 7ms
Installed 1 package in 11ms
/net/storage/pr3/plgrid/plggmlcil/plgkstankie/vvv/Multimodal-models-for-predicting-drug-target-interactions/.venv/lib/python3.11/site-packages/outdated/__init__.py:36: UserWarning: pkg_resources is deprecated as an API. See https://setuptools.pypa.io/en/latest/pkg_resources.html. The pkg_resources package is slated for removal as early as 2025-11-30. Refrain from using this package or pin to Setuptools<81.
  from pkg_resources import parse_version
Setting global random seed to 42
Using device: cuda
Loading clean data from: /net/storage/pr3/plgrid/plggmlcil/plgkstankie/vvv/Multimodal-models-for-predicting-drug-target-interactions/src/datasets/lincs_balanced.parquet
Dataset size: 27498
Split strategy: cold_both
  K4 cold-both split: train=13694, val=328, test=923
  Rows retained: 14945/27498 (54.3%)
Train: 13694  Val: 328  Test: 923
ChemBERTProcessor: loaded 236379 embeddings (dim=768) from /net/storage/pr3/plgrid/plggmlcil/plgkstankie/vvv/Multimodal-models-for-predicting-drug-target-interactions/src/datasets/ChemBERTa-zinc-base-v1.pt
Fitting MinMaxScaler on 1264 cached RDKit descriptors...
ESM2Processor: loaded 3580 embeddings (dim=1280) from /net/storage/pr3/plgrid/plggmlcil/plgkstankie/vvv/Multimodal-models-for-predicting-drug-target-interactions/src/datasets/esm2_t33_650M_UR50D.pt
SMILES encoders:  ['GCNEncoder', 'ChemBERTEncoder', 'FingerprintMLPEncoder', 'RDKitDescriptorEncoder', 'LincsGraphEncoder']
Protein encoders: ['ProteinCNNEncoder', 'ESM2Encoder']
Building graph cache for 1264 SMILES...
  0%|          | 0/1264 [00:00<?, ?it/s] 18%|█▊        | 233/1264 [00:00<00:00, 2325.39it/s] 37%|███▋      | 466/1264 [00:00<00:00, 2268.66it/s] 55%|█████▍    | 693/1264 [00:00<00:00, 2229.67it/s] 73%|███████▎  | 917/1264 [00:00<00:00, 2233.16it/s] 91%|█████████▏| 1155/1264 [00:00<00:00, 2283.18it/s]100%|██████████| 1264/1264 [00:00<00:00, 2294.36it/s]
Valid SMILES graphs: 1264
MultimodalDTI(
  (smiles_encoders): ModuleList(
    (0): GCNEncoder(
      (atom_encoder): AtomEncoder(
        (atom_embedding_list): ModuleList(
          (0): Embedding(119, 128)
          (1): Embedding(5, 128)
          (2-3): 2 x Embedding(12, 128)
          (4): Embedding(10, 128)
          (5-6): 2 x Embedding(6, 128)
          (7-8): 2 x Embedding(2, 128)
        )
      )
      (convs): ModuleList(
        (0-2): 3 x GCNConv(128, 128)
      )
      (bns): ModuleList(
        (0-2): 3 x BatchNorm1d(128, eps=1e-05, momentum=0.1, affine=True, track_running_stats=True)
      )
    )
    (1): ChemBERTEncoder(
      (projection): Sequential(
        (0): Linear(in_features=768, out_features=256, bias=True)
        (1): LayerNorm((256,), eps=1e-05, elementwise_affine=True)
        (2): ReLU()
      )
    )
    (2): FingerprintMLPEncoder(
      (mlp): Sequential(
        (0): Linear(in_features=1024, out_features=256, bias=True)
        (1): BatchNorm1d(256, eps=1e-05, momentum=0.1, affine=True, track_running_stats=True)
        (2): ReLU()
        (3): Dropout(p=0.5, inplace=False)
        (4): Linear(in_features=256, out_features=128, bias=True)
        (5): BatchNorm1d(128, eps=1e-05, momentum=0.1, affine=True, track_running_stats=True)
        (6): ReLU()
      )
    )
    (3): RDKitDescriptorEncoder(
      (mlp): Sequential(
        (0): Linear(in_features=210, out_features=128, bias=True)
        (1): BatchNorm1d(128, eps=1e-05, momentum=0.1, affine=True, track_running_stats=True)
        (2): ReLU()
        (3): Dropout(p=0.5, inplace=False)
        (4): Linear(in_features=128, out_features=128, bias=True)
        (5): BatchNorm1d(128, eps=1e-05, momentum=0.1, affine=True, track_running_stats=True)
        (6): ReLU()
      )
    )
    (4): LincsGraphEncoder(
      (proj): Linear(in_features=1, out_features=128, bias=True)
      (convs): ModuleList(
        (0-1): 2 x DenseGCNConv(
          (linear): Linear(in_features=128, out_features=128, bias=False)
        )
      )
      (bns): ModuleList(
        (0-1): 2 x BatchNorm1d(128, eps=1e-05, momentum=0.1, affine=True, track_running_stats=True)
      )
      (pool_proj): Linear(in_features=128, out_features=128, bias=True)
    )
  )
  (protein_encoders): ModuleList(
    (0): ProteinCNNEncoder(
      (embedding): Embedding(21, 128, padding_idx=0)
      (conv_blocks): ModuleList(
        (0): Sequential(
          (0): Conv1d(128, 64, kernel_size=(3,), stride=(1,), padding=(1,))
          (1): BatchNorm1d(64, eps=1e-05, momentum=0.1, affine=True, track_running_stats=True)
          (2): ReLU()
          (3): Conv1d(64, 64, kernel_size=(3,), stride=(1,), padding=(1,))
          (4): BatchNorm1d(64, eps=1e-05, momentum=0.1, affine=True, track_running_stats=True)
          (5): ReLU()
        )
        (1): Sequential(
          (0): Conv1d(128, 64, kernel_size=(7,), stride=(1,), padding=(3,))
          (1): BatchNorm1d(64, eps=1e-05, momentum=0.1, affine=True, track_running_stats=True)
          (2): ReLU()
          (3): Conv1d(64, 64, kernel_size=(7,), stride=(1,), padding=(3,))
          (4): BatchNorm1d(64, eps=1e-05, momentum=0.1, affine=True, track_running_stats=True)
          (5): ReLU()
        )
        (2): Sequential(
          (0): Conv1d(128, 64, kernel_size=(15,), stride=(1,), padding=(7,))
          (1): BatchNorm1d(64, eps=1e-05, momentum=0.1, affine=True, track_running_stats=True)
          (2): ReLU()
          (3): Conv1d(64, 64, kernel_size=(15,), stride=(1,), padding=(7,))
          (4): BatchNorm1d(64, eps=1e-05, momentum=0.1, affine=True, track_running_stats=True)
          (5): ReLU()
        )
      )
    )
    (1): ESM2Encoder(
      (projection): Sequential(
        (0): Linear(in_features=1280, out_features=128, bias=True)
        (1): LayerNorm((128,), eps=1e-05, elementwise_affine=True)
        (2): ReLU()
      )
    )
  )
  (fusion): MLPFusion(
    (classifier): Sequential(
      (0): Linear(in_features=1088, out_features=128, bias=True)
      (1): BatchNorm1d(128, eps=1e-05, momentum=0.1, affine=True, track_running_stats=True)
      (2): ReLU()
      (3): Dropout(p=0.5, inplace=False)
      (4): Linear(in_features=128, out_features=32, bias=True)
      (5): BatchNorm1d(32, eps=1e-05, momentum=0.1, affine=True, track_running_stats=True)
      (6): ReLU()
      (7): Dropout(p=0.5, inplace=False)
      (8): Linear(in_features=32, out_features=1, bias=True)
    )
  )
)
Epoch 001 | time=3.4s | train_loss=0.6651 | val_loss=0.7082 | val_auc=0.5269
  ✓ New best model (epoch 1, val_loss=0.7082, val_auc=0.5269) saved to checkpoints/gcn_chemberta_fp_lincs_graph_rdkit_vs_cnn_esm2_seed42.pt
Epoch 002 | time=3.1s | train_loss=0.5850 | val_loss=0.6759 | val_auc=0.6130
  ✓ New best model (epoch 2, val_loss=0.6759, val_auc=0.6130) saved to checkpoints/gcn_chemberta_fp_lincs_graph_rdkit_vs_cnn_esm2_seed42.pt
Epoch 003 | time=2.5s | train_loss=0.5164 | val_loss=0.6591 | val_auc=0.6558
  ✓ New best model (epoch 3, val_loss=0.6591, val_auc=0.6558) saved to checkpoints/gcn_chemberta_fp_lincs_graph_rdkit_vs_cnn_esm2_seed42.pt
Epoch 004 | time=2.5s | train_loss=0.4670 | val_loss=0.6498 | val_auc=0.6757
  ✓ New best model (epoch 4, val_loss=0.6498, val_auc=0.6757) saved to checkpoints/gcn_chemberta_fp_lincs_graph_rdkit_vs_cnn_esm2_seed42.pt
Epoch 005 | time=2.5s | train_loss=0.4330 | val_loss=0.6511 | val_auc=0.6518
Epoch 006 | time=2.5s | train_loss=0.4034 | val_loss=0.6562 | val_auc=0.6492
Epoch 007 | time=2.5s | train_loss=0.3790 | val_loss=0.6470 | val_auc=0.6648
Epoch 008 | time=2.6s | train_loss=0.3549 | val_loss=0.6367 | val_auc=0.6505
Epoch 009 | time=2.5s | train_loss=0.3410 | val_loss=0.6462 | val_auc=0.6510
Epoch 010 | time=2.5s | train_loss=0.3244 | val_loss=0.6404 | val_auc=0.6567
Epoch 011 | time=2.5s | train_loss=0.3072 | val_loss=0.6359 | val_auc=0.6753
Epoch 012 | time=2.5s | train_loss=0.2925 | val_loss=0.6322 | val_auc=0.6660
Epoch 013 | time=2.5s | train_loss=0.2776 | val_loss=0.6356 | val_auc=0.6272
Epoch 014 | time=2.5s | train_loss=0.2658 | val_loss=0.6382 | val_auc=0.6515
Early stopping — no improvement for 10 epochs

Best model: epoch 4, val_loss=0.6382, val_auc=0.6757

═══ Test Results ═══
           auc: 0.4960
         auprc: 0.4464
            f1: 0.5385
     precision: 0.4896
        recall: 0.5982
          loss: 0.7250
