Uninstalled 1 package in 7ms
Installed 1 package in 10ms
/net/storage/pr3/plgrid/plggmlcil/plgkstankie/vvv/Multimodal-models-for-predicting-drug-target-interactions/.venv/lib/python3.11/site-packages/outdated/__init__.py:36: UserWarning: pkg_resources is deprecated as an API. See https://setuptools.pypa.io/en/latest/pkg_resources.html. The pkg_resources package is slated for removal as early as 2025-11-30. Refrain from using this package or pin to Setuptools<81.
  from pkg_resources import parse_version
Setting global random seed to 2026
Using device: cuda
Loading clean data from: /net/storage/pr3/plgrid/plggmlcil/plgkstankie/vvv/Multimodal-models-for-predicting-drug-target-interactions/src/datasets/lincs_balanced.parquet
Dataset size: 27498
Split strategy: cold_target
  K3 cold-target split: 900 train proteins, 124 val proteins, 195 test proteins
Train: 19163  Val: 3874  Test: 4461
SMILES encoders:  ['GCNEncoder']
Protein encoders: ['ProteinCNNEncoder']
Building graph cache for 1264 SMILES...
  0%|          | 0/1264 [00:00<?, ?it/s] 17%|█▋        | 217/1264 [00:00<00:00, 2167.63it/s] 35%|███▍      | 441/1264 [00:00<00:00, 2205.56it/s] 52%|█████▏    | 662/1264 [00:00<00:00, 2193.67it/s] 70%|██████▉   | 883/1264 [00:00<00:00, 2199.70it/s] 89%|████████▉ | 1124/1264 [00:00<00:00, 2271.36it/s]100%|██████████| 1264/1264 [00:00<00:00, 2256.66it/s]
Valid SMILES graphs: 1264
MultimodalDTI(
  (smiles_encoders): ModuleList(
    (0): GCNEncoder(
      (atom_encoder): AtomEncoder(
        (atom_embedding_list): ModuleList(
          (0): Embedding(119, 128)
          (1): Embedding(5, 128)
          (2-3): 2 x Embedding(12, 128)
          (4): Embedding(10, 128)
          (5-6): 2 x Embedding(6, 128)
          (7-8): 2 x Embedding(2, 128)
        )
      )
      (convs): ModuleList(
        (0-2): 3 x GCNConv(128, 128)
      )
      (bns): ModuleList(
        (0-2): 3 x BatchNorm1d(128, eps=1e-05, momentum=0.1, affine=True, track_running_stats=True)
      )
    )
  )
  (protein_encoders): ModuleList(
    (0): ProteinCNNEncoder(
      (embedding): Embedding(21, 128, padding_idx=0)
      (conv_blocks): ModuleList(
        (0): Sequential(
          (0): Conv1d(128, 64, kernel_size=(3,), stride=(1,), padding=(1,))
          (1): BatchNorm1d(64, eps=1e-05, momentum=0.1, affine=True, track_running_stats=True)
          (2): ReLU()
          (3): Conv1d(64, 64, kernel_size=(3,), stride=(1,), padding=(1,))
          (4): BatchNorm1d(64, eps=1e-05, momentum=0.1, affine=True, track_running_stats=True)
          (5): ReLU()
        )
        (1): Sequential(
          (0): Conv1d(128, 64, kernel_size=(7,), stride=(1,), padding=(3,))
          (1): BatchNorm1d(64, eps=1e-05, momentum=0.1, affine=True, track_running_stats=True)
          (2): ReLU()
          (3): Conv1d(64, 64, kernel_size=(7,), stride=(1,), padding=(3,))
          (4): BatchNorm1d(64, eps=1e-05, momentum=0.1, affine=True, track_running_stats=True)
          (5): ReLU()
        )
        (2): Sequential(
          (0): Conv1d(128, 64, kernel_size=(15,), stride=(1,), padding=(7,))
          (1): BatchNorm1d(64, eps=1e-05, momentum=0.1, affine=True, track_running_stats=True)
          (2): ReLU()
          (3): Conv1d(64, 64, kernel_size=(15,), stride=(1,), padding=(7,))
          (4): BatchNorm1d(64, eps=1e-05, momentum=0.1, affine=True, track_running_stats=True)
          (5): ReLU()
        )
      )
    )
  )
  (fusion): MLPFusion(
    (classifier): Sequential(
      (0): Linear(in_features=320, out_features=128, bias=True)
      (1): BatchNorm1d(128, eps=1e-05, momentum=0.1, affine=True, track_running_stats=True)
      (2): ReLU()
      (3): Dropout(p=0.5, inplace=False)
      (4): Linear(in_features=128, out_features=32, bias=True)
      (5): BatchNorm1d(32, eps=1e-05, momentum=0.1, affine=True, track_running_stats=True)
      (6): ReLU()
      (7): Dropout(p=0.5, inplace=False)
      (8): Linear(in_features=32, out_features=1, bias=True)
    )
  )
)
Epoch 001 | time=3.3s | train_loss=0.6701 | val_loss=0.6748 | val_auc=0.5591
  ✓ New best model (epoch 1, val_loss=0.6748, val_auc=0.5591) saved to checkpoints/gcn_vs_cnn_seed2026.pt
Epoch 002 | time=2.4s | train_loss=0.5912 | val_loss=0.6647 | val_auc=0.5779
  ✓ New best model (epoch 2, val_loss=0.6647, val_auc=0.5779) saved to checkpoints/gcn_vs_cnn_seed2026.pt
Epoch 003 | time=2.3s | train_loss=0.5298 | val_loss=0.6623 | val_auc=0.6009
  ✓ New best model (epoch 3, val_loss=0.6623, val_auc=0.6009) saved to checkpoints/gcn_vs_cnn_seed2026.pt
Epoch 004 | time=2.4s | train_loss=0.4862 | val_loss=0.6662 | val_auc=0.6071
  ✓ New best model (epoch 4, val_loss=0.6662, val_auc=0.6071) saved to checkpoints/gcn_vs_cnn_seed2026.pt
Epoch 005 | time=2.5s | train_loss=0.4547 | val_loss=0.6599 | val_auc=0.6212
  ✓ New best model (epoch 5, val_loss=0.6599, val_auc=0.6212) saved to checkpoints/gcn_vs_cnn_seed2026.pt
Epoch 006 | time=2.4s | train_loss=0.4297 | val_loss=0.6593 | val_auc=0.6359
  ✓ New best model (epoch 6, val_loss=0.6593, val_auc=0.6359) saved to checkpoints/gcn_vs_cnn_seed2026.pt
Epoch 007 | time=2.4s | train_loss=0.4072 | val_loss=0.6639 | val_auc=0.6384
  ✓ New best model (epoch 7, val_loss=0.6639, val_auc=0.6384) saved to checkpoints/gcn_vs_cnn_seed2026.pt
Epoch 008 | time=2.4s | train_loss=0.3914 | val_loss=0.6648 | val_auc=0.6494
  ✓ New best model (epoch 8, val_loss=0.6648, val_auc=0.6494) saved to checkpoints/gcn_vs_cnn_seed2026.pt
Epoch 009 | time=2.4s | train_loss=0.3749 | val_loss=0.6767 | val_auc=0.6424
Epoch 010 | time=2.4s | train_loss=0.3566 | val_loss=0.6752 | val_auc=0.6581
  ✓ New best model (epoch 10, val_loss=0.6752, val_auc=0.6581) saved to checkpoints/gcn_vs_cnn_seed2026.pt
Epoch 011 | time=2.4s | train_loss=0.3507 | val_loss=0.6992 | val_auc=0.6382
Epoch 012 | time=2.4s | train_loss=0.3376 | val_loss=0.6960 | val_auc=0.6467
Epoch 013 | time=2.4s | train_loss=0.3262 | val_loss=0.6996 | val_auc=0.6487
Epoch 014 | time=2.4s | train_loss=0.3189 | val_loss=0.7058 | val_auc=0.6534
Epoch 015 | time=2.4s | train_loss=0.3142 | val_loss=0.7229 | val_auc=0.6428
Epoch 016 | time=2.4s | train_loss=0.3079 | val_loss=0.7148 | val_auc=0.6503
Epoch 017 | time=2.4s | train_loss=0.3027 | val_loss=0.7259 | val_auc=0.6481
Epoch 018 | time=2.4s | train_loss=0.2964 | val_loss=0.7436 | val_auc=0.6432
Epoch 019 | time=2.4s | train_loss=0.2896 | val_loss=0.7344 | val_auc=0.6443
Epoch 020 | time=2.4s | train_loss=0.2871 | val_loss=0.7460 | val_auc=0.6438
Early stopping — no improvement for 10 epochs

Best model: epoch 10, val_loss=0.7460, val_auc=0.6581

═══ Test Results ═══
           auc: 0.7280
         auprc: 0.6650
            f1: 0.6276
     precision: 0.6858
        recall: 0.5785
          loss: 0.6235
