Uninstalled 1 package in 6ms
Installed 1 package in 12ms
/net/storage/pr3/plgrid/plggmlcil/plgkstankie/vvv/Multimodal-models-for-predicting-drug-target-interactions/.venv/lib/python3.11/site-packages/outdated/__init__.py:36: UserWarning: pkg_resources is deprecated as an API. See https://setuptools.pypa.io/en/latest/pkg_resources.html. The pkg_resources package is slated for removal as early as 2025-11-30. Refrain from using this package or pin to Setuptools<81.
  from pkg_resources import parse_version
Setting global random seed to 999
Using device: cuda
Loading clean data from: /net/storage/pr3/plgrid/plggmlcil/plgkstankie/vvv/Multimodal-models-for-predicting-drug-target-interactions/src/datasets/lincs_balanced.parquet
Dataset size: 27498
Split strategy: cold_target
  K3 cold-target split: 900 train proteins, 124 val proteins, 195 test proteins
Train: 19163  Val: 3874  Test: 4461
ESM2Processor: loaded 3580 embeddings (dim=1280) from /net/storage/pr3/plgrid/plggmlcil/plgkstankie/vvv/Multimodal-models-for-predicting-drug-target-interactions/src/datasets/esm2_t33_650M_UR50D.pt
SMILES encoders:  ['GCNEncoder']
Protein encoders: ['ProteinCNNEncoder', 'ESM2Encoder']
Building graph cache for 1264 SMILES...
  0%|          | 0/1264 [00:00<?, ?it/s] 19%|█▊        | 234/1264 [00:00<00:00, 2339.67it/s] 37%|███▋      | 468/1264 [00:00<00:00, 2281.83it/s] 55%|█████▌    | 697/1264 [00:00<00:00, 2245.02it/s] 73%|███████▎  | 923/1264 [00:00<00:00, 2249.77it/s] 92%|█████████▏| 1165/1264 [00:00<00:00, 2307.06it/s]100%|██████████| 1264/1264 [00:00<00:00, 2310.72it/s]
Valid SMILES graphs: 1264
MultimodalDTI(
  (smiles_encoders): ModuleList(
    (0): GCNEncoder(
      (atom_encoder): AtomEncoder(
        (atom_embedding_list): ModuleList(
          (0): Embedding(119, 128)
          (1): Embedding(5, 128)
          (2-3): 2 x Embedding(12, 128)
          (4): Embedding(10, 128)
          (5-6): 2 x Embedding(6, 128)
          (7-8): 2 x Embedding(2, 128)
        )
      )
      (convs): ModuleList(
        (0-2): 3 x GCNConv(128, 128)
      )
      (bns): ModuleList(
        (0-2): 3 x BatchNorm1d(128, eps=1e-05, momentum=0.1, affine=True, track_running_stats=True)
      )
    )
  )
  (protein_encoders): ModuleList(
    (0): ProteinCNNEncoder(
      (embedding): Embedding(21, 128, padding_idx=0)
      (conv_blocks): ModuleList(
        (0): Sequential(
          (0): Conv1d(128, 64, kernel_size=(3,), stride=(1,), padding=(1,))
          (1): BatchNorm1d(64, eps=1e-05, momentum=0.1, affine=True, track_running_stats=True)
          (2): ReLU()
          (3): Conv1d(64, 64, kernel_size=(3,), stride=(1,), padding=(1,))
          (4): BatchNorm1d(64, eps=1e-05, momentum=0.1, affine=True, track_running_stats=True)
          (5): ReLU()
        )
        (1): Sequential(
          (0): Conv1d(128, 64, kernel_size=(7,), stride=(1,), padding=(3,))
          (1): BatchNorm1d(64, eps=1e-05, momentum=0.1, affine=True, track_running_stats=True)
          (2): ReLU()
          (3): Conv1d(64, 64, kernel_size=(7,), stride=(1,), padding=(3,))
          (4): BatchNorm1d(64, eps=1e-05, momentum=0.1, affine=True, track_running_stats=True)
          (5): ReLU()
        )
        (2): Sequential(
          (0): Conv1d(128, 64, kernel_size=(15,), stride=(1,), padding=(7,))
          (1): BatchNorm1d(64, eps=1e-05, momentum=0.1, affine=True, track_running_stats=True)
          (2): ReLU()
          (3): Conv1d(64, 64, kernel_size=(15,), stride=(1,), padding=(7,))
          (4): BatchNorm1d(64, eps=1e-05, momentum=0.1, affine=True, track_running_stats=True)
          (5): ReLU()
        )
      )
    )
    (1): ESM2Encoder(
      (projection): Sequential(
        (0): Linear(in_features=1280, out_features=256, bias=True)
        (1): LayerNorm((256,), eps=1e-05, elementwise_affine=True)
        (2): ReLU()
      )
    )
  )
  (fusion): MLPFusion(
    (classifier): Sequential(
      (0): Linear(in_features=576, out_features=128, bias=True)
      (1): BatchNorm1d(128, eps=1e-05, momentum=0.1, affine=True, track_running_stats=True)
      (2): ReLU()
      (3): Dropout(p=0.3, inplace=False)
      (4): Linear(in_features=128, out_features=32, bias=True)
      (5): BatchNorm1d(32, eps=1e-05, momentum=0.1, affine=True, track_running_stats=True)
      (6): ReLU()
      (7): Dropout(p=0.3, inplace=False)
      (8): Linear(in_features=32, out_features=1, bias=True)
    )
  )
)
Epoch 001 | time=3.3s | train_loss=0.6112 | val_loss=0.6584 | val_auc=0.6348
  ✓ New best model (epoch 1, val_loss=0.6584, val_auc=0.6348) saved to checkpoints/gcn_vs_cnn_esm2_seed999.pt
Epoch 002 | time=2.5s | train_loss=0.5107 | val_loss=0.6391 | val_auc=0.6619
  ✓ New best model (epoch 2, val_loss=0.6391, val_auc=0.6619) saved to checkpoints/gcn_vs_cnn_esm2_seed999.pt
Epoch 003 | time=2.4s | train_loss=0.4551 | val_loss=0.6213 | val_auc=0.6954
  ✓ New best model (epoch 3, val_loss=0.6213, val_auc=0.6954) saved to checkpoints/gcn_vs_cnn_esm2_seed999.pt
Epoch 004 | time=2.6s | train_loss=0.4173 | val_loss=0.6199 | val_auc=0.6964
  ✓ New best model (epoch 4, val_loss=0.6199, val_auc=0.6964) saved to checkpoints/gcn_vs_cnn_esm2_seed999.pt
Epoch 005 | time=2.4s | train_loss=0.3884 | val_loss=0.6164 | val_auc=0.7121
  ✓ New best model (epoch 5, val_loss=0.6164, val_auc=0.7121) saved to checkpoints/gcn_vs_cnn_esm2_seed999.pt
Epoch 006 | time=2.4s | train_loss=0.3628 | val_loss=0.6334 | val_auc=0.6903
Epoch 007 | time=2.4s | train_loss=0.3433 | val_loss=0.6428 | val_auc=0.6872
Epoch 008 | time=2.4s | train_loss=0.3253 | val_loss=0.6376 | val_auc=0.6921
Epoch 009 | time=2.4s | train_loss=0.3099 | val_loss=0.6711 | val_auc=0.6757
Epoch 010 | time=2.4s | train_loss=0.2965 | val_loss=0.6547 | val_auc=0.7069
Epoch 011 | time=2.4s | train_loss=0.2816 | val_loss=0.6705 | val_auc=0.6897
Epoch 012 | time=2.4s | train_loss=0.2682 | val_loss=0.6619 | val_auc=0.7115
Epoch 013 | time=2.4s | train_loss=0.2580 | val_loss=0.6676 | val_auc=0.7038
Epoch 014 | time=2.4s | train_loss=0.2538 | val_loss=0.6702 | val_auc=0.7029
Epoch 015 | time=2.5s | train_loss=0.2473 | val_loss=0.6780 | val_auc=0.7069
Early stopping — no improvement for 10 epochs

Best model: epoch 5, val_loss=0.6780, val_auc=0.7121

═══ Test Results ═══
           auc: 0.7588
         auprc: 0.7143
            f1: 0.6856
     precision: 0.7016
        recall: 0.6702
          loss: 0.5962
