Uninstalled 1 package in 6ms
Installed 1 package in 10ms
/net/storage/pr3/plgrid/plggmlcil/plgkstankie/vvv/Multimodal-models-for-predicting-drug-target-interactions/.venv/lib/python3.11/site-packages/outdated/__init__.py:36: UserWarning: pkg_resources is deprecated as an API. See https://setuptools.pypa.io/en/latest/pkg_resources.html. The pkg_resources package is slated for removal as early as 2025-11-30. Refrain from using this package or pin to Setuptools<81.
  from pkg_resources import parse_version
Setting global random seed to 2026
Using device: cuda
Loading clean data from: /net/storage/pr3/plgrid/plggmlcil/plgkstankie/vvv/Multimodal-models-for-predicting-drug-target-interactions/src/datasets/lincs_balanced.parquet
Dataset size: 27498
Split strategy: scaffold
Train: 19558  Val: 2885  Test: 5055
SMILES encoders:  ['GCNEncoder', 'FingerprintMLPEncoder', 'LincsGraphEncoder']
Protein encoders: ['ProteinCNNEncoder']
Building graph cache for 1264 SMILES...
  0%|          | 0/1264 [00:00<?, ?it/s] 19%|█▉        | 239/1264 [00:00<00:00, 2382.21it/s] 38%|███▊      | 478/1264 [00:00<00:00, 2330.76it/s] 56%|█████▋    | 712/1264 [00:00<00:00, 2293.30it/s] 75%|███████▍  | 942/1264 [00:00<00:00, 2286.43it/s] 95%|█████████▍| 1196/1264 [00:00<00:00, 2376.42it/s]100%|██████████| 1264/1264 [00:00<00:00, 2361.74it/s]
Valid SMILES graphs: 1264
MultimodalDTI(
  (smiles_encoders): ModuleList(
    (0): GCNEncoder(
      (atom_encoder): AtomEncoder(
        (atom_embedding_list): ModuleList(
          (0): Embedding(119, 128)
          (1): Embedding(5, 128)
          (2-3): 2 x Embedding(12, 128)
          (4): Embedding(10, 128)
          (5-6): 2 x Embedding(6, 128)
          (7-8): 2 x Embedding(2, 128)
        )
      )
      (convs): ModuleList(
        (0-2): 3 x GCNConv(128, 128)
      )
      (bns): ModuleList(
        (0-2): 3 x BatchNorm1d(128, eps=1e-05, momentum=0.1, affine=True, track_running_stats=True)
      )
    )
    (1): FingerprintMLPEncoder(
      (mlp): Sequential(
        (0): Linear(in_features=1024, out_features=256, bias=True)
        (1): BatchNorm1d(256, eps=1e-05, momentum=0.1, affine=True, track_running_stats=True)
        (2): ReLU()
        (3): Dropout(p=0.5, inplace=False)
        (4): Linear(in_features=256, out_features=128, bias=True)
        (5): BatchNorm1d(128, eps=1e-05, momentum=0.1, affine=True, track_running_stats=True)
        (6): ReLU()
      )
    )
    (2): LincsGraphEncoder(
      (proj): Linear(in_features=1, out_features=128, bias=True)
      (convs): ModuleList(
        (0-1): 2 x DenseGCNConv(
          (linear): Linear(in_features=128, out_features=128, bias=False)
        )
      )
      (bns): ModuleList(
        (0-1): 2 x BatchNorm1d(128, eps=1e-05, momentum=0.1, affine=True, track_running_stats=True)
      )
      (pool_proj): Linear(in_features=128, out_features=128, bias=True)
    )
  )
  (protein_encoders): ModuleList(
    (0): ProteinCNNEncoder(
      (embedding): Embedding(21, 128, padding_idx=0)
      (conv_blocks): ModuleList(
        (0): Sequential(
          (0): Conv1d(128, 64, kernel_size=(3,), stride=(1,), padding=(1,))
          (1): BatchNorm1d(64, eps=1e-05, momentum=0.1, affine=True, track_running_stats=True)
          (2): ReLU()
          (3): Conv1d(64, 64, kernel_size=(3,), stride=(1,), padding=(1,))
          (4): BatchNorm1d(64, eps=1e-05, momentum=0.1, affine=True, track_running_stats=True)
          (5): ReLU()
        )
        (1): Sequential(
          (0): Conv1d(128, 64, kernel_size=(7,), stride=(1,), padding=(3,))
          (1): BatchNorm1d(64, eps=1e-05, momentum=0.1, affine=True, track_running_stats=True)
          (2): ReLU()
          (3): Conv1d(64, 64, kernel_size=(7,), stride=(1,), padding=(3,))
          (4): BatchNorm1d(64, eps=1e-05, momentum=0.1, affine=True, track_running_stats=True)
          (5): ReLU()
        )
        (2): Sequential(
          (0): Conv1d(128, 64, kernel_size=(15,), stride=(1,), padding=(7,))
          (1): BatchNorm1d(64, eps=1e-05, momentum=0.1, affine=True, track_running_stats=True)
          (2): ReLU()
          (3): Conv1d(64, 64, kernel_size=(15,), stride=(1,), padding=(7,))
          (4): BatchNorm1d(64, eps=1e-05, momentum=0.1, affine=True, track_running_stats=True)
          (5): ReLU()
        )
      )
    )
  )
  (fusion): MLPFusion(
    (classifier): Sequential(
      (0): Linear(in_features=576, out_features=128, bias=True)
      (1): BatchNorm1d(128, eps=1e-05, momentum=0.1, affine=True, track_running_stats=True)
      (2): ReLU()
      (3): Dropout(p=0.5, inplace=False)
      (4): Linear(in_features=128, out_features=32, bias=True)
      (5): BatchNorm1d(32, eps=1e-05, momentum=0.1, affine=True, track_running_stats=True)
      (6): ReLU()
      (7): Dropout(p=0.5, inplace=False)
      (8): Linear(in_features=32, out_features=1, bias=True)
    )
  )
)
Epoch 001 | time=4.4s | train_loss=0.6650 | val_loss=0.6312 | val_auc=0.7128
  ✓ New best model (epoch 1, val_loss=0.6312, val_auc=0.7128) saved to checkpoints/gcn_fp_lincs_graph_vs_cnn_seed2026.pt
Epoch 002 | time=3.7s | train_loss=0.5441 | val_loss=0.5942 | val_auc=0.7489
  ✓ New best model (epoch 2, val_loss=0.5942, val_auc=0.7489) saved to checkpoints/gcn_fp_lincs_graph_vs_cnn_seed2026.pt
Epoch 003 | time=3.7s | train_loss=0.4752 | val_loss=0.5784 | val_auc=0.7682
  ✓ New best model (epoch 3, val_loss=0.5784, val_auc=0.7682) saved to checkpoints/gcn_fp_lincs_graph_vs_cnn_seed2026.pt
Epoch 004 | time=3.6s | train_loss=0.4292 | val_loss=0.5712 | val_auc=0.7742
  ✓ New best model (epoch 4, val_loss=0.5712, val_auc=0.7742) saved to checkpoints/gcn_fp_lincs_graph_vs_cnn_seed2026.pt
Epoch 005 | time=3.7s | train_loss=0.3978 | val_loss=0.5662 | val_auc=0.7792
  ✓ New best model (epoch 5, val_loss=0.5662, val_auc=0.7792) saved to checkpoints/gcn_fp_lincs_graph_vs_cnn_seed2026.pt
Epoch 006 | time=3.7s | train_loss=0.3704 | val_loss=0.5526 | val_auc=0.7903
  ✓ New best model (epoch 6, val_loss=0.5526, val_auc=0.7903) saved to checkpoints/gcn_fp_lincs_graph_vs_cnn_seed2026.pt
Epoch 007 | time=3.8s | train_loss=0.3487 | val_loss=0.5420 | val_auc=0.8015
  ✓ New best model (epoch 7, val_loss=0.5420, val_auc=0.8015) saved to checkpoints/gcn_fp_lincs_graph_vs_cnn_seed2026.pt
Epoch 008 | time=3.7s | train_loss=0.3277 | val_loss=0.5476 | val_auc=0.7964
Epoch 009 | time=3.7s | train_loss=0.3098 | val_loss=0.5529 | val_auc=0.8013
Epoch 010 | time=3.7s | train_loss=0.2965 | val_loss=0.5551 | val_auc=0.8007
Epoch 011 | time=3.6s | train_loss=0.2803 | val_loss=0.5559 | val_auc=0.8030
  ✓ New best model (epoch 11, val_loss=0.5559, val_auc=0.8030) saved to checkpoints/gcn_fp_lincs_graph_vs_cnn_seed2026.pt
Epoch 012 | time=3.6s | train_loss=0.2670 | val_loss=0.5394 | val_auc=0.8138
  ✓ New best model (epoch 12, val_loss=0.5394, val_auc=0.8138) saved to checkpoints/gcn_fp_lincs_graph_vs_cnn_seed2026.pt
Epoch 013 | time=3.7s | train_loss=0.2539 | val_loss=0.5433 | val_auc=0.8149
  ✓ New best model (epoch 13, val_loss=0.5433, val_auc=0.8149) saved to checkpoints/gcn_fp_lincs_graph_vs_cnn_seed2026.pt
Epoch 014 | time=3.7s | train_loss=0.2451 | val_loss=0.5518 | val_auc=0.8101
Epoch 015 | time=3.7s | train_loss=0.2336 | val_loss=0.5452 | val_auc=0.8200
  ✓ New best model (epoch 15, val_loss=0.5452, val_auc=0.8200) saved to checkpoints/gcn_fp_lincs_graph_vs_cnn_seed2026.pt
Epoch 016 | time=3.7s | train_loss=0.2256 | val_loss=0.5668 | val_auc=0.8131
Epoch 017 | time=3.7s | train_loss=0.2210 | val_loss=0.5791 | val_auc=0.8109
Epoch 018 | time=3.7s | train_loss=0.2111 | val_loss=0.5727 | val_auc=0.8168
Epoch 019 | time=3.7s | train_loss=0.1989 | val_loss=0.5639 | val_auc=0.8231
  ✓ New best model (epoch 19, val_loss=0.5639, val_auc=0.8231) saved to checkpoints/gcn_fp_lincs_graph_vs_cnn_seed2026.pt
Epoch 020 | time=3.7s | train_loss=0.1945 | val_loss=0.5774 | val_auc=0.8193
Epoch 021 | time=3.7s | train_loss=0.1897 | val_loss=0.5760 | val_auc=0.8208
Epoch 022 | time=3.7s | train_loss=0.1878 | val_loss=0.5918 | val_auc=0.8168
Epoch 023 | time=3.7s | train_loss=0.1813 | val_loss=0.5857 | val_auc=0.8196
Epoch 024 | time=3.7s | train_loss=0.1803 | val_loss=0.5712 | val_auc=0.8248
  ✓ New best model (epoch 24, val_loss=0.5712, val_auc=0.8248) saved to checkpoints/gcn_fp_lincs_graph_vs_cnn_seed2026.pt
Epoch 025 | time=3.7s | train_loss=0.1736 | val_loss=0.5762 | val_auc=0.8250
  ✓ New best model (epoch 25, val_loss=0.5762, val_auc=0.8250) saved to checkpoints/gcn_fp_lincs_graph_vs_cnn_seed2026.pt
Epoch 026 | time=3.7s | train_loss=0.1719 | val_loss=0.5644 | val_auc=0.8301
  ✓ New best model (epoch 26, val_loss=0.5644, val_auc=0.8301) saved to checkpoints/gcn_fp_lincs_graph_vs_cnn_seed2026.pt
Epoch 027 | time=3.7s | train_loss=0.1690 | val_loss=0.5845 | val_auc=0.8232
Epoch 028 | time=3.7s | train_loss=0.1673 | val_loss=0.5675 | val_auc=0.8292
Epoch 029 | time=3.7s | train_loss=0.1676 | val_loss=0.5840 | val_auc=0.8274
Epoch 030 | time=3.7s | train_loss=0.1622 | val_loss=0.5804 | val_auc=0.8279
Epoch 031 | time=3.7s | train_loss=0.1612 | val_loss=0.5760 | val_auc=0.8295
Epoch 032 | time=3.9s | train_loss=0.1580 | val_loss=0.5855 | val_auc=0.8269
Epoch 033 | time=3.8s | train_loss=0.1612 | val_loss=0.5943 | val_auc=0.8248
Epoch 034 | time=3.7s | train_loss=0.1578 | val_loss=0.5830 | val_auc=0.8286
Epoch 035 | time=4.3s | train_loss=0.1552 | val_loss=0.5865 | val_auc=0.8277
Epoch 036 | time=3.9s | train_loss=0.1550 | val_loss=0.5898 | val_auc=0.8279
Early stopping — no improvement for 10 epochs

Best model: epoch 26, val_loss=0.5898, val_auc=0.8301

═══ Test Results ═══
           auc: 0.7565
         auprc: 0.7018
            f1: 0.6939
     precision: 0.6626
        recall: 0.7283
          loss: 0.6872
