Uninstalled 1 package in 7ms
Installed 1 package in 11ms
/net/storage/pr3/plgrid/plggmlcil/plgkstankie/vvv/Multimodal-models-for-predicting-drug-target-interactions/.venv/lib/python3.11/site-packages/outdated/__init__.py:36: UserWarning: pkg_resources is deprecated as an API. See https://setuptools.pypa.io/en/latest/pkg_resources.html. The pkg_resources package is slated for removal as early as 2025-11-30. Refrain from using this package or pin to Setuptools<81.
  from pkg_resources import parse_version
Setting global random seed to 1024
Using device: cuda
Loading clean data from: /net/storage/pr3/plgrid/plggmlcil/plgkstankie/vvv/Multimodal-models-for-predicting-drug-target-interactions/src/datasets/lincs_balanced.parquet
Dataset size: 27498
Split strategy: cold_both
  K4 cold-both split: train=13694, val=328, test=923
  Rows retained: 14945/27498 (54.3%)
Train: 13694  Val: 328  Test: 923
ChemBERTProcessor: loaded 236379 embeddings (dim=768) from /net/storage/pr3/plgrid/plggmlcil/plgkstankie/vvv/Multimodal-models-for-predicting-drug-target-interactions/src/datasets/ChemBERTa-zinc-base-v1.pt
Fitting MinMaxScaler on 1264 cached RDKit descriptors...
ESM2Processor: loaded 3580 embeddings (dim=1280) from /net/storage/pr3/plgrid/plggmlcil/plgkstankie/vvv/Multimodal-models-for-predicting-drug-target-interactions/src/datasets/esm2_t33_650M_UR50D.pt
SMILES encoders:  ['GCNEncoder', 'ChemBERTEncoder', 'FingerprintMLPEncoder', 'RDKitDescriptorEncoder', 'LincsGraphEncoder']
Protein encoders: ['ProteinCNNEncoder', 'ESM2Encoder']
Building graph cache for 1264 SMILES...
  0%|          | 0/1264 [00:00<?, ?it/s] 19%|█▊        | 236/1264 [00:00<00:00, 2356.57it/s] 37%|███▋      | 472/1264 [00:00<00:00, 2308.07it/s] 56%|█████▌    | 703/1264 [00:00<00:00, 2268.73it/s] 74%|███████▎  | 930/1264 [00:00<00:00, 2264.04it/s] 93%|█████████▎| 1175/1264 [00:00<00:00, 2328.69it/s]100%|██████████| 1264/1264 [00:00<00:00, 2331.35it/s]
Valid SMILES graphs: 1264
MultimodalDTI(
  (smiles_encoders): ModuleList(
    (0): GCNEncoder(
      (atom_encoder): AtomEncoder(
        (atom_embedding_list): ModuleList(
          (0): Embedding(119, 128)
          (1): Embedding(5, 128)
          (2-3): 2 x Embedding(12, 128)
          (4): Embedding(10, 128)
          (5-6): 2 x Embedding(6, 128)
          (7-8): 2 x Embedding(2, 128)
        )
      )
      (convs): ModuleList(
        (0-2): 3 x GCNConv(128, 128)
      )
      (bns): ModuleList(
        (0-2): 3 x BatchNorm1d(128, eps=1e-05, momentum=0.1, affine=True, track_running_stats=True)
      )
    )
    (1): ChemBERTEncoder(
      (projection): Sequential(
        (0): Linear(in_features=768, out_features=256, bias=True)
        (1): LayerNorm((256,), eps=1e-05, elementwise_affine=True)
        (2): ReLU()
      )
    )
    (2): FingerprintMLPEncoder(
      (mlp): Sequential(
        (0): Linear(in_features=1024, out_features=256, bias=True)
        (1): BatchNorm1d(256, eps=1e-05, momentum=0.1, affine=True, track_running_stats=True)
        (2): ReLU()
        (3): Dropout(p=0.5, inplace=False)
        (4): Linear(in_features=256, out_features=128, bias=True)
        (5): BatchNorm1d(128, eps=1e-05, momentum=0.1, affine=True, track_running_stats=True)
        (6): ReLU()
      )
    )
    (3): RDKitDescriptorEncoder(
      (mlp): Sequential(
        (0): Linear(in_features=210, out_features=128, bias=True)
        (1): BatchNorm1d(128, eps=1e-05, momentum=0.1, affine=True, track_running_stats=True)
        (2): ReLU()
        (3): Dropout(p=0.5, inplace=False)
        (4): Linear(in_features=128, out_features=128, bias=True)
        (5): BatchNorm1d(128, eps=1e-05, momentum=0.1, affine=True, track_running_stats=True)
        (6): ReLU()
      )
    )
    (4): LincsGraphEncoder(
      (proj): Linear(in_features=1, out_features=128, bias=True)
      (convs): ModuleList(
        (0-1): 2 x DenseGCNConv(
          (linear): Linear(in_features=128, out_features=128, bias=False)
        )
      )
      (bns): ModuleList(
        (0-1): 2 x BatchNorm1d(128, eps=1e-05, momentum=0.1, affine=True, track_running_stats=True)
      )
      (pool_proj): Linear(in_features=128, out_features=128, bias=True)
    )
  )
  (protein_encoders): ModuleList(
    (0): ProteinCNNEncoder(
      (embedding): Embedding(21, 128, padding_idx=0)
      (conv_blocks): ModuleList(
        (0): Sequential(
          (0): Conv1d(128, 64, kernel_size=(3,), stride=(1,), padding=(1,))
          (1): BatchNorm1d(64, eps=1e-05, momentum=0.1, affine=True, track_running_stats=True)
          (2): ReLU()
          (3): Conv1d(64, 64, kernel_size=(3,), stride=(1,), padding=(1,))
          (4): BatchNorm1d(64, eps=1e-05, momentum=0.1, affine=True, track_running_stats=True)
          (5): ReLU()
        )
        (1): Sequential(
          (0): Conv1d(128, 64, kernel_size=(7,), stride=(1,), padding=(3,))
          (1): BatchNorm1d(64, eps=1e-05, momentum=0.1, affine=True, track_running_stats=True)
          (2): ReLU()
          (3): Conv1d(64, 64, kernel_size=(7,), stride=(1,), padding=(3,))
          (4): BatchNorm1d(64, eps=1e-05, momentum=0.1, affine=True, track_running_stats=True)
          (5): ReLU()
        )
        (2): Sequential(
          (0): Conv1d(128, 64, kernel_size=(15,), stride=(1,), padding=(7,))
          (1): BatchNorm1d(64, eps=1e-05, momentum=0.1, affine=True, track_running_stats=True)
          (2): ReLU()
          (3): Conv1d(64, 64, kernel_size=(15,), stride=(1,), padding=(7,))
          (4): BatchNorm1d(64, eps=1e-05, momentum=0.1, affine=True, track_running_stats=True)
          (5): ReLU()
        )
      )
    )
    (1): ESM2Encoder(
      (projection): Sequential(
        (0): Linear(in_features=1280, out_features=128, bias=True)
        (1): LayerNorm((128,), eps=1e-05, elementwise_affine=True)
        (2): ReLU()
      )
    )
  )
  (fusion): MLPFusion(
    (classifier): Sequential(
      (0): Linear(in_features=1088, out_features=128, bias=True)
      (1): BatchNorm1d(128, eps=1e-05, momentum=0.1, affine=True, track_running_stats=True)
      (2): ReLU()
      (3): Dropout(p=0.5, inplace=False)
      (4): Linear(in_features=128, out_features=32, bias=True)
      (5): BatchNorm1d(32, eps=1e-05, momentum=0.1, affine=True, track_running_stats=True)
      (6): ReLU()
      (7): Dropout(p=0.5, inplace=False)
      (8): Linear(in_features=32, out_features=1, bias=True)
    )
  )
)
Epoch 001 | time=3.3s | train_loss=0.6581 | val_loss=0.6821 | val_auc=0.5894
  ✓ New best model (epoch 1, val_loss=0.6821, val_auc=0.5894) saved to checkpoints/gcn_chemberta_fp_lincs_graph_rdkit_vs_cnn_esm2_seed1024.pt
Epoch 002 | time=2.5s | train_loss=0.5514 | val_loss=0.6673 | val_auc=0.6043
  ✓ New best model (epoch 2, val_loss=0.6673, val_auc=0.6043) saved to checkpoints/gcn_chemberta_fp_lincs_graph_rdkit_vs_cnn_esm2_seed1024.pt
Epoch 003 | time=2.5s | train_loss=0.4772 | val_loss=0.6569 | val_auc=0.6183
  ✓ New best model (epoch 3, val_loss=0.6569, val_auc=0.6183) saved to checkpoints/gcn_chemberta_fp_lincs_graph_rdkit_vs_cnn_esm2_seed1024.pt
Epoch 004 | time=2.5s | train_loss=0.4263 | val_loss=0.6505 | val_auc=0.6440
  ✓ New best model (epoch 4, val_loss=0.6505, val_auc=0.6440) saved to checkpoints/gcn_chemberta_fp_lincs_graph_rdkit_vs_cnn_esm2_seed1024.pt
Epoch 005 | time=2.5s | train_loss=0.3991 | val_loss=0.6632 | val_auc=0.6281
Epoch 006 | time=2.5s | train_loss=0.3714 | val_loss=0.6573 | val_auc=0.6332
Epoch 007 | time=2.5s | train_loss=0.3489 | val_loss=0.6507 | val_auc=0.6501
  ✓ New best model (epoch 7, val_loss=0.6507, val_auc=0.6501) saved to checkpoints/gcn_chemberta_fp_lincs_graph_rdkit_vs_cnn_esm2_seed1024.pt
Epoch 008 | time=2.5s | train_loss=0.3292 | val_loss=0.6496 | val_auc=0.6576
  ✓ New best model (epoch 8, val_loss=0.6496, val_auc=0.6576) saved to checkpoints/gcn_chemberta_fp_lincs_graph_rdkit_vs_cnn_esm2_seed1024.pt
Epoch 009 | time=2.5s | train_loss=0.3099 | val_loss=0.6465 | val_auc=0.6466
Epoch 010 | time=2.5s | train_loss=0.2951 | val_loss=0.6524 | val_auc=0.6424
Epoch 011 | time=2.5s | train_loss=0.2817 | val_loss=0.6477 | val_auc=0.6447
Epoch 012 | time=2.5s | train_loss=0.2675 | val_loss=0.6411 | val_auc=0.6494
Epoch 013 | time=2.5s | train_loss=0.2544 | val_loss=0.6344 | val_auc=0.6477
Epoch 014 | time=2.5s | train_loss=0.2440 | val_loss=0.6456 | val_auc=0.6615
  ✓ New best model (epoch 14, val_loss=0.6456, val_auc=0.6615) saved to checkpoints/gcn_chemberta_fp_lincs_graph_rdkit_vs_cnn_esm2_seed1024.pt
Epoch 015 | time=2.5s | train_loss=0.2351 | val_loss=0.6469 | val_auc=0.6401
Epoch 016 | time=2.5s | train_loss=0.2257 | val_loss=0.6378 | val_auc=0.6454
Epoch 017 | time=2.5s | train_loss=0.2174 | val_loss=0.6396 | val_auc=0.6595
Epoch 018 | time=2.5s | train_loss=0.2069 | val_loss=0.6420 | val_auc=0.6525
Epoch 019 | time=2.5s | train_loss=0.1998 | val_loss=0.6581 | val_auc=0.6312
Epoch 020 | time=2.5s | train_loss=0.1890 | val_loss=0.6541 | val_auc=0.6480
Epoch 021 | time=2.5s | train_loss=0.1845 | val_loss=0.6546 | val_auc=0.6478
Epoch 022 | time=2.5s | train_loss=0.1778 | val_loss=0.6529 | val_auc=0.6487
Epoch 023 | time=2.5s | train_loss=0.1766 | val_loss=0.6431 | val_auc=0.6570
Epoch 024 | time=2.5s | train_loss=0.1725 | val_loss=0.6408 | val_auc=0.6562
Early stopping — no improvement for 10 epochs

Best model: epoch 14, val_loss=0.6408, val_auc=0.6615

═══ Test Results ═══
           auc: 0.5745
         auprc: 0.5144
            f1: 0.6367
     precision: 0.5282
        recall: 0.8014
          loss: 0.8048
