Uninstalled 1 package in 12ms
Installed 1 package in 12ms
/net/storage/pr3/plgrid/plggmlcil/plgkstankie/vvv/Multimodal-models-for-predicting-drug-target-interactions/.venv/lib/python3.11/site-packages/outdated/__init__.py:36: UserWarning: pkg_resources is deprecated as an API. See https://setuptools.pypa.io/en/latest/pkg_resources.html. The pkg_resources package is slated for removal as early as 2025-11-30. Refrain from using this package or pin to Setuptools<81.
  from pkg_resources import parse_version
Setting global random seed to 999
Using device: cuda
Loading clean data from: /net/storage/pr3/plgrid/plggmlcil/plgkstankie/vvv/Multimodal-models-for-predicting-drug-target-interactions/src/datasets/lincs_balanced.parquet
Dataset size: 27498
Split strategy: scaffold
Train: 19558  Val: 2885  Test: 5055
Fitting MinMaxScaler on 1264 cached RDKit descriptors...
SMILES encoders:  ['GCNEncoder', 'LincsGraphEncoder', 'RDKitDescriptorEncoder']
Protein encoders: ['ProteinCNNEncoder']
Building graph cache for 1264 SMILES...
  0%|          | 0/1264 [00:00<?, ?it/s] 19%|█▊        | 234/1264 [00:00<00:00, 2336.06it/s] 37%|███▋      | 468/1264 [00:00<00:00, 2300.27it/s] 55%|█████▌    | 699/1264 [00:00<00:00, 2272.11it/s] 74%|███████▎  | 930/1264 [00:00<00:00, 2283.34it/s] 93%|█████████▎| 1177/1264 [00:00<00:00, 2347.12it/s]100%|██████████| 1264/1264 [00:00<00:00, 2340.08it/s]
Valid SMILES graphs: 1264
MultimodalDTI(
  (smiles_encoders): ModuleList(
    (0): GCNEncoder(
      (atom_encoder): AtomEncoder(
        (atom_embedding_list): ModuleList(
          (0): Embedding(119, 128)
          (1): Embedding(5, 128)
          (2-3): 2 x Embedding(12, 128)
          (4): Embedding(10, 128)
          (5-6): 2 x Embedding(6, 128)
          (7-8): 2 x Embedding(2, 128)
        )
      )
      (convs): ModuleList(
        (0-2): 3 x GCNConv(128, 128)
      )
      (bns): ModuleList(
        (0-2): 3 x BatchNorm1d(128, eps=1e-05, momentum=0.1, affine=True, track_running_stats=True)
      )
    )
    (1): LincsGraphEncoder(
      (proj): Linear(in_features=1, out_features=128, bias=True)
      (convs): ModuleList(
        (0-1): 2 x DenseGCNConv(
          (linear): Linear(in_features=128, out_features=128, bias=False)
        )
      )
      (bns): ModuleList(
        (0-1): 2 x BatchNorm1d(128, eps=1e-05, momentum=0.1, affine=True, track_running_stats=True)
      )
      (pool_proj): Linear(in_features=128, out_features=128, bias=True)
    )
    (2): RDKitDescriptorEncoder(
      (mlp): Sequential(
        (0): Linear(in_features=210, out_features=256, bias=True)
        (1): BatchNorm1d(256, eps=1e-05, momentum=0.1, affine=True, track_running_stats=True)
        (2): ReLU()
        (3): Dropout(p=0.5, inplace=False)
        (4): Linear(in_features=256, out_features=128, bias=True)
        (5): BatchNorm1d(128, eps=1e-05, momentum=0.1, affine=True, track_running_stats=True)
        (6): ReLU()
      )
    )
  )
  (protein_encoders): ModuleList(
    (0): ProteinCNNEncoder(
      (embedding): Embedding(21, 128, padding_idx=0)
      (conv_blocks): ModuleList(
        (0): Sequential(
          (0): Conv1d(128, 64, kernel_size=(3,), stride=(1,), padding=(1,))
          (1): BatchNorm1d(64, eps=1e-05, momentum=0.1, affine=True, track_running_stats=True)
          (2): ReLU()
          (3): Conv1d(64, 64, kernel_size=(3,), stride=(1,), padding=(1,))
          (4): BatchNorm1d(64, eps=1e-05, momentum=0.1, affine=True, track_running_stats=True)
          (5): ReLU()
        )
        (1): Sequential(
          (0): Conv1d(128, 64, kernel_size=(7,), stride=(1,), padding=(3,))
          (1): BatchNorm1d(64, eps=1e-05, momentum=0.1, affine=True, track_running_stats=True)
          (2): ReLU()
          (3): Conv1d(64, 64, kernel_size=(7,), stride=(1,), padding=(3,))
          (4): BatchNorm1d(64, eps=1e-05, momentum=0.1, affine=True, track_running_stats=True)
          (5): ReLU()
        )
        (2): Sequential(
          (0): Conv1d(128, 64, kernel_size=(15,), stride=(1,), padding=(7,))
          (1): BatchNorm1d(64, eps=1e-05, momentum=0.1, affine=True, track_running_stats=True)
          (2): ReLU()
          (3): Conv1d(64, 64, kernel_size=(15,), stride=(1,), padding=(7,))
          (4): BatchNorm1d(64, eps=1e-05, momentum=0.1, affine=True, track_running_stats=True)
          (5): ReLU()
        )
      )
    )
  )
  (fusion): MLPFusion(
    (classifier): Sequential(
      (0): Linear(in_features=576, out_features=128, bias=True)
      (1): BatchNorm1d(128, eps=1e-05, momentum=0.1, affine=True, track_running_stats=True)
      (2): ReLU()
      (3): Dropout(p=0.5, inplace=False)
      (4): Linear(in_features=128, out_features=32, bias=True)
      (5): BatchNorm1d(32, eps=1e-05, momentum=0.1, affine=True, track_running_stats=True)
      (6): ReLU()
      (7): Dropout(p=0.5, inplace=False)
      (8): Linear(in_features=32, out_features=1, bias=True)
    )
  )
)
Epoch 001 | time=4.9s | train_loss=0.6650 | val_loss=0.6564 | val_auc=0.6689
  ✓ New best model (epoch 1, val_loss=0.6564, val_auc=0.6689) saved to checkpoints/gcn_lincs_graph_rdkit_vs_cnn_seed999.pt
Epoch 002 | time=3.5s | train_loss=0.5720 | val_loss=0.6029 | val_auc=0.7532
  ✓ New best model (epoch 2, val_loss=0.6029, val_auc=0.7532) saved to checkpoints/gcn_lincs_graph_rdkit_vs_cnn_seed999.pt
Epoch 003 | time=3.6s | train_loss=0.5016 | val_loss=0.5725 | val_auc=0.7810
  ✓ New best model (epoch 3, val_loss=0.5725, val_auc=0.7810) saved to checkpoints/gcn_lincs_graph_rdkit_vs_cnn_seed999.pt
Epoch 004 | time=3.5s | train_loss=0.4528 | val_loss=0.5501 | val_auc=0.7955
  ✓ New best model (epoch 4, val_loss=0.5501, val_auc=0.7955) saved to checkpoints/gcn_lincs_graph_rdkit_vs_cnn_seed999.pt
Epoch 005 | time=3.4s | train_loss=0.4227 | val_loss=0.5369 | val_auc=0.8072
  ✓ New best model (epoch 5, val_loss=0.5369, val_auc=0.8072) saved to checkpoints/gcn_lincs_graph_rdkit_vs_cnn_seed999.pt
Epoch 006 | time=3.5s | train_loss=0.3987 | val_loss=0.5424 | val_auc=0.8007
Epoch 007 | time=3.5s | train_loss=0.3752 | val_loss=0.5297 | val_auc=0.8101
  ✓ New best model (epoch 7, val_loss=0.5297, val_auc=0.8101) saved to checkpoints/gcn_lincs_graph_rdkit_vs_cnn_seed999.pt
Epoch 008 | time=3.4s | train_loss=0.3572 | val_loss=0.5227 | val_auc=0.8139
  ✓ New best model (epoch 8, val_loss=0.5227, val_auc=0.8139) saved to checkpoints/gcn_lincs_graph_rdkit_vs_cnn_seed999.pt
Epoch 009 | time=3.5s | train_loss=0.3450 | val_loss=0.5245 | val_auc=0.8131
Epoch 010 | time=3.5s | train_loss=0.3285 | val_loss=0.5028 | val_auc=0.8317
  ✓ New best model (epoch 10, val_loss=0.5028, val_auc=0.8317) saved to checkpoints/gcn_lincs_graph_rdkit_vs_cnn_seed999.pt
Epoch 011 | time=3.5s | train_loss=0.3144 | val_loss=0.5116 | val_auc=0.8271
Epoch 012 | time=3.4s | train_loss=0.3040 | val_loss=0.5061 | val_auc=0.8315
Epoch 013 | time=3.5s | train_loss=0.2915 | val_loss=0.4990 | val_auc=0.8341
  ✓ New best model (epoch 13, val_loss=0.4990, val_auc=0.8341) saved to checkpoints/gcn_lincs_graph_rdkit_vs_cnn_seed999.pt
Epoch 014 | time=3.5s | train_loss=0.2801 | val_loss=0.4881 | val_auc=0.8417
  ✓ New best model (epoch 14, val_loss=0.4881, val_auc=0.8417) saved to checkpoints/gcn_lincs_graph_rdkit_vs_cnn_seed999.pt
Epoch 015 | time=3.4s | train_loss=0.2755 | val_loss=0.4790 | val_auc=0.8496
  ✓ New best model (epoch 15, val_loss=0.4790, val_auc=0.8496) saved to checkpoints/gcn_lincs_graph_rdkit_vs_cnn_seed999.pt
Epoch 016 | time=3.5s | train_loss=0.2648 | val_loss=0.4809 | val_auc=0.8495
Epoch 017 | time=3.5s | train_loss=0.2578 | val_loss=0.4789 | val_auc=0.8500
  ✓ New best model (epoch 17, val_loss=0.4789, val_auc=0.8500) saved to checkpoints/gcn_lincs_graph_rdkit_vs_cnn_seed999.pt
Epoch 018 | time=3.5s | train_loss=0.2502 | val_loss=0.4862 | val_auc=0.8457
Epoch 019 | time=3.5s | train_loss=0.2430 | val_loss=0.4891 | val_auc=0.8459
Epoch 020 | time=3.5s | train_loss=0.2350 | val_loss=0.4790 | val_auc=0.8496
Epoch 021 | time=3.5s | train_loss=0.2303 | val_loss=0.4768 | val_auc=0.8530
  ✓ New best model (epoch 21, val_loss=0.4768, val_auc=0.8530) saved to checkpoints/gcn_lincs_graph_rdkit_vs_cnn_seed999.pt
Epoch 022 | time=3.6s | train_loss=0.2227 | val_loss=0.4761 | val_auc=0.8560
  ✓ New best model (epoch 22, val_loss=0.4761, val_auc=0.8560) saved to checkpoints/gcn_lincs_graph_rdkit_vs_cnn_seed999.pt
Epoch 023 | time=3.5s | train_loss=0.2199 | val_loss=0.4781 | val_auc=0.8575
  ✓ New best model (epoch 23, val_loss=0.4781, val_auc=0.8575) saved to checkpoints/gcn_lincs_graph_rdkit_vs_cnn_seed999.pt
Epoch 024 | time=3.5s | train_loss=0.2127 | val_loss=0.4899 | val_auc=0.8555
Epoch 025 | time=3.5s | train_loss=0.2074 | val_loss=0.4929 | val_auc=0.8535
Epoch 026 | time=3.5s | train_loss=0.2054 | val_loss=0.4840 | val_auc=0.8586
  ✓ New best model (epoch 26, val_loss=0.4840, val_auc=0.8586) saved to checkpoints/gcn_lincs_graph_rdkit_vs_cnn_seed999.pt
Epoch 027 | time=3.5s | train_loss=0.1976 | val_loss=0.4717 | val_auc=0.8644
  ✓ New best model (epoch 27, val_loss=0.4717, val_auc=0.8644) saved to checkpoints/gcn_lincs_graph_rdkit_vs_cnn_seed999.pt
Epoch 028 | time=3.5s | train_loss=0.1926 | val_loss=0.4765 | val_auc=0.8662
  ✓ New best model (epoch 28, val_loss=0.4765, val_auc=0.8662) saved to checkpoints/gcn_lincs_graph_rdkit_vs_cnn_seed999.pt
Epoch 029 | time=3.5s | train_loss=0.1902 | val_loss=0.4817 | val_auc=0.8659
Epoch 030 | time=3.5s | train_loss=0.1845 | val_loss=0.4852 | val_auc=0.8596
Epoch 031 | time=3.4s | train_loss=0.1828 | val_loss=0.4819 | val_auc=0.8660
Epoch 032 | time=3.5s | train_loss=0.1775 | val_loss=0.5209 | val_auc=0.8561
Epoch 033 | time=3.6s | train_loss=0.1755 | val_loss=0.4895 | val_auc=0.8655
Epoch 034 | time=3.5s | train_loss=0.1664 | val_loss=0.4939 | val_auc=0.8655
Epoch 035 | time=3.5s | train_loss=0.1620 | val_loss=0.4933 | val_auc=0.8656
Epoch 036 | time=3.4s | train_loss=0.1597 | val_loss=0.4973 | val_auc=0.8657
Epoch 037 | time=3.5s | train_loss=0.1551 | val_loss=0.4915 | val_auc=0.8718
  ✓ New best model (epoch 37, val_loss=0.4915, val_auc=0.8718) saved to checkpoints/gcn_lincs_graph_rdkit_vs_cnn_seed999.pt
Epoch 038 | time=3.4s | train_loss=0.1546 | val_loss=0.4953 | val_auc=0.8657
Epoch 039 | time=3.5s | train_loss=0.1515 | val_loss=0.4993 | val_auc=0.8663
Epoch 040 | time=4.2s | train_loss=0.1480 | val_loss=0.5044 | val_auc=0.8661
Epoch 041 | time=3.5s | train_loss=0.1418 | val_loss=0.5086 | val_auc=0.8653
Epoch 042 | time=3.5s | train_loss=0.1447 | val_loss=0.5035 | val_auc=0.8663
Epoch 043 | time=3.5s | train_loss=0.1443 | val_loss=0.5101 | val_auc=0.8656
Epoch 044 | time=3.5s | train_loss=0.1420 | val_loss=0.5149 | val_auc=0.8642
Epoch 045 | time=3.6s | train_loss=0.1417 | val_loss=0.5104 | val_auc=0.8683
Epoch 046 | time=3.4s | train_loss=0.1364 | val_loss=0.5065 | val_auc=0.8690
Epoch 047 | time=3.5s | train_loss=0.1347 | val_loss=0.5035 | val_auc=0.8689
Early stopping — no improvement for 10 epochs

Best model: epoch 37, val_loss=0.5035, val_auc=0.8718

═══ Test Results ═══
           auc: 0.7423
         auprc: 0.6803
            f1: 0.6337
     precision: 0.6508
        recall: 0.6174
          loss: 0.7813
