Uninstalled 1 package in 6ms
Installed 1 package in 9ms
/net/storage/pr3/plgrid/plggmlcil/plgkstankie/vvv/Multimodal-models-for-predicting-drug-target-interactions/.venv/lib/python3.11/site-packages/outdated/__init__.py:36: UserWarning: pkg_resources is deprecated as an API. See https://setuptools.pypa.io/en/latest/pkg_resources.html. The pkg_resources package is slated for removal as early as 2025-11-30. Refrain from using this package or pin to Setuptools<81.
  from pkg_resources import parse_version
Setting global random seed to 42
Using device: cuda
Loading clean data from: /net/storage/pr3/plgrid/plggmlcil/plgkstankie/vvv/Multimodal-models-for-predicting-drug-target-interactions/src/datasets/lincs_balanced.parquet
Dataset size: 27498
Split strategy: cold_target
  K3 cold-target split: 900 train proteins, 124 val proteins, 195 test proteins
Train: 19163  Val: 3874  Test: 4461
ESM2Processor: loaded 3580 embeddings (dim=1280) from /net/storage/pr3/plgrid/plggmlcil/plgkstankie/vvv/Multimodal-models-for-predicting-drug-target-interactions/src/datasets/esm2_t33_650M_UR50D.pt
SMILES encoders:  ['GCNEncoder']
Protein encoders: ['ProteinCNNEncoder', 'ESM2Encoder']
Building graph cache for 1264 SMILES...
  0%|          | 0/1264 [00:00<?, ?it/s] 19%|█▊        | 235/1264 [00:00<00:00, 2346.10it/s] 37%|███▋      | 470/1264 [00:00<00:00, 2297.13it/s] 55%|█████▌    | 700/1264 [00:00<00:00, 2255.24it/s] 73%|███████▎  | 927/1264 [00:00<00:00, 2257.35it/s] 93%|█████████▎| 1170/1264 [00:00<00:00, 2318.30it/s]100%|██████████| 1264/1264 [00:00<00:00, 2321.01it/s]
Valid SMILES graphs: 1264
MultimodalDTI(
  (smiles_encoders): ModuleList(
    (0): GCNEncoder(
      (atom_encoder): AtomEncoder(
        (atom_embedding_list): ModuleList(
          (0): Embedding(119, 128)
          (1): Embedding(5, 128)
          (2-3): 2 x Embedding(12, 128)
          (4): Embedding(10, 128)
          (5-6): 2 x Embedding(6, 128)
          (7-8): 2 x Embedding(2, 128)
        )
      )
      (convs): ModuleList(
        (0-2): 3 x GCNConv(128, 128)
      )
      (bns): ModuleList(
        (0-2): 3 x BatchNorm1d(128, eps=1e-05, momentum=0.1, affine=True, track_running_stats=True)
      )
    )
  )
  (protein_encoders): ModuleList(
    (0): ProteinCNNEncoder(
      (embedding): Embedding(21, 128, padding_idx=0)
      (conv_blocks): ModuleList(
        (0): Sequential(
          (0): Conv1d(128, 64, kernel_size=(3,), stride=(1,), padding=(1,))
          (1): BatchNorm1d(64, eps=1e-05, momentum=0.1, affine=True, track_running_stats=True)
          (2): ReLU()
          (3): Conv1d(64, 64, kernel_size=(3,), stride=(1,), padding=(1,))
          (4): BatchNorm1d(64, eps=1e-05, momentum=0.1, affine=True, track_running_stats=True)
          (5): ReLU()
        )
        (1): Sequential(
          (0): Conv1d(128, 64, kernel_size=(7,), stride=(1,), padding=(3,))
          (1): BatchNorm1d(64, eps=1e-05, momentum=0.1, affine=True, track_running_stats=True)
          (2): ReLU()
          (3): Conv1d(64, 64, kernel_size=(7,), stride=(1,), padding=(3,))
          (4): BatchNorm1d(64, eps=1e-05, momentum=0.1, affine=True, track_running_stats=True)
          (5): ReLU()
        )
        (2): Sequential(
          (0): Conv1d(128, 64, kernel_size=(15,), stride=(1,), padding=(7,))
          (1): BatchNorm1d(64, eps=1e-05, momentum=0.1, affine=True, track_running_stats=True)
          (2): ReLU()
          (3): Conv1d(64, 64, kernel_size=(15,), stride=(1,), padding=(7,))
          (4): BatchNorm1d(64, eps=1e-05, momentum=0.1, affine=True, track_running_stats=True)
          (5): ReLU()
        )
      )
    )
    (1): ESM2Encoder(
      (projection): Sequential(
        (0): Linear(in_features=1280, out_features=256, bias=True)
        (1): LayerNorm((256,), eps=1e-05, elementwise_affine=True)
        (2): ReLU()
      )
    )
  )
  (fusion): MLPFusion(
    (classifier): Sequential(
      (0): Linear(in_features=576, out_features=128, bias=True)
      (1): BatchNorm1d(128, eps=1e-05, momentum=0.1, affine=True, track_running_stats=True)
      (2): ReLU()
      (3): Dropout(p=0.3, inplace=False)
      (4): Linear(in_features=128, out_features=32, bias=True)
      (5): BatchNorm1d(32, eps=1e-05, momentum=0.1, affine=True, track_running_stats=True)
      (6): ReLU()
      (7): Dropout(p=0.3, inplace=False)
      (8): Linear(in_features=32, out_features=1, bias=True)
    )
  )
)
Epoch 001 | time=3.3s | train_loss=0.6081 | val_loss=0.6550 | val_auc=0.6223
  ✓ New best model (epoch 1, val_loss=0.6550, val_auc=0.6223) saved to checkpoints/gcn_vs_cnn_esm2_seed42.pt
Epoch 002 | time=2.5s | train_loss=0.4947 | val_loss=0.6596 | val_auc=0.6252
  ✓ New best model (epoch 2, val_loss=0.6596, val_auc=0.6252) saved to checkpoints/gcn_vs_cnn_esm2_seed42.pt
Epoch 003 | time=2.4s | train_loss=0.4370 | val_loss=0.6578 | val_auc=0.6502
  ✓ New best model (epoch 3, val_loss=0.6578, val_auc=0.6502) saved to checkpoints/gcn_vs_cnn_esm2_seed42.pt
Epoch 004 | time=2.6s | train_loss=0.4006 | val_loss=0.6568 | val_auc=0.6581
  ✓ New best model (epoch 4, val_loss=0.6568, val_auc=0.6581) saved to checkpoints/gcn_vs_cnn_esm2_seed42.pt
Epoch 005 | time=2.5s | train_loss=0.3706 | val_loss=0.6647 | val_auc=0.6577
Epoch 006 | time=2.4s | train_loss=0.3492 | val_loss=0.6738 | val_auc=0.6627
  ✓ New best model (epoch 6, val_loss=0.6738, val_auc=0.6627) saved to checkpoints/gcn_vs_cnn_esm2_seed42.pt
Epoch 007 | time=2.5s | train_loss=0.3303 | val_loss=0.6657 | val_auc=0.6619
Epoch 008 | time=2.5s | train_loss=0.3120 | val_loss=0.6844 | val_auc=0.6594
Epoch 009 | time=2.5s | train_loss=0.3020 | val_loss=0.6662 | val_auc=0.6775
  ✓ New best model (epoch 9, val_loss=0.6662, val_auc=0.6775) saved to checkpoints/gcn_vs_cnn_esm2_seed42.pt
Epoch 010 | time=2.5s | train_loss=0.2929 | val_loss=0.6854 | val_auc=0.6695
Epoch 011 | time=2.5s | train_loss=0.2847 | val_loss=0.7006 | val_auc=0.6645
Epoch 012 | time=2.5s | train_loss=0.2766 | val_loss=0.6820 | val_auc=0.6835
  ✓ New best model (epoch 12, val_loss=0.6820, val_auc=0.6835) saved to checkpoints/gcn_vs_cnn_esm2_seed42.pt
Epoch 013 | time=2.5s | train_loss=0.2699 | val_loss=0.6888 | val_auc=0.6863
  ✓ New best model (epoch 13, val_loss=0.6888, val_auc=0.6863) saved to checkpoints/gcn_vs_cnn_esm2_seed42.pt
Epoch 014 | time=2.5s | train_loss=0.2623 | val_loss=0.6880 | val_auc=0.6868
  ✓ New best model (epoch 14, val_loss=0.6880, val_auc=0.6868) saved to checkpoints/gcn_vs_cnn_esm2_seed42.pt
Epoch 015 | time=2.5s | train_loss=0.2569 | val_loss=0.6909 | val_auc=0.6862
Epoch 016 | time=2.5s | train_loss=0.2551 | val_loss=0.7051 | val_auc=0.6747
Epoch 017 | time=2.5s | train_loss=0.2503 | val_loss=0.7162 | val_auc=0.6784
Epoch 018 | time=2.4s | train_loss=0.2474 | val_loss=0.7070 | val_auc=0.6800
Epoch 019 | time=2.5s | train_loss=0.2438 | val_loss=0.7147 | val_auc=0.6807
Epoch 020 | time=2.5s | train_loss=0.2399 | val_loss=0.7128 | val_auc=0.6794
Epoch 021 | time=2.5s | train_loss=0.2380 | val_loss=0.7143 | val_auc=0.6839
Epoch 022 | time=2.5s | train_loss=0.2384 | val_loss=0.7048 | val_auc=0.6886
  ✓ New best model (epoch 22, val_loss=0.7048, val_auc=0.6886) saved to checkpoints/gcn_vs_cnn_esm2_seed42.pt
Epoch 023 | time=2.5s | train_loss=0.2363 | val_loss=0.7238 | val_auc=0.6830
Epoch 024 | time=4.5s | train_loss=0.2339 | val_loss=0.7115 | val_auc=0.6873
Epoch 025 | time=2.7s | train_loss=0.2341 | val_loss=0.7167 | val_auc=0.6830
Epoch 026 | time=2.5s | train_loss=0.2297 | val_loss=0.7134 | val_auc=0.6883
Epoch 027 | time=2.5s | train_loss=0.2267 | val_loss=0.7203 | val_auc=0.6803
Epoch 028 | time=2.5s | train_loss=0.2289 | val_loss=0.7263 | val_auc=0.6860
Epoch 029 | time=2.6s | train_loss=0.2268 | val_loss=0.7199 | val_auc=0.6836
Epoch 030 | time=2.5s | train_loss=0.2244 | val_loss=0.7295 | val_auc=0.6832
Epoch 031 | time=2.5s | train_loss=0.2246 | val_loss=0.7178 | val_auc=0.6889
  ✓ New best model (epoch 31, val_loss=0.7178, val_auc=0.6889) saved to checkpoints/gcn_vs_cnn_esm2_seed42.pt
Epoch 032 | time=2.5s | train_loss=0.2265 | val_loss=0.7251 | val_auc=0.6845
Epoch 033 | time=2.6s | train_loss=0.2225 | val_loss=0.7298 | val_auc=0.6835
Epoch 034 | time=2.5s | train_loss=0.2208 | val_loss=0.7151 | val_auc=0.6862
Epoch 035 | time=2.5s | train_loss=0.2239 | val_loss=0.7322 | val_auc=0.6851
Epoch 036 | time=2.5s | train_loss=0.2202 | val_loss=0.7315 | val_auc=0.6857
Epoch 037 | time=2.5s | train_loss=0.2218 | val_loss=0.7191 | val_auc=0.6869
Epoch 038 | time=2.5s | train_loss=0.2210 | val_loss=0.7213 | val_auc=0.6893
  ✓ New best model (epoch 38, val_loss=0.7213, val_auc=0.6893) saved to checkpoints/gcn_vs_cnn_esm2_seed42.pt
Epoch 039 | time=2.5s | train_loss=0.2215 | val_loss=0.7283 | val_auc=0.6862
Epoch 040 | time=2.5s | train_loss=0.2188 | val_loss=0.7322 | val_auc=0.6860
Epoch 041 | time=2.5s | train_loss=0.2182 | val_loss=0.7305 | val_auc=0.6889
Epoch 042 | time=2.5s | train_loss=0.2215 | val_loss=0.7274 | val_auc=0.6895
  ✓ New best model (epoch 42, val_loss=0.7274, val_auc=0.6895) saved to checkpoints/gcn_vs_cnn_esm2_seed42.pt
Epoch 043 | time=2.5s | train_loss=0.2196 | val_loss=0.7226 | val_auc=0.6875
Epoch 044 | time=2.5s | train_loss=0.2207 | val_loss=0.7204 | val_auc=0.6881
Epoch 045 | time=2.5s | train_loss=0.2201 | val_loss=0.7218 | val_auc=0.6919
  ✓ New best model (epoch 45, val_loss=0.7218, val_auc=0.6919) saved to checkpoints/gcn_vs_cnn_esm2_seed42.pt
Epoch 046 | time=2.5s | train_loss=0.2219 | val_loss=0.7225 | val_auc=0.6920
  ✓ New best model (epoch 46, val_loss=0.7225, val_auc=0.6920) saved to checkpoints/gcn_vs_cnn_esm2_seed42.pt
Epoch 047 | time=2.5s | train_loss=0.2191 | val_loss=0.7242 | val_auc=0.6897
Epoch 048 | time=2.5s | train_loss=0.2204 | val_loss=0.7326 | val_auc=0.6865
Epoch 049 | time=2.5s | train_loss=0.2177 | val_loss=0.7405 | val_auc=0.6846
Epoch 050 | time=2.5s | train_loss=0.2198 | val_loss=0.7284 | val_auc=0.6852
Epoch 051 | time=7.1s | train_loss=0.2174 | val_loss=0.7290 | val_auc=0.6879
Epoch 052 | time=3.3s | train_loss=0.2197 | val_loss=0.7277 | val_auc=0.6888
Epoch 053 | time=2.4s | train_loss=0.2181 | val_loss=0.7395 | val_auc=0.6898
Epoch 054 | time=2.5s | train_loss=0.2190 | val_loss=0.7275 | val_auc=0.6876
Epoch 055 | time=2.5s | train_loss=0.2196 | val_loss=0.7332 | val_auc=0.6858
Epoch 056 | time=2.5s | train_loss=0.2184 | val_loss=0.7239 | val_auc=0.6872
Early stopping — no improvement for 10 epochs

Best model: epoch 46, val_loss=0.7239, val_auc=0.6920

═══ Test Results ═══
           auc: 0.7563
         auprc: 0.7119
            f1: 0.6853
     precision: 0.7251
        recall: 0.6497
          loss: 0.6215
