Uninstalled 1 package in 6ms
Installed 1 package in 11ms
/net/storage/pr3/plgrid/plggmlcil/plgkstankie/vvv/Multimodal-models-for-predicting-drug-target-interactions/.venv/lib/python3.11/site-packages/outdated/__init__.py:36: UserWarning: pkg_resources is deprecated as an API. See https://setuptools.pypa.io/en/latest/pkg_resources.html. The pkg_resources package is slated for removal as early as 2025-11-30. Refrain from using this package or pin to Setuptools<81.
  from pkg_resources import parse_version
Setting global random seed to 123
Using device: cuda
Loading clean data from: /net/storage/pr3/plgrid/plggmlcil/plgkstankie/vvv/Multimodal-models-for-predicting-drug-target-interactions/src/datasets/lincs_balanced.parquet
Dataset size: 27498
Split strategy: cold_both
  K4 cold-both split: train=13694, val=328, test=923
  Rows retained: 14945/27498 (54.3%)
Train: 13694  Val: 328  Test: 923
SMILES encoders:  ['GCNEncoder']
Protein encoders: ['ProteinCNNEncoder']
Building graph cache for 1264 SMILES...
  0%|          | 0/1264 [00:00<?, ?it/s] 18%|█▊        | 231/1264 [00:00<00:00, 2307.30it/s] 37%|███▋      | 462/1264 [00:00<00:00, 2268.88it/s] 55%|█████▍    | 689/1264 [00:00<00:00, 2248.78it/s] 72%|███████▏  | 916/1264 [00:00<00:00, 2254.52it/s] 91%|█████████▏| 1154/1264 [00:00<00:00, 2298.74it/s]100%|██████████| 1264/1264 [00:00<00:00, 2305.70it/s]
Valid SMILES graphs: 1264
MultimodalDTI(
  (smiles_encoders): ModuleList(
    (0): GCNEncoder(
      (atom_encoder): AtomEncoder(
        (atom_embedding_list): ModuleList(
          (0): Embedding(119, 128)
          (1): Embedding(5, 128)
          (2-3): 2 x Embedding(12, 128)
          (4): Embedding(10, 128)
          (5-6): 2 x Embedding(6, 128)
          (7-8): 2 x Embedding(2, 128)
        )
      )
      (convs): ModuleList(
        (0-2): 3 x GCNConv(128, 128)
      )
      (bns): ModuleList(
        (0-2): 3 x BatchNorm1d(128, eps=1e-05, momentum=0.1, affine=True, track_running_stats=True)
      )
    )
  )
  (protein_encoders): ModuleList(
    (0): ProteinCNNEncoder(
      (embedding): Embedding(21, 128, padding_idx=0)
      (conv_blocks): ModuleList(
        (0): Sequential(
          (0): Conv1d(128, 64, kernel_size=(3,), stride=(1,), padding=(1,))
          (1): BatchNorm1d(64, eps=1e-05, momentum=0.1, affine=True, track_running_stats=True)
          (2): ReLU()
          (3): Conv1d(64, 64, kernel_size=(3,), stride=(1,), padding=(1,))
          (4): BatchNorm1d(64, eps=1e-05, momentum=0.1, affine=True, track_running_stats=True)
          (5): ReLU()
        )
        (1): Sequential(
          (0): Conv1d(128, 64, kernel_size=(7,), stride=(1,), padding=(3,))
          (1): BatchNorm1d(64, eps=1e-05, momentum=0.1, affine=True, track_running_stats=True)
          (2): ReLU()
          (3): Conv1d(64, 64, kernel_size=(7,), stride=(1,), padding=(3,))
          (4): BatchNorm1d(64, eps=1e-05, momentum=0.1, affine=True, track_running_stats=True)
          (5): ReLU()
        )
        (2): Sequential(
          (0): Conv1d(128, 64, kernel_size=(15,), stride=(1,), padding=(7,))
          (1): BatchNorm1d(64, eps=1e-05, momentum=0.1, affine=True, track_running_stats=True)
          (2): ReLU()
          (3): Conv1d(64, 64, kernel_size=(15,), stride=(1,), padding=(7,))
          (4): BatchNorm1d(64, eps=1e-05, momentum=0.1, affine=True, track_running_stats=True)
          (5): ReLU()
        )
      )
    )
  )
  (fusion): MLPFusion(
    (classifier): Sequential(
      (0): Linear(in_features=320, out_features=128, bias=True)
      (1): BatchNorm1d(128, eps=1e-05, momentum=0.1, affine=True, track_running_stats=True)
      (2): ReLU()
      (3): Dropout(p=0.5, inplace=False)
      (4): Linear(in_features=128, out_features=32, bias=True)
      (5): BatchNorm1d(32, eps=1e-05, momentum=0.1, affine=True, track_running_stats=True)
      (6): ReLU()
      (7): Dropout(p=0.5, inplace=False)
      (8): Linear(in_features=32, out_features=1, bias=True)
    )
  )
)
Epoch 001 | time=2.3s | train_loss=0.6781 | val_loss=0.7057 | val_auc=0.5146
  ✓ New best model (epoch 1, val_loss=0.7057, val_auc=0.5146) saved to checkpoints/gcn_vs_cnn_seed123.pt
Epoch 002 | time=1.6s | train_loss=0.6062 | val_loss=0.6857 | val_auc=0.5748
  ✓ New best model (epoch 2, val_loss=0.6857, val_auc=0.5748) saved to checkpoints/gcn_vs_cnn_seed123.pt
Epoch 003 | time=1.6s | train_loss=0.5459 | val_loss=0.6654 | val_auc=0.6132
  ✓ New best model (epoch 3, val_loss=0.6654, val_auc=0.6132) saved to checkpoints/gcn_vs_cnn_seed123.pt
Epoch 004 | time=1.6s | train_loss=0.4957 | val_loss=0.6523 | val_auc=0.6374
  ✓ New best model (epoch 4, val_loss=0.6523, val_auc=0.6374) saved to checkpoints/gcn_vs_cnn_seed123.pt
Epoch 005 | time=1.6s | train_loss=0.4642 | val_loss=0.6442 | val_auc=0.6731
  ✓ New best model (epoch 5, val_loss=0.6442, val_auc=0.6731) saved to checkpoints/gcn_vs_cnn_seed123.pt
Epoch 006 | time=1.6s | train_loss=0.4352 | val_loss=0.6418 | val_auc=0.6661
Epoch 007 | time=1.6s | train_loss=0.4131 | val_loss=0.6326 | val_auc=0.6994
  ✓ New best model (epoch 7, val_loss=0.6326, val_auc=0.6994) saved to checkpoints/gcn_vs_cnn_seed123.pt
Epoch 008 | time=1.6s | train_loss=0.3980 | val_loss=0.6271 | val_auc=0.7117
  ✓ New best model (epoch 8, val_loss=0.6271, val_auc=0.7117) saved to checkpoints/gcn_vs_cnn_seed123.pt
Epoch 009 | time=1.6s | train_loss=0.3779 | val_loss=0.6300 | val_auc=0.7159
  ✓ New best model (epoch 9, val_loss=0.6300, val_auc=0.7159) saved to checkpoints/gcn_vs_cnn_seed123.pt
Epoch 010 | time=1.6s | train_loss=0.3667 | val_loss=0.6206 | val_auc=0.7143
Epoch 011 | time=1.6s | train_loss=0.3514 | val_loss=0.6276 | val_auc=0.6887
Epoch 012 | time=1.8s | train_loss=0.3411 | val_loss=0.6118 | val_auc=0.7042
Epoch 013 | time=1.6s | train_loss=0.3298 | val_loss=0.6197 | val_auc=0.6816
Epoch 014 | time=1.6s | train_loss=0.3166 | val_loss=0.6214 | val_auc=0.7042
Epoch 015 | time=1.6s | train_loss=0.3110 | val_loss=0.6163 | val_auc=0.7047
Epoch 016 | time=1.6s | train_loss=0.3012 | val_loss=0.6094 | val_auc=0.7131
Epoch 017 | time=1.6s | train_loss=0.2911 | val_loss=0.6075 | val_auc=0.7230
  ✓ New best model (epoch 17, val_loss=0.6075, val_auc=0.7230) saved to checkpoints/gcn_vs_cnn_seed123.pt
Epoch 018 | time=1.6s | train_loss=0.2857 | val_loss=0.6130 | val_auc=0.7121
Epoch 019 | time=1.6s | train_loss=0.2765 | val_loss=0.6057 | val_auc=0.7160
Epoch 020 | time=1.6s | train_loss=0.2712 | val_loss=0.6217 | val_auc=0.6911
Epoch 021 | time=1.6s | train_loss=0.2675 | val_loss=0.6057 | val_auc=0.7120
Epoch 022 | time=1.6s | train_loss=0.2596 | val_loss=0.6228 | val_auc=0.6924
Epoch 023 | time=1.6s | train_loss=0.2552 | val_loss=0.6282 | val_auc=0.6775
Epoch 024 | time=1.6s | train_loss=0.2470 | val_loss=0.6247 | val_auc=0.6989
Epoch 025 | time=1.6s | train_loss=0.2418 | val_loss=0.6290 | val_auc=0.6831
Epoch 026 | time=1.6s | train_loss=0.2324 | val_loss=0.6296 | val_auc=0.6821
Epoch 027 | time=1.6s | train_loss=0.2248 | val_loss=0.6279 | val_auc=0.6859
Early stopping — no improvement for 10 epochs

Best model: epoch 17, val_loss=0.6279, val_auc=0.7230

═══ Test Results ═══
           auc: 0.4111
         auprc: 0.4147
            f1: 0.4236
     precision: 0.4246
        recall: 0.4226
          loss: 1.0376
