Uninstalled 1 package in 6ms
Installed 1 package in 10ms
/net/storage/pr3/plgrid/plggmlcil/plgkstankie/vvv/Multimodal-models-for-predicting-drug-target-interactions/.venv/lib/python3.11/site-packages/outdated/__init__.py:36: UserWarning: pkg_resources is deprecated as an API. See https://setuptools.pypa.io/en/latest/pkg_resources.html. The pkg_resources package is slated for removal as early as 2025-11-30. Refrain from using this package or pin to Setuptools<81.
  from pkg_resources import parse_version
Setting global random seed to 2026
Using device: cuda
Loading clean data from: /net/storage/pr3/plgrid/plggmlcil/plgkstankie/vvv/Multimodal-models-for-predicting-drug-target-interactions/src/datasets/lincs_balanced.parquet
Dataset size: 27498
Split strategy: scaffold
Train: 19558  Val: 2885  Test: 5055
Fitting MinMaxScaler on 1264 cached RDKit descriptors...
SMILES encoders:  ['GCNEncoder', 'LincsGraphEncoder', 'RDKitDescriptorEncoder']
Protein encoders: ['ProteinCNNEncoder']
Building graph cache for 1264 SMILES...
  0%|          | 0/1264 [00:00<?, ?it/s] 18%|█▊        | 224/1264 [00:00<00:00, 2236.19it/s] 36%|███▌      | 452/1264 [00:00<00:00, 2256.22it/s] 54%|█████▎    | 679/1264 [00:00<00:00, 2262.31it/s] 72%|███████▏  | 910/1264 [00:00<00:00, 2280.65it/s] 91%|█████████▏| 1155/1264 [00:00<00:00, 2336.85it/s]100%|██████████| 1264/1264 [00:00<00:00, 2330.59it/s]
Valid SMILES graphs: 1264
MultimodalDTI(
  (smiles_encoders): ModuleList(
    (0): GCNEncoder(
      (atom_encoder): AtomEncoder(
        (atom_embedding_list): ModuleList(
          (0): Embedding(119, 128)
          (1): Embedding(5, 128)
          (2-3): 2 x Embedding(12, 128)
          (4): Embedding(10, 128)
          (5-6): 2 x Embedding(6, 128)
          (7-8): 2 x Embedding(2, 128)
        )
      )
      (convs): ModuleList(
        (0-2): 3 x GCNConv(128, 128)
      )
      (bns): ModuleList(
        (0-2): 3 x BatchNorm1d(128, eps=1e-05, momentum=0.1, affine=True, track_running_stats=True)
      )
    )
    (1): LincsGraphEncoder(
      (proj): Linear(in_features=1, out_features=128, bias=True)
      (convs): ModuleList(
        (0-1): 2 x DenseGCNConv(
          (linear): Linear(in_features=128, out_features=128, bias=False)
        )
      )
      (bns): ModuleList(
        (0-1): 2 x BatchNorm1d(128, eps=1e-05, momentum=0.1, affine=True, track_running_stats=True)
      )
      (pool_proj): Linear(in_features=128, out_features=128, bias=True)
    )
    (2): RDKitDescriptorEncoder(
      (mlp): Sequential(
        (0): Linear(in_features=210, out_features=256, bias=True)
        (1): BatchNorm1d(256, eps=1e-05, momentum=0.1, affine=True, track_running_stats=True)
        (2): ReLU()
        (3): Dropout(p=0.5, inplace=False)
        (4): Linear(in_features=256, out_features=128, bias=True)
        (5): BatchNorm1d(128, eps=1e-05, momentum=0.1, affine=True, track_running_stats=True)
        (6): ReLU()
      )
    )
  )
  (protein_encoders): ModuleList(
    (0): ProteinCNNEncoder(
      (embedding): Embedding(21, 128, padding_idx=0)
      (conv_blocks): ModuleList(
        (0): Sequential(
          (0): Conv1d(128, 64, kernel_size=(3,), stride=(1,), padding=(1,))
          (1): BatchNorm1d(64, eps=1e-05, momentum=0.1, affine=True, track_running_stats=True)
          (2): ReLU()
          (3): Conv1d(64, 64, kernel_size=(3,), stride=(1,), padding=(1,))
          (4): BatchNorm1d(64, eps=1e-05, momentum=0.1, affine=True, track_running_stats=True)
          (5): ReLU()
        )
        (1): Sequential(
          (0): Conv1d(128, 64, kernel_size=(7,), stride=(1,), padding=(3,))
          (1): BatchNorm1d(64, eps=1e-05, momentum=0.1, affine=True, track_running_stats=True)
          (2): ReLU()
          (3): Conv1d(64, 64, kernel_size=(7,), stride=(1,), padding=(3,))
          (4): BatchNorm1d(64, eps=1e-05, momentum=0.1, affine=True, track_running_stats=True)
          (5): ReLU()
        )
        (2): Sequential(
          (0): Conv1d(128, 64, kernel_size=(15,), stride=(1,), padding=(7,))
          (1): BatchNorm1d(64, eps=1e-05, momentum=0.1, affine=True, track_running_stats=True)
          (2): ReLU()
          (3): Conv1d(64, 64, kernel_size=(15,), stride=(1,), padding=(7,))
          (4): BatchNorm1d(64, eps=1e-05, momentum=0.1, affine=True, track_running_stats=True)
          (5): ReLU()
        )
      )
    )
  )
  (fusion): MLPFusion(
    (classifier): Sequential(
      (0): Linear(in_features=576, out_features=128, bias=True)
      (1): BatchNorm1d(128, eps=1e-05, momentum=0.1, affine=True, track_running_stats=True)
      (2): ReLU()
      (3): Dropout(p=0.5, inplace=False)
      (4): Linear(in_features=128, out_features=32, bias=True)
      (5): BatchNorm1d(32, eps=1e-05, momentum=0.1, affine=True, track_running_stats=True)
      (6): ReLU()
      (7): Dropout(p=0.5, inplace=False)
      (8): Linear(in_features=32, out_features=1, bias=True)
    )
  )
)
Epoch 001 | time=4.8s | train_loss=0.6563 | val_loss=0.6404 | val_auc=0.7239
  ✓ New best model (epoch 1, val_loss=0.6404, val_auc=0.7239) saved to checkpoints/gcn_lincs_graph_rdkit_vs_cnn_seed2026.pt
Epoch 002 | time=3.5s | train_loss=0.5536 | val_loss=0.5941 | val_auc=0.7580
  ✓ New best model (epoch 2, val_loss=0.5941, val_auc=0.7580) saved to checkpoints/gcn_lincs_graph_rdkit_vs_cnn_seed2026.pt
Epoch 003 | time=3.4s | train_loss=0.4896 | val_loss=0.5649 | val_auc=0.7834
  ✓ New best model (epoch 3, val_loss=0.5649, val_auc=0.7834) saved to checkpoints/gcn_lincs_graph_rdkit_vs_cnn_seed2026.pt
Epoch 004 | time=3.5s | train_loss=0.4504 | val_loss=0.5501 | val_auc=0.7967
  ✓ New best model (epoch 4, val_loss=0.5501, val_auc=0.7967) saved to checkpoints/gcn_lincs_graph_rdkit_vs_cnn_seed2026.pt
Epoch 005 | time=3.4s | train_loss=0.4196 | val_loss=0.5411 | val_auc=0.8014
  ✓ New best model (epoch 5, val_loss=0.5411, val_auc=0.8014) saved to checkpoints/gcn_lincs_graph_rdkit_vs_cnn_seed2026.pt
Epoch 006 | time=3.4s | train_loss=0.3944 | val_loss=0.5315 | val_auc=0.8110
  ✓ New best model (epoch 6, val_loss=0.5315, val_auc=0.8110) saved to checkpoints/gcn_lincs_graph_rdkit_vs_cnn_seed2026.pt
Epoch 007 | time=3.4s | train_loss=0.3740 | val_loss=0.5340 | val_auc=0.8093
Epoch 008 | time=3.4s | train_loss=0.3583 | val_loss=0.5273 | val_auc=0.8114
  ✓ New best model (epoch 8, val_loss=0.5273, val_auc=0.8114) saved to checkpoints/gcn_lincs_graph_rdkit_vs_cnn_seed2026.pt
Epoch 009 | time=3.4s | train_loss=0.3393 | val_loss=0.5405 | val_auc=0.8046
Epoch 010 | time=3.4s | train_loss=0.3244 | val_loss=0.5232 | val_auc=0.8191
  ✓ New best model (epoch 10, val_loss=0.5232, val_auc=0.8191) saved to checkpoints/gcn_lincs_graph_rdkit_vs_cnn_seed2026.pt
Epoch 011 | time=3.4s | train_loss=0.3111 | val_loss=0.5234 | val_auc=0.8174
Epoch 012 | time=3.4s | train_loss=0.2998 | val_loss=0.5145 | val_auc=0.8258
  ✓ New best model (epoch 12, val_loss=0.5145, val_auc=0.8258) saved to checkpoints/gcn_lincs_graph_rdkit_vs_cnn_seed2026.pt
Epoch 013 | time=3.4s | train_loss=0.2877 | val_loss=0.5177 | val_auc=0.8220
Epoch 014 | time=3.4s | train_loss=0.2792 | val_loss=0.5185 | val_auc=0.8253
Epoch 015 | time=3.4s | train_loss=0.2690 | val_loss=0.5312 | val_auc=0.8249
Epoch 016 | time=3.4s | train_loss=0.2609 | val_loss=0.5220 | val_auc=0.8257
Epoch 017 | time=3.4s | train_loss=0.2512 | val_loss=0.5319 | val_auc=0.8251
Epoch 018 | time=3.4s | train_loss=0.2439 | val_loss=0.5112 | val_auc=0.8378
  ✓ New best model (epoch 18, val_loss=0.5112, val_auc=0.8378) saved to checkpoints/gcn_lincs_graph_rdkit_vs_cnn_seed2026.pt
Epoch 019 | time=3.4s | train_loss=0.2350 | val_loss=0.5268 | val_auc=0.8301
Epoch 020 | time=3.4s | train_loss=0.2289 | val_loss=0.5469 | val_auc=0.8302
Epoch 021 | time=3.4s | train_loss=0.2244 | val_loss=0.5161 | val_auc=0.8415
  ✓ New best model (epoch 21, val_loss=0.5161, val_auc=0.8415) saved to checkpoints/gcn_lincs_graph_rdkit_vs_cnn_seed2026.pt
Epoch 022 | time=3.5s | train_loss=0.2175 | val_loss=0.5217 | val_auc=0.8377
Epoch 023 | time=3.4s | train_loss=0.2154 | val_loss=0.5258 | val_auc=0.8387
Epoch 024 | time=3.4s | train_loss=0.2098 | val_loss=0.5521 | val_auc=0.8297
Epoch 025 | time=3.4s | train_loss=0.1959 | val_loss=0.5196 | val_auc=0.8425
  ✓ New best model (epoch 25, val_loss=0.5196, val_auc=0.8425) saved to checkpoints/gcn_lincs_graph_rdkit_vs_cnn_seed2026.pt
Epoch 026 | time=3.5s | train_loss=0.1906 | val_loss=0.5311 | val_auc=0.8394
Epoch 027 | time=3.4s | train_loss=0.1879 | val_loss=0.5201 | val_auc=0.8436
  ✓ New best model (epoch 27, val_loss=0.5201, val_auc=0.8436) saved to checkpoints/gcn_lincs_graph_rdkit_vs_cnn_seed2026.pt
Epoch 028 | time=3.4s | train_loss=0.1861 | val_loss=0.5359 | val_auc=0.8420
Epoch 029 | time=3.4s | train_loss=0.1840 | val_loss=0.5246 | val_auc=0.8472
  ✓ New best model (epoch 29, val_loss=0.5246, val_auc=0.8472) saved to checkpoints/gcn_lincs_graph_rdkit_vs_cnn_seed2026.pt
Epoch 030 | time=3.4s | train_loss=0.1828 | val_loss=0.5175 | val_auc=0.8498
  ✓ New best model (epoch 30, val_loss=0.5175, val_auc=0.8498) saved to checkpoints/gcn_lincs_graph_rdkit_vs_cnn_seed2026.pt
Epoch 031 | time=3.4s | train_loss=0.1733 | val_loss=0.5217 | val_auc=0.8457
Epoch 032 | time=3.4s | train_loss=0.1704 | val_loss=0.5283 | val_auc=0.8458
Epoch 033 | time=3.6s | train_loss=0.1690 | val_loss=0.5371 | val_auc=0.8428
Epoch 034 | time=3.4s | train_loss=0.1684 | val_loss=0.5253 | val_auc=0.8483
Epoch 035 | time=3.5s | train_loss=0.1672 | val_loss=0.5255 | val_auc=0.8463
Epoch 036 | time=3.4s | train_loss=0.1670 | val_loss=0.5324 | val_auc=0.8456
Epoch 037 | time=3.4s | train_loss=0.1649 | val_loss=0.5335 | val_auc=0.8454
Epoch 038 | time=3.4s | train_loss=0.1631 | val_loss=0.5405 | val_auc=0.8431
Epoch 039 | time=3.4s | train_loss=0.1621 | val_loss=0.5349 | val_auc=0.8473
Epoch 040 | time=3.4s | train_loss=0.1635 | val_loss=0.5522 | val_auc=0.8409
Early stopping — no improvement for 10 epochs

Best model: epoch 30, val_loss=0.5522, val_auc=0.8498

═══ Test Results ═══
           auc: 0.7445
         auprc: 0.6813
            f1: 0.6417
     precision: 0.6619
        recall: 0.6228
          loss: 0.7123
