Uninstalled 1 package in 6ms
Installed 1 package in 10ms
/net/storage/pr3/plgrid/plggmlcil/plgkstankie/vvv/Multimodal-models-for-predicting-drug-target-interactions/.venv/lib/python3.11/site-packages/outdated/__init__.py:36: UserWarning: pkg_resources is deprecated as an API. See https://setuptools.pypa.io/en/latest/pkg_resources.html. The pkg_resources package is slated for removal as early as 2025-11-30. Refrain from using this package or pin to Setuptools<81.
  from pkg_resources import parse_version
Setting global random seed to 999
Using device: cuda
Loading clean data from: /net/storage/pr3/plgrid/plggmlcil/plgkstankie/vvv/Multimodal-models-for-predicting-drug-target-interactions/src/datasets/lincs_balanced.parquet
Dataset size: 27498
Split strategy: cold_both
  K4 cold-both split: train=13694, val=328, test=923
  Rows retained: 14945/27498 (54.3%)
Train: 13694  Val: 328  Test: 923
Fitting MinMaxScaler on 1264 cached RDKit descriptors...
SMILES encoders:  ['GCNEncoder', 'LincsGraphEncoder', 'RDKitDescriptorEncoder']
Protein encoders: ['ProteinCNNEncoder']
Building graph cache for 1264 SMILES...
  0%|          | 0/1264 [00:00<?, ?it/s] 19%|█▊        | 236/1264 [00:00<00:00, 2353.50it/s] 37%|███▋      | 472/1264 [00:00<00:00, 2287.47it/s] 55%|█████▌    | 701/1264 [00:00<00:00, 2242.60it/s] 73%|███████▎  | 926/1264 [00:00<00:00, 2241.48it/s] 92%|█████████▏| 1166/1264 [00:00<00:00, 2297.14it/s]100%|██████████| 1264/1264 [00:00<00:00, 2300.98it/s]
Valid SMILES graphs: 1264
MultimodalDTI(
  (smiles_encoders): ModuleList(
    (0): GCNEncoder(
      (atom_encoder): AtomEncoder(
        (atom_embedding_list): ModuleList(
          (0): Embedding(119, 128)
          (1): Embedding(5, 128)
          (2-3): 2 x Embedding(12, 128)
          (4): Embedding(10, 128)
          (5-6): 2 x Embedding(6, 128)
          (7-8): 2 x Embedding(2, 128)
        )
      )
      (convs): ModuleList(
        (0-2): 3 x GCNConv(128, 128)
      )
      (bns): ModuleList(
        (0-2): 3 x BatchNorm1d(128, eps=1e-05, momentum=0.1, affine=True, track_running_stats=True)
      )
    )
    (1): LincsGraphEncoder(
      (proj): Linear(in_features=1, out_features=128, bias=True)
      (convs): ModuleList(
        (0-1): 2 x DenseGCNConv(
          (linear): Linear(in_features=128, out_features=128, bias=False)
        )
      )
      (bns): ModuleList(
        (0-1): 2 x BatchNorm1d(128, eps=1e-05, momentum=0.1, affine=True, track_running_stats=True)
      )
      (pool_proj): Linear(in_features=128, out_features=128, bias=True)
    )
    (2): RDKitDescriptorEncoder(
      (mlp): Sequential(
        (0): Linear(in_features=210, out_features=256, bias=True)
        (1): BatchNorm1d(256, eps=1e-05, momentum=0.1, affine=True, track_running_stats=True)
        (2): ReLU()
        (3): Dropout(p=0.5, inplace=False)
        (4): Linear(in_features=256, out_features=128, bias=True)
        (5): BatchNorm1d(128, eps=1e-05, momentum=0.1, affine=True, track_running_stats=True)
        (6): ReLU()
      )
    )
  )
  (protein_encoders): ModuleList(
    (0): ProteinCNNEncoder(
      (embedding): Embedding(21, 128, padding_idx=0)
      (conv_blocks): ModuleList(
        (0): Sequential(
          (0): Conv1d(128, 64, kernel_size=(3,), stride=(1,), padding=(1,))
          (1): BatchNorm1d(64, eps=1e-05, momentum=0.1, affine=True, track_running_stats=True)
          (2): ReLU()
          (3): Conv1d(64, 64, kernel_size=(3,), stride=(1,), padding=(1,))
          (4): BatchNorm1d(64, eps=1e-05, momentum=0.1, affine=True, track_running_stats=True)
          (5): ReLU()
        )
        (1): Sequential(
          (0): Conv1d(128, 64, kernel_size=(7,), stride=(1,), padding=(3,))
          (1): BatchNorm1d(64, eps=1e-05, momentum=0.1, affine=True, track_running_stats=True)
          (2): ReLU()
          (3): Conv1d(64, 64, kernel_size=(7,), stride=(1,), padding=(3,))
          (4): BatchNorm1d(64, eps=1e-05, momentum=0.1, affine=True, track_running_stats=True)
          (5): ReLU()
        )
        (2): Sequential(
          (0): Conv1d(128, 64, kernel_size=(15,), stride=(1,), padding=(7,))
          (1): BatchNorm1d(64, eps=1e-05, momentum=0.1, affine=True, track_running_stats=True)
          (2): ReLU()
          (3): Conv1d(64, 64, kernel_size=(15,), stride=(1,), padding=(7,))
          (4): BatchNorm1d(64, eps=1e-05, momentum=0.1, affine=True, track_running_stats=True)
          (5): ReLU()
        )
      )
    )
  )
  (fusion): MLPFusion(
    (classifier): Sequential(
      (0): Linear(in_features=576, out_features=128, bias=True)
      (1): BatchNorm1d(128, eps=1e-05, momentum=0.1, affine=True, track_running_stats=True)
      (2): ReLU()
      (3): Dropout(p=0.5, inplace=False)
      (4): Linear(in_features=128, out_features=32, bias=True)
      (5): BatchNorm1d(32, eps=1e-05, momentum=0.1, affine=True, track_running_stats=True)
      (6): ReLU()
      (7): Dropout(p=0.5, inplace=False)
      (8): Linear(in_features=32, out_features=1, bias=True)
    )
  )
)
Epoch 001 | time=3.0s | train_loss=0.6675 | val_loss=0.6875 | val_auc=0.5874
  ✓ New best model (epoch 1, val_loss=0.6875, val_auc=0.5874) saved to checkpoints/gcn_lincs_graph_rdkit_vs_cnn_seed999.pt
Epoch 002 | time=2.3s | train_loss=0.5880 | val_loss=0.6730 | val_auc=0.5914
  ✓ New best model (epoch 2, val_loss=0.6730, val_auc=0.5914) saved to checkpoints/gcn_lincs_graph_rdkit_vs_cnn_seed999.pt
Epoch 003 | time=2.3s | train_loss=0.5266 | val_loss=0.6530 | val_auc=0.6226
  ✓ New best model (epoch 3, val_loss=0.6530, val_auc=0.6226) saved to checkpoints/gcn_lincs_graph_rdkit_vs_cnn_seed999.pt
Epoch 004 | time=2.3s | train_loss=0.4784 | val_loss=0.6445 | val_auc=0.6641
  ✓ New best model (epoch 4, val_loss=0.6445, val_auc=0.6641) saved to checkpoints/gcn_lincs_graph_rdkit_vs_cnn_seed999.pt
Epoch 005 | time=2.3s | train_loss=0.4430 | val_loss=0.6464 | val_auc=0.6254
Epoch 006 | time=2.4s | train_loss=0.4193 | val_loss=0.6448 | val_auc=0.6510
Epoch 007 | time=2.3s | train_loss=0.3968 | val_loss=0.6393 | val_auc=0.6487
Epoch 008 | time=2.3s | train_loss=0.3790 | val_loss=0.6371 | val_auc=0.6464
Epoch 009 | time=2.3s | train_loss=0.3606 | val_loss=0.6337 | val_auc=0.6473
Epoch 010 | time=2.3s | train_loss=0.3470 | val_loss=0.6453 | val_auc=0.6508
Epoch 011 | time=2.3s | train_loss=0.3338 | val_loss=0.6371 | val_auc=0.6461
Epoch 012 | time=2.3s | train_loss=0.3225 | val_loss=0.6343 | val_auc=0.6374
Epoch 013 | time=2.3s | train_loss=0.3114 | val_loss=0.6222 | val_auc=0.6793
  ✓ New best model (epoch 13, val_loss=0.6222, val_auc=0.6793) saved to checkpoints/gcn_lincs_graph_rdkit_vs_cnn_seed999.pt
Epoch 014 | time=2.3s | train_loss=0.3014 | val_loss=0.6260 | val_auc=0.6893
  ✓ New best model (epoch 14, val_loss=0.6260, val_auc=0.6893) saved to checkpoints/gcn_lincs_graph_rdkit_vs_cnn_seed999.pt
Epoch 015 | time=2.3s | train_loss=0.2903 | val_loss=0.6330 | val_auc=0.6782
Epoch 016 | time=2.3s | train_loss=0.2827 | val_loss=0.6225 | val_auc=0.7046
  ✓ New best model (epoch 16, val_loss=0.6225, val_auc=0.7046) saved to checkpoints/gcn_lincs_graph_rdkit_vs_cnn_seed999.pt
Epoch 017 | time=2.3s | train_loss=0.2745 | val_loss=0.6111 | val_auc=0.7134
  ✓ New best model (epoch 17, val_loss=0.6111, val_auc=0.7134) saved to checkpoints/gcn_lincs_graph_rdkit_vs_cnn_seed999.pt
Epoch 018 | time=2.3s | train_loss=0.2665 | val_loss=0.6376 | val_auc=0.7048
Epoch 019 | time=2.3s | train_loss=0.2584 | val_loss=0.6209 | val_auc=0.7127
Epoch 020 | time=2.3s | train_loss=0.2563 | val_loss=0.6284 | val_auc=0.6980
Epoch 021 | time=2.3s | train_loss=0.2460 | val_loss=0.6381 | val_auc=0.6973
Epoch 022 | time=2.3s | train_loss=0.2401 | val_loss=0.6715 | val_auc=0.7036
Epoch 023 | time=2.3s | train_loss=0.2320 | val_loss=0.6488 | val_auc=0.7018
Epoch 024 | time=2.3s | train_loss=0.2206 | val_loss=0.6467 | val_auc=0.7083
Epoch 025 | time=2.3s | train_loss=0.2149 | val_loss=0.6413 | val_auc=0.7163
  ✓ New best model (epoch 25, val_loss=0.6413, val_auc=0.7163) saved to checkpoints/gcn_lincs_graph_rdkit_vs_cnn_seed999.pt
Epoch 026 | time=2.3s | train_loss=0.2140 | val_loss=0.6575 | val_auc=0.7067
Epoch 027 | time=2.3s | train_loss=0.2100 | val_loss=0.6521 | val_auc=0.7041
Epoch 028 | time=2.3s | train_loss=0.2121 | val_loss=0.6942 | val_auc=0.6995
Epoch 029 | time=2.3s | train_loss=0.2067 | val_loss=0.6580 | val_auc=0.7048
Epoch 030 | time=2.3s | train_loss=0.1995 | val_loss=0.6599 | val_auc=0.7073
Epoch 031 | time=2.3s | train_loss=0.1978 | val_loss=0.6805 | val_auc=0.7068
Epoch 032 | time=2.3s | train_loss=0.1963 | val_loss=0.6667 | val_auc=0.7016
Epoch 033 | time=2.5s | train_loss=0.1955 | val_loss=0.6729 | val_auc=0.7063
Epoch 034 | time=2.3s | train_loss=0.1943 | val_loss=0.6749 | val_auc=0.7059
Epoch 035 | time=2.3s | train_loss=0.1908 | val_loss=0.6757 | val_auc=0.7025
Early stopping — no improvement for 10 epochs

Best model: epoch 25, val_loss=0.6757, val_auc=0.7163

═══ Test Results ═══
           auc: 0.5697
         auprc: 0.5167
            f1: 0.5666
     precision: 0.5224
        recall: 0.6189
          loss: 0.8575
