Uninstalled 1 package in 6ms
Installed 1 package in 10ms
/net/storage/pr3/plgrid/plggmlcil/plgkstankie/vvv/Multimodal-models-for-predicting-drug-target-interactions/.venv/lib/python3.11/site-packages/outdated/__init__.py:36: UserWarning: pkg_resources is deprecated as an API. See https://setuptools.pypa.io/en/latest/pkg_resources.html. The pkg_resources package is slated for removal as early as 2025-11-30. Refrain from using this package or pin to Setuptools<81.
  from pkg_resources import parse_version
Setting global random seed to 123
Using device: cuda
Loading clean data from: /net/storage/pr3/plgrid/plggmlcil/plgkstankie/vvv/Multimodal-models-for-predicting-drug-target-interactions/src/datasets/lincs_balanced.parquet
Dataset size: 27498
Split strategy: cold_both
  K4 cold-both split: train=13694, val=328, test=923
  Rows retained: 14945/27498 (54.3%)
Train: 13694  Val: 328  Test: 923
SMILES encoders:  ['GCNEncoder', 'FingerprintMLPEncoder', 'LincsGraphEncoder']
Protein encoders: ['ProteinCNNEncoder']
Building graph cache for 1264 SMILES...
  0%|          | 0/1264 [00:00<?, ?it/s] 19%|█▉        | 241/1264 [00:00<00:00, 2409.33it/s] 38%|███▊      | 482/1264 [00:00<00:00, 2374.66it/s] 57%|█████▋    | 720/1264 [00:00<00:00, 2337.01it/s] 76%|███████▌  | 956/1264 [00:00<00:00, 2343.32it/s] 96%|█████████▌| 1214/1264 [00:00<00:00, 2425.24it/s]100%|██████████| 1264/1264 [00:00<00:00, 2405.01it/s]
Valid SMILES graphs: 1264
MultimodalDTI(
  (smiles_encoders): ModuleList(
    (0): GCNEncoder(
      (atom_encoder): AtomEncoder(
        (atom_embedding_list): ModuleList(
          (0): Embedding(119, 128)
          (1): Embedding(5, 128)
          (2-3): 2 x Embedding(12, 128)
          (4): Embedding(10, 128)
          (5-6): 2 x Embedding(6, 128)
          (7-8): 2 x Embedding(2, 128)
        )
      )
      (convs): ModuleList(
        (0-2): 3 x GCNConv(128, 128)
      )
      (bns): ModuleList(
        (0-2): 3 x BatchNorm1d(128, eps=1e-05, momentum=0.1, affine=True, track_running_stats=True)
      )
    )
    (1): FingerprintMLPEncoder(
      (mlp): Sequential(
        (0): Linear(in_features=1024, out_features=256, bias=True)
        (1): BatchNorm1d(256, eps=1e-05, momentum=0.1, affine=True, track_running_stats=True)
        (2): ReLU()
        (3): Dropout(p=0.5, inplace=False)
        (4): Linear(in_features=256, out_features=128, bias=True)
        (5): BatchNorm1d(128, eps=1e-05, momentum=0.1, affine=True, track_running_stats=True)
        (6): ReLU()
      )
    )
    (2): LincsGraphEncoder(
      (proj): Linear(in_features=1, out_features=128, bias=True)
      (convs): ModuleList(
        (0-1): 2 x DenseGCNConv(
          (linear): Linear(in_features=128, out_features=128, bias=False)
        )
      )
      (bns): ModuleList(
        (0-1): 2 x BatchNorm1d(128, eps=1e-05, momentum=0.1, affine=True, track_running_stats=True)
      )
      (pool_proj): Linear(in_features=128, out_features=128, bias=True)
    )
  )
  (protein_encoders): ModuleList(
    (0): ProteinCNNEncoder(
      (embedding): Embedding(21, 128, padding_idx=0)
      (conv_blocks): ModuleList(
        (0): Sequential(
          (0): Conv1d(128, 64, kernel_size=(3,), stride=(1,), padding=(1,))
          (1): BatchNorm1d(64, eps=1e-05, momentum=0.1, affine=True, track_running_stats=True)
          (2): ReLU()
          (3): Conv1d(64, 64, kernel_size=(3,), stride=(1,), padding=(1,))
          (4): BatchNorm1d(64, eps=1e-05, momentum=0.1, affine=True, track_running_stats=True)
          (5): ReLU()
        )
        (1): Sequential(
          (0): Conv1d(128, 64, kernel_size=(7,), stride=(1,), padding=(3,))
          (1): BatchNorm1d(64, eps=1e-05, momentum=0.1, affine=True, track_running_stats=True)
          (2): ReLU()
          (3): Conv1d(64, 64, kernel_size=(7,), stride=(1,), padding=(3,))
          (4): BatchNorm1d(64, eps=1e-05, momentum=0.1, affine=True, track_running_stats=True)
          (5): ReLU()
        )
        (2): Sequential(
          (0): Conv1d(128, 64, kernel_size=(15,), stride=(1,), padding=(7,))
          (1): BatchNorm1d(64, eps=1e-05, momentum=0.1, affine=True, track_running_stats=True)
          (2): ReLU()
          (3): Conv1d(64, 64, kernel_size=(15,), stride=(1,), padding=(7,))
          (4): BatchNorm1d(64, eps=1e-05, momentum=0.1, affine=True, track_running_stats=True)
          (5): ReLU()
        )
      )
    )
  )
  (fusion): MLPFusion(
    (classifier): Sequential(
      (0): Linear(in_features=576, out_features=128, bias=True)
      (1): BatchNorm1d(128, eps=1e-05, momentum=0.1, affine=True, track_running_stats=True)
      (2): ReLU()
      (3): Dropout(p=0.5, inplace=False)
      (4): Linear(in_features=128, out_features=32, bias=True)
      (5): BatchNorm1d(32, eps=1e-05, momentum=0.1, affine=True, track_running_stats=True)
      (6): ReLU()
      (7): Dropout(p=0.5, inplace=False)
      (8): Linear(in_features=32, out_features=1, bias=True)
    )
  )
)
Epoch 001 | time=3.2s | train_loss=0.6647 | val_loss=0.6874 | val_auc=0.6146
  ✓ New best model (epoch 1, val_loss=0.6874, val_auc=0.6146) saved to checkpoints/gcn_fp_lincs_graph_vs_cnn_seed123.pt
Epoch 002 | time=2.4s | train_loss=0.5804 | val_loss=0.6746 | val_auc=0.6600
  ✓ New best model (epoch 2, val_loss=0.6746, val_auc=0.6600) saved to checkpoints/gcn_fp_lincs_graph_vs_cnn_seed123.pt
Epoch 003 | time=2.4s | train_loss=0.5093 | val_loss=0.6647 | val_auc=0.6692
  ✓ New best model (epoch 3, val_loss=0.6647, val_auc=0.6692) saved to checkpoints/gcn_fp_lincs_graph_vs_cnn_seed123.pt
Epoch 004 | time=2.7s | train_loss=0.4589 | val_loss=0.6668 | val_auc=0.6432
Epoch 005 | time=2.4s | train_loss=0.4226 | val_loss=0.6606 | val_auc=0.6657
Epoch 006 | time=2.4s | train_loss=0.3963 | val_loss=0.6568 | val_auc=0.7027
  ✓ New best model (epoch 6, val_loss=0.6568, val_auc=0.7027) saved to checkpoints/gcn_fp_lincs_graph_vs_cnn_seed123.pt
Epoch 007 | time=2.4s | train_loss=0.3698 | val_loss=0.6599 | val_auc=0.7102
  ✓ New best model (epoch 7, val_loss=0.6599, val_auc=0.7102) saved to checkpoints/gcn_fp_lincs_graph_vs_cnn_seed123.pt
Epoch 008 | time=2.4s | train_loss=0.3502 | val_loss=0.6594 | val_auc=0.7011
Epoch 009 | time=2.4s | train_loss=0.3346 | val_loss=0.6501 | val_auc=0.7032
Epoch 010 | time=2.5s | train_loss=0.3158 | val_loss=0.6550 | val_auc=0.7021
Epoch 011 | time=2.8s | train_loss=0.3027 | val_loss=0.6509 | val_auc=0.6883
Epoch 012 | time=2.4s | train_loss=0.2905 | val_loss=0.6584 | val_auc=0.7035
Epoch 013 | time=2.4s | train_loss=0.2794 | val_loss=0.6662 | val_auc=0.6927
Epoch 014 | time=2.4s | train_loss=0.2650 | val_loss=0.6674 | val_auc=0.6699
Epoch 015 | time=2.4s | train_loss=0.2547 | val_loss=0.6609 | val_auc=0.6722
Epoch 016 | time=2.4s | train_loss=0.2402 | val_loss=0.6649 | val_auc=0.6770
Epoch 017 | time=2.4s | train_loss=0.2357 | val_loss=0.6691 | val_auc=0.6860
Early stopping — no improvement for 10 epochs

Best model: epoch 7, val_loss=0.6691, val_auc=0.7102

═══ Test Results ═══
           auc: 0.5224
         auprc: 0.4886
            f1: 0.5805
     precision: 0.5362
        recall: 0.6328
          loss: 0.7720
