Uninstalled 1 package in 7ms
Installed 1 package in 12ms
/net/storage/pr3/plgrid/plggmlcil/plgkstankie/vvv/Multimodal-models-for-predicting-drug-target-interactions/.venv/lib/python3.11/site-packages/outdated/__init__.py:36: UserWarning: pkg_resources is deprecated as an API. See https://setuptools.pypa.io/en/latest/pkg_resources.html. The pkg_resources package is slated for removal as early as 2025-11-30. Refrain from using this package or pin to Setuptools<81.
  from pkg_resources import parse_version
Setting global random seed to 123
Using device: cuda
Loading clean data from: /net/storage/pr3/plgrid/plggmlcil/plgkstankie/vvv/Multimodal-models-for-predicting-drug-target-interactions/src/datasets/lincs_balanced.parquet
Dataset size: 27498
Split strategy: scaffold
Train: 19558  Val: 2885  Test: 5055
ESM2Processor: loaded 3580 embeddings (dim=1280) from /net/storage/pr3/plgrid/plggmlcil/plgkstankie/vvv/Multimodal-models-for-predicting-drug-target-interactions/src/datasets/esm2_t33_650M_UR50D.pt
SMILES encoders:  ['GCNEncoder']
Protein encoders: ['ProteinCNNEncoder', 'ESM2Encoder']
Building graph cache for 1264 SMILES...
  0%|          | 0/1264 [00:00<?, ?it/s] 18%|█▊        | 228/1264 [00:00<00:00, 2268.69it/s] 36%|███▌      | 455/1264 [00:00<00:00, 2215.88it/s] 54%|█████▎    | 677/1264 [00:00<00:00, 2187.87it/s] 71%|███████   | 897/1264 [00:00<00:00, 2189.22it/s] 90%|████████▉ | 1137/1264 [00:00<00:00, 2262.63it/s]100%|██████████| 1264/1264 [00:00<00:00, 2251.65it/s]
Valid SMILES graphs: 1264
MultimodalDTI(
  (smiles_encoders): ModuleList(
    (0): GCNEncoder(
      (atom_encoder): AtomEncoder(
        (atom_embedding_list): ModuleList(
          (0): Embedding(119, 128)
          (1): Embedding(5, 128)
          (2-3): 2 x Embedding(12, 128)
          (4): Embedding(10, 128)
          (5-6): 2 x Embedding(6, 128)
          (7-8): 2 x Embedding(2, 128)
        )
      )
      (convs): ModuleList(
        (0-2): 3 x GCNConv(128, 128)
      )
      (bns): ModuleList(
        (0-2): 3 x BatchNorm1d(128, eps=1e-05, momentum=0.1, affine=True, track_running_stats=True)
      )
    )
  )
  (protein_encoders): ModuleList(
    (0): ProteinCNNEncoder(
      (embedding): Embedding(21, 128, padding_idx=0)
      (conv_blocks): ModuleList(
        (0): Sequential(
          (0): Conv1d(128, 64, kernel_size=(3,), stride=(1,), padding=(1,))
          (1): BatchNorm1d(64, eps=1e-05, momentum=0.1, affine=True, track_running_stats=True)
          (2): ReLU()
          (3): Conv1d(64, 64, kernel_size=(3,), stride=(1,), padding=(1,))
          (4): BatchNorm1d(64, eps=1e-05, momentum=0.1, affine=True, track_running_stats=True)
          (5): ReLU()
        )
        (1): Sequential(
          (0): Conv1d(128, 64, kernel_size=(7,), stride=(1,), padding=(3,))
          (1): BatchNorm1d(64, eps=1e-05, momentum=0.1, affine=True, track_running_stats=True)
          (2): ReLU()
          (3): Conv1d(64, 64, kernel_size=(7,), stride=(1,), padding=(3,))
          (4): BatchNorm1d(64, eps=1e-05, momentum=0.1, affine=True, track_running_stats=True)
          (5): ReLU()
        )
        (2): Sequential(
          (0): Conv1d(128, 64, kernel_size=(15,), stride=(1,), padding=(7,))
          (1): BatchNorm1d(64, eps=1e-05, momentum=0.1, affine=True, track_running_stats=True)
          (2): ReLU()
          (3): Conv1d(64, 64, kernel_size=(15,), stride=(1,), padding=(7,))
          (4): BatchNorm1d(64, eps=1e-05, momentum=0.1, affine=True, track_running_stats=True)
          (5): ReLU()
        )
      )
    )
    (1): ESM2Encoder(
      (projection): Sequential(
        (0): Linear(in_features=1280, out_features=256, bias=True)
        (1): LayerNorm((256,), eps=1e-05, elementwise_affine=True)
        (2): ReLU()
      )
    )
  )
  (fusion): MLPFusion(
    (classifier): Sequential(
      (0): Linear(in_features=576, out_features=128, bias=True)
      (1): BatchNorm1d(128, eps=1e-05, momentum=0.1, affine=True, track_running_stats=True)
      (2): ReLU()
      (3): Dropout(p=0.3, inplace=False)
      (4): Linear(in_features=128, out_features=32, bias=True)
      (5): BatchNorm1d(32, eps=1e-05, momentum=0.1, affine=True, track_running_stats=True)
      (6): ReLU()
      (7): Dropout(p=0.3, inplace=False)
      (8): Linear(in_features=32, out_features=1, bias=True)
    )
  )
)
Epoch 001 | time=3.4s | train_loss=0.6038 | val_loss=0.6278 | val_auc=0.7038
  ✓ New best model (epoch 1, val_loss=0.6278, val_auc=0.7038) saved to checkpoints/gcn_vs_cnn_esm2_seed123.pt
Epoch 002 | time=2.5s | train_loss=0.4815 | val_loss=0.5923 | val_auc=0.7410
  ✓ New best model (epoch 2, val_loss=0.5923, val_auc=0.7410) saved to checkpoints/gcn_vs_cnn_esm2_seed123.pt
Epoch 003 | time=2.5s | train_loss=0.4258 | val_loss=0.5712 | val_auc=0.7704
  ✓ New best model (epoch 3, val_loss=0.5712, val_auc=0.7704) saved to checkpoints/gcn_vs_cnn_esm2_seed123.pt
Epoch 004 | time=2.5s | train_loss=0.3847 | val_loss=0.5598 | val_auc=0.7829
  ✓ New best model (epoch 4, val_loss=0.5598, val_auc=0.7829) saved to checkpoints/gcn_vs_cnn_esm2_seed123.pt
Epoch 005 | time=2.5s | train_loss=0.3579 | val_loss=0.5574 | val_auc=0.7950
  ✓ New best model (epoch 5, val_loss=0.5574, val_auc=0.7950) saved to checkpoints/gcn_vs_cnn_esm2_seed123.pt
Epoch 006 | time=2.5s | train_loss=0.3347 | val_loss=0.5524 | val_auc=0.7947
Epoch 007 | time=2.5s | train_loss=0.3132 | val_loss=0.5560 | val_auc=0.8013
  ✓ New best model (epoch 7, val_loss=0.5560, val_auc=0.8013) saved to checkpoints/gcn_vs_cnn_esm2_seed123.pt
Epoch 008 | time=2.4s | train_loss=0.2958 | val_loss=0.5447 | val_auc=0.8060
  ✓ New best model (epoch 8, val_loss=0.5447, val_auc=0.8060) saved to checkpoints/gcn_vs_cnn_esm2_seed123.pt
Epoch 009 | time=2.5s | train_loss=0.2803 | val_loss=0.5350 | val_auc=0.8103
  ✓ New best model (epoch 9, val_loss=0.5350, val_auc=0.8103) saved to checkpoints/gcn_vs_cnn_esm2_seed123.pt
Epoch 010 | time=2.5s | train_loss=0.2665 | val_loss=0.5330 | val_auc=0.8122
  ✓ New best model (epoch 10, val_loss=0.5330, val_auc=0.8122) saved to checkpoints/gcn_vs_cnn_esm2_seed123.pt
Epoch 011 | time=2.5s | train_loss=0.2534 | val_loss=0.5244 | val_auc=0.8228
  ✓ New best model (epoch 11, val_loss=0.5244, val_auc=0.8228) saved to checkpoints/gcn_vs_cnn_esm2_seed123.pt
Epoch 012 | time=2.5s | train_loss=0.2388 | val_loss=0.5176 | val_auc=0.8265
  ✓ New best model (epoch 12, val_loss=0.5176, val_auc=0.8265) saved to checkpoints/gcn_vs_cnn_esm2_seed123.pt
Epoch 013 | time=2.5s | train_loss=0.2280 | val_loss=0.5013 | val_auc=0.8357
  ✓ New best model (epoch 13, val_loss=0.5013, val_auc=0.8357) saved to checkpoints/gcn_vs_cnn_esm2_seed123.pt
Epoch 014 | time=2.5s | train_loss=0.2197 | val_loss=0.5134 | val_auc=0.8307
Epoch 015 | time=8.2s | train_loss=0.2085 | val_loss=0.5235 | val_auc=0.8294
Epoch 016 | time=2.6s | train_loss=0.2015 | val_loss=0.5133 | val_auc=0.8346
Epoch 017 | time=3.7s | train_loss=0.1915 | val_loss=0.5357 | val_auc=0.8235
Epoch 018 | time=2.5s | train_loss=0.1846 | val_loss=0.5116 | val_auc=0.8377
  ✓ New best model (epoch 18, val_loss=0.5116, val_auc=0.8377) saved to checkpoints/gcn_vs_cnn_esm2_seed123.pt
Epoch 019 | time=2.5s | train_loss=0.1793 | val_loss=0.5363 | val_auc=0.8267
Epoch 020 | time=2.5s | train_loss=0.1665 | val_loss=0.5224 | val_auc=0.8358
Epoch 021 | time=2.6s | train_loss=0.1588 | val_loss=0.5204 | val_auc=0.8371
Epoch 022 | time=2.5s | train_loss=0.1547 | val_loss=0.5161 | val_auc=0.8387
  ✓ New best model (epoch 22, val_loss=0.5161, val_auc=0.8387) saved to checkpoints/gcn_vs_cnn_esm2_seed123.pt
Epoch 023 | time=2.5s | train_loss=0.1529 | val_loss=0.5201 | val_auc=0.8373
Epoch 024 | time=2.5s | train_loss=0.1480 | val_loss=0.5231 | val_auc=0.8400
  ✓ New best model (epoch 24, val_loss=0.5231, val_auc=0.8400) saved to checkpoints/gcn_vs_cnn_esm2_seed123.pt
Epoch 025 | time=2.5s | train_loss=0.1457 | val_loss=0.5187 | val_auc=0.8399
Epoch 026 | time=2.6s | train_loss=0.1406 | val_loss=0.5281 | val_auc=0.8374
Epoch 027 | time=2.5s | train_loss=0.1362 | val_loss=0.5292 | val_auc=0.8364
Epoch 028 | time=2.5s | train_loss=0.1349 | val_loss=0.5255 | val_auc=0.8392
Epoch 029 | time=2.5s | train_loss=0.1342 | val_loss=0.5231 | val_auc=0.8413
  ✓ New best model (epoch 29, val_loss=0.5231, val_auc=0.8413) saved to checkpoints/gcn_vs_cnn_esm2_seed123.pt
Epoch 030 | time=4.0s | train_loss=0.1304 | val_loss=0.5282 | val_auc=0.8427
  ✓ New best model (epoch 30, val_loss=0.5282, val_auc=0.8427) saved to checkpoints/gcn_vs_cnn_esm2_seed123.pt
Epoch 031 | time=2.5s | train_loss=0.1300 | val_loss=0.5314 | val_auc=0.8395
Epoch 032 | time=2.5s | train_loss=0.1277 | val_loss=0.5325 | val_auc=0.8399
Epoch 033 | time=2.5s | train_loss=0.1244 | val_loss=0.5344 | val_auc=0.8382
Epoch 034 | time=2.5s | train_loss=0.1241 | val_loss=0.5394 | val_auc=0.8376
Epoch 035 | time=2.5s | train_loss=0.1257 | val_loss=0.5321 | val_auc=0.8408
Epoch 036 | time=2.5s | train_loss=0.1218 | val_loss=0.5400 | val_auc=0.8356
Epoch 037 | time=2.5s | train_loss=0.1205 | val_loss=0.5252 | val_auc=0.8414
Epoch 038 | time=2.5s | train_loss=0.1223 | val_loss=0.5365 | val_auc=0.8378
Epoch 039 | time=2.5s | train_loss=0.1214 | val_loss=0.5361 | val_auc=0.8399
Epoch 040 | time=2.5s | train_loss=0.1181 | val_loss=0.5331 | val_auc=0.8393
Early stopping — no improvement for 10 epochs

Best model: epoch 30, val_loss=0.5331, val_auc=0.8427

═══ Test Results ═══
           auc: 0.6983
         auprc: 0.6682
            f1: 0.6028
     precision: 0.5844
        recall: 0.6224
          loss: 0.7836
