Uninstalled 1 package in 7ms
Installed 1 package in 10ms
/net/storage/pr3/plgrid/plggmlcil/plgkstankie/vvv/Multimodal-models-for-predicting-drug-target-interactions/.venv/lib/python3.11/site-packages/outdated/__init__.py:36: UserWarning: pkg_resources is deprecated as an API. See https://setuptools.pypa.io/en/latest/pkg_resources.html. The pkg_resources package is slated for removal as early as 2025-11-30. Refrain from using this package or pin to Setuptools<81.
  from pkg_resources import parse_version
Setting global random seed to 42
Using device: cuda
Loading clean data from: /net/storage/pr3/plgrid/plggmlcil/plgkstankie/vvv/Multimodal-models-for-predicting-drug-target-interactions/src/datasets/lincs_balanced.parquet
Dataset size: 27498
Split strategy: scaffold
Train: 19558  Val: 2885  Test: 5055
SMILES encoders:  ['GCNEncoder']
Protein encoders: ['ProteinCNNEncoder']
Building graph cache for 1264 SMILES...
  0%|          | 0/1264 [00:00<?, ?it/s] 18%|█▊        | 233/1264 [00:00<00:00, 2325.00it/s] 37%|███▋      | 466/1264 [00:00<00:00, 2293.40it/s] 55%|█████▌    | 696/1264 [00:00<00:00, 2271.50it/s] 73%|███████▎  | 929/1264 [00:00<00:00, 2293.78it/s] 93%|█████████▎| 1179/1264 [00:00<00:00, 2366.09it/s]100%|██████████| 1264/1264 [00:00<00:00, 2351.35it/s]
Valid SMILES graphs: 1264
MultimodalDTI(
  (smiles_encoders): ModuleList(
    (0): GCNEncoder(
      (atom_encoder): AtomEncoder(
        (atom_embedding_list): ModuleList(
          (0): Embedding(119, 128)
          (1): Embedding(5, 128)
          (2-3): 2 x Embedding(12, 128)
          (4): Embedding(10, 128)
          (5-6): 2 x Embedding(6, 128)
          (7-8): 2 x Embedding(2, 128)
        )
      )
      (convs): ModuleList(
        (0-2): 3 x GCNConv(128, 128)
      )
      (bns): ModuleList(
        (0-2): 3 x BatchNorm1d(128, eps=1e-05, momentum=0.1, affine=True, track_running_stats=True)
      )
    )
  )
  (protein_encoders): ModuleList(
    (0): ProteinCNNEncoder(
      (embedding): Embedding(21, 128, padding_idx=0)
      (conv_blocks): ModuleList(
        (0): Sequential(
          (0): Conv1d(128, 64, kernel_size=(3,), stride=(1,), padding=(1,))
          (1): BatchNorm1d(64, eps=1e-05, momentum=0.1, affine=True, track_running_stats=True)
          (2): ReLU()
          (3): Conv1d(64, 64, kernel_size=(3,), stride=(1,), padding=(1,))
          (4): BatchNorm1d(64, eps=1e-05, momentum=0.1, affine=True, track_running_stats=True)
          (5): ReLU()
        )
        (1): Sequential(
          (0): Conv1d(128, 64, kernel_size=(7,), stride=(1,), padding=(3,))
          (1): BatchNorm1d(64, eps=1e-05, momentum=0.1, affine=True, track_running_stats=True)
          (2): ReLU()
          (3): Conv1d(64, 64, kernel_size=(7,), stride=(1,), padding=(3,))
          (4): BatchNorm1d(64, eps=1e-05, momentum=0.1, affine=True, track_running_stats=True)
          (5): ReLU()
        )
        (2): Sequential(
          (0): Conv1d(128, 64, kernel_size=(15,), stride=(1,), padding=(7,))
          (1): BatchNorm1d(64, eps=1e-05, momentum=0.1, affine=True, track_running_stats=True)
          (2): ReLU()
          (3): Conv1d(64, 64, kernel_size=(15,), stride=(1,), padding=(7,))
          (4): BatchNorm1d(64, eps=1e-05, momentum=0.1, affine=True, track_running_stats=True)
          (5): ReLU()
        )
      )
    )
  )
  (fusion): MLPFusion(
    (classifier): Sequential(
      (0): Linear(in_features=320, out_features=128, bias=True)
      (1): BatchNorm1d(128, eps=1e-05, momentum=0.1, affine=True, track_running_stats=True)
      (2): ReLU()
      (3): Dropout(p=0.5, inplace=False)
      (4): Linear(in_features=128, out_features=32, bias=True)
      (5): BatchNorm1d(32, eps=1e-05, momentum=0.1, affine=True, track_running_stats=True)
      (6): ReLU()
      (7): Dropout(p=0.5, inplace=False)
      (8): Linear(in_features=32, out_features=1, bias=True)
    )
  )
)
Epoch 001 | time=3.5s | train_loss=0.6684 | val_loss=0.6599 | val_auc=0.6734
  ✓ New best model (epoch 1, val_loss=0.6599, val_auc=0.6734) saved to checkpoints/gcn_vs_cnn_seed42.pt
Epoch 002 | time=2.3s | train_loss=0.5656 | val_loss=0.6120 | val_auc=0.7390
  ✓ New best model (epoch 2, val_loss=0.6120, val_auc=0.7390) saved to checkpoints/gcn_vs_cnn_seed42.pt
Epoch 003 | time=2.3s | train_loss=0.5021 | val_loss=0.5818 | val_auc=0.7675
  ✓ New best model (epoch 3, val_loss=0.5818, val_auc=0.7675) saved to checkpoints/gcn_vs_cnn_seed42.pt
Epoch 004 | time=2.3s | train_loss=0.4596 | val_loss=0.5727 | val_auc=0.7772
  ✓ New best model (epoch 4, val_loss=0.5727, val_auc=0.7772) saved to checkpoints/gcn_vs_cnn_seed42.pt
Epoch 005 | time=2.3s | train_loss=0.4284 | val_loss=0.5551 | val_auc=0.7892
  ✓ New best model (epoch 5, val_loss=0.5551, val_auc=0.7892) saved to checkpoints/gcn_vs_cnn_seed42.pt
Epoch 006 | time=2.3s | train_loss=0.4011 | val_loss=0.5427 | val_auc=0.7966
  ✓ New best model (epoch 6, val_loss=0.5427, val_auc=0.7966) saved to checkpoints/gcn_vs_cnn_seed42.pt
Epoch 007 | time=2.3s | train_loss=0.3785 | val_loss=0.5447 | val_auc=0.7990
  ✓ New best model (epoch 7, val_loss=0.5447, val_auc=0.7990) saved to checkpoints/gcn_vs_cnn_seed42.pt
Epoch 008 | time=2.4s | train_loss=0.3623 | val_loss=0.5340 | val_auc=0.8053
  ✓ New best model (epoch 8, val_loss=0.5340, val_auc=0.8053) saved to checkpoints/gcn_vs_cnn_seed42.pt
Epoch 009 | time=2.3s | train_loss=0.3479 | val_loss=0.5372 | val_auc=0.8054
  ✓ New best model (epoch 9, val_loss=0.5372, val_auc=0.8054) saved to checkpoints/gcn_vs_cnn_seed42.pt
Epoch 010 | time=2.3s | train_loss=0.3323 | val_loss=0.5284 | val_auc=0.8121
  ✓ New best model (epoch 10, val_loss=0.5284, val_auc=0.8121) saved to checkpoints/gcn_vs_cnn_seed42.pt
Epoch 011 | time=2.3s | train_loss=0.3134 | val_loss=0.5416 | val_auc=0.8037
Epoch 012 | time=2.3s | train_loss=0.3077 | val_loss=0.5242 | val_auc=0.8169
  ✓ New best model (epoch 12, val_loss=0.5242, val_auc=0.8169) saved to checkpoints/gcn_vs_cnn_seed42.pt
Epoch 013 | time=2.4s | train_loss=0.2977 | val_loss=0.5216 | val_auc=0.8226
  ✓ New best model (epoch 13, val_loss=0.5216, val_auc=0.8226) saved to checkpoints/gcn_vs_cnn_seed42.pt
Epoch 014 | time=2.3s | train_loss=0.2862 | val_loss=0.5139 | val_auc=0.8263
  ✓ New best model (epoch 14, val_loss=0.5139, val_auc=0.8263) saved to checkpoints/gcn_vs_cnn_seed42.pt
Epoch 015 | time=2.4s | train_loss=0.2791 | val_loss=0.5314 | val_auc=0.8205
Epoch 016 | time=2.3s | train_loss=0.2689 | val_loss=0.5022 | val_auc=0.8371
  ✓ New best model (epoch 16, val_loss=0.5022, val_auc=0.8371) saved to checkpoints/gcn_vs_cnn_seed42.pt
Epoch 017 | time=2.4s | train_loss=0.2625 | val_loss=0.5026 | val_auc=0.8399
  ✓ New best model (epoch 17, val_loss=0.5026, val_auc=0.8399) saved to checkpoints/gcn_vs_cnn_seed42.pt
Epoch 018 | time=2.3s | train_loss=0.2537 | val_loss=0.5154 | val_auc=0.8305
Epoch 019 | time=2.4s | train_loss=0.2462 | val_loss=0.4951 | val_auc=0.8438
  ✓ New best model (epoch 19, val_loss=0.4951, val_auc=0.8438) saved to checkpoints/gcn_vs_cnn_seed42.pt
Epoch 020 | time=2.4s | train_loss=0.2411 | val_loss=0.4942 | val_auc=0.8452
  ✓ New best model (epoch 20, val_loss=0.4942, val_auc=0.8452) saved to checkpoints/gcn_vs_cnn_seed42.pt
Epoch 021 | time=2.4s | train_loss=0.2356 | val_loss=0.4954 | val_auc=0.8466
  ✓ New best model (epoch 21, val_loss=0.4954, val_auc=0.8466) saved to checkpoints/gcn_vs_cnn_seed42.pt
Epoch 022 | time=2.3s | train_loss=0.2274 | val_loss=0.5204 | val_auc=0.8364
Epoch 023 | time=2.3s | train_loss=0.2229 | val_loss=0.5070 | val_auc=0.8438
Epoch 024 | time=2.3s | train_loss=0.2206 | val_loss=0.5340 | val_auc=0.8355
Epoch 025 | time=2.3s | train_loss=0.2113 | val_loss=0.5260 | val_auc=0.8355
Epoch 026 | time=2.4s | train_loss=0.2085 | val_loss=0.5143 | val_auc=0.8466
  ✓ New best model (epoch 26, val_loss=0.5143, val_auc=0.8466) saved to checkpoints/gcn_vs_cnn_seed42.pt
Epoch 027 | time=2.3s | train_loss=0.1950 | val_loss=0.5012 | val_auc=0.8501
  ✓ New best model (epoch 27, val_loss=0.5012, val_auc=0.8501) saved to checkpoints/gcn_vs_cnn_seed42.pt
Epoch 028 | time=2.5s | train_loss=0.1918 | val_loss=0.5087 | val_auc=0.8496
Epoch 029 | time=2.4s | train_loss=0.1898 | val_loss=0.5080 | val_auc=0.8532
  ✓ New best model (epoch 29, val_loss=0.5080, val_auc=0.8532) saved to checkpoints/gcn_vs_cnn_seed42.pt
Epoch 030 | time=2.4s | train_loss=0.1906 | val_loss=0.5062 | val_auc=0.8541
  ✓ New best model (epoch 30, val_loss=0.5062, val_auc=0.8541) saved to checkpoints/gcn_vs_cnn_seed42.pt
Epoch 031 | time=2.3s | train_loss=0.1835 | val_loss=0.5155 | val_auc=0.8509
Epoch 032 | time=2.3s | train_loss=0.1876 | val_loss=0.5138 | val_auc=0.8508
Epoch 033 | time=2.4s | train_loss=0.1751 | val_loss=0.5089 | val_auc=0.8533
Epoch 034 | time=2.4s | train_loss=0.1766 | val_loss=0.5060 | val_auc=0.8559
  ✓ New best model (epoch 34, val_loss=0.5060, val_auc=0.8559) saved to checkpoints/gcn_vs_cnn_seed42.pt
Epoch 035 | time=2.5s | train_loss=0.1721 | val_loss=0.5035 | val_auc=0.8578
  ✓ New best model (epoch 35, val_loss=0.5035, val_auc=0.8578) saved to checkpoints/gcn_vs_cnn_seed42.pt
Epoch 036 | time=2.3s | train_loss=0.1746 | val_loss=0.5086 | val_auc=0.8554
Epoch 037 | time=2.4s | train_loss=0.1740 | val_loss=0.5095 | val_auc=0.8560
Epoch 038 | time=2.3s | train_loss=0.1716 | val_loss=0.5036 | val_auc=0.8584
  ✓ New best model (epoch 38, val_loss=0.5036, val_auc=0.8584) saved to checkpoints/gcn_vs_cnn_seed42.pt
Epoch 039 | time=2.3s | train_loss=0.1686 | val_loss=0.5034 | val_auc=0.8585
  ✓ New best model (epoch 39, val_loss=0.5034, val_auc=0.8585) saved to checkpoints/gcn_vs_cnn_seed42.pt
Epoch 040 | time=2.3s | train_loss=0.1657 | val_loss=0.5105 | val_auc=0.8557
Epoch 041 | time=2.3s | train_loss=0.1665 | val_loss=0.5068 | val_auc=0.8580
Epoch 042 | time=2.3s | train_loss=0.1648 | val_loss=0.5155 | val_auc=0.8558
Epoch 043 | time=2.3s | train_loss=0.1636 | val_loss=0.5087 | val_auc=0.8566
Epoch 044 | time=2.3s | train_loss=0.1643 | val_loss=0.5105 | val_auc=0.8566
Epoch 045 | time=2.3s | train_loss=0.1592 | val_loss=0.5038 | val_auc=0.8597
  ✓ New best model (epoch 45, val_loss=0.5038, val_auc=0.8597) saved to checkpoints/gcn_vs_cnn_seed42.pt
Epoch 046 | time=2.3s | train_loss=0.1605 | val_loss=0.5049 | val_auc=0.8601
  ✓ New best model (epoch 46, val_loss=0.5049, val_auc=0.8601) saved to checkpoints/gcn_vs_cnn_seed42.pt
Epoch 047 | time=2.4s | train_loss=0.1613 | val_loss=0.5081 | val_auc=0.8590
Epoch 048 | time=2.4s | train_loss=0.1579 | val_loss=0.5124 | val_auc=0.8575
Epoch 049 | time=2.3s | train_loss=0.1618 | val_loss=0.5129 | val_auc=0.8582
Epoch 050 | time=2.3s | train_loss=0.1579 | val_loss=0.5152 | val_auc=0.8564
Epoch 051 | time=2.4s | train_loss=0.1579 | val_loss=0.5068 | val_auc=0.8582
Epoch 052 | time=2.3s | train_loss=0.1615 | val_loss=0.5125 | val_auc=0.8585
Epoch 053 | time=2.3s | train_loss=0.1573 | val_loss=0.5147 | val_auc=0.8578
Epoch 054 | time=2.4s | train_loss=0.1590 | val_loss=0.5117 | val_auc=0.8573
Epoch 055 | time=2.3s | train_loss=0.1578 | val_loss=0.5113 | val_auc=0.8570
Epoch 056 | time=2.4s | train_loss=0.1588 | val_loss=0.5107 | val_auc=0.8585
Early stopping — no improvement for 10 epochs

Best model: epoch 46, val_loss=0.5107, val_auc=0.8601

═══ Test Results ═══
           auc: 0.7087
         auprc: 0.6654
            f1: 0.5970
     precision: 0.6058
        recall: 0.5886
          loss: 0.8463
