Uninstalled 1 package in 6ms
Installed 1 package in 11ms
/net/storage/pr3/plgrid/plggmlcil/plgkstankie/vvv/Multimodal-models-for-predicting-drug-target-interactions/.venv/lib/python3.11/site-packages/outdated/__init__.py:36: UserWarning: pkg_resources is deprecated as an API. See https://setuptools.pypa.io/en/latest/pkg_resources.html. The pkg_resources package is slated for removal as early as 2025-11-30. Refrain from using this package or pin to Setuptools<81.
  from pkg_resources import parse_version
Setting global random seed to 999
Using device: cuda
Loading clean data from: /net/storage/pr3/plgrid/plggmlcil/plgkstankie/vvv/Multimodal-models-for-predicting-drug-target-interactions/src/datasets/lincs_balanced.parquet
Dataset size: 27498
Split strategy: cold_both
  K4 cold-both split: train=13694, val=328, test=923
  Rows retained: 14945/27498 (54.3%)
Train: 13694  Val: 328  Test: 923
SMILES encoders:  ['GCNEncoder', 'FingerprintMLPEncoder', 'LincsGraphEncoder']
Protein encoders: ['ProteinCNNEncoder']
Building graph cache for 1264 SMILES...
  0%|          | 0/1264 [00:00<?, ?it/s] 19%|█▉        | 241/1264 [00:00<00:00, 2406.41it/s] 38%|███▊      | 482/1264 [00:00<00:00, 2355.06it/s] 57%|█████▋    | 718/1264 [00:00<00:00, 2311.59it/s] 75%|███████▌  | 950/1264 [00:00<00:00, 2308.72it/s] 95%|█████████▌| 1205/1264 [00:00<00:00, 2393.70it/s]100%|██████████| 1264/1264 [00:00<00:00, 2378.04it/s]
Valid SMILES graphs: 1264
MultimodalDTI(
  (smiles_encoders): ModuleList(
    (0): GCNEncoder(
      (atom_encoder): AtomEncoder(
        (atom_embedding_list): ModuleList(
          (0): Embedding(119, 128)
          (1): Embedding(5, 128)
          (2-3): 2 x Embedding(12, 128)
          (4): Embedding(10, 128)
          (5-6): 2 x Embedding(6, 128)
          (7-8): 2 x Embedding(2, 128)
        )
      )
      (convs): ModuleList(
        (0-2): 3 x GCNConv(128, 128)
      )
      (bns): ModuleList(
        (0-2): 3 x BatchNorm1d(128, eps=1e-05, momentum=0.1, affine=True, track_running_stats=True)
      )
    )
    (1): FingerprintMLPEncoder(
      (mlp): Sequential(
        (0): Linear(in_features=1024, out_features=256, bias=True)
        (1): BatchNorm1d(256, eps=1e-05, momentum=0.1, affine=True, track_running_stats=True)
        (2): ReLU()
        (3): Dropout(p=0.5, inplace=False)
        (4): Linear(in_features=256, out_features=128, bias=True)
        (5): BatchNorm1d(128, eps=1e-05, momentum=0.1, affine=True, track_running_stats=True)
        (6): ReLU()
      )
    )
    (2): LincsGraphEncoder(
      (proj): Linear(in_features=1, out_features=128, bias=True)
      (convs): ModuleList(
        (0-1): 2 x DenseGCNConv(
          (linear): Linear(in_features=128, out_features=128, bias=False)
        )
      )
      (bns): ModuleList(
        (0-1): 2 x BatchNorm1d(128, eps=1e-05, momentum=0.1, affine=True, track_running_stats=True)
      )
      (pool_proj): Linear(in_features=128, out_features=128, bias=True)
    )
  )
  (protein_encoders): ModuleList(
    (0): ProteinCNNEncoder(
      (embedding): Embedding(21, 128, padding_idx=0)
      (conv_blocks): ModuleList(
        (0): Sequential(
          (0): Conv1d(128, 64, kernel_size=(3,), stride=(1,), padding=(1,))
          (1): BatchNorm1d(64, eps=1e-05, momentum=0.1, affine=True, track_running_stats=True)
          (2): ReLU()
          (3): Conv1d(64, 64, kernel_size=(3,), stride=(1,), padding=(1,))
          (4): BatchNorm1d(64, eps=1e-05, momentum=0.1, affine=True, track_running_stats=True)
          (5): ReLU()
        )
        (1): Sequential(
          (0): Conv1d(128, 64, kernel_size=(7,), stride=(1,), padding=(3,))
          (1): BatchNorm1d(64, eps=1e-05, momentum=0.1, affine=True, track_running_stats=True)
          (2): ReLU()
          (3): Conv1d(64, 64, kernel_size=(7,), stride=(1,), padding=(3,))
          (4): BatchNorm1d(64, eps=1e-05, momentum=0.1, affine=True, track_running_stats=True)
          (5): ReLU()
        )
        (2): Sequential(
          (0): Conv1d(128, 64, kernel_size=(15,), stride=(1,), padding=(7,))
          (1): BatchNorm1d(64, eps=1e-05, momentum=0.1, affine=True, track_running_stats=True)
          (2): ReLU()
          (3): Conv1d(64, 64, kernel_size=(15,), stride=(1,), padding=(7,))
          (4): BatchNorm1d(64, eps=1e-05, momentum=0.1, affine=True, track_running_stats=True)
          (5): ReLU()
        )
      )
    )
  )
  (fusion): MLPFusion(
    (classifier): Sequential(
      (0): Linear(in_features=576, out_features=128, bias=True)
      (1): BatchNorm1d(128, eps=1e-05, momentum=0.1, affine=True, track_running_stats=True)
      (2): ReLU()
      (3): Dropout(p=0.5, inplace=False)
      (4): Linear(in_features=128, out_features=32, bias=True)
      (5): BatchNorm1d(32, eps=1e-05, momentum=0.1, affine=True, track_running_stats=True)
      (6): ReLU()
      (7): Dropout(p=0.5, inplace=False)
      (8): Linear(in_features=32, out_features=1, bias=True)
    )
  )
)
Epoch 001 | time=3.2s | train_loss=0.6772 | val_loss=0.6709 | val_auc=0.6045
  ✓ New best model (epoch 1, val_loss=0.6709, val_auc=0.6045) saved to checkpoints/gcn_fp_lincs_graph_vs_cnn_seed999.pt
Epoch 002 | time=2.4s | train_loss=0.5868 | val_loss=0.6537 | val_auc=0.6680
  ✓ New best model (epoch 2, val_loss=0.6537, val_auc=0.6680) saved to checkpoints/gcn_fp_lincs_graph_vs_cnn_seed999.pt
Epoch 003 | time=2.4s | train_loss=0.5195 | val_loss=0.6389 | val_auc=0.6889
  ✓ New best model (epoch 3, val_loss=0.6389, val_auc=0.6889) saved to checkpoints/gcn_fp_lincs_graph_vs_cnn_seed999.pt
Epoch 004 | time=2.4s | train_loss=0.4715 | val_loss=0.6340 | val_auc=0.6703
Epoch 005 | time=2.4s | train_loss=0.4349 | val_loss=0.6278 | val_auc=0.6775
Epoch 006 | time=2.4s | train_loss=0.4041 | val_loss=0.6249 | val_auc=0.6831
Epoch 007 | time=2.4s | train_loss=0.3833 | val_loss=0.6236 | val_auc=0.7055
  ✓ New best model (epoch 7, val_loss=0.6236, val_auc=0.7055) saved to checkpoints/gcn_fp_lincs_graph_vs_cnn_seed999.pt
Epoch 008 | time=2.4s | train_loss=0.3626 | val_loss=0.6275 | val_auc=0.7124
  ✓ New best model (epoch 8, val_loss=0.6275, val_auc=0.7124) saved to checkpoints/gcn_fp_lincs_graph_vs_cnn_seed999.pt
Epoch 009 | time=2.4s | train_loss=0.3420 | val_loss=0.6150 | val_auc=0.7232
  ✓ New best model (epoch 9, val_loss=0.6150, val_auc=0.7232) saved to checkpoints/gcn_fp_lincs_graph_vs_cnn_seed999.pt
Epoch 010 | time=2.8s | train_loss=0.3257 | val_loss=0.6252 | val_auc=0.7120
Epoch 011 | time=2.4s | train_loss=0.3079 | val_loss=0.6253 | val_auc=0.7173
Epoch 012 | time=2.9s | train_loss=0.2937 | val_loss=0.6193 | val_auc=0.7098
Epoch 013 | time=2.5s | train_loss=0.2813 | val_loss=0.6469 | val_auc=0.7030
Epoch 014 | time=2.4s | train_loss=0.2698 | val_loss=0.6298 | val_auc=0.7209
Epoch 015 | time=2.4s | train_loss=0.2604 | val_loss=0.6209 | val_auc=0.7311
  ✓ New best model (epoch 15, val_loss=0.6209, val_auc=0.7311) saved to checkpoints/gcn_fp_lincs_graph_vs_cnn_seed999.pt
Epoch 016 | time=2.4s | train_loss=0.2460 | val_loss=0.6470 | val_auc=0.7254
Epoch 017 | time=2.4s | train_loss=0.2421 | val_loss=0.6481 | val_auc=0.7186
Epoch 018 | time=2.4s | train_loss=0.2375 | val_loss=0.6270 | val_auc=0.7293
Epoch 019 | time=2.4s | train_loss=0.2298 | val_loss=0.6403 | val_auc=0.7256
Epoch 020 | time=2.4s | train_loss=0.2282 | val_loss=0.6348 | val_auc=0.7347
  ✓ New best model (epoch 20, val_loss=0.6348, val_auc=0.7347) saved to checkpoints/gcn_fp_lincs_graph_vs_cnn_seed999.pt
Epoch 021 | time=2.4s | train_loss=0.2228 | val_loss=0.6278 | val_auc=0.7356
  ✓ New best model (epoch 21, val_loss=0.6278, val_auc=0.7356) saved to checkpoints/gcn_fp_lincs_graph_vs_cnn_seed999.pt
Epoch 022 | time=2.4s | train_loss=0.2170 | val_loss=0.6281 | val_auc=0.7362
  ✓ New best model (epoch 22, val_loss=0.6281, val_auc=0.7362) saved to checkpoints/gcn_fp_lincs_graph_vs_cnn_seed999.pt
Epoch 023 | time=2.4s | train_loss=0.2146 | val_loss=0.6440 | val_auc=0.7389
  ✓ New best model (epoch 23, val_loss=0.6440, val_auc=0.7389) saved to checkpoints/gcn_fp_lincs_graph_vs_cnn_seed999.pt
Epoch 024 | time=2.4s | train_loss=0.2112 | val_loss=0.6388 | val_auc=0.7343
Epoch 025 | time=2.5s | train_loss=0.2090 | val_loss=0.6392 | val_auc=0.7355
Epoch 026 | time=2.4s | train_loss=0.2043 | val_loss=0.6341 | val_auc=0.7329
Epoch 027 | time=2.4s | train_loss=0.2043 | val_loss=0.6472 | val_auc=0.7332
Epoch 028 | time=2.4s | train_loss=0.2027 | val_loss=0.6471 | val_auc=0.7350
Epoch 029 | time=2.4s | train_loss=0.2025 | val_loss=0.6421 | val_auc=0.7348
Epoch 030 | time=2.4s | train_loss=0.1955 | val_loss=0.6328 | val_auc=0.7356
Epoch 031 | time=2.4s | train_loss=0.1989 | val_loss=0.6476 | val_auc=0.7334
Epoch 032 | time=2.4s | train_loss=0.2005 | val_loss=0.6347 | val_auc=0.7368
Epoch 033 | time=2.4s | train_loss=0.1957 | val_loss=0.6310 | val_auc=0.7358
Early stopping — no improvement for 10 epochs

Best model: epoch 23, val_loss=0.6310, val_auc=0.7389

═══ Test Results ═══
           auc: 0.4921
         auprc: 0.4516
            f1: 0.4468
     precision: 0.4629
        recall: 0.4319
          loss: 0.9394
