Uninstalled 1 package in 7ms
Installed 1 package in 10ms
/net/storage/pr3/plgrid/plggmlcil/plgkstankie/vvv/Multimodal-models-for-predicting-drug-target-interactions/.venv/lib/python3.11/site-packages/outdated/__init__.py:36: UserWarning: pkg_resources is deprecated as an API. See https://setuptools.pypa.io/en/latest/pkg_resources.html. The pkg_resources package is slated for removal as early as 2025-11-30. Refrain from using this package or pin to Setuptools<81.
  from pkg_resources import parse_version
Setting global random seed to 999
Using device: cuda
Loading clean data from: /net/storage/pr3/plgrid/plggmlcil/plgkstankie/vvv/Multimodal-models-for-predicting-drug-target-interactions/src/datasets/lincs_balanced.parquet
Dataset size: 27498
Split strategy: scaffold
Train: 19558  Val: 2885  Test: 5055
SMILES encoders:  ['GCNEncoder']
Protein encoders: ['ProteinCNNEncoder']
Building graph cache for 1264 SMILES...
  0%|          | 0/1264 [00:00<?, ?it/s] 18%|█▊        | 232/1264 [00:00<00:00, 2314.29it/s] 37%|███▋      | 464/1264 [00:00<00:00, 2292.53it/s] 55%|█████▍    | 694/1264 [00:00<00:00, 2270.57it/s] 73%|███████▎  | 926/1264 [00:00<00:00, 2289.30it/s] 93%|█████████▎| 1174/1264 [00:00<00:00, 2355.47it/s]100%|██████████| 1264/1264 [00:00<00:00, 2346.42it/s]
Valid SMILES graphs: 1264
MultimodalDTI(
  (smiles_encoders): ModuleList(
    (0): GCNEncoder(
      (atom_encoder): AtomEncoder(
        (atom_embedding_list): ModuleList(
          (0): Embedding(119, 128)
          (1): Embedding(5, 128)
          (2-3): 2 x Embedding(12, 128)
          (4): Embedding(10, 128)
          (5-6): 2 x Embedding(6, 128)
          (7-8): 2 x Embedding(2, 128)
        )
      )
      (convs): ModuleList(
        (0-2): 3 x GCNConv(128, 128)
      )
      (bns): ModuleList(
        (0-2): 3 x BatchNorm1d(128, eps=1e-05, momentum=0.1, affine=True, track_running_stats=True)
      )
    )
  )
  (protein_encoders): ModuleList(
    (0): ProteinCNNEncoder(
      (embedding): Embedding(21, 128, padding_idx=0)
      (conv_blocks): ModuleList(
        (0): Sequential(
          (0): Conv1d(128, 64, kernel_size=(3,), stride=(1,), padding=(1,))
          (1): BatchNorm1d(64, eps=1e-05, momentum=0.1, affine=True, track_running_stats=True)
          (2): ReLU()
          (3): Conv1d(64, 64, kernel_size=(3,), stride=(1,), padding=(1,))
          (4): BatchNorm1d(64, eps=1e-05, momentum=0.1, affine=True, track_running_stats=True)
          (5): ReLU()
        )
        (1): Sequential(
          (0): Conv1d(128, 64, kernel_size=(7,), stride=(1,), padding=(3,))
          (1): BatchNorm1d(64, eps=1e-05, momentum=0.1, affine=True, track_running_stats=True)
          (2): ReLU()
          (3): Conv1d(64, 64, kernel_size=(7,), stride=(1,), padding=(3,))
          (4): BatchNorm1d(64, eps=1e-05, momentum=0.1, affine=True, track_running_stats=True)
          (5): ReLU()
        )
        (2): Sequential(
          (0): Conv1d(128, 64, kernel_size=(15,), stride=(1,), padding=(7,))
          (1): BatchNorm1d(64, eps=1e-05, momentum=0.1, affine=True, track_running_stats=True)
          (2): ReLU()
          (3): Conv1d(64, 64, kernel_size=(15,), stride=(1,), padding=(7,))
          (4): BatchNorm1d(64, eps=1e-05, momentum=0.1, affine=True, track_running_stats=True)
          (5): ReLU()
        )
      )
    )
  )
  (fusion): MLPFusion(
    (classifier): Sequential(
      (0): Linear(in_features=320, out_features=128, bias=True)
      (1): BatchNorm1d(128, eps=1e-05, momentum=0.1, affine=True, track_running_stats=True)
      (2): ReLU()
      (3): Dropout(p=0.5, inplace=False)
      (4): Linear(in_features=128, out_features=32, bias=True)
      (5): BatchNorm1d(32, eps=1e-05, momentum=0.1, affine=True, track_running_stats=True)
      (6): ReLU()
      (7): Dropout(p=0.5, inplace=False)
      (8): Linear(in_features=32, out_features=1, bias=True)
    )
  )
)
Epoch 001 | time=3.2s | train_loss=0.6810 | val_loss=0.6697 | val_auc=0.6474
  ✓ New best model (epoch 1, val_loss=0.6697, val_auc=0.6474) saved to checkpoints/gcn_vs_cnn_seed999.pt
Epoch 002 | time=2.3s | train_loss=0.5967 | val_loss=0.6350 | val_auc=0.7094
  ✓ New best model (epoch 2, val_loss=0.6350, val_auc=0.7094) saved to checkpoints/gcn_vs_cnn_seed999.pt
Epoch 003 | time=2.5s | train_loss=0.5295 | val_loss=0.6006 | val_auc=0.7417
  ✓ New best model (epoch 3, val_loss=0.6006, val_auc=0.7417) saved to checkpoints/gcn_vs_cnn_seed999.pt
Epoch 004 | time=2.4s | train_loss=0.4776 | val_loss=0.5764 | val_auc=0.7678
  ✓ New best model (epoch 4, val_loss=0.5764, val_auc=0.7678) saved to checkpoints/gcn_vs_cnn_seed999.pt
Epoch 005 | time=2.3s | train_loss=0.4404 | val_loss=0.5620 | val_auc=0.7802
  ✓ New best model (epoch 5, val_loss=0.5620, val_auc=0.7802) saved to checkpoints/gcn_vs_cnn_seed999.pt
Epoch 006 | time=2.4s | train_loss=0.4143 | val_loss=0.5455 | val_auc=0.7983
  ✓ New best model (epoch 6, val_loss=0.5455, val_auc=0.7983) saved to checkpoints/gcn_vs_cnn_seed999.pt
Epoch 007 | time=2.3s | train_loss=0.3893 | val_loss=0.5377 | val_auc=0.8033
  ✓ New best model (epoch 7, val_loss=0.5377, val_auc=0.8033) saved to checkpoints/gcn_vs_cnn_seed999.pt
Epoch 008 | time=2.5s | train_loss=0.3695 | val_loss=0.5293 | val_auc=0.8108
  ✓ New best model (epoch 8, val_loss=0.5293, val_auc=0.8108) saved to checkpoints/gcn_vs_cnn_seed999.pt
Epoch 009 | time=2.4s | train_loss=0.3534 | val_loss=0.5316 | val_auc=0.8105
Epoch 010 | time=2.4s | train_loss=0.3393 | val_loss=0.5295 | val_auc=0.8176
  ✓ New best model (epoch 10, val_loss=0.5295, val_auc=0.8176) saved to checkpoints/gcn_vs_cnn_seed999.pt
Epoch 011 | time=2.3s | train_loss=0.3256 | val_loss=0.5265 | val_auc=0.8168
Epoch 012 | time=2.4s | train_loss=0.3140 | val_loss=0.5321 | val_auc=0.8149
Epoch 013 | time=2.3s | train_loss=0.3029 | val_loss=0.5319 | val_auc=0.8130
Epoch 014 | time=2.3s | train_loss=0.2934 | val_loss=0.5284 | val_auc=0.8199
  ✓ New best model (epoch 14, val_loss=0.5284, val_auc=0.8199) saved to checkpoints/gcn_vs_cnn_seed999.pt
Epoch 015 | time=2.3s | train_loss=0.2834 | val_loss=0.5042 | val_auc=0.8351
  ✓ New best model (epoch 15, val_loss=0.5042, val_auc=0.8351) saved to checkpoints/gcn_vs_cnn_seed999.pt
Epoch 016 | time=2.3s | train_loss=0.2722 | val_loss=0.5179 | val_auc=0.8261
Epoch 017 | time=2.3s | train_loss=0.2650 | val_loss=0.5059 | val_auc=0.8349
Epoch 018 | time=2.3s | train_loss=0.2597 | val_loss=0.5064 | val_auc=0.8364
  ✓ New best model (epoch 18, val_loss=0.5064, val_auc=0.8364) saved to checkpoints/gcn_vs_cnn_seed999.pt
Epoch 019 | time=2.4s | train_loss=0.2482 | val_loss=0.5183 | val_auc=0.8287
Epoch 020 | time=2.3s | train_loss=0.2438 | val_loss=0.5114 | val_auc=0.8331
Epoch 021 | time=2.3s | train_loss=0.2368 | val_loss=0.4951 | val_auc=0.8458
  ✓ New best model (epoch 21, val_loss=0.4951, val_auc=0.8458) saved to checkpoints/gcn_vs_cnn_seed999.pt
Epoch 022 | time=2.4s | train_loss=0.2326 | val_loss=0.5281 | val_auc=0.8302
Epoch 023 | time=2.3s | train_loss=0.2268 | val_loss=0.5162 | val_auc=0.8417
Epoch 024 | time=2.3s | train_loss=0.2244 | val_loss=0.5209 | val_auc=0.8377
Epoch 025 | time=2.3s | train_loss=0.2180 | val_loss=0.5205 | val_auc=0.8394
Epoch 026 | time=2.4s | train_loss=0.2097 | val_loss=0.5071 | val_auc=0.8415
Epoch 027 | time=2.3s | train_loss=0.2060 | val_loss=0.5066 | val_auc=0.8464
  ✓ New best model (epoch 27, val_loss=0.5066, val_auc=0.8464) saved to checkpoints/gcn_vs_cnn_seed999.pt
Epoch 028 | time=2.5s | train_loss=0.1973 | val_loss=0.5180 | val_auc=0.8432
Epoch 029 | time=2.5s | train_loss=0.1928 | val_loss=0.5180 | val_auc=0.8448
Epoch 030 | time=2.4s | train_loss=0.1882 | val_loss=0.5131 | val_auc=0.8467
  ✓ New best model (epoch 30, val_loss=0.5131, val_auc=0.8467) saved to checkpoints/gcn_vs_cnn_seed999.pt
Epoch 031 | time=2.5s | train_loss=0.1874 | val_loss=0.5039 | val_auc=0.8528
  ✓ New best model (epoch 31, val_loss=0.5039, val_auc=0.8528) saved to checkpoints/gcn_vs_cnn_seed999.pt
Epoch 032 | time=2.4s | train_loss=0.1838 | val_loss=0.5102 | val_auc=0.8505
Epoch 033 | time=2.3s | train_loss=0.1785 | val_loss=0.5091 | val_auc=0.8517
Epoch 034 | time=2.4s | train_loss=0.1750 | val_loss=0.5118 | val_auc=0.8486
Epoch 035 | time=2.5s | train_loss=0.1767 | val_loss=0.5177 | val_auc=0.8492
Epoch 036 | time=2.4s | train_loss=0.1717 | val_loss=0.5169 | val_auc=0.8503
Epoch 037 | time=2.4s | train_loss=0.1697 | val_loss=0.5242 | val_auc=0.8462
Epoch 038 | time=2.3s | train_loss=0.1729 | val_loss=0.5290 | val_auc=0.8456
Epoch 039 | time=2.3s | train_loss=0.1696 | val_loss=0.5166 | val_auc=0.8505
Epoch 040 | time=2.3s | train_loss=0.1680 | val_loss=0.5209 | val_auc=0.8484
Epoch 041 | time=2.4s | train_loss=0.1651 | val_loss=0.5146 | val_auc=0.8528
Early stopping — no improvement for 10 epochs

Best model: epoch 31, val_loss=0.5146, val_auc=0.8528

═══ Test Results ═══
           auc: 0.7280
         auprc: 0.6606
            f1: 0.5809
     precision: 0.6306
        recall: 0.5385
          loss: 0.7558
