Uninstalled 1 package in 7ms
Installed 1 package in 10ms
/net/storage/pr3/plgrid/plggmlcil/plgkstankie/vvv/Multimodal-models-for-predicting-drug-target-interactions/.venv/lib/python3.11/site-packages/outdated/__init__.py:36: UserWarning: pkg_resources is deprecated as an API. See https://setuptools.pypa.io/en/latest/pkg_resources.html. The pkg_resources package is slated for removal as early as 2025-11-30. Refrain from using this package or pin to Setuptools<81.
  from pkg_resources import parse_version
Setting global random seed to 123
Using device: cuda
Loading clean data from: /net/storage/pr3/plgrid/plggmlcil/plgkstankie/vvv/Multimodal-models-for-predicting-drug-target-interactions/src/datasets/lincs_balanced.parquet
Dataset size: 27498
Split strategy: scaffold
Train: 19558  Val: 2885  Test: 5055
SMILES encoders:  ['GCNEncoder', 'FingerprintMLPEncoder', 'LincsGraphEncoder']
Protein encoders: ['ProteinCNNEncoder']
Building graph cache for 1264 SMILES...
  0%|          | 0/1264 [00:00<?, ?it/s] 19%|█▉        | 237/1264 [00:00<00:00, 2368.58it/s] 38%|███▊      | 474/1264 [00:00<00:00, 2328.16it/s] 56%|█████▌    | 707/1264 [00:00<00:00, 2284.90it/s] 74%|███████▍  | 936/1264 [00:00<00:00, 2277.54it/s] 94%|█████████▍| 1185/1264 [00:00<00:00, 2350.79it/s]100%|██████████| 1264/1264 [00:00<00:00, 2346.52it/s]
Valid SMILES graphs: 1264
MultimodalDTI(
  (smiles_encoders): ModuleList(
    (0): GCNEncoder(
      (atom_encoder): AtomEncoder(
        (atom_embedding_list): ModuleList(
          (0): Embedding(119, 128)
          (1): Embedding(5, 128)
          (2-3): 2 x Embedding(12, 128)
          (4): Embedding(10, 128)
          (5-6): 2 x Embedding(6, 128)
          (7-8): 2 x Embedding(2, 128)
        )
      )
      (convs): ModuleList(
        (0-2): 3 x GCNConv(128, 128)
      )
      (bns): ModuleList(
        (0-2): 3 x BatchNorm1d(128, eps=1e-05, momentum=0.1, affine=True, track_running_stats=True)
      )
    )
    (1): FingerprintMLPEncoder(
      (mlp): Sequential(
        (0): Linear(in_features=1024, out_features=256, bias=True)
        (1): BatchNorm1d(256, eps=1e-05, momentum=0.1, affine=True, track_running_stats=True)
        (2): ReLU()
        (3): Dropout(p=0.5, inplace=False)
        (4): Linear(in_features=256, out_features=128, bias=True)
        (5): BatchNorm1d(128, eps=1e-05, momentum=0.1, affine=True, track_running_stats=True)
        (6): ReLU()
      )
    )
    (2): LincsGraphEncoder(
      (proj): Linear(in_features=1, out_features=128, bias=True)
      (convs): ModuleList(
        (0-1): 2 x DenseGCNConv(
          (linear): Linear(in_features=128, out_features=128, bias=False)
        )
      )
      (bns): ModuleList(
        (0-1): 2 x BatchNorm1d(128, eps=1e-05, momentum=0.1, affine=True, track_running_stats=True)
      )
      (pool_proj): Linear(in_features=128, out_features=128, bias=True)
    )
  )
  (protein_encoders): ModuleList(
    (0): ProteinCNNEncoder(
      (embedding): Embedding(21, 128, padding_idx=0)
      (conv_blocks): ModuleList(
        (0): Sequential(
          (0): Conv1d(128, 64, kernel_size=(3,), stride=(1,), padding=(1,))
          (1): BatchNorm1d(64, eps=1e-05, momentum=0.1, affine=True, track_running_stats=True)
          (2): ReLU()
          (3): Conv1d(64, 64, kernel_size=(3,), stride=(1,), padding=(1,))
          (4): BatchNorm1d(64, eps=1e-05, momentum=0.1, affine=True, track_running_stats=True)
          (5): ReLU()
        )
        (1): Sequential(
          (0): Conv1d(128, 64, kernel_size=(7,), stride=(1,), padding=(3,))
          (1): BatchNorm1d(64, eps=1e-05, momentum=0.1, affine=True, track_running_stats=True)
          (2): ReLU()
          (3): Conv1d(64, 64, kernel_size=(7,), stride=(1,), padding=(3,))
          (4): BatchNorm1d(64, eps=1e-05, momentum=0.1, affine=True, track_running_stats=True)
          (5): ReLU()
        )
        (2): Sequential(
          (0): Conv1d(128, 64, kernel_size=(15,), stride=(1,), padding=(7,))
          (1): BatchNorm1d(64, eps=1e-05, momentum=0.1, affine=True, track_running_stats=True)
          (2): ReLU()
          (3): Conv1d(64, 64, kernel_size=(15,), stride=(1,), padding=(7,))
          (4): BatchNorm1d(64, eps=1e-05, momentum=0.1, affine=True, track_running_stats=True)
          (5): ReLU()
        )
      )
    )
  )
  (fusion): MLPFusion(
    (classifier): Sequential(
      (0): Linear(in_features=576, out_features=128, bias=True)
      (1): BatchNorm1d(128, eps=1e-05, momentum=0.1, affine=True, track_running_stats=True)
      (2): ReLU()
      (3): Dropout(p=0.5, inplace=False)
      (4): Linear(in_features=128, out_features=32, bias=True)
      (5): BatchNorm1d(32, eps=1e-05, momentum=0.1, affine=True, track_running_stats=True)
      (6): ReLU()
      (7): Dropout(p=0.5, inplace=False)
      (8): Linear(in_features=32, out_features=1, bias=True)
    )
  )
)
Epoch 001 | time=4.4s | train_loss=0.6637 | val_loss=0.6590 | val_auc=0.6738
  ✓ New best model (epoch 1, val_loss=0.6590, val_auc=0.6738) saved to checkpoints/gcn_fp_lincs_graph_vs_cnn_seed123.pt
Epoch 002 | time=3.7s | train_loss=0.5613 | val_loss=0.6158 | val_auc=0.7353
  ✓ New best model (epoch 2, val_loss=0.6158, val_auc=0.7353) saved to checkpoints/gcn_fp_lincs_graph_vs_cnn_seed123.pt
Epoch 003 | time=3.7s | train_loss=0.4825 | val_loss=0.5902 | val_auc=0.7649
  ✓ New best model (epoch 3, val_loss=0.5902, val_auc=0.7649) saved to checkpoints/gcn_fp_lincs_graph_vs_cnn_seed123.pt
Epoch 004 | time=3.7s | train_loss=0.4343 | val_loss=0.5710 | val_auc=0.7798
  ✓ New best model (epoch 4, val_loss=0.5710, val_auc=0.7798) saved to checkpoints/gcn_fp_lincs_graph_vs_cnn_seed123.pt
Epoch 005 | time=3.7s | train_loss=0.4007 | val_loss=0.5580 | val_auc=0.7888
  ✓ New best model (epoch 5, val_loss=0.5580, val_auc=0.7888) saved to checkpoints/gcn_fp_lincs_graph_vs_cnn_seed123.pt
Epoch 006 | time=3.7s | train_loss=0.3745 | val_loss=0.5502 | val_auc=0.7930
  ✓ New best model (epoch 6, val_loss=0.5502, val_auc=0.7930) saved to checkpoints/gcn_fp_lincs_graph_vs_cnn_seed123.pt
Epoch 007 | time=3.8s | train_loss=0.3519 | val_loss=0.5383 | val_auc=0.8049
  ✓ New best model (epoch 7, val_loss=0.5383, val_auc=0.8049) saved to checkpoints/gcn_fp_lincs_graph_vs_cnn_seed123.pt
Epoch 008 | time=3.7s | train_loss=0.3323 | val_loss=0.5356 | val_auc=0.8086
  ✓ New best model (epoch 8, val_loss=0.5356, val_auc=0.8086) saved to checkpoints/gcn_fp_lincs_graph_vs_cnn_seed123.pt
Epoch 009 | time=3.7s | train_loss=0.3128 | val_loss=0.5300 | val_auc=0.8140
  ✓ New best model (epoch 9, val_loss=0.5300, val_auc=0.8140) saved to checkpoints/gcn_fp_lincs_graph_vs_cnn_seed123.pt
Epoch 010 | time=3.7s | train_loss=0.2978 | val_loss=0.5421 | val_auc=0.8077
Epoch 011 | time=3.7s | train_loss=0.2816 | val_loss=0.5370 | val_auc=0.8104
Epoch 012 | time=3.7s | train_loss=0.2736 | val_loss=0.5375 | val_auc=0.8180
  ✓ New best model (epoch 12, val_loss=0.5375, val_auc=0.8180) saved to checkpoints/gcn_fp_lincs_graph_vs_cnn_seed123.pt
Epoch 013 | time=3.7s | train_loss=0.2586 | val_loss=0.5308 | val_auc=0.8203
  ✓ New best model (epoch 13, val_loss=0.5308, val_auc=0.8203) saved to checkpoints/gcn_fp_lincs_graph_vs_cnn_seed123.pt
Epoch 014 | time=3.7s | train_loss=0.2458 | val_loss=0.5257 | val_auc=0.8277
  ✓ New best model (epoch 14, val_loss=0.5257, val_auc=0.8277) saved to checkpoints/gcn_fp_lincs_graph_vs_cnn_seed123.pt
Epoch 015 | time=3.7s | train_loss=0.2391 | val_loss=0.5157 | val_auc=0.8316
  ✓ New best model (epoch 15, val_loss=0.5157, val_auc=0.8316) saved to checkpoints/gcn_fp_lincs_graph_vs_cnn_seed123.pt
Epoch 016 | time=3.7s | train_loss=0.2316 | val_loss=0.5265 | val_auc=0.8311
Epoch 017 | time=3.7s | train_loss=0.2221 | val_loss=0.5284 | val_auc=0.8311
Epoch 018 | time=3.8s | train_loss=0.2161 | val_loss=0.5256 | val_auc=0.8338
  ✓ New best model (epoch 18, val_loss=0.5256, val_auc=0.8338) saved to checkpoints/gcn_fp_lincs_graph_vs_cnn_seed123.pt
Epoch 019 | time=3.7s | train_loss=0.2073 | val_loss=0.5350 | val_auc=0.8301
Epoch 020 | time=3.7s | train_loss=0.2008 | val_loss=0.5503 | val_auc=0.8307
Epoch 021 | time=9.0s | train_loss=0.1932 | val_loss=0.5230 | val_auc=0.8422
  ✓ New best model (epoch 21, val_loss=0.5230, val_auc=0.8422) saved to checkpoints/gcn_fp_lincs_graph_vs_cnn_seed123.pt
Epoch 022 | time=3.8s | train_loss=0.1884 | val_loss=0.5159 | val_auc=0.8443
  ✓ New best model (epoch 22, val_loss=0.5159, val_auc=0.8443) saved to checkpoints/gcn_fp_lincs_graph_vs_cnn_seed123.pt
Epoch 023 | time=3.8s | train_loss=0.1784 | val_loss=0.5366 | val_auc=0.8389
Epoch 024 | time=3.7s | train_loss=0.1754 | val_loss=0.5329 | val_auc=0.8408
Epoch 025 | time=3.7s | train_loss=0.1735 | val_loss=0.5474 | val_auc=0.8352
Epoch 026 | time=3.8s | train_loss=0.1699 | val_loss=0.5390 | val_auc=0.8397
Epoch 027 | time=3.8s | train_loss=0.1667 | val_loss=0.5305 | val_auc=0.8437
Epoch 028 | time=3.7s | train_loss=0.1656 | val_loss=0.5290 | val_auc=0.8459
  ✓ New best model (epoch 28, val_loss=0.5290, val_auc=0.8459) saved to checkpoints/gcn_fp_lincs_graph_vs_cnn_seed123.pt
Epoch 029 | time=3.7s | train_loss=0.1577 | val_loss=0.5281 | val_auc=0.8466
  ✓ New best model (epoch 29, val_loss=0.5281, val_auc=0.8466) saved to checkpoints/gcn_fp_lincs_graph_vs_cnn_seed123.pt
Epoch 030 | time=3.7s | train_loss=0.1551 | val_loss=0.5313 | val_auc=0.8470
  ✓ New best model (epoch 30, val_loss=0.5313, val_auc=0.8470) saved to checkpoints/gcn_fp_lincs_graph_vs_cnn_seed123.pt
Epoch 031 | time=3.7s | train_loss=0.1545 | val_loss=0.5401 | val_auc=0.8449
Epoch 032 | time=3.8s | train_loss=0.1535 | val_loss=0.5350 | val_auc=0.8477
  ✓ New best model (epoch 32, val_loss=0.5350, val_auc=0.8477) saved to checkpoints/gcn_fp_lincs_graph_vs_cnn_seed123.pt
Epoch 033 | time=3.8s | train_loss=0.1507 | val_loss=0.5351 | val_auc=0.8486
  ✓ New best model (epoch 33, val_loss=0.5351, val_auc=0.8486) saved to checkpoints/gcn_fp_lincs_graph_vs_cnn_seed123.pt
Epoch 034 | time=9.6s | train_loss=0.1469 | val_loss=0.5434 | val_auc=0.8455
Epoch 035 | time=4.4s | train_loss=0.1494 | val_loss=0.5429 | val_auc=0.8462
Epoch 036 | time=4.7s | train_loss=0.1473 | val_loss=0.5479 | val_auc=0.8451
Epoch 037 | time=3.8s | train_loss=0.1467 | val_loss=0.5445 | val_auc=0.8443
Epoch 038 | time=3.8s | train_loss=0.1467 | val_loss=0.5417 | val_auc=0.8463
Epoch 039 | time=3.8s | train_loss=0.1431 | val_loss=0.5430 | val_auc=0.8463
Epoch 040 | time=3.8s | train_loss=0.1440 | val_loss=0.5389 | val_auc=0.8465
Epoch 041 | time=3.8s | train_loss=0.1425 | val_loss=0.5458 | val_auc=0.8443
Epoch 042 | time=3.9s | train_loss=0.1424 | val_loss=0.5421 | val_auc=0.8467
Epoch 043 | time=3.8s | train_loss=0.1423 | val_loss=0.5447 | val_auc=0.8461
Early stopping — no improvement for 10 epochs

Best model: epoch 33, val_loss=0.5447, val_auc=0.8486

═══ Test Results ═══
           auc: 0.7472
         auprc: 0.6951
            f1: 0.6688
     precision: 0.6330
        recall: 0.7089
          loss: 0.7270
