Uninstalled 1 package in 6ms
Installed 1 package in 12ms
/net/storage/pr3/plgrid/plggmlcil/plgkstankie/vvv/Multimodal-models-for-predicting-drug-target-interactions/.venv/lib/python3.11/site-packages/outdated/__init__.py:36: UserWarning: pkg_resources is deprecated as an API. See https://setuptools.pypa.io/en/latest/pkg_resources.html. The pkg_resources package is slated for removal as early as 2025-11-30. Refrain from using this package or pin to Setuptools<81.
  from pkg_resources import parse_version
Setting global random seed to 1024
Using device: cuda
Loading clean data from: /net/storage/pr3/plgrid/plggmlcil/plgkstankie/vvv/Multimodal-models-for-predicting-drug-target-interactions/src/datasets/lincs_balanced.parquet
Dataset size: 27498
Split strategy: scaffold
Train: 19558  Val: 2885  Test: 5055
ESM2Processor: loaded 3580 embeddings (dim=1280) from /net/storage/pr3/plgrid/plggmlcil/plgkstankie/vvv/Multimodal-models-for-predicting-drug-target-interactions/src/datasets/esm2_t33_650M_UR50D.pt
SMILES encoders:  ['GCNEncoder']
Protein encoders: ['ProteinCNNEncoder', 'ESM2Encoder']
Building graph cache for 1264 SMILES...
  0%|          | 0/1264 [00:00<?, ?it/s] 19%|█▊        | 236/1264 [00:00<00:00, 2356.63it/s] 37%|███▋      | 472/1264 [00:00<00:00, 2302.82it/s] 56%|█████▌    | 703/1264 [00:00<00:00, 2260.00it/s] 74%|███████▍  | 933/1264 [00:00<00:00, 2273.45it/s] 94%|█████████▎| 1182/1264 [00:00<00:00, 2349.78it/s]100%|██████████| 1264/1264 [00:00<00:00, 2339.74it/s]
Valid SMILES graphs: 1264
MultimodalDTI(
  (smiles_encoders): ModuleList(
    (0): GCNEncoder(
      (atom_encoder): AtomEncoder(
        (atom_embedding_list): ModuleList(
          (0): Embedding(119, 128)
          (1): Embedding(5, 128)
          (2-3): 2 x Embedding(12, 128)
          (4): Embedding(10, 128)
          (5-6): 2 x Embedding(6, 128)
          (7-8): 2 x Embedding(2, 128)
        )
      )
      (convs): ModuleList(
        (0-2): 3 x GCNConv(128, 128)
      )
      (bns): ModuleList(
        (0-2): 3 x BatchNorm1d(128, eps=1e-05, momentum=0.1, affine=True, track_running_stats=True)
      )
    )
  )
  (protein_encoders): ModuleList(
    (0): ProteinCNNEncoder(
      (embedding): Embedding(21, 128, padding_idx=0)
      (conv_blocks): ModuleList(
        (0): Sequential(
          (0): Conv1d(128, 64, kernel_size=(3,), stride=(1,), padding=(1,))
          (1): BatchNorm1d(64, eps=1e-05, momentum=0.1, affine=True, track_running_stats=True)
          (2): ReLU()
          (3): Conv1d(64, 64, kernel_size=(3,), stride=(1,), padding=(1,))
          (4): BatchNorm1d(64, eps=1e-05, momentum=0.1, affine=True, track_running_stats=True)
          (5): ReLU()
        )
        (1): Sequential(
          (0): Conv1d(128, 64, kernel_size=(7,), stride=(1,), padding=(3,))
          (1): BatchNorm1d(64, eps=1e-05, momentum=0.1, affine=True, track_running_stats=True)
          (2): ReLU()
          (3): Conv1d(64, 64, kernel_size=(7,), stride=(1,), padding=(3,))
          (4): BatchNorm1d(64, eps=1e-05, momentum=0.1, affine=True, track_running_stats=True)
          (5): ReLU()
        )
        (2): Sequential(
          (0): Conv1d(128, 64, kernel_size=(15,), stride=(1,), padding=(7,))
          (1): BatchNorm1d(64, eps=1e-05, momentum=0.1, affine=True, track_running_stats=True)
          (2): ReLU()
          (3): Conv1d(64, 64, kernel_size=(15,), stride=(1,), padding=(7,))
          (4): BatchNorm1d(64, eps=1e-05, momentum=0.1, affine=True, track_running_stats=True)
          (5): ReLU()
        )
      )
    )
    (1): ESM2Encoder(
      (projection): Sequential(
        (0): Linear(in_features=1280, out_features=256, bias=True)
        (1): LayerNorm((256,), eps=1e-05, elementwise_affine=True)
        (2): ReLU()
      )
    )
  )
  (fusion): MLPFusion(
    (classifier): Sequential(
      (0): Linear(in_features=576, out_features=128, bias=True)
      (1): BatchNorm1d(128, eps=1e-05, momentum=0.1, affine=True, track_running_stats=True)
      (2): ReLU()
      (3): Dropout(p=0.3, inplace=False)
      (4): Linear(in_features=128, out_features=32, bias=True)
      (5): BatchNorm1d(32, eps=1e-05, momentum=0.1, affine=True, track_running_stats=True)
      (6): ReLU()
      (7): Dropout(p=0.3, inplace=False)
      (8): Linear(in_features=32, out_features=1, bias=True)
    )
  )
)
Epoch 001 | time=3.2s | train_loss=0.6283 | val_loss=0.6501 | val_auc=0.6824
  ✓ New best model (epoch 1, val_loss=0.6501, val_auc=0.6824) saved to checkpoints/gcn_vs_cnn_esm2_seed1024.pt
Epoch 002 | time=2.4s | train_loss=0.5007 | val_loss=0.5964 | val_auc=0.7488
  ✓ New best model (epoch 2, val_loss=0.5964, val_auc=0.7488) saved to checkpoints/gcn_vs_cnn_esm2_seed1024.pt
Epoch 003 | time=2.4s | train_loss=0.4355 | val_loss=0.5667 | val_auc=0.7775
  ✓ New best model (epoch 3, val_loss=0.5667, val_auc=0.7775) saved to checkpoints/gcn_vs_cnn_esm2_seed1024.pt
Epoch 004 | time=2.4s | train_loss=0.3952 | val_loss=0.5414 | val_auc=0.8038
  ✓ New best model (epoch 4, val_loss=0.5414, val_auc=0.8038) saved to checkpoints/gcn_vs_cnn_esm2_seed1024.pt
Epoch 005 | time=2.4s | train_loss=0.3631 | val_loss=0.5377 | val_auc=0.8062
  ✓ New best model (epoch 5, val_loss=0.5377, val_auc=0.8062) saved to checkpoints/gcn_vs_cnn_esm2_seed1024.pt
Epoch 006 | time=2.5s | train_loss=0.3393 | val_loss=0.5222 | val_auc=0.8147
  ✓ New best model (epoch 6, val_loss=0.5222, val_auc=0.8147) saved to checkpoints/gcn_vs_cnn_esm2_seed1024.pt
Epoch 007 | time=2.4s | train_loss=0.3171 | val_loss=0.5233 | val_auc=0.8146
Epoch 008 | time=2.4s | train_loss=0.2972 | val_loss=0.5170 | val_auc=0.8210
  ✓ New best model (epoch 8, val_loss=0.5170, val_auc=0.8210) saved to checkpoints/gcn_vs_cnn_esm2_seed1024.pt
Epoch 009 | time=2.4s | train_loss=0.2825 | val_loss=0.5100 | val_auc=0.8255
  ✓ New best model (epoch 9, val_loss=0.5100, val_auc=0.8255) saved to checkpoints/gcn_vs_cnn_esm2_seed1024.pt
Epoch 010 | time=2.4s | train_loss=0.2694 | val_loss=0.5029 | val_auc=0.8320
  ✓ New best model (epoch 10, val_loss=0.5029, val_auc=0.8320) saved to checkpoints/gcn_vs_cnn_esm2_seed1024.pt
Epoch 011 | time=2.4s | train_loss=0.2538 | val_loss=0.5009 | val_auc=0.8374
  ✓ New best model (epoch 11, val_loss=0.5009, val_auc=0.8374) saved to checkpoints/gcn_vs_cnn_esm2_seed1024.pt
Epoch 012 | time=2.4s | train_loss=0.2419 | val_loss=0.4948 | val_auc=0.8422
  ✓ New best model (epoch 12, val_loss=0.4948, val_auc=0.8422) saved to checkpoints/gcn_vs_cnn_esm2_seed1024.pt
Epoch 013 | time=2.4s | train_loss=0.2337 | val_loss=0.4947 | val_auc=0.8430
  ✓ New best model (epoch 13, val_loss=0.4947, val_auc=0.8430) saved to checkpoints/gcn_vs_cnn_esm2_seed1024.pt
Epoch 014 | time=2.4s | train_loss=0.2221 | val_loss=0.4932 | val_auc=0.8429
Epoch 015 | time=2.4s | train_loss=0.2122 | val_loss=0.4938 | val_auc=0.8449
  ✓ New best model (epoch 15, val_loss=0.4938, val_auc=0.8449) saved to checkpoints/gcn_vs_cnn_esm2_seed1024.pt
Epoch 016 | time=2.4s | train_loss=0.2046 | val_loss=0.4791 | val_auc=0.8522
  ✓ New best model (epoch 16, val_loss=0.4791, val_auc=0.8522) saved to checkpoints/gcn_vs_cnn_esm2_seed1024.pt
Epoch 017 | time=2.5s | train_loss=0.1953 | val_loss=0.4926 | val_auc=0.8460
Epoch 018 | time=2.4s | train_loss=0.1881 | val_loss=0.4847 | val_auc=0.8524
  ✓ New best model (epoch 18, val_loss=0.4847, val_auc=0.8524) saved to checkpoints/gcn_vs_cnn_esm2_seed1024.pt
Epoch 019 | time=2.4s | train_loss=0.1807 | val_loss=0.4916 | val_auc=0.8522
Epoch 020 | time=2.4s | train_loss=0.1762 | val_loss=0.4891 | val_auc=0.8509
Epoch 021 | time=2.5s | train_loss=0.1669 | val_loss=0.5029 | val_auc=0.8481
Epoch 022 | time=2.4s | train_loss=0.1619 | val_loss=0.4951 | val_auc=0.8542
  ✓ New best model (epoch 22, val_loss=0.4951, val_auc=0.8542) saved to checkpoints/gcn_vs_cnn_esm2_seed1024.pt
Epoch 023 | time=2.4s | train_loss=0.1502 | val_loss=0.4966 | val_auc=0.8527
Epoch 024 | time=2.4s | train_loss=0.1443 | val_loss=0.4910 | val_auc=0.8584
  ✓ New best model (epoch 24, val_loss=0.4910, val_auc=0.8584) saved to checkpoints/gcn_vs_cnn_esm2_seed1024.pt
Epoch 025 | time=2.4s | train_loss=0.1402 | val_loss=0.5049 | val_auc=0.8506
Epoch 026 | time=2.5s | train_loss=0.1381 | val_loss=0.4948 | val_auc=0.8571
Epoch 027 | time=2.4s | train_loss=0.1340 | val_loss=0.4945 | val_auc=0.8583
Epoch 028 | time=2.4s | train_loss=0.1286 | val_loss=0.4910 | val_auc=0.8629
  ✓ New best model (epoch 28, val_loss=0.4910, val_auc=0.8629) saved to checkpoints/gcn_vs_cnn_esm2_seed1024.pt
Epoch 029 | time=2.4s | train_loss=0.1258 | val_loss=0.4874 | val_auc=0.8639
  ✓ New best model (epoch 29, val_loss=0.4874, val_auc=0.8639) saved to checkpoints/gcn_vs_cnn_esm2_seed1024.pt
Epoch 030 | time=2.4s | train_loss=0.1217 | val_loss=0.4990 | val_auc=0.8589
Epoch 031 | time=2.4s | train_loss=0.1230 | val_loss=0.4953 | val_auc=0.8610
Epoch 032 | time=2.4s | train_loss=0.1186 | val_loss=0.4995 | val_auc=0.8610
Epoch 033 | time=2.4s | train_loss=0.1197 | val_loss=0.5101 | val_auc=0.8584
Epoch 034 | time=2.4s | train_loss=0.1164 | val_loss=0.4962 | val_auc=0.8627
Epoch 035 | time=2.5s | train_loss=0.1122 | val_loss=0.5064 | val_auc=0.8614
Epoch 036 | time=2.4s | train_loss=0.1142 | val_loss=0.5038 | val_auc=0.8614
Epoch 037 | time=2.4s | train_loss=0.1119 | val_loss=0.5026 | val_auc=0.8630
Epoch 038 | time=2.4s | train_loss=0.1113 | val_loss=0.5040 | val_auc=0.8632
Epoch 039 | time=2.4s | train_loss=0.1094 | val_loss=0.5035 | val_auc=0.8622
Early stopping — no improvement for 10 epochs

Best model: epoch 29, val_loss=0.5035, val_auc=0.8639

═══ Test Results ═══
           auc: 0.7188
         auprc: 0.6722
            f1: 0.6021
     precision: 0.6276
        recall: 0.5786
          loss: 0.7968
