Uninstalled 1 package in 21ms
Installed 1 package in 38ms
/net/storage/pr3/plgrid/plggmlcil/plgkstankie/vvv/Multimodal-models-for-predicting-drug-target-interactions/.venv/lib/python3.11/site-packages/outdated/__init__.py:36: UserWarning: pkg_resources is deprecated as an API. See https://setuptools.pypa.io/en/latest/pkg_resources.html. The pkg_resources package is slated for removal as early as 2025-11-30. Refrain from using this package or pin to Setuptools<81.
  from pkg_resources import parse_version
Setting global random seed to 123
Using device: cuda
Loading clean data from: /net/storage/pr3/plgrid/plggmlcil/plgkstankie/vvv/Multimodal-models-for-predicting-drug-target-interactions/src/datasets/lincs_balanced.parquet
Dataset size: 27498
Split strategy: cold_target
  K3 cold-target split: 900 train proteins, 124 val proteins, 195 test proteins
Train: 19163  Val: 3874  Test: 4461
ESM2Processor: loaded 3580 embeddings (dim=1280) from /net/storage/pr3/plgrid/plggmlcil/plgkstankie/vvv/Multimodal-models-for-predicting-drug-target-interactions/src/datasets/esm2_t33_650M_UR50D.pt
SMILES encoders:  ['GCNEncoder']
Protein encoders: ['ProteinCNNEncoder', 'ESM2Encoder']
Building graph cache for 1264 SMILES...
  0%|          | 0/1264 [00:00<?, ?it/s] 15%|█▌        | 191/1264 [00:00<00:00, 1908.93it/s] 32%|███▏      | 407/1264 [00:00<00:00, 2054.65it/s] 50%|████▉     | 629/1264 [00:00<00:00, 2125.65it/s] 67%|██████▋   | 843/1264 [00:00<00:00, 2129.57it/s] 85%|████████▌ | 1075/1264 [00:00<00:00, 2194.40it/s]100%|██████████| 1264/1264 [00:00<00:00, 2173.95it/s]
Valid SMILES graphs: 1264
MultimodalDTI(
  (smiles_encoders): ModuleList(
    (0): GCNEncoder(
      (atom_encoder): AtomEncoder(
        (atom_embedding_list): ModuleList(
          (0): Embedding(119, 128)
          (1): Embedding(5, 128)
          (2-3): 2 x Embedding(12, 128)
          (4): Embedding(10, 128)
          (5-6): 2 x Embedding(6, 128)
          (7-8): 2 x Embedding(2, 128)
        )
      )
      (convs): ModuleList(
        (0-2): 3 x GCNConv(128, 128)
      )
      (bns): ModuleList(
        (0-2): 3 x BatchNorm1d(128, eps=1e-05, momentum=0.1, affine=True, track_running_stats=True)
      )
    )
  )
  (protein_encoders): ModuleList(
    (0): ProteinCNNEncoder(
      (embedding): Embedding(21, 128, padding_idx=0)
      (conv_blocks): ModuleList(
        (0): Sequential(
          (0): Conv1d(128, 64, kernel_size=(3,), stride=(1,), padding=(1,))
          (1): BatchNorm1d(64, eps=1e-05, momentum=0.1, affine=True, track_running_stats=True)
          (2): ReLU()
          (3): Conv1d(64, 64, kernel_size=(3,), stride=(1,), padding=(1,))
          (4): BatchNorm1d(64, eps=1e-05, momentum=0.1, affine=True, track_running_stats=True)
          (5): ReLU()
        )
        (1): Sequential(
          (0): Conv1d(128, 64, kernel_size=(7,), stride=(1,), padding=(3,))
          (1): BatchNorm1d(64, eps=1e-05, momentum=0.1, affine=True, track_running_stats=True)
          (2): ReLU()
          (3): Conv1d(64, 64, kernel_size=(7,), stride=(1,), padding=(3,))
          (4): BatchNorm1d(64, eps=1e-05, momentum=0.1, affine=True, track_running_stats=True)
          (5): ReLU()
        )
        (2): Sequential(
          (0): Conv1d(128, 64, kernel_size=(15,), stride=(1,), padding=(7,))
          (1): BatchNorm1d(64, eps=1e-05, momentum=0.1, affine=True, track_running_stats=True)
          (2): ReLU()
          (3): Conv1d(64, 64, kernel_size=(15,), stride=(1,), padding=(7,))
          (4): BatchNorm1d(64, eps=1e-05, momentum=0.1, affine=True, track_running_stats=True)
          (5): ReLU()
        )
      )
    )
    (1): ESM2Encoder(
      (projection): Sequential(
        (0): Linear(in_features=1280, out_features=256, bias=True)
        (1): LayerNorm((256,), eps=1e-05, elementwise_affine=True)
        (2): ReLU()
      )
    )
  )
  (fusion): MLPFusion(
    (classifier): Sequential(
      (0): Linear(in_features=576, out_features=128, bias=True)
      (1): BatchNorm1d(128, eps=1e-05, momentum=0.1, affine=True, track_running_stats=True)
      (2): ReLU()
      (3): Dropout(p=0.3, inplace=False)
      (4): Linear(in_features=128, out_features=32, bias=True)
      (5): BatchNorm1d(32, eps=1e-05, momentum=0.1, affine=True, track_running_stats=True)
      (6): ReLU()
      (7): Dropout(p=0.3, inplace=False)
      (8): Linear(in_features=32, out_features=1, bias=True)
    )
  )
)
Epoch 001 | time=8.3s | train_loss=0.6119 | val_loss=0.6681 | val_auc=0.5858
  ✓ New best model (epoch 1, val_loss=0.6681, val_auc=0.5858) saved to checkpoints/gcn_vs_cnn_esm2_seed123.pt
Epoch 002 | time=2.5s | train_loss=0.5064 | val_loss=0.6533 | val_auc=0.6258
  ✓ New best model (epoch 2, val_loss=0.6533, val_auc=0.6258) saved to checkpoints/gcn_vs_cnn_esm2_seed123.pt
Epoch 003 | time=2.5s | train_loss=0.4486 | val_loss=0.6531 | val_auc=0.6257
Epoch 004 | time=2.6s | train_loss=0.4123 | val_loss=0.6681 | val_auc=0.6138
Epoch 005 | time=2.5s | train_loss=0.3808 | val_loss=0.6534 | val_auc=0.6484
  ✓ New best model (epoch 5, val_loss=0.6534, val_auc=0.6484) saved to checkpoints/gcn_vs_cnn_esm2_seed123.pt
Epoch 006 | time=2.5s | train_loss=0.3607 | val_loss=0.6477 | val_auc=0.6643
  ✓ New best model (epoch 6, val_loss=0.6477, val_auc=0.6643) saved to checkpoints/gcn_vs_cnn_esm2_seed123.pt
Epoch 007 | time=2.5s | train_loss=0.3402 | val_loss=0.6727 | val_auc=0.6525
Epoch 008 | time=2.6s | train_loss=0.3248 | val_loss=0.6615 | val_auc=0.6766
  ✓ New best model (epoch 8, val_loss=0.6615, val_auc=0.6766) saved to checkpoints/gcn_vs_cnn_esm2_seed123.pt
Epoch 009 | time=2.5s | train_loss=0.3075 | val_loss=0.7165 | val_auc=0.6357
Epoch 010 | time=2.4s | train_loss=0.2925 | val_loss=0.6747 | val_auc=0.6824
  ✓ New best model (epoch 10, val_loss=0.6747, val_auc=0.6824) saved to checkpoints/gcn_vs_cnn_esm2_seed123.pt
Epoch 011 | time=2.5s | train_loss=0.2780 | val_loss=0.6778 | val_auc=0.6831
  ✓ New best model (epoch 11, val_loss=0.6778, val_auc=0.6831) saved to checkpoints/gcn_vs_cnn_esm2_seed123.pt
Epoch 012 | time=2.5s | train_loss=0.2720 | val_loss=0.7214 | val_auc=0.6682
Epoch 013 | time=2.5s | train_loss=0.2537 | val_loss=0.7158 | val_auc=0.6635
Epoch 014 | time=2.5s | train_loss=0.2482 | val_loss=0.7199 | val_auc=0.6726
Epoch 015 | time=2.5s | train_loss=0.2400 | val_loss=0.7116 | val_auc=0.6743
Epoch 016 | time=2.6s | train_loss=0.2374 | val_loss=0.7173 | val_auc=0.6742
Epoch 017 | time=2.4s | train_loss=0.2331 | val_loss=0.7437 | val_auc=0.6637
Epoch 018 | time=2.4s | train_loss=0.2265 | val_loss=0.7686 | val_auc=0.6546
Epoch 019 | time=2.5s | train_loss=0.2190 | val_loss=0.7573 | val_auc=0.6699
Epoch 020 | time=2.4s | train_loss=0.2171 | val_loss=0.7511 | val_auc=0.6722
Epoch 021 | time=2.5s | train_loss=0.2108 | val_loss=0.7714 | val_auc=0.6702
Early stopping — no improvement for 10 epochs

Best model: epoch 11, val_loss=0.7714, val_auc=0.6831

═══ Test Results ═══
           auc: 0.7790
         auprc: 0.7506
            f1: 0.7082
     precision: 0.7021
        recall: 0.7145
          loss: 0.5707
