Uninstalled 1 package in 7ms
Installed 1 package in 9ms
/net/storage/pr3/plgrid/plggmlcil/plgkstankie/vvv/Multimodal-models-for-predicting-drug-target-interactions/.venv/lib/python3.11/site-packages/outdated/__init__.py:36: UserWarning: pkg_resources is deprecated as an API. See https://setuptools.pypa.io/en/latest/pkg_resources.html. The pkg_resources package is slated for removal as early as 2025-11-30. Refrain from using this package or pin to Setuptools<81.
  from pkg_resources import parse_version
Setting global random seed to 1024
Using device: cuda
Loading clean data from: /net/storage/pr3/plgrid/plggmlcil/plgkstankie/vvv/Multimodal-models-for-predicting-drug-target-interactions/src/datasets/lincs_balanced.parquet
Dataset size: 27498
Split strategy: cold_both
  K4 cold-both split: train=13694, val=328, test=923
  Rows retained: 14945/27498 (54.3%)
Train: 13694  Val: 328  Test: 923
SMILES encoders:  ['GCNEncoder']
Protein encoders: ['ProteinCNNEncoder']
Building graph cache for 1264 SMILES...
  0%|          | 0/1264 [00:00<?, ?it/s] 18%|█▊        | 232/1264 [00:00<00:00, 2311.58it/s] 37%|███▋      | 464/1264 [00:00<00:00, 2283.39it/s] 55%|█████▍    | 693/1264 [00:00<00:00, 2250.40it/s] 73%|███████▎  | 922/1264 [00:00<00:00, 2261.90it/s] 92%|█████████▏| 1165/1264 [00:00<00:00, 2319.95it/s]100%|██████████| 1264/1264 [00:00<00:00, 2320.42it/s]
Valid SMILES graphs: 1264
MultimodalDTI(
  (smiles_encoders): ModuleList(
    (0): GCNEncoder(
      (atom_encoder): AtomEncoder(
        (atom_embedding_list): ModuleList(
          (0): Embedding(119, 128)
          (1): Embedding(5, 128)
          (2-3): 2 x Embedding(12, 128)
          (4): Embedding(10, 128)
          (5-6): 2 x Embedding(6, 128)
          (7-8): 2 x Embedding(2, 128)
        )
      )
      (convs): ModuleList(
        (0-2): 3 x GCNConv(128, 128)
      )
      (bns): ModuleList(
        (0-2): 3 x BatchNorm1d(128, eps=1e-05, momentum=0.1, affine=True, track_running_stats=True)
      )
    )
  )
  (protein_encoders): ModuleList(
    (0): ProteinCNNEncoder(
      (embedding): Embedding(21, 128, padding_idx=0)
      (conv_blocks): ModuleList(
        (0): Sequential(
          (0): Conv1d(128, 64, kernel_size=(3,), stride=(1,), padding=(1,))
          (1): BatchNorm1d(64, eps=1e-05, momentum=0.1, affine=True, track_running_stats=True)
          (2): ReLU()
          (3): Conv1d(64, 64, kernel_size=(3,), stride=(1,), padding=(1,))
          (4): BatchNorm1d(64, eps=1e-05, momentum=0.1, affine=True, track_running_stats=True)
          (5): ReLU()
        )
        (1): Sequential(
          (0): Conv1d(128, 64, kernel_size=(7,), stride=(1,), padding=(3,))
          (1): BatchNorm1d(64, eps=1e-05, momentum=0.1, affine=True, track_running_stats=True)
          (2): ReLU()
          (3): Conv1d(64, 64, kernel_size=(7,), stride=(1,), padding=(3,))
          (4): BatchNorm1d(64, eps=1e-05, momentum=0.1, affine=True, track_running_stats=True)
          (5): ReLU()
        )
        (2): Sequential(
          (0): Conv1d(128, 64, kernel_size=(15,), stride=(1,), padding=(7,))
          (1): BatchNorm1d(64, eps=1e-05, momentum=0.1, affine=True, track_running_stats=True)
          (2): ReLU()
          (3): Conv1d(64, 64, kernel_size=(15,), stride=(1,), padding=(7,))
          (4): BatchNorm1d(64, eps=1e-05, momentum=0.1, affine=True, track_running_stats=True)
          (5): ReLU()
        )
      )
    )
  )
  (fusion): MLPFusion(
    (classifier): Sequential(
      (0): Linear(in_features=320, out_features=128, bias=True)
      (1): BatchNorm1d(128, eps=1e-05, momentum=0.1, affine=True, track_running_stats=True)
      (2): ReLU()
      (3): Dropout(p=0.5, inplace=False)
      (4): Linear(in_features=128, out_features=32, bias=True)
      (5): BatchNorm1d(32, eps=1e-05, momentum=0.1, affine=True, track_running_stats=True)
      (6): ReLU()
      (7): Dropout(p=0.5, inplace=False)
      (8): Linear(in_features=32, out_features=1, bias=True)
    )
  )
)
Epoch 001 | time=2.3s | train_loss=0.6903 | val_loss=0.6850 | val_auc=0.5011
  ✓ New best model (epoch 1, val_loss=0.6850, val_auc=0.5011) saved to checkpoints/gcn_vs_cnn_seed1024.pt
Epoch 002 | time=1.5s | train_loss=0.6089 | val_loss=0.6728 | val_auc=0.5412
  ✓ New best model (epoch 2, val_loss=0.6728, val_auc=0.5412) saved to checkpoints/gcn_vs_cnn_seed1024.pt
Epoch 003 | time=1.5s | train_loss=0.5436 | val_loss=0.6625 | val_auc=0.5607
  ✓ New best model (epoch 3, val_loss=0.6625, val_auc=0.5607) saved to checkpoints/gcn_vs_cnn_seed1024.pt
Epoch 004 | time=1.5s | train_loss=0.4984 | val_loss=0.6616 | val_auc=0.5457
Epoch 005 | time=1.5s | train_loss=0.4660 | val_loss=0.6508 | val_auc=0.5882
  ✓ New best model (epoch 5, val_loss=0.6508, val_auc=0.5882) saved to checkpoints/gcn_vs_cnn_seed1024.pt
Epoch 006 | time=1.5s | train_loss=0.4377 | val_loss=0.6432 | val_auc=0.6125
  ✓ New best model (epoch 6, val_loss=0.6432, val_auc=0.6125) saved to checkpoints/gcn_vs_cnn_seed1024.pt
Epoch 007 | time=1.5s | train_loss=0.4192 | val_loss=0.6462 | val_auc=0.6187
  ✓ New best model (epoch 7, val_loss=0.6462, val_auc=0.6187) saved to checkpoints/gcn_vs_cnn_seed1024.pt
Epoch 008 | time=1.5s | train_loss=0.4007 | val_loss=0.6425 | val_auc=0.6178
Epoch 009 | time=1.5s | train_loss=0.3821 | val_loss=0.6482 | val_auc=0.6142
Epoch 010 | time=1.5s | train_loss=0.3649 | val_loss=0.6390 | val_auc=0.6372
  ✓ New best model (epoch 10, val_loss=0.6390, val_auc=0.6372) saved to checkpoints/gcn_vs_cnn_seed1024.pt
Epoch 011 | time=1.5s | train_loss=0.3559 | val_loss=0.6398 | val_auc=0.6513
  ✓ New best model (epoch 11, val_loss=0.6398, val_auc=0.6513) saved to checkpoints/gcn_vs_cnn_seed1024.pt
Epoch 012 | time=1.7s | train_loss=0.3412 | val_loss=0.6349 | val_auc=0.6637
  ✓ New best model (epoch 12, val_loss=0.6349, val_auc=0.6637) saved to checkpoints/gcn_vs_cnn_seed1024.pt
Epoch 013 | time=1.5s | train_loss=0.3296 | val_loss=0.6399 | val_auc=0.6542
Epoch 014 | time=1.5s | train_loss=0.3218 | val_loss=0.6428 | val_auc=0.6503
Epoch 015 | time=1.6s | train_loss=0.3086 | val_loss=0.6537 | val_auc=0.6262
Epoch 016 | time=1.5s | train_loss=0.3014 | val_loss=0.6558 | val_auc=0.6326
Epoch 017 | time=1.6s | train_loss=0.2919 | val_loss=0.6600 | val_auc=0.6211
Epoch 018 | time=1.5s | train_loss=0.2834 | val_loss=0.6500 | val_auc=0.6511
Epoch 019 | time=1.5s | train_loss=0.2737 | val_loss=0.6547 | val_auc=0.6250
Epoch 020 | time=1.6s | train_loss=0.2667 | val_loss=0.6580 | val_auc=0.6392
Epoch 021 | time=1.5s | train_loss=0.2649 | val_loss=0.6705 | val_auc=0.6389
Epoch 022 | time=1.5s | train_loss=0.2620 | val_loss=0.6579 | val_auc=0.6454
Early stopping — no improvement for 10 epochs

Best model: epoch 12, val_loss=0.6579, val_auc=0.6637

═══ Test Results ═══
           auc: 0.3950
         auprc: 0.4115
            f1: 0.3109
     precision: 0.3307
        recall: 0.2933
          loss: 0.8675
