Uninstalled 1 package in 7ms
Installed 1 package in 10ms
/net/storage/pr3/plgrid/plggmlcil/plgkstankie/vvv/Multimodal-models-for-predicting-drug-target-interactions/.venv/lib/python3.11/site-packages/outdated/__init__.py:36: UserWarning: pkg_resources is deprecated as an API. See https://setuptools.pypa.io/en/latest/pkg_resources.html. The pkg_resources package is slated for removal as early as 2025-11-30. Refrain from using this package or pin to Setuptools<81.
  from pkg_resources import parse_version
Setting global random seed to 999
Using device: cuda
Loading clean data from: /net/storage/pr3/plgrid/plggmlcil/plgkstankie/vvv/Multimodal-models-for-predicting-drug-target-interactions/src/datasets/lincs_balanced.parquet
Dataset size: 27498
Split strategy: cold_target
  K3 cold-target split: 900 train proteins, 124 val proteins, 195 test proteins
Train: 19163  Val: 3874  Test: 4461
SMILES encoders:  ['GCNEncoder']
Protein encoders: ['ProteinCNNEncoder']
Building graph cache for 1264 SMILES...
  0%|          | 0/1264 [00:00<?, ?it/s] 19%|█▊        | 234/1264 [00:00<00:00, 2334.19it/s] 37%|███▋      | 468/1264 [00:00<00:00, 2289.11it/s] 55%|█████▌    | 697/1264 [00:00<00:00, 2244.22it/s] 73%|███████▎  | 924/1264 [00:00<00:00, 2250.21it/s] 92%|█████████▏| 1165/1264 [00:00<00:00, 2304.03it/s]100%|██████████| 1264/1264 [00:00<00:00, 2309.89it/s]
Valid SMILES graphs: 1264
MultimodalDTI(
  (smiles_encoders): ModuleList(
    (0): GCNEncoder(
      (atom_encoder): AtomEncoder(
        (atom_embedding_list): ModuleList(
          (0): Embedding(119, 128)
          (1): Embedding(5, 128)
          (2-3): 2 x Embedding(12, 128)
          (4): Embedding(10, 128)
          (5-6): 2 x Embedding(6, 128)
          (7-8): 2 x Embedding(2, 128)
        )
      )
      (convs): ModuleList(
        (0-2): 3 x GCNConv(128, 128)
      )
      (bns): ModuleList(
        (0-2): 3 x BatchNorm1d(128, eps=1e-05, momentum=0.1, affine=True, track_running_stats=True)
      )
    )
  )
  (protein_encoders): ModuleList(
    (0): ProteinCNNEncoder(
      (embedding): Embedding(21, 128, padding_idx=0)
      (conv_blocks): ModuleList(
        (0): Sequential(
          (0): Conv1d(128, 64, kernel_size=(3,), stride=(1,), padding=(1,))
          (1): BatchNorm1d(64, eps=1e-05, momentum=0.1, affine=True, track_running_stats=True)
          (2): ReLU()
          (3): Conv1d(64, 64, kernel_size=(3,), stride=(1,), padding=(1,))
          (4): BatchNorm1d(64, eps=1e-05, momentum=0.1, affine=True, track_running_stats=True)
          (5): ReLU()
        )
        (1): Sequential(
          (0): Conv1d(128, 64, kernel_size=(7,), stride=(1,), padding=(3,))
          (1): BatchNorm1d(64, eps=1e-05, momentum=0.1, affine=True, track_running_stats=True)
          (2): ReLU()
          (3): Conv1d(64, 64, kernel_size=(7,), stride=(1,), padding=(3,))
          (4): BatchNorm1d(64, eps=1e-05, momentum=0.1, affine=True, track_running_stats=True)
          (5): ReLU()
        )
        (2): Sequential(
          (0): Conv1d(128, 64, kernel_size=(15,), stride=(1,), padding=(7,))
          (1): BatchNorm1d(64, eps=1e-05, momentum=0.1, affine=True, track_running_stats=True)
          (2): ReLU()
          (3): Conv1d(64, 64, kernel_size=(15,), stride=(1,), padding=(7,))
          (4): BatchNorm1d(64, eps=1e-05, momentum=0.1, affine=True, track_running_stats=True)
          (5): ReLU()
        )
      )
    )
  )
  (fusion): MLPFusion(
    (classifier): Sequential(
      (0): Linear(in_features=320, out_features=128, bias=True)
      (1): BatchNorm1d(128, eps=1e-05, momentum=0.1, affine=True, track_running_stats=True)
      (2): ReLU()
      (3): Dropout(p=0.5, inplace=False)
      (4): Linear(in_features=128, out_features=32, bias=True)
      (5): BatchNorm1d(32, eps=1e-05, momentum=0.1, affine=True, track_running_stats=True)
      (6): ReLU()
      (7): Dropout(p=0.5, inplace=False)
      (8): Linear(in_features=32, out_features=1, bias=True)
    )
  )
)
Epoch 001 | time=3.2s | train_loss=0.6840 | val_loss=0.6586 | val_auc=0.6044
  ✓ New best model (epoch 1, val_loss=0.6586, val_auc=0.6044) saved to checkpoints/gcn_vs_cnn_seed999.pt
Epoch 002 | time=2.3s | train_loss=0.6066 | val_loss=0.6499 | val_auc=0.6299
  ✓ New best model (epoch 2, val_loss=0.6499, val_auc=0.6299) saved to checkpoints/gcn_vs_cnn_seed999.pt
Epoch 003 | time=2.3s | train_loss=0.5460 | val_loss=0.6556 | val_auc=0.6205
Epoch 004 | time=2.3s | train_loss=0.5013 | val_loss=0.6615 | val_auc=0.6056
Epoch 005 | time=2.5s | train_loss=0.4669 | val_loss=0.6512 | val_auc=0.6363
  ✓ New best model (epoch 5, val_loss=0.6512, val_auc=0.6363) saved to checkpoints/gcn_vs_cnn_seed999.pt
Epoch 006 | time=2.3s | train_loss=0.4392 | val_loss=0.6643 | val_auc=0.6165
Epoch 007 | time=2.3s | train_loss=0.4171 | val_loss=0.6539 | val_auc=0.6428
  ✓ New best model (epoch 7, val_loss=0.6539, val_auc=0.6428) saved to checkpoints/gcn_vs_cnn_seed999.pt
Epoch 008 | time=2.3s | train_loss=0.3999 | val_loss=0.6622 | val_auc=0.6355
Epoch 009 | time=2.3s | train_loss=0.3832 | val_loss=0.6649 | val_auc=0.6327
Epoch 010 | time=2.4s | train_loss=0.3710 | val_loss=0.6698 | val_auc=0.6367
Epoch 011 | time=2.3s | train_loss=0.3658 | val_loss=0.6687 | val_auc=0.6373
Epoch 012 | time=2.3s | train_loss=0.3570 | val_loss=0.6726 | val_auc=0.6409
Epoch 013 | time=2.3s | train_loss=0.3482 | val_loss=0.6806 | val_auc=0.6371
Epoch 014 | time=2.3s | train_loss=0.3406 | val_loss=0.6791 | val_auc=0.6509
  ✓ New best model (epoch 14, val_loss=0.6791, val_auc=0.6509) saved to checkpoints/gcn_vs_cnn_seed999.pt
Epoch 015 | time=2.3s | train_loss=0.3305 | val_loss=0.6886 | val_auc=0.6383
Epoch 016 | time=2.3s | train_loss=0.3292 | val_loss=0.6881 | val_auc=0.6432
Epoch 017 | time=2.3s | train_loss=0.3258 | val_loss=0.6819 | val_auc=0.6463
Epoch 018 | time=2.3s | train_loss=0.3213 | val_loss=0.6871 | val_auc=0.6493
Epoch 019 | time=2.3s | train_loss=0.3203 | val_loss=0.6972 | val_auc=0.6365
Epoch 020 | time=2.3s | train_loss=0.3181 | val_loss=0.6970 | val_auc=0.6384
Epoch 021 | time=2.3s | train_loss=0.3128 | val_loss=0.6967 | val_auc=0.6461
Epoch 022 | time=2.3s | train_loss=0.3116 | val_loss=0.6982 | val_auc=0.6426
Epoch 023 | time=2.4s | train_loss=0.3108 | val_loss=0.7087 | val_auc=0.6414
Epoch 024 | time=2.3s | train_loss=0.3071 | val_loss=0.7001 | val_auc=0.6465
Early stopping — no improvement for 10 epochs

Best model: epoch 14, val_loss=0.7001, val_auc=0.6509

═══ Test Results ═══
           auc: 0.7429
         auprc: 0.6806
            f1: 0.6470
     precision: 0.6971
        recall: 0.6036
          loss: 0.6044
