Uninstalled 1 package in 6ms
Installed 1 package in 10ms
/net/storage/pr3/plgrid/plggmlcil/plgkstankie/vvv/Multimodal-models-for-predicting-drug-target-interactions/.venv/lib/python3.11/site-packages/outdated/__init__.py:36: UserWarning: pkg_resources is deprecated as an API. See https://setuptools.pypa.io/en/latest/pkg_resources.html. The pkg_resources package is slated for removal as early as 2025-11-30. Refrain from using this package or pin to Setuptools<81.
  from pkg_resources import parse_version
Setting global random seed to 1024
Using device: cuda
Loading clean data from: /net/storage/pr3/plgrid/plggmlcil/plgkstankie/vvv/Multimodal-models-for-predicting-drug-target-interactions/src/datasets/lincs_balanced.parquet
Dataset size: 27498
Split strategy: scaffold
Train: 19558  Val: 2885  Test: 5055
Fitting MinMaxScaler on 1264 cached RDKit descriptors...
SMILES encoders:  ['GCNEncoder', 'LincsGraphEncoder', 'RDKitDescriptorEncoder']
Protein encoders: ['ProteinCNNEncoder']
Building graph cache for 1264 SMILES...
  0%|          | 0/1264 [00:00<?, ?it/s] 19%|█▉        | 241/1264 [00:00<00:00, 2407.40it/s] 38%|███▊      | 482/1264 [00:00<00:00, 2364.05it/s] 57%|█████▋    | 719/1264 [00:00<00:00, 2323.83it/s] 75%|███████▌  | 954/1264 [00:00<00:00, 2333.43it/s] 96%|█████████▌| 1208/1264 [00:00<00:00, 2405.53it/s]100%|██████████| 1264/1264 [00:00<00:00, 2389.96it/s]
Valid SMILES graphs: 1264
MultimodalDTI(
  (smiles_encoders): ModuleList(
    (0): GCNEncoder(
      (atom_encoder): AtomEncoder(
        (atom_embedding_list): ModuleList(
          (0): Embedding(119, 128)
          (1): Embedding(5, 128)
          (2-3): 2 x Embedding(12, 128)
          (4): Embedding(10, 128)
          (5-6): 2 x Embedding(6, 128)
          (7-8): 2 x Embedding(2, 128)
        )
      )
      (convs): ModuleList(
        (0-2): 3 x GCNConv(128, 128)
      )
      (bns): ModuleList(
        (0-2): 3 x BatchNorm1d(128, eps=1e-05, momentum=0.1, affine=True, track_running_stats=True)
      )
    )
    (1): LincsGraphEncoder(
      (proj): Linear(in_features=1, out_features=128, bias=True)
      (convs): ModuleList(
        (0-1): 2 x DenseGCNConv(
          (linear): Linear(in_features=128, out_features=128, bias=False)
        )
      )
      (bns): ModuleList(
        (0-1): 2 x BatchNorm1d(128, eps=1e-05, momentum=0.1, affine=True, track_running_stats=True)
      )
      (pool_proj): Linear(in_features=128, out_features=128, bias=True)
    )
    (2): RDKitDescriptorEncoder(
      (mlp): Sequential(
        (0): Linear(in_features=210, out_features=256, bias=True)
        (1): BatchNorm1d(256, eps=1e-05, momentum=0.1, affine=True, track_running_stats=True)
        (2): ReLU()
        (3): Dropout(p=0.5, inplace=False)
        (4): Linear(in_features=256, out_features=128, bias=True)
        (5): BatchNorm1d(128, eps=1e-05, momentum=0.1, affine=True, track_running_stats=True)
        (6): ReLU()
      )
    )
  )
  (protein_encoders): ModuleList(
    (0): ProteinCNNEncoder(
      (embedding): Embedding(21, 128, padding_idx=0)
      (conv_blocks): ModuleList(
        (0): Sequential(
          (0): Conv1d(128, 64, kernel_size=(3,), stride=(1,), padding=(1,))
          (1): BatchNorm1d(64, eps=1e-05, momentum=0.1, affine=True, track_running_stats=True)
          (2): ReLU()
          (3): Conv1d(64, 64, kernel_size=(3,), stride=(1,), padding=(1,))
          (4): BatchNorm1d(64, eps=1e-05, momentum=0.1, affine=True, track_running_stats=True)
          (5): ReLU()
        )
        (1): Sequential(
          (0): Conv1d(128, 64, kernel_size=(7,), stride=(1,), padding=(3,))
          (1): BatchNorm1d(64, eps=1e-05, momentum=0.1, affine=True, track_running_stats=True)
          (2): ReLU()
          (3): Conv1d(64, 64, kernel_size=(7,), stride=(1,), padding=(3,))
          (4): BatchNorm1d(64, eps=1e-05, momentum=0.1, affine=True, track_running_stats=True)
          (5): ReLU()
        )
        (2): Sequential(
          (0): Conv1d(128, 64, kernel_size=(15,), stride=(1,), padding=(7,))
          (1): BatchNorm1d(64, eps=1e-05, momentum=0.1, affine=True, track_running_stats=True)
          (2): ReLU()
          (3): Conv1d(64, 64, kernel_size=(15,), stride=(1,), padding=(7,))
          (4): BatchNorm1d(64, eps=1e-05, momentum=0.1, affine=True, track_running_stats=True)
          (5): ReLU()
        )
      )
    )
  )
  (fusion): MLPFusion(
    (classifier): Sequential(
      (0): Linear(in_features=576, out_features=128, bias=True)
      (1): BatchNorm1d(128, eps=1e-05, momentum=0.1, affine=True, track_running_stats=True)
      (2): ReLU()
      (3): Dropout(p=0.5, inplace=False)
      (4): Linear(in_features=128, out_features=32, bias=True)
      (5): BatchNorm1d(32, eps=1e-05, momentum=0.1, affine=True, track_running_stats=True)
      (6): ReLU()
      (7): Dropout(p=0.5, inplace=False)
      (8): Linear(in_features=32, out_features=1, bias=True)
    )
  )
)
Epoch 001 | time=4.8s | train_loss=0.6767 | val_loss=0.6535 | val_auc=0.6864
  ✓ New best model (epoch 1, val_loss=0.6535, val_auc=0.6864) saved to checkpoints/gcn_lincs_graph_rdkit_vs_cnn_seed1024.pt
Epoch 002 | time=3.5s | train_loss=0.5663 | val_loss=0.6056 | val_auc=0.7519
  ✓ New best model (epoch 2, val_loss=0.6056, val_auc=0.7519) saved to checkpoints/gcn_lincs_graph_rdkit_vs_cnn_seed1024.pt
Epoch 003 | time=3.5s | train_loss=0.4945 | val_loss=0.5833 | val_auc=0.7694
  ✓ New best model (epoch 3, val_loss=0.5833, val_auc=0.7694) saved to checkpoints/gcn_lincs_graph_rdkit_vs_cnn_seed1024.pt
Epoch 004 | time=3.5s | train_loss=0.4507 | val_loss=0.5606 | val_auc=0.7891
  ✓ New best model (epoch 4, val_loss=0.5606, val_auc=0.7891) saved to checkpoints/gcn_lincs_graph_rdkit_vs_cnn_seed1024.pt
Epoch 005 | time=3.5s | train_loss=0.4174 | val_loss=0.5576 | val_auc=0.7875
Epoch 006 | time=3.5s | train_loss=0.3921 | val_loss=0.5543 | val_auc=0.7903
  ✓ New best model (epoch 6, val_loss=0.5543, val_auc=0.7903) saved to checkpoints/gcn_lincs_graph_rdkit_vs_cnn_seed1024.pt
Epoch 007 | time=3.5s | train_loss=0.3752 | val_loss=0.5286 | val_auc=0.8130
  ✓ New best model (epoch 7, val_loss=0.5286, val_auc=0.8130) saved to checkpoints/gcn_lincs_graph_rdkit_vs_cnn_seed1024.pt
Epoch 008 | time=3.5s | train_loss=0.3544 | val_loss=0.5208 | val_auc=0.8181
  ✓ New best model (epoch 8, val_loss=0.5208, val_auc=0.8181) saved to checkpoints/gcn_lincs_graph_rdkit_vs_cnn_seed1024.pt
Epoch 009 | time=3.5s | train_loss=0.3358 | val_loss=0.5261 | val_auc=0.8176
Epoch 010 | time=3.5s | train_loss=0.3253 | val_loss=0.5261 | val_auc=0.8182
  ✓ New best model (epoch 10, val_loss=0.5261, val_auc=0.8182) saved to checkpoints/gcn_lincs_graph_rdkit_vs_cnn_seed1024.pt
Epoch 011 | time=3.5s | train_loss=0.3113 | val_loss=0.5313 | val_auc=0.8149
Epoch 012 | time=3.5s | train_loss=0.2982 | val_loss=0.5221 | val_auc=0.8230
  ✓ New best model (epoch 12, val_loss=0.5221, val_auc=0.8230) saved to checkpoints/gcn_lincs_graph_rdkit_vs_cnn_seed1024.pt
Epoch 013 | time=3.5s | train_loss=0.2885 | val_loss=0.5221 | val_auc=0.8250
  ✓ New best model (epoch 13, val_loss=0.5221, val_auc=0.8250) saved to checkpoints/gcn_lincs_graph_rdkit_vs_cnn_seed1024.pt
Epoch 014 | time=3.5s | train_loss=0.2793 | val_loss=0.5176 | val_auc=0.8266
  ✓ New best model (epoch 14, val_loss=0.5176, val_auc=0.8266) saved to checkpoints/gcn_lincs_graph_rdkit_vs_cnn_seed1024.pt
Epoch 015 | time=3.5s | train_loss=0.2686 | val_loss=0.5255 | val_auc=0.8266
Epoch 016 | time=3.5s | train_loss=0.2595 | val_loss=0.5159 | val_auc=0.8327
  ✓ New best model (epoch 16, val_loss=0.5159, val_auc=0.8327) saved to checkpoints/gcn_lincs_graph_rdkit_vs_cnn_seed1024.pt
Epoch 017 | time=3.5s | train_loss=0.2527 | val_loss=0.5449 | val_auc=0.8171
Epoch 018 | time=3.5s | train_loss=0.2444 | val_loss=0.5405 | val_auc=0.8261
Epoch 019 | time=3.5s | train_loss=0.2383 | val_loss=0.5337 | val_auc=0.8266
Epoch 020 | time=3.8s | train_loss=0.2311 | val_loss=0.5211 | val_auc=0.8340
  ✓ New best model (epoch 20, val_loss=0.5211, val_auc=0.8340) saved to checkpoints/gcn_lincs_graph_rdkit_vs_cnn_seed1024.pt
Epoch 021 | time=3.6s | train_loss=0.2260 | val_loss=0.5239 | val_auc=0.8371
  ✓ New best model (epoch 21, val_loss=0.5239, val_auc=0.8371) saved to checkpoints/gcn_lincs_graph_rdkit_vs_cnn_seed1024.pt
Epoch 022 | time=3.6s | train_loss=0.2179 | val_loss=0.5194 | val_auc=0.8414
  ✓ New best model (epoch 22, val_loss=0.5194, val_auc=0.8414) saved to checkpoints/gcn_lincs_graph_rdkit_vs_cnn_seed1024.pt
Epoch 023 | time=3.5s | train_loss=0.2070 | val_loss=0.5330 | val_auc=0.8347
Epoch 024 | time=3.5s | train_loss=0.2030 | val_loss=0.5358 | val_auc=0.8328
Epoch 025 | time=3.5s | train_loss=0.2020 | val_loss=0.5334 | val_auc=0.8351
Epoch 026 | time=3.6s | train_loss=0.1967 | val_loss=0.5429 | val_auc=0.8334
Epoch 027 | time=3.5s | train_loss=0.1938 | val_loss=0.5313 | val_auc=0.8387
Epoch 028 | time=3.5s | train_loss=0.1912 | val_loss=0.5259 | val_auc=0.8419
  ✓ New best model (epoch 28, val_loss=0.5259, val_auc=0.8419) saved to checkpoints/gcn_lincs_graph_rdkit_vs_cnn_seed1024.pt
Epoch 029 | time=3.5s | train_loss=0.1821 | val_loss=0.5280 | val_auc=0.8415
Epoch 030 | time=3.5s | train_loss=0.1819 | val_loss=0.5357 | val_auc=0.8403
Epoch 031 | time=3.5s | train_loss=0.1793 | val_loss=0.5283 | val_auc=0.8432
  ✓ New best model (epoch 31, val_loss=0.5283, val_auc=0.8432) saved to checkpoints/gcn_lincs_graph_rdkit_vs_cnn_seed1024.pt
Epoch 032 | time=3.5s | train_loss=0.1804 | val_loss=0.5398 | val_auc=0.8406
Epoch 033 | time=3.6s | train_loss=0.1780 | val_loss=0.5352 | val_auc=0.8434
  ✓ New best model (epoch 33, val_loss=0.5352, val_auc=0.8434) saved to checkpoints/gcn_lincs_graph_rdkit_vs_cnn_seed1024.pt
Epoch 034 | time=3.5s | train_loss=0.1793 | val_loss=0.5373 | val_auc=0.8409
Epoch 035 | time=3.5s | train_loss=0.1740 | val_loss=0.5403 | val_auc=0.8415
Epoch 036 | time=3.5s | train_loss=0.1736 | val_loss=0.5312 | val_auc=0.8447
  ✓ New best model (epoch 36, val_loss=0.5312, val_auc=0.8447) saved to checkpoints/gcn_lincs_graph_rdkit_vs_cnn_seed1024.pt
Epoch 037 | time=3.5s | train_loss=0.1726 | val_loss=0.5394 | val_auc=0.8420
Epoch 038 | time=3.5s | train_loss=0.1680 | val_loss=0.5372 | val_auc=0.8450
  ✓ New best model (epoch 38, val_loss=0.5372, val_auc=0.8450) saved to checkpoints/gcn_lincs_graph_rdkit_vs_cnn_seed1024.pt
Epoch 039 | time=3.5s | train_loss=0.1710 | val_loss=0.5423 | val_auc=0.8420
Epoch 040 | time=3.4s | train_loss=0.1695 | val_loss=0.5482 | val_auc=0.8406
Epoch 041 | time=3.5s | train_loss=0.1698 | val_loss=0.5432 | val_auc=0.8417
Epoch 042 | time=3.5s | train_loss=0.1684 | val_loss=0.5404 | val_auc=0.8425
Epoch 043 | time=3.5s | train_loss=0.1661 | val_loss=0.5383 | val_auc=0.8429
Epoch 044 | time=3.4s | train_loss=0.1668 | val_loss=0.5420 | val_auc=0.8433
Epoch 045 | time=3.5s | train_loss=0.1651 | val_loss=0.5384 | val_auc=0.8444
Epoch 046 | time=3.5s | train_loss=0.1667 | val_loss=0.5432 | val_auc=0.8426
Epoch 047 | time=3.5s | train_loss=0.1651 | val_loss=0.5429 | val_auc=0.8427
Epoch 048 | time=3.5s | train_loss=0.1636 | val_loss=0.5478 | val_auc=0.8424
Early stopping — no improvement for 10 epochs

Best model: epoch 38, val_loss=0.5478, val_auc=0.8450

═══ Test Results ═══
           auc: 0.7407
         auprc: 0.6507
            f1: 0.6338
     precision: 0.6624
        recall: 0.6075
          loss: 0.7669
