Uninstalled 1 package in 6ms
Installed 1 package in 10ms
/net/storage/pr3/plgrid/plggmlcil/plgkstankie/vvv/Multimodal-models-for-predicting-drug-target-interactions/.venv/lib/python3.11/site-packages/outdated/__init__.py:36: UserWarning: pkg_resources is deprecated as an API. See https://setuptools.pypa.io/en/latest/pkg_resources.html. The pkg_resources package is slated for removal as early as 2025-11-30. Refrain from using this package or pin to Setuptools<81.
  from pkg_resources import parse_version
Setting global random seed to 123
Using device: cuda
Loading clean data from: /net/storage/pr3/plgrid/plggmlcil/plgkstankie/vvv/Multimodal-models-for-predicting-drug-target-interactions/src/datasets/lincs_balanced.parquet
Dataset size: 27498
Split strategy: cold_target
  K3 cold-target split: 900 train proteins, 124 val proteins, 195 test proteins
Train: 19163  Val: 3874  Test: 4461
Fitting MinMaxScaler on 1264 cached RDKit descriptors...
SMILES encoders:  ['GCNEncoder', 'LincsGraphEncoder', 'RDKitDescriptorEncoder']
Protein encoders: ['ProteinCNNEncoder']
Building graph cache for 1264 SMILES...
  0%|          | 0/1264 [00:00<?, ?it/s] 18%|█▊        | 231/1264 [00:00<00:00, 2305.18it/s] 37%|███▋      | 462/1264 [00:00<00:00, 2295.99it/s] 55%|█████▍    | 692/1264 [00:00<00:00, 2268.83it/s] 73%|███████▎  | 923/1264 [00:00<00:00, 2280.92it/s] 92%|█████████▏| 1168/1264 [00:00<00:00, 2339.77it/s]100%|██████████| 1264/1264 [00:00<00:00, 2335.40it/s]
Valid SMILES graphs: 1264
MultimodalDTI(
  (smiles_encoders): ModuleList(
    (0): GCNEncoder(
      (atom_encoder): AtomEncoder(
        (atom_embedding_list): ModuleList(
          (0): Embedding(119, 128)
          (1): Embedding(5, 128)
          (2-3): 2 x Embedding(12, 128)
          (4): Embedding(10, 128)
          (5-6): 2 x Embedding(6, 128)
          (7-8): 2 x Embedding(2, 128)
        )
      )
      (convs): ModuleList(
        (0-2): 3 x GCNConv(128, 128)
      )
      (bns): ModuleList(
        (0-2): 3 x BatchNorm1d(128, eps=1e-05, momentum=0.1, affine=True, track_running_stats=True)
      )
    )
    (1): LincsGraphEncoder(
      (proj): Linear(in_features=1, out_features=128, bias=True)
      (convs): ModuleList(
        (0-1): 2 x DenseGCNConv(
          (linear): Linear(in_features=128, out_features=128, bias=False)
        )
      )
      (bns): ModuleList(
        (0-1): 2 x BatchNorm1d(128, eps=1e-05, momentum=0.1, affine=True, track_running_stats=True)
      )
      (pool_proj): Linear(in_features=128, out_features=128, bias=True)
    )
    (2): RDKitDescriptorEncoder(
      (mlp): Sequential(
        (0): Linear(in_features=210, out_features=256, bias=True)
        (1): BatchNorm1d(256, eps=1e-05, momentum=0.1, affine=True, track_running_stats=True)
        (2): ReLU()
        (3): Dropout(p=0.5, inplace=False)
        (4): Linear(in_features=256, out_features=128, bias=True)
        (5): BatchNorm1d(128, eps=1e-05, momentum=0.1, affine=True, track_running_stats=True)
        (6): ReLU()
      )
    )
  )
  (protein_encoders): ModuleList(
    (0): ProteinCNNEncoder(
      (embedding): Embedding(21, 128, padding_idx=0)
      (conv_blocks): ModuleList(
        (0): Sequential(
          (0): Conv1d(128, 64, kernel_size=(3,), stride=(1,), padding=(1,))
          (1): BatchNorm1d(64, eps=1e-05, momentum=0.1, affine=True, track_running_stats=True)
          (2): ReLU()
          (3): Conv1d(64, 64, kernel_size=(3,), stride=(1,), padding=(1,))
          (4): BatchNorm1d(64, eps=1e-05, momentum=0.1, affine=True, track_running_stats=True)
          (5): ReLU()
        )
        (1): Sequential(
          (0): Conv1d(128, 64, kernel_size=(7,), stride=(1,), padding=(3,))
          (1): BatchNorm1d(64, eps=1e-05, momentum=0.1, affine=True, track_running_stats=True)
          (2): ReLU()
          (3): Conv1d(64, 64, kernel_size=(7,), stride=(1,), padding=(3,))
          (4): BatchNorm1d(64, eps=1e-05, momentum=0.1, affine=True, track_running_stats=True)
          (5): ReLU()
        )
        (2): Sequential(
          (0): Conv1d(128, 64, kernel_size=(15,), stride=(1,), padding=(7,))
          (1): BatchNorm1d(64, eps=1e-05, momentum=0.1, affine=True, track_running_stats=True)
          (2): ReLU()
          (3): Conv1d(64, 64, kernel_size=(15,), stride=(1,), padding=(7,))
          (4): BatchNorm1d(64, eps=1e-05, momentum=0.1, affine=True, track_running_stats=True)
          (5): ReLU()
        )
      )
    )
  )
  (fusion): MLPFusion(
    (classifier): Sequential(
      (0): Linear(in_features=576, out_features=128, bias=True)
      (1): BatchNorm1d(128, eps=1e-05, momentum=0.1, affine=True, track_running_stats=True)
      (2): ReLU()
      (3): Dropout(p=0.5, inplace=False)
      (4): Linear(in_features=128, out_features=32, bias=True)
      (5): BatchNorm1d(32, eps=1e-05, momentum=0.1, affine=True, track_running_stats=True)
      (6): ReLU()
      (7): Dropout(p=0.5, inplace=False)
      (8): Linear(in_features=32, out_features=1, bias=True)
    )
  )
)
Epoch 001 | time=5.4s | train_loss=0.6641 | val_loss=0.6753 | val_auc=0.6118
  ✓ New best model (epoch 1, val_loss=0.6753, val_auc=0.6118) saved to checkpoints/gcn_lincs_graph_rdkit_vs_cnn_seed123.pt
Epoch 002 | time=3.4s | train_loss=0.5765 | val_loss=0.6635 | val_auc=0.6094
Epoch 003 | time=3.4s | train_loss=0.5125 | val_loss=0.6678 | val_auc=0.5887
Epoch 004 | time=3.4s | train_loss=0.4692 | val_loss=0.6682 | val_auc=0.5976
Epoch 005 | time=3.4s | train_loss=0.4371 | val_loss=0.6797 | val_auc=0.5962
Epoch 006 | time=3.4s | train_loss=0.4143 | val_loss=0.6870 | val_auc=0.6042
Epoch 007 | time=3.6s | train_loss=0.3929 | val_loss=0.6836 | val_auc=0.6159
  ✓ New best model (epoch 7, val_loss=0.6836, val_auc=0.6159) saved to checkpoints/gcn_lincs_graph_rdkit_vs_cnn_seed123.pt
Epoch 008 | time=3.4s | train_loss=0.3767 | val_loss=0.6863 | val_auc=0.6285
  ✓ New best model (epoch 8, val_loss=0.6863, val_auc=0.6285) saved to checkpoints/gcn_lincs_graph_rdkit_vs_cnn_seed123.pt
Epoch 009 | time=3.4s | train_loss=0.3607 | val_loss=0.6974 | val_auc=0.6177
Epoch 010 | time=3.4s | train_loss=0.3485 | val_loss=0.7140 | val_auc=0.6178
Epoch 011 | time=3.4s | train_loss=0.3439 | val_loss=0.7128 | val_auc=0.6291
  ✓ New best model (epoch 11, val_loss=0.7128, val_auc=0.6291) saved to checkpoints/gcn_lincs_graph_rdkit_vs_cnn_seed123.pt
Epoch 012 | time=3.4s | train_loss=0.3363 | val_loss=0.7036 | val_auc=0.6360
  ✓ New best model (epoch 12, val_loss=0.7036, val_auc=0.6360) saved to checkpoints/gcn_lincs_graph_rdkit_vs_cnn_seed123.pt
Epoch 013 | time=3.4s | train_loss=0.3266 | val_loss=0.7015 | val_auc=0.6424
  ✓ New best model (epoch 13, val_loss=0.7015, val_auc=0.6424) saved to checkpoints/gcn_lincs_graph_rdkit_vs_cnn_seed123.pt
Epoch 014 | time=3.4s | train_loss=0.3245 | val_loss=0.7483 | val_auc=0.6211
Epoch 015 | time=3.4s | train_loss=0.3179 | val_loss=0.7333 | val_auc=0.6371
Epoch 016 | time=3.5s | train_loss=0.3128 | val_loss=0.7337 | val_auc=0.6440
  ✓ New best model (epoch 16, val_loss=0.7337, val_auc=0.6440) saved to checkpoints/gcn_lincs_graph_rdkit_vs_cnn_seed123.pt
Epoch 017 | time=3.4s | train_loss=0.3098 | val_loss=0.7189 | val_auc=0.6529
  ✓ New best model (epoch 17, val_loss=0.7189, val_auc=0.6529) saved to checkpoints/gcn_lincs_graph_rdkit_vs_cnn_seed123.pt
Epoch 018 | time=3.4s | train_loss=0.3042 | val_loss=0.7252 | val_auc=0.6467
Epoch 019 | time=3.4s | train_loss=0.3036 | val_loss=0.7467 | val_auc=0.6444
Epoch 020 | time=3.4s | train_loss=0.3003 | val_loss=0.7409 | val_auc=0.6426
Epoch 021 | time=3.4s | train_loss=0.2958 | val_loss=0.7387 | val_auc=0.6468
Epoch 022 | time=3.4s | train_loss=0.2931 | val_loss=0.7527 | val_auc=0.6429
Epoch 023 | time=3.4s | train_loss=0.2921 | val_loss=0.7477 | val_auc=0.6451
Epoch 024 | time=3.4s | train_loss=0.2909 | val_loss=0.7509 | val_auc=0.6452
Epoch 025 | time=3.4s | train_loss=0.2915 | val_loss=0.7413 | val_auc=0.6498
Epoch 026 | time=3.4s | train_loss=0.2884 | val_loss=0.7446 | val_auc=0.6461
Epoch 027 | time=3.4s | train_loss=0.2888 | val_loss=0.7641 | val_auc=0.6429
Early stopping — no improvement for 10 epochs

Best model: epoch 17, val_loss=0.7641, val_auc=0.6529

═══ Test Results ═══
           auc: 0.7031
         auprc: 0.6648
            f1: 0.5781
     precision: 0.6695
        recall: 0.5086
          loss: 0.6702
