Uninstalled 1 package in 7ms
Installed 1 package in 11ms
/net/storage/pr3/plgrid/plggmlcil/plgkstankie/vvv/Multimodal-models-for-predicting-drug-target-interactions/.venv/lib/python3.11/site-packages/outdated/__init__.py:36: UserWarning: pkg_resources is deprecated as an API. See https://setuptools.pypa.io/en/latest/pkg_resources.html. The pkg_resources package is slated for removal as early as 2025-11-30. Refrain from using this package or pin to Setuptools<81.
  from pkg_resources import parse_version
Setting global random seed to 42
Using device: cuda
Loading clean data from: /net/storage/pr3/plgrid/plggmlcil/plgkstankie/vvv/Multimodal-models-for-predicting-drug-target-interactions/src/datasets/lincs_balanced.parquet
Dataset size: 27498
Split strategy: scaffold
Train: 19558  Val: 2885  Test: 5055
ESM2Processor: loaded 3580 embeddings (dim=1280) from /net/storage/pr3/plgrid/plggmlcil/plgkstankie/vvv/Multimodal-models-for-predicting-drug-target-interactions/src/datasets/esm2_t33_650M_UR50D.pt
SMILES encoders:  ['GCNEncoder']
Protein encoders: ['ProteinCNNEncoder', 'ESM2Encoder']
Building graph cache for 1264 SMILES...
  0%|          | 0/1264 [00:00<?, ?it/s]  8%|▊         | 100/1264 [00:00<00:01, 998.05it/s] 25%|██▍       | 313/1264 [00:00<00:00, 1660.30it/s] 42%|████▏     | 531/1264 [00:00<00:00, 1894.81it/s] 59%|█████▊    | 742/1264 [00:00<00:00, 1976.76it/s] 77%|███████▋  | 976/1264 [00:00<00:00, 2107.25it/s] 97%|█████████▋| 1222/1264 [00:00<00:00, 2225.09it/s]100%|██████████| 1264/1264 [00:00<00:00, 2045.20it/s]
Valid SMILES graphs: 1264
MultimodalDTI(
  (smiles_encoders): ModuleList(
    (0): GCNEncoder(
      (atom_encoder): AtomEncoder(
        (atom_embedding_list): ModuleList(
          (0): Embedding(119, 128)
          (1): Embedding(5, 128)
          (2-3): 2 x Embedding(12, 128)
          (4): Embedding(10, 128)
          (5-6): 2 x Embedding(6, 128)
          (7-8): 2 x Embedding(2, 128)
        )
      )
      (convs): ModuleList(
        (0-2): 3 x GCNConv(128, 128)
      )
      (bns): ModuleList(
        (0-2): 3 x BatchNorm1d(128, eps=1e-05, momentum=0.1, affine=True, track_running_stats=True)
      )
    )
  )
  (protein_encoders): ModuleList(
    (0): ProteinCNNEncoder(
      (embedding): Embedding(21, 128, padding_idx=0)
      (conv_blocks): ModuleList(
        (0): Sequential(
          (0): Conv1d(128, 64, kernel_size=(3,), stride=(1,), padding=(1,))
          (1): BatchNorm1d(64, eps=1e-05, momentum=0.1, affine=True, track_running_stats=True)
          (2): ReLU()
          (3): Conv1d(64, 64, kernel_size=(3,), stride=(1,), padding=(1,))
          (4): BatchNorm1d(64, eps=1e-05, momentum=0.1, affine=True, track_running_stats=True)
          (5): ReLU()
        )
        (1): Sequential(
          (0): Conv1d(128, 64, kernel_size=(7,), stride=(1,), padding=(3,))
          (1): BatchNorm1d(64, eps=1e-05, momentum=0.1, affine=True, track_running_stats=True)
          (2): ReLU()
          (3): Conv1d(64, 64, kernel_size=(7,), stride=(1,), padding=(3,))
          (4): BatchNorm1d(64, eps=1e-05, momentum=0.1, affine=True, track_running_stats=True)
          (5): ReLU()
        )
        (2): Sequential(
          (0): Conv1d(128, 64, kernel_size=(15,), stride=(1,), padding=(7,))
          (1): BatchNorm1d(64, eps=1e-05, momentum=0.1, affine=True, track_running_stats=True)
          (2): ReLU()
          (3): Conv1d(64, 64, kernel_size=(15,), stride=(1,), padding=(7,))
          (4): BatchNorm1d(64, eps=1e-05, momentum=0.1, affine=True, track_running_stats=True)
          (5): ReLU()
        )
      )
    )
    (1): ESM2Encoder(
      (projection): Sequential(
        (0): Linear(in_features=1280, out_features=256, bias=True)
        (1): LayerNorm((256,), eps=1e-05, elementwise_affine=True)
        (2): ReLU()
      )
    )
  )
  (fusion): MLPFusion(
    (classifier): Sequential(
      (0): Linear(in_features=576, out_features=128, bias=True)
      (1): BatchNorm1d(128, eps=1e-05, momentum=0.1, affine=True, track_running_stats=True)
      (2): ReLU()
      (3): Dropout(p=0.3, inplace=False)
      (4): Linear(in_features=128, out_features=32, bias=True)
      (5): BatchNorm1d(32, eps=1e-05, momentum=0.1, affine=True, track_running_stats=True)
      (6): ReLU()
      (7): Dropout(p=0.3, inplace=False)
      (8): Linear(in_features=32, out_features=1, bias=True)
    )
  )
)
Epoch 001 | time=13.0s | train_loss=0.5978 | val_loss=0.6205 | val_auc=0.7280
  ✓ New best model (epoch 1, val_loss=0.6205, val_auc=0.7280) saved to checkpoints/gcn_vs_cnn_esm2_seed42.pt
Epoch 002 | time=2.4s | train_loss=0.4726 | val_loss=0.5758 | val_auc=0.7658
  ✓ New best model (epoch 2, val_loss=0.5758, val_auc=0.7658) saved to checkpoints/gcn_vs_cnn_esm2_seed42.pt
Epoch 003 | time=2.4s | train_loss=0.4111 | val_loss=0.5504 | val_auc=0.7851
  ✓ New best model (epoch 3, val_loss=0.5504, val_auc=0.7851) saved to checkpoints/gcn_vs_cnn_esm2_seed42.pt
Epoch 004 | time=2.4s | train_loss=0.3724 | val_loss=0.5480 | val_auc=0.7917
  ✓ New best model (epoch 4, val_loss=0.5480, val_auc=0.7917) saved to checkpoints/gcn_vs_cnn_esm2_seed42.pt
Epoch 005 | time=2.4s | train_loss=0.3426 | val_loss=0.5380 | val_auc=0.8025
  ✓ New best model (epoch 5, val_loss=0.5380, val_auc=0.8025) saved to checkpoints/gcn_vs_cnn_esm2_seed42.pt
Epoch 006 | time=2.5s | train_loss=0.3204 | val_loss=0.5308 | val_auc=0.8063
  ✓ New best model (epoch 6, val_loss=0.5308, val_auc=0.8063) saved to checkpoints/gcn_vs_cnn_esm2_seed42.pt
Epoch 007 | time=2.4s | train_loss=0.3006 | val_loss=0.5336 | val_auc=0.8096
  ✓ New best model (epoch 7, val_loss=0.5336, val_auc=0.8096) saved to checkpoints/gcn_vs_cnn_esm2_seed42.pt
Epoch 008 | time=2.4s | train_loss=0.2828 | val_loss=0.5090 | val_auc=0.8231
  ✓ New best model (epoch 8, val_loss=0.5090, val_auc=0.8231) saved to checkpoints/gcn_vs_cnn_esm2_seed42.pt
Epoch 009 | time=2.4s | train_loss=0.2672 | val_loss=0.5227 | val_auc=0.8167
Epoch 010 | time=2.4s | train_loss=0.2551 | val_loss=0.5313 | val_auc=0.8191
Epoch 011 | time=2.4s | train_loss=0.2430 | val_loss=0.4993 | val_auc=0.8323
  ✓ New best model (epoch 11, val_loss=0.4993, val_auc=0.8323) saved to checkpoints/gcn_vs_cnn_esm2_seed42.pt
Epoch 012 | time=2.4s | train_loss=0.2318 | val_loss=0.5100 | val_auc=0.8270
Epoch 013 | time=2.4s | train_loss=0.2213 | val_loss=0.5083 | val_auc=0.8309
Epoch 014 | time=2.4s | train_loss=0.2119 | val_loss=0.5126 | val_auc=0.8331
  ✓ New best model (epoch 14, val_loss=0.5126, val_auc=0.8331) saved to checkpoints/gcn_vs_cnn_esm2_seed42.pt
Epoch 015 | time=2.4s | train_loss=0.2040 | val_loss=0.5053 | val_auc=0.8394
  ✓ New best model (epoch 15, val_loss=0.5053, val_auc=0.8394) saved to checkpoints/gcn_vs_cnn_esm2_seed42.pt
Epoch 016 | time=2.4s | train_loss=0.1945 | val_loss=0.5352 | val_auc=0.8294
Epoch 017 | time=2.5s | train_loss=0.1865 | val_loss=0.4849 | val_auc=0.8515
  ✓ New best model (epoch 17, val_loss=0.4849, val_auc=0.8515) saved to checkpoints/gcn_vs_cnn_esm2_seed42.pt
Epoch 018 | time=2.4s | train_loss=0.1802 | val_loss=0.5036 | val_auc=0.8422
Epoch 019 | time=2.4s | train_loss=0.1737 | val_loss=0.5091 | val_auc=0.8440
Epoch 020 | time=2.4s | train_loss=0.1661 | val_loss=0.5031 | val_auc=0.8450
Epoch 021 | time=2.5s | train_loss=0.1598 | val_loss=0.5206 | val_auc=0.8525
  ✓ New best model (epoch 21, val_loss=0.5206, val_auc=0.8525) saved to checkpoints/gcn_vs_cnn_esm2_seed42.pt
Epoch 022 | time=2.4s | train_loss=0.1547 | val_loss=0.5177 | val_auc=0.8442
Epoch 023 | time=2.4s | train_loss=0.1506 | val_loss=0.4979 | val_auc=0.8507
Epoch 024 | time=2.4s | train_loss=0.1396 | val_loss=0.5053 | val_auc=0.8497
Epoch 025 | time=2.4s | train_loss=0.1338 | val_loss=0.5233 | val_auc=0.8466
Epoch 026 | time=2.4s | train_loss=0.1322 | val_loss=0.5106 | val_auc=0.8505
Epoch 027 | time=2.4s | train_loss=0.1275 | val_loss=0.5101 | val_auc=0.8509
Epoch 028 | time=2.4s | train_loss=0.1244 | val_loss=0.5146 | val_auc=0.8444
Epoch 029 | time=2.4s | train_loss=0.1244 | val_loss=0.4960 | val_auc=0.8566
  ✓ New best model (epoch 29, val_loss=0.4960, val_auc=0.8566) saved to checkpoints/gcn_vs_cnn_esm2_seed42.pt
Epoch 030 | time=2.4s | train_loss=0.1194 | val_loss=0.5059 | val_auc=0.8540
Epoch 031 | time=2.4s | train_loss=0.1158 | val_loss=0.5139 | val_auc=0.8529
Epoch 032 | time=2.4s | train_loss=0.1143 | val_loss=0.5116 | val_auc=0.8520
Epoch 033 | time=2.4s | train_loss=0.1136 | val_loss=0.5016 | val_auc=0.8583
  ✓ New best model (epoch 33, val_loss=0.5016, val_auc=0.8583) saved to checkpoints/gcn_vs_cnn_esm2_seed42.pt
Epoch 034 | time=2.4s | train_loss=0.1123 | val_loss=0.5158 | val_auc=0.8547
Epoch 035 | time=2.5s | train_loss=0.1123 | val_loss=0.5239 | val_auc=0.8517
Epoch 036 | time=2.4s | train_loss=0.1080 | val_loss=0.5103 | val_auc=0.8547
Epoch 037 | time=2.4s | train_loss=0.1060 | val_loss=0.5130 | val_auc=0.8544
Epoch 038 | time=2.4s | train_loss=0.1055 | val_loss=0.5124 | val_auc=0.8540
Epoch 039 | time=2.4s | train_loss=0.1058 | val_loss=0.5181 | val_auc=0.8539
Epoch 040 | time=2.4s | train_loss=0.1041 | val_loss=0.5196 | val_auc=0.8558
Epoch 041 | time=2.4s | train_loss=0.1046 | val_loss=0.5208 | val_auc=0.8550
Epoch 042 | time=2.4s | train_loss=0.1032 | val_loss=0.5163 | val_auc=0.8550
Epoch 043 | time=2.6s | train_loss=0.1024 | val_loss=0.5172 | val_auc=0.8545
Early stopping — no improvement for 10 epochs

Best model: epoch 33, val_loss=0.5172, val_auc=0.8583

═══ Test Results ═══
           auc: 0.7308
         auprc: 0.6979
            f1: 0.6076
     precision: 0.6336
        recall: 0.5836
          loss: 0.7851
