Uninstalled 1 package in 7ms
Installed 1 package in 11ms
/net/storage/pr3/plgrid/plggmlcil/plgkstankie/vvv/Multimodal-models-for-predicting-drug-target-interactions/.venv/lib/python3.11/site-packages/outdated/__init__.py:36: UserWarning: pkg_resources is deprecated as an API. See https://setuptools.pypa.io/en/latest/pkg_resources.html. The pkg_resources package is slated for removal as early as 2025-11-30. Refrain from using this package or pin to Setuptools<81.
  from pkg_resources import parse_version
Setting global random seed to 2026
Using device: cuda
Loading clean data from: /net/storage/pr3/plgrid/plggmlcil/plgkstankie/vvv/Multimodal-models-for-predicting-drug-target-interactions/src/datasets/lincs_balanced.parquet
Dataset size: 27498
Split strategy: cold_target
  K3 cold-target split: 900 train proteins, 124 val proteins, 195 test proteins
Train: 19163  Val: 3874  Test: 4461
Fitting MinMaxScaler on 1264 cached RDKit descriptors...
SMILES encoders:  ['GCNEncoder', 'LincsGraphEncoder', 'RDKitDescriptorEncoder']
Protein encoders: ['ProteinCNNEncoder']
Building graph cache for 1264 SMILES...
  0%|          | 0/1264 [00:00<?, ?it/s] 19%|█▉        | 240/1264 [00:00<00:00, 2391.72it/s] 38%|███▊      | 480/1264 [00:00<00:00, 2351.61it/s] 57%|█████▋    | 716/1264 [00:00<00:00, 2305.45it/s] 75%|███████▌  | 948/1264 [00:00<00:00, 2309.34it/s] 95%|█████████▍| 1200/1264 [00:00<00:00, 2384.09it/s]100%|██████████| 1264/1264 [00:00<00:00, 2370.79it/s]
Valid SMILES graphs: 1264
MultimodalDTI(
  (smiles_encoders): ModuleList(
    (0): GCNEncoder(
      (atom_encoder): AtomEncoder(
        (atom_embedding_list): ModuleList(
          (0): Embedding(119, 128)
          (1): Embedding(5, 128)
          (2-3): 2 x Embedding(12, 128)
          (4): Embedding(10, 128)
          (5-6): 2 x Embedding(6, 128)
          (7-8): 2 x Embedding(2, 128)
        )
      )
      (convs): ModuleList(
        (0-2): 3 x GCNConv(128, 128)
      )
      (bns): ModuleList(
        (0-2): 3 x BatchNorm1d(128, eps=1e-05, momentum=0.1, affine=True, track_running_stats=True)
      )
    )
    (1): LincsGraphEncoder(
      (proj): Linear(in_features=1, out_features=128, bias=True)
      (convs): ModuleList(
        (0-1): 2 x DenseGCNConv(
          (linear): Linear(in_features=128, out_features=128, bias=False)
        )
      )
      (bns): ModuleList(
        (0-1): 2 x BatchNorm1d(128, eps=1e-05, momentum=0.1, affine=True, track_running_stats=True)
      )
      (pool_proj): Linear(in_features=128, out_features=128, bias=True)
    )
    (2): RDKitDescriptorEncoder(
      (mlp): Sequential(
        (0): Linear(in_features=210, out_features=256, bias=True)
        (1): BatchNorm1d(256, eps=1e-05, momentum=0.1, affine=True, track_running_stats=True)
        (2): ReLU()
        (3): Dropout(p=0.5, inplace=False)
        (4): Linear(in_features=256, out_features=128, bias=True)
        (5): BatchNorm1d(128, eps=1e-05, momentum=0.1, affine=True, track_running_stats=True)
        (6): ReLU()
      )
    )
  )
  (protein_encoders): ModuleList(
    (0): ProteinCNNEncoder(
      (embedding): Embedding(21, 128, padding_idx=0)
      (conv_blocks): ModuleList(
        (0): Sequential(
          (0): Conv1d(128, 64, kernel_size=(3,), stride=(1,), padding=(1,))
          (1): BatchNorm1d(64, eps=1e-05, momentum=0.1, affine=True, track_running_stats=True)
          (2): ReLU()
          (3): Conv1d(64, 64, kernel_size=(3,), stride=(1,), padding=(1,))
          (4): BatchNorm1d(64, eps=1e-05, momentum=0.1, affine=True, track_running_stats=True)
          (5): ReLU()
        )
        (1): Sequential(
          (0): Conv1d(128, 64, kernel_size=(7,), stride=(1,), padding=(3,))
          (1): BatchNorm1d(64, eps=1e-05, momentum=0.1, affine=True, track_running_stats=True)
          (2): ReLU()
          (3): Conv1d(64, 64, kernel_size=(7,), stride=(1,), padding=(3,))
          (4): BatchNorm1d(64, eps=1e-05, momentum=0.1, affine=True, track_running_stats=True)
          (5): ReLU()
        )
        (2): Sequential(
          (0): Conv1d(128, 64, kernel_size=(15,), stride=(1,), padding=(7,))
          (1): BatchNorm1d(64, eps=1e-05, momentum=0.1, affine=True, track_running_stats=True)
          (2): ReLU()
          (3): Conv1d(64, 64, kernel_size=(15,), stride=(1,), padding=(7,))
          (4): BatchNorm1d(64, eps=1e-05, momentum=0.1, affine=True, track_running_stats=True)
          (5): ReLU()
        )
      )
    )
  )
  (fusion): MLPFusion(
    (classifier): Sequential(
      (0): Linear(in_features=576, out_features=128, bias=True)
      (1): BatchNorm1d(128, eps=1e-05, momentum=0.1, affine=True, track_running_stats=True)
      (2): ReLU()
      (3): Dropout(p=0.5, inplace=False)
      (4): Linear(in_features=128, out_features=32, bias=True)
      (5): BatchNorm1d(32, eps=1e-05, momentum=0.1, affine=True, track_running_stats=True)
      (6): ReLU()
      (7): Dropout(p=0.5, inplace=False)
      (8): Linear(in_features=32, out_features=1, bias=True)
    )
  )
)
Epoch 001 | time=4.8s | train_loss=0.6579 | val_loss=0.6773 | val_auc=0.5639
  ✓ New best model (epoch 1, val_loss=0.6773, val_auc=0.5639) saved to checkpoints/gcn_lincs_graph_rdkit_vs_cnn_seed2026.pt
Epoch 002 | time=3.5s | train_loss=0.5714 | val_loss=0.6761 | val_auc=0.5685
  ✓ New best model (epoch 2, val_loss=0.6761, val_auc=0.5685) saved to checkpoints/gcn_lincs_graph_rdkit_vs_cnn_seed2026.pt
Epoch 003 | time=3.5s | train_loss=0.5097 | val_loss=0.6699 | val_auc=0.5925
  ✓ New best model (epoch 3, val_loss=0.6699, val_auc=0.5925) saved to checkpoints/gcn_lincs_graph_rdkit_vs_cnn_seed2026.pt
Epoch 004 | time=3.5s | train_loss=0.4731 | val_loss=0.6640 | val_auc=0.6104
  ✓ New best model (epoch 4, val_loss=0.6640, val_auc=0.6104) saved to checkpoints/gcn_lincs_graph_rdkit_vs_cnn_seed2026.pt
Epoch 005 | time=3.5s | train_loss=0.4418 | val_loss=0.6660 | val_auc=0.6182
  ✓ New best model (epoch 5, val_loss=0.6660, val_auc=0.6182) saved to checkpoints/gcn_lincs_graph_rdkit_vs_cnn_seed2026.pt
Epoch 006 | time=3.4s | train_loss=0.4195 | val_loss=0.6480 | val_auc=0.6582
  ✓ New best model (epoch 6, val_loss=0.6480, val_auc=0.6582) saved to checkpoints/gcn_lincs_graph_rdkit_vs_cnn_seed2026.pt
Epoch 007 | time=3.6s | train_loss=0.3992 | val_loss=0.6514 | val_auc=0.6573
Epoch 008 | time=3.5s | train_loss=0.3822 | val_loss=0.6624 | val_auc=0.6566
Epoch 009 | time=3.5s | train_loss=0.3680 | val_loss=0.6907 | val_auc=0.6311
Epoch 010 | time=3.5s | train_loss=0.3507 | val_loss=0.6757 | val_auc=0.6465
Epoch 011 | time=3.5s | train_loss=0.3426 | val_loss=0.6709 | val_auc=0.6765
  ✓ New best model (epoch 11, val_loss=0.6709, val_auc=0.6765) saved to checkpoints/gcn_lincs_graph_rdkit_vs_cnn_seed2026.pt
Epoch 012 | time=3.5s | train_loss=0.3261 | val_loss=0.7010 | val_auc=0.6464
Epoch 013 | time=3.5s | train_loss=0.3132 | val_loss=0.6822 | val_auc=0.6792
  ✓ New best model (epoch 13, val_loss=0.6822, val_auc=0.6792) saved to checkpoints/gcn_lincs_graph_rdkit_vs_cnn_seed2026.pt
Epoch 014 | time=3.5s | train_loss=0.3091 | val_loss=0.6845 | val_auc=0.6729
Epoch 015 | time=3.5s | train_loss=0.3029 | val_loss=0.6845 | val_auc=0.6815
  ✓ New best model (epoch 15, val_loss=0.6845, val_auc=0.6815) saved to checkpoints/gcn_lincs_graph_rdkit_vs_cnn_seed2026.pt
Epoch 016 | time=3.6s | train_loss=0.2985 | val_loss=0.6956 | val_auc=0.6661
Epoch 017 | time=3.5s | train_loss=0.2931 | val_loss=0.6879 | val_auc=0.6790
Epoch 018 | time=3.5s | train_loss=0.2872 | val_loss=0.6865 | val_auc=0.6886
  ✓ New best model (epoch 18, val_loss=0.6865, val_auc=0.6886) saved to checkpoints/gcn_lincs_graph_rdkit_vs_cnn_seed2026.pt
Epoch 019 | time=3.5s | train_loss=0.2772 | val_loss=0.7089 | val_auc=0.6774
Epoch 020 | time=3.5s | train_loss=0.2783 | val_loss=0.7045 | val_auc=0.6828
Epoch 021 | time=3.5s | train_loss=0.2735 | val_loss=0.7073 | val_auc=0.6792
Epoch 022 | time=3.5s | train_loss=0.2730 | val_loss=0.7127 | val_auc=0.6766
Epoch 023 | time=3.5s | train_loss=0.2697 | val_loss=0.7174 | val_auc=0.6780
Epoch 024 | time=3.5s | train_loss=0.2673 | val_loss=0.7030 | val_auc=0.6856
Epoch 025 | time=3.5s | train_loss=0.2642 | val_loss=0.7033 | val_auc=0.6865
Epoch 026 | time=3.5s | train_loss=0.2645 | val_loss=0.7114 | val_auc=0.6878
Epoch 027 | time=3.5s | train_loss=0.2621 | val_loss=0.7100 | val_auc=0.6882
Epoch 028 | time=3.5s | train_loss=0.2614 | val_loss=0.7072 | val_auc=0.6881
Early stopping — no improvement for 10 epochs

Best model: epoch 18, val_loss=0.7072, val_auc=0.6886

═══ Test Results ═══
           auc: 0.7004
         auprc: 0.6418
            f1: 0.5960
     precision: 0.6433
        recall: 0.5552
          loss: 0.6689
