Uninstalled 1 package in 8ms
Installed 1 package in 11ms
/net/storage/pr3/plgrid/plggmlcil/plgkstankie/vvv/Multimodal-models-for-predicting-drug-target-interactions/.venv/lib/python3.11/site-packages/outdated/__init__.py:36: UserWarning: pkg_resources is deprecated as an API. See https://setuptools.pypa.io/en/latest/pkg_resources.html. The pkg_resources package is slated for removal as early as 2025-11-30. Refrain from using this package or pin to Setuptools<81.
  from pkg_resources import parse_version
Setting global random seed to 42
Using device: cuda
Loading clean data from: /net/storage/pr3/plgrid/plggmlcil/plgkstankie/vvv/Multimodal-models-for-predicting-drug-target-interactions/src/datasets/lincs_balanced.parquet
Dataset size: 27498
Train: 19558  Val: 2885  Test: 5055
ChemBERTProcessor: loaded 236379 embeddings (dim=768) from /net/storage/pr3/plgrid/plggmlcil/plgkstankie/vvv/Multimodal-models-for-predicting-drug-target-interactions/src/datasets/ChemBERTa-zinc-base-v1.pt
Fitting MinMaxScaler on 1264 cached RDKit descriptors...
SMILES encoders:  ['ChemBERTEncoder', 'LincsEncoder', 'RDKitDescriptorEncoder']
Protein encoders: ['ProteinCNNEncoder']
MultimodalDTI(
  (smiles_encoders): ModuleList(
    (0): ChemBERTEncoder(
      (projection): Sequential(
        (0): Linear(in_features=768, out_features=128, bias=True)
        (1): LayerNorm((128,), eps=1e-05, elementwise_affine=True)
        (2): ReLU()
      )
    )
    (1): LincsEncoder(
      (mlp): Sequential(
        (0): Linear(in_features=978, out_features=128, bias=True)
        (1): BatchNorm1d(128, eps=1e-05, momentum=0.1, affine=True, track_running_stats=True)
        (2): ReLU()
        (3): Dropout(p=0.5, inplace=False)
        (4): Linear(in_features=128, out_features=128, bias=True)
        (5): BatchNorm1d(128, eps=1e-05, momentum=0.1, affine=True, track_running_stats=True)
        (6): ReLU()
      )
    )
    (2): RDKitDescriptorEncoder(
      (mlp): Sequential(
        (0): Linear(in_features=210, out_features=256, bias=True)
        (1): BatchNorm1d(256, eps=1e-05, momentum=0.1, affine=True, track_running_stats=True)
        (2): ReLU()
        (3): Dropout(p=0.5, inplace=False)
        (4): Linear(in_features=256, out_features=128, bias=True)
        (5): BatchNorm1d(128, eps=1e-05, momentum=0.1, affine=True, track_running_stats=True)
        (6): ReLU()
      )
    )
  )
  (protein_encoders): ModuleList(
    (0): ProteinCNNEncoder(
      (embedding): Embedding(21, 128, padding_idx=0)
      (conv_blocks): ModuleList(
        (0): Sequential(
          (0): Conv1d(128, 64, kernel_size=(3,), stride=(1,), padding=(1,))
          (1): BatchNorm1d(64, eps=1e-05, momentum=0.1, affine=True, track_running_stats=True)
          (2): ReLU()
          (3): Conv1d(64, 64, kernel_size=(3,), stride=(1,), padding=(1,))
          (4): BatchNorm1d(64, eps=1e-05, momentum=0.1, affine=True, track_running_stats=True)
          (5): ReLU()
        )
        (1): Sequential(
          (0): Conv1d(128, 64, kernel_size=(7,), stride=(1,), padding=(3,))
          (1): BatchNorm1d(64, eps=1e-05, momentum=0.1, affine=True, track_running_stats=True)
          (2): ReLU()
          (3): Conv1d(64, 64, kernel_size=(7,), stride=(1,), padding=(3,))
          (4): BatchNorm1d(64, eps=1e-05, momentum=0.1, affine=True, track_running_stats=True)
          (5): ReLU()
        )
        (2): Sequential(
          (0): Conv1d(128, 64, kernel_size=(15,), stride=(1,), padding=(7,))
          (1): BatchNorm1d(64, eps=1e-05, momentum=0.1, affine=True, track_running_stats=True)
          (2): ReLU()
          (3): Conv1d(64, 64, kernel_size=(15,), stride=(1,), padding=(7,))
          (4): BatchNorm1d(64, eps=1e-05, momentum=0.1, affine=True, track_running_stats=True)
          (5): ReLU()
        )
      )
    )
  )
  (fusion): MLPFusion(
    (classifier): Sequential(
      (0): Linear(in_features=576, out_features=128, bias=True)
      (1): BatchNorm1d(128, eps=1e-05, momentum=0.1, affine=True, track_running_stats=True)
      (2): ReLU()
      (3): Dropout(p=0.5, inplace=False)
      (4): Linear(in_features=128, out_features=32, bias=True)
      (5): BatchNorm1d(32, eps=1e-05, momentum=0.1, affine=True, track_running_stats=True)
      (6): ReLU()
      (7): Dropout(p=0.5, inplace=False)
      (8): Linear(in_features=32, out_features=1, bias=True)
    )
  )
)
Epoch 001 | time=9.6s | train_loss=0.6159 | val_loss=0.6425 | val_auc=0.6852
  ✓ New best model (epoch 1, val_loss=0.6425, val_auc=0.6852) saved to checkpoints/chembert_rdkit_lincs_vs_cnn_seed42.pt
Epoch 002 | time=1.6s | train_loss=0.5165 | val_loss=0.6108 | val_auc=0.7352
  ✓ New best model (epoch 2, val_loss=0.6108, val_auc=0.7352) saved to checkpoints/chembert_rdkit_lincs_vs_cnn_seed42.pt
Epoch 003 | time=1.6s | train_loss=0.4581 | val_loss=0.5983 | val_auc=0.7467
  ✓ New best model (epoch 3, val_loss=0.5983, val_auc=0.7467) saved to checkpoints/chembert_rdkit_lincs_vs_cnn_seed42.pt
Epoch 004 | time=1.6s | train_loss=0.4204 | val_loss=0.5819 | val_auc=0.7663
  ✓ New best model (epoch 4, val_loss=0.5819, val_auc=0.7663) saved to checkpoints/chembert_rdkit_lincs_vs_cnn_seed42.pt
Epoch 005 | time=1.6s | train_loss=0.3894 | val_loss=0.5679 | val_auc=0.7810
  ✓ New best model (epoch 5, val_loss=0.5679, val_auc=0.7810) saved to checkpoints/chembert_rdkit_lincs_vs_cnn_seed42.pt
Epoch 006 | time=1.6s | train_loss=0.3635 | val_loss=0.5752 | val_auc=0.7719
Epoch 007 | time=1.6s | train_loss=0.3401 | val_loss=0.5771 | val_auc=0.7772
Epoch 008 | time=1.6s | train_loss=0.3257 | val_loss=0.5656 | val_auc=0.7899
  ✓ New best model (epoch 8, val_loss=0.5656, val_auc=0.7899) saved to checkpoints/chembert_rdkit_lincs_vs_cnn_seed42.pt
Epoch 009 | time=1.6s | train_loss=0.3037 | val_loss=0.5720 | val_auc=0.7842
Epoch 010 | time=1.6s | train_loss=0.2881 | val_loss=0.5864 | val_auc=0.7784
Epoch 011 | time=1.6s | train_loss=0.2733 | val_loss=0.5680 | val_auc=0.7910
  ✓ New best model (epoch 11, val_loss=0.5680, val_auc=0.7910) saved to checkpoints/chembert_rdkit_lincs_vs_cnn_seed42.pt
Epoch 012 | time=1.6s | train_loss=0.2605 | val_loss=0.5781 | val_auc=0.7900
Epoch 013 | time=1.6s | train_loss=0.2499 | val_loss=0.5871 | val_auc=0.7878
Epoch 014 | time=1.6s | train_loss=0.2396 | val_loss=0.5711 | val_auc=0.7941
  ✓ New best model (epoch 14, val_loss=0.5711, val_auc=0.7941) saved to checkpoints/chembert_rdkit_lincs_vs_cnn_seed42.pt
Epoch 015 | time=1.6s | train_loss=0.2259 | val_loss=0.5774 | val_auc=0.7953
  ✓ New best model (epoch 15, val_loss=0.5774, val_auc=0.7953) saved to checkpoints/chembert_rdkit_lincs_vs_cnn_seed42.pt
Epoch 016 | time=1.6s | train_loss=0.2196 | val_loss=0.5785 | val_auc=0.7956
  ✓ New best model (epoch 16, val_loss=0.5785, val_auc=0.7956) saved to checkpoints/chembert_rdkit_lincs_vs_cnn_seed42.pt
Epoch 017 | time=1.6s | train_loss=0.2128 | val_loss=0.5839 | val_auc=0.7945
Epoch 018 | time=1.6s | train_loss=0.2079 | val_loss=0.5880 | val_auc=0.7923
Epoch 019 | time=1.6s | train_loss=0.2030 | val_loss=0.5975 | val_auc=0.7951
Epoch 020 | time=1.6s | train_loss=0.1989 | val_loss=0.6004 | val_auc=0.7916
Epoch 021 | time=1.6s | train_loss=0.1949 | val_loss=0.6000 | val_auc=0.7950
Epoch 022 | time=1.6s | train_loss=0.1864 | val_loss=0.6087 | val_auc=0.7918
Epoch 023 | time=1.6s | train_loss=0.1848 | val_loss=0.6075 | val_auc=0.7925
Epoch 024 | time=1.6s | train_loss=0.1842 | val_loss=0.6055 | val_auc=0.7917
Epoch 025 | time=1.6s | train_loss=0.1849 | val_loss=0.6060 | val_auc=0.7948
Epoch 026 | time=1.6s | train_loss=0.1769 | val_loss=0.6057 | val_auc=0.7951
Early stopping — no improvement for 10 epochs

Best model: epoch 16, val_loss=0.6057, val_auc=0.7956

═══ Test Results ═══
           auc: 0.7284
         auprc: 0.6536
            f1: 0.6329
     precision: 0.6273
        recall: 0.6386
          loss: 0.6760
