Uninstalled 1 package in 8ms
Installed 1 package in 11ms
/net/storage/pr3/plgrid/plggmlcil/plgkstankie/vvv/Multimodal-models-for-predicting-drug-target-interactions/.venv/lib/python3.11/site-packages/outdated/__init__.py:36: UserWarning: pkg_resources is deprecated as an API. See https://setuptools.pypa.io/en/latest/pkg_resources.html. The pkg_resources package is slated for removal as early as 2025-11-30. Refrain from using this package or pin to Setuptools<81.
  from pkg_resources import parse_version
Setting global random seed to 1024
Using device: cuda
Loading clean data from: /net/storage/pr3/plgrid/plggmlcil/plgkstankie/vvv/Multimodal-models-for-predicting-drug-target-interactions/src/datasets/lincs_balanced.parquet
Dataset size: 27498
Train: 19558  Val: 2885  Test: 5055
ChemBERTProcessor: loaded 236379 embeddings (dim=768) from /net/storage/pr3/plgrid/plggmlcil/plgkstankie/vvv/Multimodal-models-for-predicting-drug-target-interactions/src/datasets/ChemBERTa-zinc-base-v1.pt
Fitting MinMaxScaler on 1264 cached RDKit descriptors...
SMILES encoders:  ['ChemBERTEncoder', 'LincsEncoder', 'RDKitDescriptorEncoder']
Protein encoders: ['ProteinCNNEncoder']
MultimodalDTI(
  (smiles_encoders): ModuleList(
    (0): ChemBERTEncoder(
      (projection): Sequential(
        (0): Linear(in_features=768, out_features=128, bias=True)
        (1): LayerNorm((128,), eps=1e-05, elementwise_affine=True)
        (2): ReLU()
      )
    )
    (1): LincsEncoder(
      (mlp): Sequential(
        (0): Linear(in_features=978, out_features=128, bias=True)
        (1): BatchNorm1d(128, eps=1e-05, momentum=0.1, affine=True, track_running_stats=True)
        (2): ReLU()
        (3): Dropout(p=0.5, inplace=False)
        (4): Linear(in_features=128, out_features=128, bias=True)
        (5): BatchNorm1d(128, eps=1e-05, momentum=0.1, affine=True, track_running_stats=True)
        (6): ReLU()
      )
    )
    (2): RDKitDescriptorEncoder(
      (mlp): Sequential(
        (0): Linear(in_features=210, out_features=256, bias=True)
        (1): BatchNorm1d(256, eps=1e-05, momentum=0.1, affine=True, track_running_stats=True)
        (2): ReLU()
        (3): Dropout(p=0.5, inplace=False)
        (4): Linear(in_features=256, out_features=128, bias=True)
        (5): BatchNorm1d(128, eps=1e-05, momentum=0.1, affine=True, track_running_stats=True)
        (6): ReLU()
      )
    )
  )
  (protein_encoders): ModuleList(
    (0): ProteinCNNEncoder(
      (embedding): Embedding(21, 128, padding_idx=0)
      (conv_blocks): ModuleList(
        (0): Sequential(
          (0): Conv1d(128, 64, kernel_size=(3,), stride=(1,), padding=(1,))
          (1): BatchNorm1d(64, eps=1e-05, momentum=0.1, affine=True, track_running_stats=True)
          (2): ReLU()
          (3): Conv1d(64, 64, kernel_size=(3,), stride=(1,), padding=(1,))
          (4): BatchNorm1d(64, eps=1e-05, momentum=0.1, affine=True, track_running_stats=True)
          (5): ReLU()
        )
        (1): Sequential(
          (0): Conv1d(128, 64, kernel_size=(7,), stride=(1,), padding=(3,))
          (1): BatchNorm1d(64, eps=1e-05, momentum=0.1, affine=True, track_running_stats=True)
          (2): ReLU()
          (3): Conv1d(64, 64, kernel_size=(7,), stride=(1,), padding=(3,))
          (4): BatchNorm1d(64, eps=1e-05, momentum=0.1, affine=True, track_running_stats=True)
          (5): ReLU()
        )
        (2): Sequential(
          (0): Conv1d(128, 64, kernel_size=(15,), stride=(1,), padding=(7,))
          (1): BatchNorm1d(64, eps=1e-05, momentum=0.1, affine=True, track_running_stats=True)
          (2): ReLU()
          (3): Conv1d(64, 64, kernel_size=(15,), stride=(1,), padding=(7,))
          (4): BatchNorm1d(64, eps=1e-05, momentum=0.1, affine=True, track_running_stats=True)
          (5): ReLU()
        )
      )
    )
  )
  (fusion): MLPFusion(
    (classifier): Sequential(
      (0): Linear(in_features=576, out_features=128, bias=True)
      (1): BatchNorm1d(128, eps=1e-05, momentum=0.1, affine=True, track_running_stats=True)
      (2): ReLU()
      (3): Dropout(p=0.5, inplace=False)
      (4): Linear(in_features=128, out_features=32, bias=True)
      (5): BatchNorm1d(32, eps=1e-05, momentum=0.1, affine=True, track_running_stats=True)
      (6): ReLU()
      (7): Dropout(p=0.5, inplace=False)
      (8): Linear(in_features=32, out_features=1, bias=True)
    )
  )
)
Epoch 001 | time=2.2s | train_loss=0.6242 | val_loss=0.6442 | val_auc=0.6973
  ✓ New best model (epoch 1, val_loss=0.6442, val_auc=0.6973) saved to checkpoints/chembert_rdkit_lincs_vs_cnn_seed1024.pt
Epoch 002 | time=1.5s | train_loss=0.5224 | val_loss=0.6132 | val_auc=0.7343
  ✓ New best model (epoch 2, val_loss=0.6132, val_auc=0.7343) saved to checkpoints/chembert_rdkit_lincs_vs_cnn_seed1024.pt
Epoch 003 | time=1.5s | train_loss=0.4691 | val_loss=0.5922 | val_auc=0.7522
  ✓ New best model (epoch 3, val_loss=0.5922, val_auc=0.7522) saved to checkpoints/chembert_rdkit_lincs_vs_cnn_seed1024.pt
Epoch 004 | time=1.5s | train_loss=0.4310 | val_loss=0.5796 | val_auc=0.7666
  ✓ New best model (epoch 4, val_loss=0.5796, val_auc=0.7666) saved to checkpoints/chembert_rdkit_lincs_vs_cnn_seed1024.pt
Epoch 005 | time=1.5s | train_loss=0.4033 | val_loss=0.5766 | val_auc=0.7685
  ✓ New best model (epoch 5, val_loss=0.5766, val_auc=0.7685) saved to checkpoints/chembert_rdkit_lincs_vs_cnn_seed1024.pt
Epoch 006 | time=1.5s | train_loss=0.3746 | val_loss=0.5634 | val_auc=0.7837
  ✓ New best model (epoch 6, val_loss=0.5634, val_auc=0.7837) saved to checkpoints/chembert_rdkit_lincs_vs_cnn_seed1024.pt
Epoch 007 | time=1.5s | train_loss=0.3549 | val_loss=0.5617 | val_auc=0.7848
  ✓ New best model (epoch 7, val_loss=0.5617, val_auc=0.7848) saved to checkpoints/chembert_rdkit_lincs_vs_cnn_seed1024.pt
Epoch 008 | time=1.5s | train_loss=0.3364 | val_loss=0.5520 | val_auc=0.7961
  ✓ New best model (epoch 8, val_loss=0.5520, val_auc=0.7961) saved to checkpoints/chembert_rdkit_lincs_vs_cnn_seed1024.pt
Epoch 009 | time=1.5s | train_loss=0.3194 | val_loss=0.5586 | val_auc=0.7912
Epoch 010 | time=1.5s | train_loss=0.3029 | val_loss=0.5606 | val_auc=0.7892
Epoch 011 | time=1.5s | train_loss=0.2909 | val_loss=0.5584 | val_auc=0.7950
Epoch 012 | time=1.5s | train_loss=0.2742 | val_loss=0.5553 | val_auc=0.7923
Epoch 013 | time=1.5s | train_loss=0.2635 | val_loss=0.5447 | val_auc=0.8018
  ✓ New best model (epoch 13, val_loss=0.5447, val_auc=0.8018) saved to checkpoints/chembert_rdkit_lincs_vs_cnn_seed1024.pt
Epoch 014 | time=1.5s | train_loss=0.2521 | val_loss=0.5597 | val_auc=0.7931
Epoch 015 | time=1.5s | train_loss=0.2414 | val_loss=0.5612 | val_auc=0.7983
Epoch 016 | time=1.5s | train_loss=0.2318 | val_loss=0.5610 | val_auc=0.7972
Epoch 017 | time=1.5s | train_loss=0.2255 | val_loss=0.5654 | val_auc=0.7959
Epoch 018 | time=1.5s | train_loss=0.2146 | val_loss=0.5578 | val_auc=0.8029
  ✓ New best model (epoch 18, val_loss=0.5578, val_auc=0.8029) saved to checkpoints/chembert_rdkit_lincs_vs_cnn_seed1024.pt
Epoch 019 | time=1.5s | train_loss=0.2054 | val_loss=0.5656 | val_auc=0.7995
Epoch 020 | time=1.5s | train_loss=0.1964 | val_loss=0.5660 | val_auc=0.8007
Epoch 021 | time=1.5s | train_loss=0.1878 | val_loss=0.5864 | val_auc=0.7914
Epoch 022 | time=1.5s | train_loss=0.1831 | val_loss=0.5755 | val_auc=0.7997
Epoch 023 | time=1.5s | train_loss=0.1790 | val_loss=0.5694 | val_auc=0.8024
Epoch 024 | time=1.5s | train_loss=0.1779 | val_loss=0.5798 | val_auc=0.7987
Epoch 025 | time=1.5s | train_loss=0.1729 | val_loss=0.5718 | val_auc=0.8079
  ✓ New best model (epoch 25, val_loss=0.5718, val_auc=0.8079) saved to checkpoints/chembert_rdkit_lincs_vs_cnn_seed1024.pt
Epoch 026 | time=1.5s | train_loss=0.1634 | val_loss=0.5814 | val_auc=0.8017
Epoch 027 | time=1.5s | train_loss=0.1650 | val_loss=0.5829 | val_auc=0.8017
Epoch 028 | time=1.5s | train_loss=0.1600 | val_loss=0.5814 | val_auc=0.8026
Epoch 029 | time=1.5s | train_loss=0.1602 | val_loss=0.5836 | val_auc=0.8028
Epoch 030 | time=1.5s | train_loss=0.1591 | val_loss=0.5782 | val_auc=0.8049
Epoch 031 | time=1.5s | train_loss=0.1563 | val_loss=0.5844 | val_auc=0.8016
Epoch 032 | time=1.5s | train_loss=0.1511 | val_loss=0.5886 | val_auc=0.8014
Epoch 033 | time=1.5s | train_loss=0.1526 | val_loss=0.5851 | val_auc=0.8046
Epoch 034 | time=1.5s | train_loss=0.1513 | val_loss=0.5887 | val_auc=0.8029
Epoch 035 | time=1.5s | train_loss=0.1460 | val_loss=0.5942 | val_auc=0.8010
Early stopping — no improvement for 10 epochs

Best model: epoch 25, val_loss=0.5942, val_auc=0.8079

═══ Test Results ═══
           auc: 0.7193
         auprc: 0.6373
            f1: 0.6296
     precision: 0.6261
        recall: 0.6332
          loss: 0.7616
