Uninstalled 1 package in 8ms
Installed 1 package in 12ms
/net/storage/pr3/plgrid/plggmlcil/plgkstankie/vvv/Multimodal-models-for-predicting-drug-target-interactions/.venv/lib/python3.11/site-packages/outdated/__init__.py:36: UserWarning: pkg_resources is deprecated as an API. See https://setuptools.pypa.io/en/latest/pkg_resources.html. The pkg_resources package is slated for removal as early as 2025-11-30. Refrain from using this package or pin to Setuptools<81.
  from pkg_resources import parse_version
Setting global random seed to 999
Using device: cuda
Loading clean data from: /net/storage/pr3/plgrid/plggmlcil/plgkstankie/vvv/Multimodal-models-for-predicting-drug-target-interactions/src/datasets/lincs_balanced.parquet
Dataset size: 27498
Train: 19558  Val: 2885  Test: 5055
ChemBERTProcessor: loaded 236379 embeddings (dim=768) from /net/storage/pr3/plgrid/plggmlcil/plgkstankie/vvv/Multimodal-models-for-predicting-drug-target-interactions/src/datasets/ChemBERTa-zinc-base-v1.pt
Fitting MinMaxScaler on 1264 cached RDKit descriptors...
SMILES encoders:  ['ChemBERTEncoder', 'LincsEncoder', 'RDKitDescriptorEncoder']
Protein encoders: ['ProteinCNNEncoder']
MultimodalDTI(
  (smiles_encoders): ModuleList(
    (0): ChemBERTEncoder(
      (projection): Sequential(
        (0): Linear(in_features=768, out_features=128, bias=True)
        (1): LayerNorm((128,), eps=1e-05, elementwise_affine=True)
        (2): ReLU()
      )
    )
    (1): LincsEncoder(
      (mlp): Sequential(
        (0): Linear(in_features=978, out_features=128, bias=True)
        (1): BatchNorm1d(128, eps=1e-05, momentum=0.1, affine=True, track_running_stats=True)
        (2): ReLU()
        (3): Dropout(p=0.5, inplace=False)
        (4): Linear(in_features=128, out_features=128, bias=True)
        (5): BatchNorm1d(128, eps=1e-05, momentum=0.1, affine=True, track_running_stats=True)
        (6): ReLU()
      )
    )
    (2): RDKitDescriptorEncoder(
      (mlp): Sequential(
        (0): Linear(in_features=210, out_features=256, bias=True)
        (1): BatchNorm1d(256, eps=1e-05, momentum=0.1, affine=True, track_running_stats=True)
        (2): ReLU()
        (3): Dropout(p=0.5, inplace=False)
        (4): Linear(in_features=256, out_features=128, bias=True)
        (5): BatchNorm1d(128, eps=1e-05, momentum=0.1, affine=True, track_running_stats=True)
        (6): ReLU()
      )
    )
  )
  (protein_encoders): ModuleList(
    (0): ProteinCNNEncoder(
      (embedding): Embedding(21, 128, padding_idx=0)
      (conv_blocks): ModuleList(
        (0): Sequential(
          (0): Conv1d(128, 64, kernel_size=(3,), stride=(1,), padding=(1,))
          (1): BatchNorm1d(64, eps=1e-05, momentum=0.1, affine=True, track_running_stats=True)
          (2): ReLU()
          (3): Conv1d(64, 64, kernel_size=(3,), stride=(1,), padding=(1,))
          (4): BatchNorm1d(64, eps=1e-05, momentum=0.1, affine=True, track_running_stats=True)
          (5): ReLU()
        )
        (1): Sequential(
          (0): Conv1d(128, 64, kernel_size=(7,), stride=(1,), padding=(3,))
          (1): BatchNorm1d(64, eps=1e-05, momentum=0.1, affine=True, track_running_stats=True)
          (2): ReLU()
          (3): Conv1d(64, 64, kernel_size=(7,), stride=(1,), padding=(3,))
          (4): BatchNorm1d(64, eps=1e-05, momentum=0.1, affine=True, track_running_stats=True)
          (5): ReLU()
        )
        (2): Sequential(
          (0): Conv1d(128, 64, kernel_size=(15,), stride=(1,), padding=(7,))
          (1): BatchNorm1d(64, eps=1e-05, momentum=0.1, affine=True, track_running_stats=True)
          (2): ReLU()
          (3): Conv1d(64, 64, kernel_size=(15,), stride=(1,), padding=(7,))
          (4): BatchNorm1d(64, eps=1e-05, momentum=0.1, affine=True, track_running_stats=True)
          (5): ReLU()
        )
      )
    )
  )
  (fusion): MLPFusion(
    (classifier): Sequential(
      (0): Linear(in_features=576, out_features=128, bias=True)
      (1): BatchNorm1d(128, eps=1e-05, momentum=0.1, affine=True, track_running_stats=True)
      (2): ReLU()
      (3): Dropout(p=0.5, inplace=False)
      (4): Linear(in_features=128, out_features=32, bias=True)
      (5): BatchNorm1d(32, eps=1e-05, momentum=0.1, affine=True, track_running_stats=True)
      (6): ReLU()
      (7): Dropout(p=0.5, inplace=False)
      (8): Linear(in_features=32, out_features=1, bias=True)
    )
  )
)
Epoch 001 | time=2.3s | train_loss=0.6160 | val_loss=0.6237 | val_auc=0.7206
  ✓ New best model (epoch 1, val_loss=0.6237, val_auc=0.7206) saved to checkpoints/chembert_rdkit_lincs_vs_cnn_seed999.pt
Epoch 002 | time=1.6s | train_loss=0.5070 | val_loss=0.5930 | val_auc=0.7571
  ✓ New best model (epoch 2, val_loss=0.5930, val_auc=0.7571) saved to checkpoints/chembert_rdkit_lincs_vs_cnn_seed999.pt
Epoch 003 | time=1.6s | train_loss=0.4526 | val_loss=0.5799 | val_auc=0.7673
  ✓ New best model (epoch 3, val_loss=0.5799, val_auc=0.7673) saved to checkpoints/chembert_rdkit_lincs_vs_cnn_seed999.pt
Epoch 004 | time=1.5s | train_loss=0.4140 | val_loss=0.5753 | val_auc=0.7733
  ✓ New best model (epoch 4, val_loss=0.5753, val_auc=0.7733) saved to checkpoints/chembert_rdkit_lincs_vs_cnn_seed999.pt
Epoch 005 | time=1.5s | train_loss=0.3825 | val_loss=0.5555 | val_auc=0.7937
  ✓ New best model (epoch 5, val_loss=0.5555, val_auc=0.7937) saved to checkpoints/chembert_rdkit_lincs_vs_cnn_seed999.pt
Epoch 006 | time=1.6s | train_loss=0.3564 | val_loss=0.5552 | val_auc=0.7943
  ✓ New best model (epoch 6, val_loss=0.5552, val_auc=0.7943) saved to checkpoints/chembert_rdkit_lincs_vs_cnn_seed999.pt
Epoch 007 | time=1.5s | train_loss=0.3359 | val_loss=0.5514 | val_auc=0.8000
  ✓ New best model (epoch 7, val_loss=0.5514, val_auc=0.8000) saved to checkpoints/chembert_rdkit_lincs_vs_cnn_seed999.pt
Epoch 008 | time=1.5s | train_loss=0.3176 | val_loss=0.5466 | val_auc=0.8029
  ✓ New best model (epoch 8, val_loss=0.5466, val_auc=0.8029) saved to checkpoints/chembert_rdkit_lincs_vs_cnn_seed999.pt
Epoch 009 | time=1.5s | train_loss=0.2989 | val_loss=0.5576 | val_auc=0.7989
Epoch 010 | time=1.5s | train_loss=0.2838 | val_loss=0.5511 | val_auc=0.8076
  ✓ New best model (epoch 10, val_loss=0.5511, val_auc=0.8076) saved to checkpoints/chembert_rdkit_lincs_vs_cnn_seed999.pt
Epoch 011 | time=1.5s | train_loss=0.2730 | val_loss=0.5703 | val_auc=0.7952
Epoch 012 | time=1.5s | train_loss=0.2610 | val_loss=0.5607 | val_auc=0.8054
Epoch 013 | time=1.6s | train_loss=0.2507 | val_loss=0.5632 | val_auc=0.8045
Epoch 014 | time=1.6s | train_loss=0.2378 | val_loss=0.5895 | val_auc=0.7938
Epoch 015 | time=1.6s | train_loss=0.2256 | val_loss=0.5741 | val_auc=0.8033
Epoch 016 | time=1.5s | train_loss=0.2186 | val_loss=0.5703 | val_auc=0.8050
Epoch 017 | time=1.5s | train_loss=0.2132 | val_loss=0.5592 | val_auc=0.8107
  ✓ New best model (epoch 17, val_loss=0.5592, val_auc=0.8107) saved to checkpoints/chembert_rdkit_lincs_vs_cnn_seed999.pt
Epoch 018 | time=1.5s | train_loss=0.2075 | val_loss=0.5670 | val_auc=0.8071
Epoch 019 | time=1.5s | train_loss=0.2052 | val_loss=0.5757 | val_auc=0.8077
Epoch 020 | time=1.5s | train_loss=0.1992 | val_loss=0.5730 | val_auc=0.8057
Epoch 021 | time=1.6s | train_loss=0.1920 | val_loss=0.5719 | val_auc=0.8107
  ✓ New best model (epoch 21, val_loss=0.5719, val_auc=0.8107) saved to checkpoints/chembert_rdkit_lincs_vs_cnn_seed999.pt
Epoch 022 | time=1.5s | train_loss=0.1896 | val_loss=0.5690 | val_auc=0.8123
  ✓ New best model (epoch 22, val_loss=0.5690, val_auc=0.8123) saved to checkpoints/chembert_rdkit_lincs_vs_cnn_seed999.pt
Epoch 023 | time=1.6s | train_loss=0.1857 | val_loss=0.5707 | val_auc=0.8117
Epoch 024 | time=1.5s | train_loss=0.1847 | val_loss=0.5682 | val_auc=0.8136
  ✓ New best model (epoch 24, val_loss=0.5682, val_auc=0.8136) saved to checkpoints/chembert_rdkit_lincs_vs_cnn_seed999.pt
Epoch 025 | time=1.5s | train_loss=0.1807 | val_loss=0.5766 | val_auc=0.8108
Epoch 026 | time=1.6s | train_loss=0.1801 | val_loss=0.5811 | val_auc=0.8096
Epoch 027 | time=1.6s | train_loss=0.1781 | val_loss=0.5770 | val_auc=0.8117
Epoch 028 | time=1.6s | train_loss=0.1768 | val_loss=0.5806 | val_auc=0.8119
Epoch 029 | time=1.5s | train_loss=0.1740 | val_loss=0.5760 | val_auc=0.8129
Epoch 030 | time=1.5s | train_loss=0.1747 | val_loss=0.5842 | val_auc=0.8120
Epoch 031 | time=1.5s | train_loss=0.1721 | val_loss=0.5842 | val_auc=0.8117
Epoch 032 | time=1.5s | train_loss=0.1722 | val_loss=0.5853 | val_auc=0.8107
Epoch 033 | time=1.5s | train_loss=0.1683 | val_loss=0.5809 | val_auc=0.8122
Epoch 034 | time=1.5s | train_loss=0.1688 | val_loss=0.5818 | val_auc=0.8131
Early stopping — no improvement for 10 epochs

Best model: epoch 24, val_loss=0.5818, val_auc=0.8136

═══ Test Results ═══
           auc: 0.7310
         auprc: 0.6432
            f1: 0.6489
     precision: 0.6262
        recall: 0.6733
          loss: 0.7288
