Uninstalled 1 package in 8ms
Installed 1 package in 12ms
/net/storage/pr3/plgrid/plggmlcil/plgkstankie/vvv/Multimodal-models-for-predicting-drug-target-interactions/.venv/lib/python3.11/site-packages/outdated/__init__.py:36: UserWarning: pkg_resources is deprecated as an API. See https://setuptools.pypa.io/en/latest/pkg_resources.html. The pkg_resources package is slated for removal as early as 2025-11-30. Refrain from using this package or pin to Setuptools<81.
  from pkg_resources import parse_version
Setting global random seed to 123
Using device: cuda
Loading clean data from: /net/storage/pr3/plgrid/plggmlcil/plgkstankie/vvv/Multimodal-models-for-predicting-drug-target-interactions/src/datasets/lincs_balanced.parquet
Dataset size: 27498
Train: 19558  Val: 2885  Test: 5055
ChemBERTProcessor: loaded 236379 embeddings (dim=768) from /net/storage/pr3/plgrid/plggmlcil/plgkstankie/vvv/Multimodal-models-for-predicting-drug-target-interactions/src/datasets/ChemBERTa-zinc-base-v1.pt
Fitting MinMaxScaler on 1264 cached RDKit descriptors...
SMILES encoders:  ['ChemBERTEncoder', 'LincsEncoder', 'RDKitDescriptorEncoder']
Protein encoders: ['ProteinCNNEncoder']
MultimodalDTI(
  (smiles_encoders): ModuleList(
    (0): ChemBERTEncoder(
      (projection): Sequential(
        (0): Linear(in_features=768, out_features=128, bias=True)
        (1): LayerNorm((128,), eps=1e-05, elementwise_affine=True)
        (2): ReLU()
      )
    )
    (1): LincsEncoder(
      (mlp): Sequential(
        (0): Linear(in_features=978, out_features=128, bias=True)
        (1): BatchNorm1d(128, eps=1e-05, momentum=0.1, affine=True, track_running_stats=True)
        (2): ReLU()
        (3): Dropout(p=0.5, inplace=False)
        (4): Linear(in_features=128, out_features=128, bias=True)
        (5): BatchNorm1d(128, eps=1e-05, momentum=0.1, affine=True, track_running_stats=True)
        (6): ReLU()
      )
    )
    (2): RDKitDescriptorEncoder(
      (mlp): Sequential(
        (0): Linear(in_features=210, out_features=256, bias=True)
        (1): BatchNorm1d(256, eps=1e-05, momentum=0.1, affine=True, track_running_stats=True)
        (2): ReLU()
        (3): Dropout(p=0.5, inplace=False)
        (4): Linear(in_features=256, out_features=128, bias=True)
        (5): BatchNorm1d(128, eps=1e-05, momentum=0.1, affine=True, track_running_stats=True)
        (6): ReLU()
      )
    )
  )
  (protein_encoders): ModuleList(
    (0): ProteinCNNEncoder(
      (embedding): Embedding(21, 128, padding_idx=0)
      (conv_blocks): ModuleList(
        (0): Sequential(
          (0): Conv1d(128, 64, kernel_size=(3,), stride=(1,), padding=(1,))
          (1): BatchNorm1d(64, eps=1e-05, momentum=0.1, affine=True, track_running_stats=True)
          (2): ReLU()
          (3): Conv1d(64, 64, kernel_size=(3,), stride=(1,), padding=(1,))
          (4): BatchNorm1d(64, eps=1e-05, momentum=0.1, affine=True, track_running_stats=True)
          (5): ReLU()
        )
        (1): Sequential(
          (0): Conv1d(128, 64, kernel_size=(7,), stride=(1,), padding=(3,))
          (1): BatchNorm1d(64, eps=1e-05, momentum=0.1, affine=True, track_running_stats=True)
          (2): ReLU()
          (3): Conv1d(64, 64, kernel_size=(7,), stride=(1,), padding=(3,))
          (4): BatchNorm1d(64, eps=1e-05, momentum=0.1, affine=True, track_running_stats=True)
          (5): ReLU()
        )
        (2): Sequential(
          (0): Conv1d(128, 64, kernel_size=(15,), stride=(1,), padding=(7,))
          (1): BatchNorm1d(64, eps=1e-05, momentum=0.1, affine=True, track_running_stats=True)
          (2): ReLU()
          (3): Conv1d(64, 64, kernel_size=(15,), stride=(1,), padding=(7,))
          (4): BatchNorm1d(64, eps=1e-05, momentum=0.1, affine=True, track_running_stats=True)
          (5): ReLU()
        )
      )
    )
  )
  (fusion): MLPFusion(
    (classifier): Sequential(
      (0): Linear(in_features=576, out_features=128, bias=True)
      (1): BatchNorm1d(128, eps=1e-05, momentum=0.1, affine=True, track_running_stats=True)
      (2): ReLU()
      (3): Dropout(p=0.5, inplace=False)
      (4): Linear(in_features=128, out_features=32, bias=True)
      (5): BatchNorm1d(32, eps=1e-05, momentum=0.1, affine=True, track_running_stats=True)
      (6): ReLU()
      (7): Dropout(p=0.5, inplace=False)
      (8): Linear(in_features=32, out_features=1, bias=True)
    )
  )
)
Epoch 001 | time=2.3s | train_loss=0.6270 | val_loss=0.6269 | val_auc=0.7165
  ✓ New best model (epoch 1, val_loss=0.6269, val_auc=0.7165) saved to checkpoints/chembert_rdkit_lincs_vs_cnn_seed123.pt
Epoch 002 | time=1.6s | train_loss=0.5221 | val_loss=0.6019 | val_auc=0.7447
  ✓ New best model (epoch 2, val_loss=0.6019, val_auc=0.7447) saved to checkpoints/chembert_rdkit_lincs_vs_cnn_seed123.pt
Epoch 003 | time=1.6s | train_loss=0.4667 | val_loss=0.5807 | val_auc=0.7598
  ✓ New best model (epoch 3, val_loss=0.5807, val_auc=0.7598) saved to checkpoints/chembert_rdkit_lincs_vs_cnn_seed123.pt
Epoch 004 | time=1.6s | train_loss=0.4291 | val_loss=0.5694 | val_auc=0.7699
  ✓ New best model (epoch 4, val_loss=0.5694, val_auc=0.7699) saved to checkpoints/chembert_rdkit_lincs_vs_cnn_seed123.pt
Epoch 005 | time=1.5s | train_loss=0.3962 | val_loss=0.5545 | val_auc=0.7871
  ✓ New best model (epoch 5, val_loss=0.5545, val_auc=0.7871) saved to checkpoints/chembert_rdkit_lincs_vs_cnn_seed123.pt
Epoch 006 | time=1.6s | train_loss=0.3686 | val_loss=0.5644 | val_auc=0.7833
Epoch 007 | time=1.5s | train_loss=0.3463 | val_loss=0.5566 | val_auc=0.7911
  ✓ New best model (epoch 7, val_loss=0.5566, val_auc=0.7911) saved to checkpoints/chembert_rdkit_lincs_vs_cnn_seed123.pt
Epoch 008 | time=1.6s | train_loss=0.3272 | val_loss=0.5543 | val_auc=0.7953
  ✓ New best model (epoch 8, val_loss=0.5543, val_auc=0.7953) saved to checkpoints/chembert_rdkit_lincs_vs_cnn_seed123.pt
Epoch 009 | time=1.6s | train_loss=0.3109 | val_loss=0.5579 | val_auc=0.7967
  ✓ New best model (epoch 9, val_loss=0.5579, val_auc=0.7967) saved to checkpoints/chembert_rdkit_lincs_vs_cnn_seed123.pt
Epoch 010 | time=1.6s | train_loss=0.2918 | val_loss=0.5620 | val_auc=0.7928
Epoch 011 | time=1.6s | train_loss=0.2795 | val_loss=0.5544 | val_auc=0.7982
  ✓ New best model (epoch 11, val_loss=0.5544, val_auc=0.7982) saved to checkpoints/chembert_rdkit_lincs_vs_cnn_seed123.pt
Epoch 012 | time=1.6s | train_loss=0.2665 | val_loss=0.5539 | val_auc=0.8008
  ✓ New best model (epoch 12, val_loss=0.5539, val_auc=0.8008) saved to checkpoints/chembert_rdkit_lincs_vs_cnn_seed123.pt
Epoch 013 | time=1.6s | train_loss=0.2553 | val_loss=0.5521 | val_auc=0.8064
  ✓ New best model (epoch 13, val_loss=0.5521, val_auc=0.8064) saved to checkpoints/chembert_rdkit_lincs_vs_cnn_seed123.pt
Epoch 014 | time=1.6s | train_loss=0.2450 | val_loss=0.5625 | val_auc=0.8043
Epoch 015 | time=1.6s | train_loss=0.2356 | val_loss=0.5830 | val_auc=0.7864
Epoch 016 | time=1.6s | train_loss=0.2268 | val_loss=0.5510 | val_auc=0.8104
  ✓ New best model (epoch 16, val_loss=0.5510, val_auc=0.8104) saved to checkpoints/chembert_rdkit_lincs_vs_cnn_seed123.pt
Epoch 017 | time=1.6s | train_loss=0.2183 | val_loss=0.5616 | val_auc=0.8075
Epoch 018 | time=1.6s | train_loss=0.2098 | val_loss=0.5603 | val_auc=0.8068
Epoch 019 | time=1.6s | train_loss=0.2020 | val_loss=0.5642 | val_auc=0.8079
Epoch 020 | time=1.6s | train_loss=0.1943 | val_loss=0.5988 | val_auc=0.7946
Epoch 021 | time=1.6s | train_loss=0.1880 | val_loss=0.5894 | val_auc=0.8055
Epoch 022 | time=1.6s | train_loss=0.1793 | val_loss=0.5900 | val_auc=0.8055
Epoch 023 | time=1.6s | train_loss=0.1693 | val_loss=0.5801 | val_auc=0.8092
Epoch 024 | time=1.6s | train_loss=0.1632 | val_loss=0.5827 | val_auc=0.8093
Epoch 025 | time=1.6s | train_loss=0.1582 | val_loss=0.5934 | val_auc=0.8049
Epoch 026 | time=1.6s | train_loss=0.1539 | val_loss=0.5891 | val_auc=0.8106
  ✓ New best model (epoch 26, val_loss=0.5891, val_auc=0.8106) saved to checkpoints/chembert_rdkit_lincs_vs_cnn_seed123.pt
Epoch 027 | time=1.6s | train_loss=0.1522 | val_loss=0.6042 | val_auc=0.8008
Epoch 028 | time=1.6s | train_loss=0.1505 | val_loss=0.6022 | val_auc=0.8056
Epoch 029 | time=1.6s | train_loss=0.1456 | val_loss=0.6049 | val_auc=0.8081
Epoch 030 | time=1.6s | train_loss=0.1413 | val_loss=0.6111 | val_auc=0.8044
Epoch 031 | time=1.6s | train_loss=0.1383 | val_loss=0.6044 | val_auc=0.8083
Epoch 032 | time=1.6s | train_loss=0.1400 | val_loss=0.6060 | val_auc=0.8094
Epoch 033 | time=1.6s | train_loss=0.1357 | val_loss=0.6023 | val_auc=0.8077
Epoch 034 | time=1.6s | train_loss=0.1374 | val_loss=0.6150 | val_auc=0.8047
Epoch 035 | time=1.6s | train_loss=0.1322 | val_loss=0.6117 | val_auc=0.8083
Epoch 036 | time=1.6s | train_loss=0.1325 | val_loss=0.6115 | val_auc=0.8095
Early stopping — no improvement for 10 epochs

Best model: epoch 26, val_loss=0.6115, val_auc=0.8106

═══ Test Results ═══
           auc: 0.7383
         auprc: 0.6678
            f1: 0.6370
     precision: 0.6746
        recall: 0.6034
          loss: 0.7381
