Uninstalled 1 package in 7ms
Installed 1 package in 11ms
/net/storage/pr3/plgrid/plggmlcil/plgkstankie/vvv/Multimodal-models-for-predicting-drug-target-interactions/.venv/lib/python3.11/site-packages/outdated/__init__.py:36: UserWarning: pkg_resources is deprecated as an API. See https://setuptools.pypa.io/en/latest/pkg_resources.html. The pkg_resources package is slated for removal as early as 2025-11-30. Refrain from using this package or pin to Setuptools<81.
  from pkg_resources import parse_version
Setting global random seed to 2026
Using device: cuda
Loading clean data from: /net/storage/pr3/plgrid/plggmlcil/plgkstankie/vvv/Multimodal-models-for-predicting-drug-target-interactions/src/datasets/lincs_balanced.parquet
Dataset size: 27498
Train: 19558  Val: 2885  Test: 5055
ChemBERTProcessor: loaded 236379 embeddings (dim=768) from /net/storage/pr3/plgrid/plggmlcil/plgkstankie/vvv/Multimodal-models-for-predicting-drug-target-interactions/src/datasets/ChemBERTa-zinc-base-v1.pt
Fitting MinMaxScaler on 1264 cached RDKit descriptors...
SMILES encoders:  ['FingerprintMLPEncoder', 'ChemBERTEncoder', 'LincsGraphEncoder', 'RDKitDescriptorEncoder']
Protein encoders: ['ProteinCNNEncoder']
MultimodalDTI(
  (smiles_encoders): ModuleList(
    (0): FingerprintMLPEncoder(
      (mlp): Sequential(
        (0): Linear(in_features=1024, out_features=256, bias=True)
        (1): BatchNorm1d(256, eps=1e-05, momentum=0.1, affine=True, track_running_stats=True)
        (2): ReLU()
        (3): Dropout(p=0.5, inplace=False)
        (4): Linear(in_features=256, out_features=128, bias=True)
        (5): BatchNorm1d(128, eps=1e-05, momentum=0.1, affine=True, track_running_stats=True)
        (6): ReLU()
      )
    )
    (1): ChemBERTEncoder(
      (projection): Sequential(
        (0): Linear(in_features=768, out_features=128, bias=True)
        (1): LayerNorm((128,), eps=1e-05, elementwise_affine=True)
        (2): ReLU()
      )
    )
    (2): LincsGraphEncoder(
      (proj): Linear(in_features=1, out_features=128, bias=True)
      (convs): ModuleList(
        (0-1): 2 x DenseGCNConv(
          (linear): Linear(in_features=128, out_features=128, bias=False)
        )
      )
      (bns): ModuleList(
        (0-1): 2 x BatchNorm1d(128, eps=1e-05, momentum=0.1, affine=True, track_running_stats=True)
      )
      (pool_proj): Linear(in_features=128, out_features=128, bias=True)
    )
    (3): RDKitDescriptorEncoder(
      (mlp): Sequential(
        (0): Linear(in_features=210, out_features=256, bias=True)
        (1): BatchNorm1d(256, eps=1e-05, momentum=0.1, affine=True, track_running_stats=True)
        (2): ReLU()
        (3): Dropout(p=0.5, inplace=False)
        (4): Linear(in_features=256, out_features=128, bias=True)
        (5): BatchNorm1d(128, eps=1e-05, momentum=0.1, affine=True, track_running_stats=True)
        (6): ReLU()
      )
    )
  )
  (protein_encoders): ModuleList(
    (0): ProteinCNNEncoder(
      (embedding): Embedding(21, 128, padding_idx=0)
      (conv_blocks): ModuleList(
        (0): Sequential(
          (0): Conv1d(128, 64, kernel_size=(3,), stride=(1,), padding=(1,))
          (1): BatchNorm1d(64, eps=1e-05, momentum=0.1, affine=True, track_running_stats=True)
          (2): ReLU()
          (3): Conv1d(64, 64, kernel_size=(3,), stride=(1,), padding=(1,))
          (4): BatchNorm1d(64, eps=1e-05, momentum=0.1, affine=True, track_running_stats=True)
          (5): ReLU()
        )
        (1): Sequential(
          (0): Conv1d(128, 64, kernel_size=(7,), stride=(1,), padding=(3,))
          (1): BatchNorm1d(64, eps=1e-05, momentum=0.1, affine=True, track_running_stats=True)
          (2): ReLU()
          (3): Conv1d(64, 64, kernel_size=(7,), stride=(1,), padding=(3,))
          (4): BatchNorm1d(64, eps=1e-05, momentum=0.1, affine=True, track_running_stats=True)
          (5): ReLU()
        )
        (2): Sequential(
          (0): Conv1d(128, 64, kernel_size=(15,), stride=(1,), padding=(7,))
          (1): BatchNorm1d(64, eps=1e-05, momentum=0.1, affine=True, track_running_stats=True)
          (2): ReLU()
          (3): Conv1d(64, 64, kernel_size=(15,), stride=(1,), padding=(7,))
          (4): BatchNorm1d(64, eps=1e-05, momentum=0.1, affine=True, track_running_stats=True)
          (5): ReLU()
        )
      )
    )
  )
  (fusion): MLPFusion(
    (classifier): Sequential(
      (0): Linear(in_features=704, out_features=128, bias=True)
      (1): BatchNorm1d(128, eps=1e-05, momentum=0.1, affine=True, track_running_stats=True)
      (2): ReLU()
      (3): Dropout(p=0.5, inplace=False)
      (4): Linear(in_features=128, out_features=32, bias=True)
      (5): BatchNorm1d(32, eps=1e-05, momentum=0.1, affine=True, track_running_stats=True)
      (6): ReLU()
      (7): Dropout(p=0.5, inplace=False)
      (8): Linear(in_features=32, out_features=1, bias=True)
    )
  )
)
Epoch 001 | time=3.7s | train_loss=0.6260 | val_loss=0.6312 | val_auc=0.7250
  ✓ New best model (epoch 1, val_loss=0.6312, val_auc=0.7250) saved to checkpoints/fp_chembert_rdkit_lincs_graph_vs_cnn_seed2026.pt
Epoch 002 | time=2.9s | train_loss=0.5144 | val_loss=0.5888 | val_auc=0.7717
  ✓ New best model (epoch 2, val_loss=0.5888, val_auc=0.7717) saved to checkpoints/fp_chembert_rdkit_lincs_graph_vs_cnn_seed2026.pt
Epoch 003 | time=2.9s | train_loss=0.4499 | val_loss=0.5663 | val_auc=0.7862
  ✓ New best model (epoch 3, val_loss=0.5663, val_auc=0.7862) saved to checkpoints/fp_chembert_rdkit_lincs_graph_vs_cnn_seed2026.pt
Epoch 004 | time=2.9s | train_loss=0.4092 | val_loss=0.5635 | val_auc=0.7909
  ✓ New best model (epoch 4, val_loss=0.5635, val_auc=0.7909) saved to checkpoints/fp_chembert_rdkit_lincs_graph_vs_cnn_seed2026.pt
Epoch 005 | time=2.9s | train_loss=0.3773 | val_loss=0.5604 | val_auc=0.7940
  ✓ New best model (epoch 5, val_loss=0.5604, val_auc=0.7940) saved to checkpoints/fp_chembert_rdkit_lincs_graph_vs_cnn_seed2026.pt
Epoch 006 | time=2.9s | train_loss=0.3495 | val_loss=0.5621 | val_auc=0.7908
Epoch 007 | time=2.9s | train_loss=0.3242 | val_loss=0.5524 | val_auc=0.8016
  ✓ New best model (epoch 7, val_loss=0.5524, val_auc=0.8016) saved to checkpoints/fp_chembert_rdkit_lincs_graph_vs_cnn_seed2026.pt
Epoch 008 | time=2.9s | train_loss=0.3045 | val_loss=0.5533 | val_auc=0.7991
Epoch 009 | time=2.9s | train_loss=0.2917 | val_loss=0.5464 | val_auc=0.8081
  ✓ New best model (epoch 9, val_loss=0.5464, val_auc=0.8081) saved to checkpoints/fp_chembert_rdkit_lincs_graph_vs_cnn_seed2026.pt
Epoch 010 | time=3.0s | train_loss=0.2731 | val_loss=0.5422 | val_auc=0.8077
Epoch 011 | time=3.0s | train_loss=0.2583 | val_loss=0.5288 | val_auc=0.8167
  ✓ New best model (epoch 11, val_loss=0.5288, val_auc=0.8167) saved to checkpoints/fp_chembert_rdkit_lincs_graph_vs_cnn_seed2026.pt
Epoch 012 | time=2.9s | train_loss=0.2462 | val_loss=0.5386 | val_auc=0.8128
Epoch 013 | time=2.9s | train_loss=0.2336 | val_loss=0.5436 | val_auc=0.8123
Epoch 014 | time=2.9s | train_loss=0.2217 | val_loss=0.5412 | val_auc=0.8153
Epoch 015 | time=3.0s | train_loss=0.2117 | val_loss=0.5393 | val_auc=0.8211
  ✓ New best model (epoch 15, val_loss=0.5393, val_auc=0.8211) saved to checkpoints/fp_chembert_rdkit_lincs_graph_vs_cnn_seed2026.pt
Epoch 016 | time=3.0s | train_loss=0.2032 | val_loss=0.5668 | val_auc=0.8095
Epoch 017 | time=3.0s | train_loss=0.1963 | val_loss=0.5464 | val_auc=0.8169
Epoch 018 | time=3.0s | train_loss=0.1811 | val_loss=0.5321 | val_auc=0.8272
  ✓ New best model (epoch 18, val_loss=0.5321, val_auc=0.8272) saved to checkpoints/fp_chembert_rdkit_lincs_graph_vs_cnn_seed2026.pt
Epoch 019 | time=2.9s | train_loss=0.1765 | val_loss=0.5321 | val_auc=0.8307
  ✓ New best model (epoch 19, val_loss=0.5321, val_auc=0.8307) saved to checkpoints/fp_chembert_rdkit_lincs_graph_vs_cnn_seed2026.pt
Epoch 020 | time=2.9s | train_loss=0.1713 | val_loss=0.5537 | val_auc=0.8192
Epoch 021 | time=2.9s | train_loss=0.1671 | val_loss=0.5351 | val_auc=0.8276
Epoch 022 | time=3.0s | train_loss=0.1634 | val_loss=0.5684 | val_auc=0.8211
Epoch 023 | time=2.9s | train_loss=0.1548 | val_loss=0.5384 | val_auc=0.8310
  ✓ New best model (epoch 23, val_loss=0.5384, val_auc=0.8310) saved to checkpoints/fp_chembert_rdkit_lincs_graph_vs_cnn_seed2026.pt
Epoch 024 | time=3.0s | train_loss=0.1526 | val_loss=0.5461 | val_auc=0.8280
Epoch 025 | time=3.0s | train_loss=0.1525 | val_loss=0.5475 | val_auc=0.8295
Epoch 026 | time=2.9s | train_loss=0.1473 | val_loss=0.5498 | val_auc=0.8290
Epoch 027 | time=2.9s | train_loss=0.1472 | val_loss=0.5559 | val_auc=0.8276
Epoch 028 | time=3.0s | train_loss=0.1445 | val_loss=0.5494 | val_auc=0.8295
Epoch 029 | time=2.9s | train_loss=0.1462 | val_loss=0.5630 | val_auc=0.8266
Epoch 030 | time=3.0s | train_loss=0.1407 | val_loss=0.5622 | val_auc=0.8286
Epoch 031 | time=2.9s | train_loss=0.1386 | val_loss=0.5501 | val_auc=0.8317
  ✓ New best model (epoch 31, val_loss=0.5501, val_auc=0.8317) saved to checkpoints/fp_chembert_rdkit_lincs_graph_vs_cnn_seed2026.pt
Epoch 032 | time=3.0s | train_loss=0.1379 | val_loss=0.5605 | val_auc=0.8285
Epoch 033 | time=2.9s | train_loss=0.1368 | val_loss=0.5517 | val_auc=0.8301
Epoch 034 | time=3.0s | train_loss=0.1368 | val_loss=0.5610 | val_auc=0.8304
Epoch 035 | time=2.9s | train_loss=0.1326 | val_loss=0.5577 | val_auc=0.8301
Epoch 036 | time=2.9s | train_loss=0.1341 | val_loss=0.5577 | val_auc=0.8306
Epoch 037 | time=2.9s | train_loss=0.1340 | val_loss=0.5573 | val_auc=0.8320
  ✓ New best model (epoch 37, val_loss=0.5573, val_auc=0.8320) saved to checkpoints/fp_chembert_rdkit_lincs_graph_vs_cnn_seed2026.pt
Epoch 038 | time=2.9s | train_loss=0.1340 | val_loss=0.5649 | val_auc=0.8317
Epoch 039 | time=2.9s | train_loss=0.1303 | val_loss=0.5575 | val_auc=0.8290
Epoch 040 | time=3.0s | train_loss=0.1318 | val_loss=0.5581 | val_auc=0.8299
Epoch 041 | time=2.9s | train_loss=0.1314 | val_loss=0.5611 | val_auc=0.8310
Epoch 042 | time=2.9s | train_loss=0.1301 | val_loss=0.5536 | val_auc=0.8300
Epoch 043 | time=3.0s | train_loss=0.1283 | val_loss=0.5580 | val_auc=0.8317
Epoch 044 | time=2.9s | train_loss=0.1296 | val_loss=0.5567 | val_auc=0.8313
Epoch 045 | time=2.9s | train_loss=0.1300 | val_loss=0.5592 | val_auc=0.8304
Epoch 046 | time=2.9s | train_loss=0.1290 | val_loss=0.5646 | val_auc=0.8321
  ✓ New best model (epoch 46, val_loss=0.5646, val_auc=0.8321) saved to checkpoints/fp_chembert_rdkit_lincs_graph_vs_cnn_seed2026.pt
Epoch 047 | time=3.0s | train_loss=0.1280 | val_loss=0.5603 | val_auc=0.8312
Epoch 048 | time=3.0s | train_loss=0.1282 | val_loss=0.5581 | val_auc=0.8313
Epoch 049 | time=2.9s | train_loss=0.1293 | val_loss=0.5602 | val_auc=0.8308
Epoch 050 | time=2.9s | train_loss=0.1285 | val_loss=0.5567 | val_auc=0.8320
Epoch 051 | time=3.0s | train_loss=0.1266 | val_loss=0.5645 | val_auc=0.8302
Epoch 052 | time=2.9s | train_loss=0.1279 | val_loss=0.5649 | val_auc=0.8317
Epoch 053 | time=3.0s | train_loss=0.1299 | val_loss=0.5594 | val_auc=0.8318
Epoch 054 | time=2.9s | train_loss=0.1270 | val_loss=0.5615 | val_auc=0.8311
Epoch 055 | time=2.9s | train_loss=0.1267 | val_loss=0.5576 | val_auc=0.8316
Epoch 056 | time=3.0s | train_loss=0.1276 | val_loss=0.5601 | val_auc=0.8299
Early stopping — no improvement for 10 epochs

Best model: epoch 46, val_loss=0.5601, val_auc=0.8321

═══ Test Results ═══
           auc: 0.7357
         auprc: 0.6811
            f1: 0.6338
     precision: 0.6516
        recall: 0.6169
          loss: 0.7746
