Uninstalled 1 package in 7ms
Installed 1 package in 12ms
/net/storage/pr3/plgrid/plggmlcil/plgkstankie/vvv/Multimodal-models-for-predicting-drug-target-interactions/.venv/lib/python3.11/site-packages/outdated/__init__.py:36: UserWarning: pkg_resources is deprecated as an API. See https://setuptools.pypa.io/en/latest/pkg_resources.html. The pkg_resources package is slated for removal as early as 2025-11-30. Refrain from using this package or pin to Setuptools<81.
  from pkg_resources import parse_version
Setting global random seed to 999
Using device: cuda
Loading clean data from: /net/storage/pr3/plgrid/plggmlcil/plgkstankie/vvv/Multimodal-models-for-predicting-drug-target-interactions/src/datasets/lincs_balanced.parquet
Dataset size: 27498
Train: 19558  Val: 2885  Test: 5055
ChemBERTProcessor: loaded 236379 embeddings (dim=768) from /net/storage/pr3/plgrid/plggmlcil/plgkstankie/vvv/Multimodal-models-for-predicting-drug-target-interactions/src/datasets/ChemBERTa-zinc-base-v1.pt
Fitting MinMaxScaler on 1264 cached RDKit descriptors...
SMILES encoders:  ['FingerprintMLPEncoder', 'ChemBERTEncoder', 'LincsGraphEncoder', 'RDKitDescriptorEncoder']
Protein encoders: ['ProteinCNNEncoder']
MultimodalDTI(
  (smiles_encoders): ModuleList(
    (0): FingerprintMLPEncoder(
      (mlp): Sequential(
        (0): Linear(in_features=1024, out_features=256, bias=True)
        (1): BatchNorm1d(256, eps=1e-05, momentum=0.1, affine=True, track_running_stats=True)
        (2): ReLU()
        (3): Dropout(p=0.5, inplace=False)
        (4): Linear(in_features=256, out_features=128, bias=True)
        (5): BatchNorm1d(128, eps=1e-05, momentum=0.1, affine=True, track_running_stats=True)
        (6): ReLU()
      )
    )
    (1): ChemBERTEncoder(
      (projection): Sequential(
        (0): Linear(in_features=768, out_features=128, bias=True)
        (1): LayerNorm((128,), eps=1e-05, elementwise_affine=True)
        (2): ReLU()
      )
    )
    (2): LincsGraphEncoder(
      (proj): Linear(in_features=1, out_features=128, bias=True)
      (convs): ModuleList(
        (0-1): 2 x DenseGCNConv(
          (linear): Linear(in_features=128, out_features=128, bias=False)
        )
      )
      (bns): ModuleList(
        (0-1): 2 x BatchNorm1d(128, eps=1e-05, momentum=0.1, affine=True, track_running_stats=True)
      )
      (pool_proj): Linear(in_features=128, out_features=128, bias=True)
    )
    (3): RDKitDescriptorEncoder(
      (mlp): Sequential(
        (0): Linear(in_features=210, out_features=256, bias=True)
        (1): BatchNorm1d(256, eps=1e-05, momentum=0.1, affine=True, track_running_stats=True)
        (2): ReLU()
        (3): Dropout(p=0.5, inplace=False)
        (4): Linear(in_features=256, out_features=128, bias=True)
        (5): BatchNorm1d(128, eps=1e-05, momentum=0.1, affine=True, track_running_stats=True)
        (6): ReLU()
      )
    )
  )
  (protein_encoders): ModuleList(
    (0): ProteinCNNEncoder(
      (embedding): Embedding(21, 128, padding_idx=0)
      (conv_blocks): ModuleList(
        (0): Sequential(
          (0): Conv1d(128, 64, kernel_size=(3,), stride=(1,), padding=(1,))
          (1): BatchNorm1d(64, eps=1e-05, momentum=0.1, affine=True, track_running_stats=True)
          (2): ReLU()
          (3): Conv1d(64, 64, kernel_size=(3,), stride=(1,), padding=(1,))
          (4): BatchNorm1d(64, eps=1e-05, momentum=0.1, affine=True, track_running_stats=True)
          (5): ReLU()
        )
        (1): Sequential(
          (0): Conv1d(128, 64, kernel_size=(7,), stride=(1,), padding=(3,))
          (1): BatchNorm1d(64, eps=1e-05, momentum=0.1, affine=True, track_running_stats=True)
          (2): ReLU()
          (3): Conv1d(64, 64, kernel_size=(7,), stride=(1,), padding=(3,))
          (4): BatchNorm1d(64, eps=1e-05, momentum=0.1, affine=True, track_running_stats=True)
          (5): ReLU()
        )
        (2): Sequential(
          (0): Conv1d(128, 64, kernel_size=(15,), stride=(1,), padding=(7,))
          (1): BatchNorm1d(64, eps=1e-05, momentum=0.1, affine=True, track_running_stats=True)
          (2): ReLU()
          (3): Conv1d(64, 64, kernel_size=(15,), stride=(1,), padding=(7,))
          (4): BatchNorm1d(64, eps=1e-05, momentum=0.1, affine=True, track_running_stats=True)
          (5): ReLU()
        )
      )
    )
  )
  (fusion): MLPFusion(
    (classifier): Sequential(
      (0): Linear(in_features=704, out_features=128, bias=True)
      (1): BatchNorm1d(128, eps=1e-05, momentum=0.1, affine=True, track_running_stats=True)
      (2): ReLU()
      (3): Dropout(p=0.5, inplace=False)
      (4): Linear(in_features=128, out_features=32, bias=True)
      (5): BatchNorm1d(32, eps=1e-05, momentum=0.1, affine=True, track_running_stats=True)
      (6): ReLU()
      (7): Dropout(p=0.5, inplace=False)
      (8): Linear(in_features=32, out_features=1, bias=True)
    )
  )
)
Epoch 001 | time=3.8s | train_loss=0.6362 | val_loss=0.6318 | val_auc=0.7157
  ✓ New best model (epoch 1, val_loss=0.6318, val_auc=0.7157) saved to checkpoints/fp_chembert_rdkit_lincs_graph_vs_cnn_seed999.pt
Epoch 002 | time=3.0s | train_loss=0.5245 | val_loss=0.5898 | val_auc=0.7683
  ✓ New best model (epoch 2, val_loss=0.5898, val_auc=0.7683) saved to checkpoints/fp_chembert_rdkit_lincs_graph_vs_cnn_seed999.pt
Epoch 003 | time=3.0s | train_loss=0.4585 | val_loss=0.5742 | val_auc=0.7749
  ✓ New best model (epoch 3, val_loss=0.5742, val_auc=0.7749) saved to checkpoints/fp_chembert_rdkit_lincs_graph_vs_cnn_seed999.pt
Epoch 004 | time=2.9s | train_loss=0.4187 | val_loss=0.5643 | val_auc=0.7861
  ✓ New best model (epoch 4, val_loss=0.5643, val_auc=0.7861) saved to checkpoints/fp_chembert_rdkit_lincs_graph_vs_cnn_seed999.pt
Epoch 005 | time=3.0s | train_loss=0.3867 | val_loss=0.5551 | val_auc=0.7948
  ✓ New best model (epoch 5, val_loss=0.5551, val_auc=0.7948) saved to checkpoints/fp_chembert_rdkit_lincs_graph_vs_cnn_seed999.pt
Epoch 006 | time=2.9s | train_loss=0.3579 | val_loss=0.5559 | val_auc=0.7938
Epoch 007 | time=2.9s | train_loss=0.3350 | val_loss=0.5457 | val_auc=0.8034
  ✓ New best model (epoch 7, val_loss=0.5457, val_auc=0.8034) saved to checkpoints/fp_chembert_rdkit_lincs_graph_vs_cnn_seed999.pt
Epoch 008 | time=2.9s | train_loss=0.3126 | val_loss=0.5392 | val_auc=0.8108
  ✓ New best model (epoch 8, val_loss=0.5392, val_auc=0.8108) saved to checkpoints/fp_chembert_rdkit_lincs_graph_vs_cnn_seed999.pt
Epoch 009 | time=2.9s | train_loss=0.3000 | val_loss=0.5295 | val_auc=0.8197
  ✓ New best model (epoch 9, val_loss=0.5295, val_auc=0.8197) saved to checkpoints/fp_chembert_rdkit_lincs_graph_vs_cnn_seed999.pt
Epoch 010 | time=3.0s | train_loss=0.2791 | val_loss=0.5343 | val_auc=0.8196
Epoch 011 | time=3.0s | train_loss=0.2677 | val_loss=0.5329 | val_auc=0.8231
  ✓ New best model (epoch 11, val_loss=0.5329, val_auc=0.8231) saved to checkpoints/fp_chembert_rdkit_lincs_graph_vs_cnn_seed999.pt
Epoch 012 | time=3.0s | train_loss=0.2537 | val_loss=0.5344 | val_auc=0.8237
  ✓ New best model (epoch 12, val_loss=0.5344, val_auc=0.8237) saved to checkpoints/fp_chembert_rdkit_lincs_graph_vs_cnn_seed999.pt
Epoch 013 | time=2.9s | train_loss=0.2400 | val_loss=0.5294 | val_auc=0.8304
  ✓ New best model (epoch 13, val_loss=0.5294, val_auc=0.8304) saved to checkpoints/fp_chembert_rdkit_lincs_graph_vs_cnn_seed999.pt
Epoch 014 | time=3.0s | train_loss=0.2274 | val_loss=0.5283 | val_auc=0.8316
  ✓ New best model (epoch 14, val_loss=0.5283, val_auc=0.8316) saved to checkpoints/fp_chembert_rdkit_lincs_graph_vs_cnn_seed999.pt
Epoch 015 | time=3.0s | train_loss=0.2174 | val_loss=0.5374 | val_auc=0.8275
Epoch 016 | time=3.0s | train_loss=0.2087 | val_loss=0.5332 | val_auc=0.8300
Epoch 017 | time=2.9s | train_loss=0.1988 | val_loss=0.5492 | val_auc=0.8313
Epoch 018 | time=3.0s | train_loss=0.1911 | val_loss=0.5533 | val_auc=0.8268
Epoch 019 | time=2.9s | train_loss=0.1839 | val_loss=0.5532 | val_auc=0.8298
Epoch 020 | time=3.0s | train_loss=0.1729 | val_loss=0.5696 | val_auc=0.8255
Epoch 021 | time=3.0s | train_loss=0.1645 | val_loss=0.5613 | val_auc=0.8319
  ✓ New best model (epoch 21, val_loss=0.5613, val_auc=0.8319) saved to checkpoints/fp_chembert_rdkit_lincs_graph_vs_cnn_seed999.pt
Epoch 022 | time=3.0s | train_loss=0.1577 | val_loss=0.5685 | val_auc=0.8295
Epoch 023 | time=3.0s | train_loss=0.1525 | val_loss=0.5664 | val_auc=0.8363
  ✓ New best model (epoch 23, val_loss=0.5664, val_auc=0.8363) saved to checkpoints/fp_chembert_rdkit_lincs_graph_vs_cnn_seed999.pt
Epoch 024 | time=3.0s | train_loss=0.1519 | val_loss=0.5641 | val_auc=0.8352
Epoch 025 | time=3.0s | train_loss=0.1462 | val_loss=0.5729 | val_auc=0.8320
Epoch 026 | time=3.0s | train_loss=0.1441 | val_loss=0.5696 | val_auc=0.8373
  ✓ New best model (epoch 26, val_loss=0.5696, val_auc=0.8373) saved to checkpoints/fp_chembert_rdkit_lincs_graph_vs_cnn_seed999.pt
Epoch 027 | time=2.9s | train_loss=0.1376 | val_loss=0.5678 | val_auc=0.8373
  ✓ New best model (epoch 27, val_loss=0.5678, val_auc=0.8373) saved to checkpoints/fp_chembert_rdkit_lincs_graph_vs_cnn_seed999.pt
Epoch 028 | time=3.0s | train_loss=0.1363 | val_loss=0.5700 | val_auc=0.8381
  ✓ New best model (epoch 28, val_loss=0.5700, val_auc=0.8381) saved to checkpoints/fp_chembert_rdkit_lincs_graph_vs_cnn_seed999.pt
Epoch 029 | time=3.0s | train_loss=0.1332 | val_loss=0.5840 | val_auc=0.8363
Epoch 030 | time=3.0s | train_loss=0.1333 | val_loss=0.5743 | val_auc=0.8368
Epoch 031 | time=3.0s | train_loss=0.1307 | val_loss=0.5715 | val_auc=0.8371
Epoch 032 | time=3.0s | train_loss=0.1307 | val_loss=0.5726 | val_auc=0.8379
Epoch 033 | time=3.0s | train_loss=0.1278 | val_loss=0.5779 | val_auc=0.8362
Epoch 034 | time=3.0s | train_loss=0.1259 | val_loss=0.5728 | val_auc=0.8374
Epoch 035 | time=2.9s | train_loss=0.1259 | val_loss=0.5851 | val_auc=0.8362
Epoch 036 | time=3.0s | train_loss=0.1216 | val_loss=0.5934 | val_auc=0.8351
Epoch 037 | time=3.0s | train_loss=0.1208 | val_loss=0.5829 | val_auc=0.8368
Epoch 038 | time=3.0s | train_loss=0.1193 | val_loss=0.5862 | val_auc=0.8360
Early stopping — no improvement for 10 epochs

Best model: epoch 28, val_loss=0.5862, val_auc=0.8381

═══ Test Results ═══
           auc: 0.7238
         auprc: 0.6434
            f1: 0.6548
     precision: 0.6318
        recall: 0.6796
          loss: 0.8020
