Uninstalled 1 package in 7ms
Installed 1 package in 12ms
/net/storage/pr3/plgrid/plggmlcil/plgkstankie/vvv/Multimodal-models-for-predicting-drug-target-interactions/.venv/lib/python3.11/site-packages/outdated/__init__.py:36: UserWarning: pkg_resources is deprecated as an API. See https://setuptools.pypa.io/en/latest/pkg_resources.html. The pkg_resources package is slated for removal as early as 2025-11-30. Refrain from using this package or pin to Setuptools<81.
  from pkg_resources import parse_version
Setting global random seed to 1024
Using device: cuda
Loading clean data from: /net/storage/pr3/plgrid/plggmlcil/plgkstankie/vvv/Multimodal-models-for-predicting-drug-target-interactions/src/datasets/lincs_balanced.parquet
Dataset size: 27498
Train: 19558  Val: 2885  Test: 5055
ChemBERTProcessor: loaded 236379 embeddings (dim=768) from /net/storage/pr3/plgrid/plggmlcil/plgkstankie/vvv/Multimodal-models-for-predicting-drug-target-interactions/src/datasets/ChemBERTa-zinc-base-v1.pt
Fitting MinMaxScaler on 1264 cached RDKit descriptors...
SMILES encoders:  ['FingerprintMLPEncoder', 'ChemBERTEncoder', 'LincsGraphEncoder', 'RDKitDescriptorEncoder']
Protein encoders: ['ProteinCNNEncoder']
MultimodalDTI(
  (smiles_encoders): ModuleList(
    (0): FingerprintMLPEncoder(
      (mlp): Sequential(
        (0): Linear(in_features=1024, out_features=256, bias=True)
        (1): BatchNorm1d(256, eps=1e-05, momentum=0.1, affine=True, track_running_stats=True)
        (2): ReLU()
        (3): Dropout(p=0.5, inplace=False)
        (4): Linear(in_features=256, out_features=128, bias=True)
        (5): BatchNorm1d(128, eps=1e-05, momentum=0.1, affine=True, track_running_stats=True)
        (6): ReLU()
      )
    )
    (1): ChemBERTEncoder(
      (projection): Sequential(
        (0): Linear(in_features=768, out_features=128, bias=True)
        (1): LayerNorm((128,), eps=1e-05, elementwise_affine=True)
        (2): ReLU()
      )
    )
    (2): LincsGraphEncoder(
      (proj): Linear(in_features=1, out_features=128, bias=True)
      (convs): ModuleList(
        (0-1): 2 x DenseGCNConv(
          (linear): Linear(in_features=128, out_features=128, bias=False)
        )
      )
      (bns): ModuleList(
        (0-1): 2 x BatchNorm1d(128, eps=1e-05, momentum=0.1, affine=True, track_running_stats=True)
      )
      (pool_proj): Linear(in_features=128, out_features=128, bias=True)
    )
    (3): RDKitDescriptorEncoder(
      (mlp): Sequential(
        (0): Linear(in_features=210, out_features=256, bias=True)
        (1): BatchNorm1d(256, eps=1e-05, momentum=0.1, affine=True, track_running_stats=True)
        (2): ReLU()
        (3): Dropout(p=0.5, inplace=False)
        (4): Linear(in_features=256, out_features=128, bias=True)
        (5): BatchNorm1d(128, eps=1e-05, momentum=0.1, affine=True, track_running_stats=True)
        (6): ReLU()
      )
    )
  )
  (protein_encoders): ModuleList(
    (0): ProteinCNNEncoder(
      (embedding): Embedding(21, 128, padding_idx=0)
      (conv_blocks): ModuleList(
        (0): Sequential(
          (0): Conv1d(128, 64, kernel_size=(3,), stride=(1,), padding=(1,))
          (1): BatchNorm1d(64, eps=1e-05, momentum=0.1, affine=True, track_running_stats=True)
          (2): ReLU()
          (3): Conv1d(64, 64, kernel_size=(3,), stride=(1,), padding=(1,))
          (4): BatchNorm1d(64, eps=1e-05, momentum=0.1, affine=True, track_running_stats=True)
          (5): ReLU()
        )
        (1): Sequential(
          (0): Conv1d(128, 64, kernel_size=(7,), stride=(1,), padding=(3,))
          (1): BatchNorm1d(64, eps=1e-05, momentum=0.1, affine=True, track_running_stats=True)
          (2): ReLU()
          (3): Conv1d(64, 64, kernel_size=(7,), stride=(1,), padding=(3,))
          (4): BatchNorm1d(64, eps=1e-05, momentum=0.1, affine=True, track_running_stats=True)
          (5): ReLU()
        )
        (2): Sequential(
          (0): Conv1d(128, 64, kernel_size=(15,), stride=(1,), padding=(7,))
          (1): BatchNorm1d(64, eps=1e-05, momentum=0.1, affine=True, track_running_stats=True)
          (2): ReLU()
          (3): Conv1d(64, 64, kernel_size=(15,), stride=(1,), padding=(7,))
          (4): BatchNorm1d(64, eps=1e-05, momentum=0.1, affine=True, track_running_stats=True)
          (5): ReLU()
        )
      )
    )
  )
  (fusion): MLPFusion(
    (classifier): Sequential(
      (0): Linear(in_features=704, out_features=128, bias=True)
      (1): BatchNorm1d(128, eps=1e-05, momentum=0.1, affine=True, track_running_stats=True)
      (2): ReLU()
      (3): Dropout(p=0.5, inplace=False)
      (4): Linear(in_features=128, out_features=32, bias=True)
      (5): BatchNorm1d(32, eps=1e-05, momentum=0.1, affine=True, track_running_stats=True)
      (6): ReLU()
      (7): Dropout(p=0.5, inplace=False)
      (8): Linear(in_features=32, out_features=1, bias=True)
    )
  )
)
Epoch 001 | time=3.7s | train_loss=0.6140 | val_loss=0.6310 | val_auc=0.7105
  ✓ New best model (epoch 1, val_loss=0.6310, val_auc=0.7105) saved to checkpoints/fp_chembert_rdkit_lincs_graph_vs_cnn_seed1024.pt
Epoch 002 | time=2.9s | train_loss=0.5101 | val_loss=0.5928 | val_auc=0.7626
  ✓ New best model (epoch 2, val_loss=0.5928, val_auc=0.7626) saved to checkpoints/fp_chembert_rdkit_lincs_graph_vs_cnn_seed1024.pt
Epoch 003 | time=2.9s | train_loss=0.4523 | val_loss=0.5749 | val_auc=0.7745
  ✓ New best model (epoch 3, val_loss=0.5749, val_auc=0.7745) saved to checkpoints/fp_chembert_rdkit_lincs_graph_vs_cnn_seed1024.pt
Epoch 004 | time=2.9s | train_loss=0.4143 | val_loss=0.5647 | val_auc=0.7895
  ✓ New best model (epoch 4, val_loss=0.5647, val_auc=0.7895) saved to checkpoints/fp_chembert_rdkit_lincs_graph_vs_cnn_seed1024.pt
Epoch 005 | time=3.0s | train_loss=0.3824 | val_loss=0.5522 | val_auc=0.7984
  ✓ New best model (epoch 5, val_loss=0.5522, val_auc=0.7984) saved to checkpoints/fp_chembert_rdkit_lincs_graph_vs_cnn_seed1024.pt
Epoch 006 | time=2.9s | train_loss=0.3553 | val_loss=0.5498 | val_auc=0.8007
  ✓ New best model (epoch 6, val_loss=0.5498, val_auc=0.8007) saved to checkpoints/fp_chembert_rdkit_lincs_graph_vs_cnn_seed1024.pt
Epoch 007 | time=2.9s | train_loss=0.3312 | val_loss=0.5458 | val_auc=0.8060
  ✓ New best model (epoch 7, val_loss=0.5458, val_auc=0.8060) saved to checkpoints/fp_chembert_rdkit_lincs_graph_vs_cnn_seed1024.pt
Epoch 008 | time=2.9s | train_loss=0.3108 | val_loss=0.5388 | val_auc=0.8111
  ✓ New best model (epoch 8, val_loss=0.5388, val_auc=0.8111) saved to checkpoints/fp_chembert_rdkit_lincs_graph_vs_cnn_seed1024.pt
Epoch 009 | time=3.0s | train_loss=0.2928 | val_loss=0.5355 | val_auc=0.8158
  ✓ New best model (epoch 9, val_loss=0.5355, val_auc=0.8158) saved to checkpoints/fp_chembert_rdkit_lincs_graph_vs_cnn_seed1024.pt
Epoch 010 | time=2.9s | train_loss=0.2791 | val_loss=0.5399 | val_auc=0.8119
Epoch 011 | time=2.9s | train_loss=0.2637 | val_loss=0.5425 | val_auc=0.8136
Epoch 012 | time=2.9s | train_loss=0.2519 | val_loss=0.5317 | val_auc=0.8221
  ✓ New best model (epoch 12, val_loss=0.5317, val_auc=0.8221) saved to checkpoints/fp_chembert_rdkit_lincs_graph_vs_cnn_seed1024.pt
Epoch 013 | time=2.9s | train_loss=0.2388 | val_loss=0.5375 | val_auc=0.8189
Epoch 014 | time=2.9s | train_loss=0.2291 | val_loss=0.5468 | val_auc=0.8172
Epoch 015 | time=2.9s | train_loss=0.2199 | val_loss=0.5453 | val_auc=0.8175
Epoch 016 | time=2.9s | train_loss=0.2103 | val_loss=0.5499 | val_auc=0.8179
Epoch 017 | time=3.0s | train_loss=0.1999 | val_loss=0.5555 | val_auc=0.8228
  ✓ New best model (epoch 17, val_loss=0.5555, val_auc=0.8228) saved to checkpoints/fp_chembert_rdkit_lincs_graph_vs_cnn_seed1024.pt
Epoch 018 | time=2.9s | train_loss=0.1911 | val_loss=0.5476 | val_auc=0.8234
  ✓ New best model (epoch 18, val_loss=0.5476, val_auc=0.8234) saved to checkpoints/fp_chembert_rdkit_lincs_graph_vs_cnn_seed1024.pt
Epoch 019 | time=2.9s | train_loss=0.1822 | val_loss=0.5611 | val_auc=0.8209
Epoch 020 | time=2.9s | train_loss=0.1733 | val_loss=0.5557 | val_auc=0.8238
  ✓ New best model (epoch 20, val_loss=0.5557, val_auc=0.8238) saved to checkpoints/fp_chembert_rdkit_lincs_graph_vs_cnn_seed1024.pt
Epoch 021 | time=2.9s | train_loss=0.1713 | val_loss=0.5514 | val_auc=0.8248
  ✓ New best model (epoch 21, val_loss=0.5514, val_auc=0.8248) saved to checkpoints/fp_chembert_rdkit_lincs_graph_vs_cnn_seed1024.pt
Epoch 022 | time=2.9s | train_loss=0.1708 | val_loss=0.5565 | val_auc=0.8242
Epoch 023 | time=3.0s | train_loss=0.1604 | val_loss=0.5635 | val_auc=0.8252
  ✓ New best model (epoch 23, val_loss=0.5635, val_auc=0.8252) saved to checkpoints/fp_chembert_rdkit_lincs_graph_vs_cnn_seed1024.pt
Epoch 024 | time=2.9s | train_loss=0.1593 | val_loss=0.5560 | val_auc=0.8280
  ✓ New best model (epoch 24, val_loss=0.5560, val_auc=0.8280) saved to checkpoints/fp_chembert_rdkit_lincs_graph_vs_cnn_seed1024.pt
Epoch 025 | time=2.9s | train_loss=0.1544 | val_loss=0.5543 | val_auc=0.8282
  ✓ New best model (epoch 25, val_loss=0.5543, val_auc=0.8282) saved to checkpoints/fp_chembert_rdkit_lincs_graph_vs_cnn_seed1024.pt
Epoch 026 | time=2.9s | train_loss=0.1508 | val_loss=0.5584 | val_auc=0.8275
Epoch 027 | time=2.9s | train_loss=0.1502 | val_loss=0.5578 | val_auc=0.8297
  ✓ New best model (epoch 27, val_loss=0.5578, val_auc=0.8297) saved to checkpoints/fp_chembert_rdkit_lincs_graph_vs_cnn_seed1024.pt
Epoch 028 | time=2.9s | train_loss=0.1440 | val_loss=0.5488 | val_auc=0.8331
  ✓ New best model (epoch 28, val_loss=0.5488, val_auc=0.8331) saved to checkpoints/fp_chembert_rdkit_lincs_graph_vs_cnn_seed1024.pt
Epoch 029 | time=2.9s | train_loss=0.1457 | val_loss=0.5685 | val_auc=0.8280
Epoch 030 | time=2.9s | train_loss=0.1422 | val_loss=0.5500 | val_auc=0.8332
  ✓ New best model (epoch 30, val_loss=0.5500, val_auc=0.8332) saved to checkpoints/fp_chembert_rdkit_lincs_graph_vs_cnn_seed1024.pt
Epoch 031 | time=2.9s | train_loss=0.1419 | val_loss=0.5480 | val_auc=0.8350
  ✓ New best model (epoch 31, val_loss=0.5480, val_auc=0.8350) saved to checkpoints/fp_chembert_rdkit_lincs_graph_vs_cnn_seed1024.pt
Epoch 032 | time=3.0s | train_loss=0.1402 | val_loss=0.5611 | val_auc=0.8315
Epoch 033 | time=2.9s | train_loss=0.1393 | val_loss=0.5555 | val_auc=0.8341
Epoch 034 | time=2.9s | train_loss=0.1366 | val_loss=0.5570 | val_auc=0.8321
Epoch 035 | time=2.9s | train_loss=0.1364 | val_loss=0.5602 | val_auc=0.8324
Epoch 036 | time=3.0s | train_loss=0.1356 | val_loss=0.5614 | val_auc=0.8336
Epoch 037 | time=2.9s | train_loss=0.1348 | val_loss=0.5619 | val_auc=0.8325
Epoch 038 | time=2.9s | train_loss=0.1340 | val_loss=0.5613 | val_auc=0.8332
Epoch 039 | time=2.9s | train_loss=0.1331 | val_loss=0.5558 | val_auc=0.8347
Epoch 040 | time=2.9s | train_loss=0.1304 | val_loss=0.5577 | val_auc=0.8332
Epoch 041 | time=2.9s | train_loss=0.1295 | val_loss=0.5623 | val_auc=0.8326
Early stopping — no improvement for 10 epochs

Best model: epoch 31, val_loss=0.5623, val_auc=0.8350

═══ Test Results ═══
           auc: 0.7553
         auprc: 0.6837
            f1: 0.6923
     precision: 0.6587
        recall: 0.7296
          loss: 0.7199
