Uninstalled 1 package in 7ms
Installed 1 package in 12ms
/net/storage/pr3/plgrid/plggmlcil/plgkstankie/vvv/Multimodal-models-for-predicting-drug-target-interactions/.venv/lib/python3.11/site-packages/outdated/__init__.py:36: UserWarning: pkg_resources is deprecated as an API. See https://setuptools.pypa.io/en/latest/pkg_resources.html. The pkg_resources package is slated for removal as early as 2025-11-30. Refrain from using this package or pin to Setuptools<81.
  from pkg_resources import parse_version
Setting global random seed to 1024
Using device: cuda
Loading clean data from: /net/storage/pr3/plgrid/plggmlcil/plgkstankie/vvv/Multimodal-models-for-predicting-drug-target-interactions/src/datasets/lincs_balanced.parquet
Dataset size: 27498
Train: 19558  Val: 2885  Test: 5055
Fitting MinMaxScaler on 1264 cached RDKit descriptors...
SMILES encoders:  ['FingerprintMLPEncoder', 'LincsGraphEncoder', 'RDKitDescriptorEncoder']
Protein encoders: ['ProteinCNNEncoder']
MultimodalDTI(
  (smiles_encoders): ModuleList(
    (0): FingerprintMLPEncoder(
      (mlp): Sequential(
        (0): Linear(in_features=1024, out_features=256, bias=True)
        (1): BatchNorm1d(256, eps=1e-05, momentum=0.1, affine=True, track_running_stats=True)
        (2): ReLU()
        (3): Dropout(p=0.5, inplace=False)
        (4): Linear(in_features=256, out_features=128, bias=True)
        (5): BatchNorm1d(128, eps=1e-05, momentum=0.1, affine=True, track_running_stats=True)
        (6): ReLU()
      )
    )
    (1): LincsGraphEncoder(
      (proj): Linear(in_features=1, out_features=128, bias=True)
      (convs): ModuleList(
        (0-1): 2 x DenseGCNConv(
          (linear): Linear(in_features=128, out_features=128, bias=False)
        )
      )
      (bns): ModuleList(
        (0-1): 2 x BatchNorm1d(128, eps=1e-05, momentum=0.1, affine=True, track_running_stats=True)
      )
      (pool_proj): Linear(in_features=128, out_features=128, bias=True)
    )
    (2): RDKitDescriptorEncoder(
      (mlp): Sequential(
        (0): Linear(in_features=210, out_features=256, bias=True)
        (1): BatchNorm1d(256, eps=1e-05, momentum=0.1, affine=True, track_running_stats=True)
        (2): ReLU()
        (3): Dropout(p=0.5, inplace=False)
        (4): Linear(in_features=256, out_features=128, bias=True)
        (5): BatchNorm1d(128, eps=1e-05, momentum=0.1, affine=True, track_running_stats=True)
        (6): ReLU()
      )
    )
  )
  (protein_encoders): ModuleList(
    (0): ProteinCNNEncoder(
      (embedding): Embedding(21, 128, padding_idx=0)
      (conv_blocks): ModuleList(
        (0): Sequential(
          (0): Conv1d(128, 64, kernel_size=(3,), stride=(1,), padding=(1,))
          (1): BatchNorm1d(64, eps=1e-05, momentum=0.1, affine=True, track_running_stats=True)
          (2): ReLU()
          (3): Conv1d(64, 64, kernel_size=(3,), stride=(1,), padding=(1,))
          (4): BatchNorm1d(64, eps=1e-05, momentum=0.1, affine=True, track_running_stats=True)
          (5): ReLU()
        )
        (1): Sequential(
          (0): Conv1d(128, 64, kernel_size=(7,), stride=(1,), padding=(3,))
          (1): BatchNorm1d(64, eps=1e-05, momentum=0.1, affine=True, track_running_stats=True)
          (2): ReLU()
          (3): Conv1d(64, 64, kernel_size=(7,), stride=(1,), padding=(3,))
          (4): BatchNorm1d(64, eps=1e-05, momentum=0.1, affine=True, track_running_stats=True)
          (5): ReLU()
        )
        (2): Sequential(
          (0): Conv1d(128, 64, kernel_size=(15,), stride=(1,), padding=(7,))
          (1): BatchNorm1d(64, eps=1e-05, momentum=0.1, affine=True, track_running_stats=True)
          (2): ReLU()
          (3): Conv1d(64, 64, kernel_size=(15,), stride=(1,), padding=(7,))
          (4): BatchNorm1d(64, eps=1e-05, momentum=0.1, affine=True, track_running_stats=True)
          (5): ReLU()
        )
      )
    )
  )
  (fusion): MLPFusion(
    (classifier): Sequential(
      (0): Linear(in_features=576, out_features=128, bias=True)
      (1): BatchNorm1d(128, eps=1e-05, momentum=0.1, affine=True, track_running_stats=True)
      (2): ReLU()
      (3): Dropout(p=0.5, inplace=False)
      (4): Linear(in_features=128, out_features=32, bias=True)
      (5): BatchNorm1d(32, eps=1e-05, momentum=0.1, affine=True, track_running_stats=True)
      (6): ReLU()
      (7): Dropout(p=0.5, inplace=False)
      (8): Linear(in_features=32, out_features=1, bias=True)
    )
  )
)
Epoch 001 | time=3.6s | train_loss=0.6483 | val_loss=0.6527 | val_auc=0.7027
  ✓ New best model (epoch 1, val_loss=0.6527, val_auc=0.7027) saved to checkpoints/fp_rdkit_lincs_graph_vs_cnn_seed1024.pt
Epoch 002 | time=2.9s | train_loss=0.5348 | val_loss=0.6076 | val_auc=0.7521
  ✓ New best model (epoch 2, val_loss=0.6076, val_auc=0.7521) saved to checkpoints/fp_rdkit_lincs_graph_vs_cnn_seed1024.pt
Epoch 003 | time=2.9s | train_loss=0.4775 | val_loss=0.5883 | val_auc=0.7662
  ✓ New best model (epoch 3, val_loss=0.5883, val_auc=0.7662) saved to checkpoints/fp_rdkit_lincs_graph_vs_cnn_seed1024.pt
Epoch 004 | time=2.9s | train_loss=0.4369 | val_loss=0.5793 | val_auc=0.7679
  ✓ New best model (epoch 4, val_loss=0.5793, val_auc=0.7679) saved to checkpoints/fp_rdkit_lincs_graph_vs_cnn_seed1024.pt
Epoch 005 | time=2.9s | train_loss=0.4059 | val_loss=0.5757 | val_auc=0.7752
  ✓ New best model (epoch 5, val_loss=0.5757, val_auc=0.7752) saved to checkpoints/fp_rdkit_lincs_graph_vs_cnn_seed1024.pt
Epoch 006 | time=2.9s | train_loss=0.3795 | val_loss=0.5667 | val_auc=0.7835
  ✓ New best model (epoch 6, val_loss=0.5667, val_auc=0.7835) saved to checkpoints/fp_rdkit_lincs_graph_vs_cnn_seed1024.pt
Epoch 007 | time=2.9s | train_loss=0.3569 | val_loss=0.5496 | val_auc=0.8035
  ✓ New best model (epoch 7, val_loss=0.5496, val_auc=0.8035) saved to checkpoints/fp_rdkit_lincs_graph_vs_cnn_seed1024.pt
Epoch 008 | time=2.9s | train_loss=0.3373 | val_loss=0.5414 | val_auc=0.8126
  ✓ New best model (epoch 8, val_loss=0.5414, val_auc=0.8126) saved to checkpoints/fp_rdkit_lincs_graph_vs_cnn_seed1024.pt
Epoch 009 | time=2.9s | train_loss=0.3172 | val_loss=0.5469 | val_auc=0.8048
Epoch 010 | time=2.9s | train_loss=0.3019 | val_loss=0.5394 | val_auc=0.8123
Epoch 011 | time=2.9s | train_loss=0.2904 | val_loss=0.5355 | val_auc=0.8192
  ✓ New best model (epoch 11, val_loss=0.5355, val_auc=0.8192) saved to checkpoints/fp_rdkit_lincs_graph_vs_cnn_seed1024.pt
Epoch 012 | time=2.9s | train_loss=0.2773 | val_loss=0.5409 | val_auc=0.8152
Epoch 013 | time=2.9s | train_loss=0.2640 | val_loss=0.5379 | val_auc=0.8191
Epoch 014 | time=2.9s | train_loss=0.2515 | val_loss=0.5355 | val_auc=0.8228
  ✓ New best model (epoch 14, val_loss=0.5355, val_auc=0.8228) saved to checkpoints/fp_rdkit_lincs_graph_vs_cnn_seed1024.pt
Epoch 015 | time=2.9s | train_loss=0.2408 | val_loss=0.5442 | val_auc=0.8218
Epoch 016 | time=3.0s | train_loss=0.2314 | val_loss=0.5331 | val_auc=0.8272
  ✓ New best model (epoch 16, val_loss=0.5331, val_auc=0.8272) saved to checkpoints/fp_rdkit_lincs_graph_vs_cnn_seed1024.pt
Epoch 017 | time=2.9s | train_loss=0.2228 | val_loss=0.5370 | val_auc=0.8263
Epoch 018 | time=2.9s | train_loss=0.2121 | val_loss=0.5439 | val_auc=0.8272
  ✓ New best model (epoch 18, val_loss=0.5439, val_auc=0.8272) saved to checkpoints/fp_rdkit_lincs_graph_vs_cnn_seed1024.pt
Epoch 019 | time=2.9s | train_loss=0.2081 | val_loss=0.5576 | val_auc=0.8269
Epoch 020 | time=2.9s | train_loss=0.2000 | val_loss=0.5459 | val_auc=0.8294
  ✓ New best model (epoch 20, val_loss=0.5459, val_auc=0.8294) saved to checkpoints/fp_rdkit_lincs_graph_vs_cnn_seed1024.pt
Epoch 021 | time=2.9s | train_loss=0.1919 | val_loss=0.5604 | val_auc=0.8242
Epoch 022 | time=2.9s | train_loss=0.1842 | val_loss=0.5535 | val_auc=0.8306
  ✓ New best model (epoch 22, val_loss=0.5535, val_auc=0.8306) saved to checkpoints/fp_rdkit_lincs_graph_vs_cnn_seed1024.pt
Epoch 023 | time=2.9s | train_loss=0.1729 | val_loss=0.5653 | val_auc=0.8296
Epoch 024 | time=2.9s | train_loss=0.1722 | val_loss=0.5514 | val_auc=0.8337
  ✓ New best model (epoch 24, val_loss=0.5514, val_auc=0.8337) saved to checkpoints/fp_rdkit_lincs_graph_vs_cnn_seed1024.pt
Epoch 025 | time=2.9s | train_loss=0.1636 | val_loss=0.5514 | val_auc=0.8341
  ✓ New best model (epoch 25, val_loss=0.5514, val_auc=0.8341) saved to checkpoints/fp_rdkit_lincs_graph_vs_cnn_seed1024.pt
Epoch 026 | time=2.9s | train_loss=0.1626 | val_loss=0.5577 | val_auc=0.8342
  ✓ New best model (epoch 26, val_loss=0.5577, val_auc=0.8342) saved to checkpoints/fp_rdkit_lincs_graph_vs_cnn_seed1024.pt
Epoch 027 | time=2.9s | train_loss=0.1618 | val_loss=0.5644 | val_auc=0.8306
Epoch 028 | time=2.9s | train_loss=0.1573 | val_loss=0.5607 | val_auc=0.8345
  ✓ New best model (epoch 28, val_loss=0.5607, val_auc=0.8345) saved to checkpoints/fp_rdkit_lincs_graph_vs_cnn_seed1024.pt
Epoch 029 | time=2.9s | train_loss=0.1536 | val_loss=0.5603 | val_auc=0.8346
  ✓ New best model (epoch 29, val_loss=0.5603, val_auc=0.8346) saved to checkpoints/fp_rdkit_lincs_graph_vs_cnn_seed1024.pt
Epoch 030 | time=2.9s | train_loss=0.1503 | val_loss=0.5551 | val_auc=0.8388
  ✓ New best model (epoch 30, val_loss=0.5551, val_auc=0.8388) saved to checkpoints/fp_rdkit_lincs_graph_vs_cnn_seed1024.pt
Epoch 031 | time=2.9s | train_loss=0.1462 | val_loss=0.5584 | val_auc=0.8375
Epoch 032 | time=2.9s | train_loss=0.1439 | val_loss=0.5622 | val_auc=0.8344
Epoch 033 | time=2.9s | train_loss=0.1456 | val_loss=0.5642 | val_auc=0.8347
Epoch 034 | time=2.9s | train_loss=0.1433 | val_loss=0.5645 | val_auc=0.8371
Epoch 035 | time=2.9s | train_loss=0.1397 | val_loss=0.5658 | val_auc=0.8381
Epoch 036 | time=2.9s | train_loss=0.1368 | val_loss=0.5613 | val_auc=0.8375
Epoch 037 | time=2.9s | train_loss=0.1391 | val_loss=0.5736 | val_auc=0.8347
Epoch 038 | time=2.9s | train_loss=0.1382 | val_loss=0.5699 | val_auc=0.8375
Epoch 039 | time=2.9s | train_loss=0.1372 | val_loss=0.5680 | val_auc=0.8371
Epoch 040 | time=2.9s | train_loss=0.1355 | val_loss=0.5779 | val_auc=0.8358
Early stopping — no improvement for 10 epochs

Best model: epoch 30, val_loss=0.5779, val_auc=0.8388

═══ Test Results ═══
           auc: 0.7485
         auprc: 0.7033
            f1: 0.6306
     precision: 0.6386
        recall: 0.6228
          loss: 0.7476
