Uninstalled 1 package in 8ms
Installed 1 package in 11ms
/net/storage/pr3/plgrid/plggmlcil/plgkstankie/vvv/Multimodal-models-for-predicting-drug-target-interactions/.venv/lib/python3.11/site-packages/outdated/__init__.py:36: UserWarning: pkg_resources is deprecated as an API. See https://setuptools.pypa.io/en/latest/pkg_resources.html. The pkg_resources package is slated for removal as early as 2025-11-30. Refrain from using this package or pin to Setuptools<81.
  from pkg_resources import parse_version
Setting global random seed to 42
Using device: cuda
Loading clean data from: /net/storage/pr3/plgrid/plggmlcil/plgkstankie/vvv/Multimodal-models-for-predicting-drug-target-interactions/src/datasets/lincs_balanced.parquet
Dataset size: 27498
Train: 19558  Val: 2885  Test: 5055
Fitting MinMaxScaler on 1264 cached RDKit descriptors...
SMILES encoders:  ['FingerprintMLPEncoder', 'LincsGraphEncoder', 'RDKitDescriptorEncoder']
Protein encoders: ['ProteinCNNEncoder']
MultimodalDTI(
  (smiles_encoders): ModuleList(
    (0): FingerprintMLPEncoder(
      (mlp): Sequential(
        (0): Linear(in_features=1024, out_features=256, bias=True)
        (1): BatchNorm1d(256, eps=1e-05, momentum=0.1, affine=True, track_running_stats=True)
        (2): ReLU()
        (3): Dropout(p=0.5, inplace=False)
        (4): Linear(in_features=256, out_features=128, bias=True)
        (5): BatchNorm1d(128, eps=1e-05, momentum=0.1, affine=True, track_running_stats=True)
        (6): ReLU()
      )
    )
    (1): LincsGraphEncoder(
      (proj): Linear(in_features=1, out_features=128, bias=True)
      (convs): ModuleList(
        (0-1): 2 x DenseGCNConv(
          (linear): Linear(in_features=128, out_features=128, bias=False)
        )
      )
      (bns): ModuleList(
        (0-1): 2 x BatchNorm1d(128, eps=1e-05, momentum=0.1, affine=True, track_running_stats=True)
      )
      (pool_proj): Linear(in_features=128, out_features=128, bias=True)
    )
    (2): RDKitDescriptorEncoder(
      (mlp): Sequential(
        (0): Linear(in_features=210, out_features=256, bias=True)
        (1): BatchNorm1d(256, eps=1e-05, momentum=0.1, affine=True, track_running_stats=True)
        (2): ReLU()
        (3): Dropout(p=0.5, inplace=False)
        (4): Linear(in_features=256, out_features=128, bias=True)
        (5): BatchNorm1d(128, eps=1e-05, momentum=0.1, affine=True, track_running_stats=True)
        (6): ReLU()
      )
    )
  )
  (protein_encoders): ModuleList(
    (0): ProteinCNNEncoder(
      (embedding): Embedding(21, 128, padding_idx=0)
      (conv_blocks): ModuleList(
        (0): Sequential(
          (0): Conv1d(128, 64, kernel_size=(3,), stride=(1,), padding=(1,))
          (1): BatchNorm1d(64, eps=1e-05, momentum=0.1, affine=True, track_running_stats=True)
          (2): ReLU()
          (3): Conv1d(64, 64, kernel_size=(3,), stride=(1,), padding=(1,))
          (4): BatchNorm1d(64, eps=1e-05, momentum=0.1, affine=True, track_running_stats=True)
          (5): ReLU()
        )
        (1): Sequential(
          (0): Conv1d(128, 64, kernel_size=(7,), stride=(1,), padding=(3,))
          (1): BatchNorm1d(64, eps=1e-05, momentum=0.1, affine=True, track_running_stats=True)
          (2): ReLU()
          (3): Conv1d(64, 64, kernel_size=(7,), stride=(1,), padding=(3,))
          (4): BatchNorm1d(64, eps=1e-05, momentum=0.1, affine=True, track_running_stats=True)
          (5): ReLU()
        )
        (2): Sequential(
          (0): Conv1d(128, 64, kernel_size=(15,), stride=(1,), padding=(7,))
          (1): BatchNorm1d(64, eps=1e-05, momentum=0.1, affine=True, track_running_stats=True)
          (2): ReLU()
          (3): Conv1d(64, 64, kernel_size=(15,), stride=(1,), padding=(7,))
          (4): BatchNorm1d(64, eps=1e-05, momentum=0.1, affine=True, track_running_stats=True)
          (5): ReLU()
        )
      )
    )
  )
  (fusion): MLPFusion(
    (classifier): Sequential(
      (0): Linear(in_features=576, out_features=128, bias=True)
      (1): BatchNorm1d(128, eps=1e-05, momentum=0.1, affine=True, track_running_stats=True)
      (2): ReLU()
      (3): Dropout(p=0.5, inplace=False)
      (4): Linear(in_features=128, out_features=32, bias=True)
      (5): BatchNorm1d(32, eps=1e-05, momentum=0.1, affine=True, track_running_stats=True)
      (6): ReLU()
      (7): Dropout(p=0.5, inplace=False)
      (8): Linear(in_features=32, out_features=1, bias=True)
    )
  )
)
Epoch 001 | time=3.7s | train_loss=0.6390 | val_loss=0.6439 | val_auc=0.7024
  ✓ New best model (epoch 1, val_loss=0.6439, val_auc=0.7024) saved to checkpoints/fp_rdkit_lincs_graph_vs_cnn_seed42.pt
Epoch 002 | time=2.9s | train_loss=0.5329 | val_loss=0.6120 | val_auc=0.7456
  ✓ New best model (epoch 2, val_loss=0.6120, val_auc=0.7456) saved to checkpoints/fp_rdkit_lincs_graph_vs_cnn_seed42.pt
Epoch 003 | time=2.9s | train_loss=0.4769 | val_loss=0.5920 | val_auc=0.7547
  ✓ New best model (epoch 3, val_loss=0.5920, val_auc=0.7547) saved to checkpoints/fp_rdkit_lincs_graph_vs_cnn_seed42.pt
Epoch 004 | time=2.9s | train_loss=0.4404 | val_loss=0.5719 | val_auc=0.7752
  ✓ New best model (epoch 4, val_loss=0.5719, val_auc=0.7752) saved to checkpoints/fp_rdkit_lincs_graph_vs_cnn_seed42.pt
Epoch 005 | time=2.9s | train_loss=0.4046 | val_loss=0.5625 | val_auc=0.7833
  ✓ New best model (epoch 5, val_loss=0.5625, val_auc=0.7833) saved to checkpoints/fp_rdkit_lincs_graph_vs_cnn_seed42.pt
Epoch 006 | time=2.9s | train_loss=0.3771 | val_loss=0.5618 | val_auc=0.7825
Epoch 007 | time=2.9s | train_loss=0.3537 | val_loss=0.5607 | val_auc=0.7864
  ✓ New best model (epoch 7, val_loss=0.5607, val_auc=0.7864) saved to checkpoints/fp_rdkit_lincs_graph_vs_cnn_seed42.pt
Epoch 008 | time=2.9s | train_loss=0.3348 | val_loss=0.5465 | val_auc=0.7981
  ✓ New best model (epoch 8, val_loss=0.5465, val_auc=0.7981) saved to checkpoints/fp_rdkit_lincs_graph_vs_cnn_seed42.pt
Epoch 009 | time=2.9s | train_loss=0.3157 | val_loss=0.5325 | val_auc=0.8104
  ✓ New best model (epoch 9, val_loss=0.5325, val_auc=0.8104) saved to checkpoints/fp_rdkit_lincs_graph_vs_cnn_seed42.pt
Epoch 010 | time=2.9s | train_loss=0.3023 | val_loss=0.5412 | val_auc=0.8089
Epoch 011 | time=2.9s | train_loss=0.2853 | val_loss=0.5389 | val_auc=0.8086
Epoch 012 | time=2.9s | train_loss=0.2705 | val_loss=0.5163 | val_auc=0.8246
  ✓ New best model (epoch 12, val_loss=0.5163, val_auc=0.8246) saved to checkpoints/fp_rdkit_lincs_graph_vs_cnn_seed42.pt
Epoch 013 | time=2.9s | train_loss=0.2601 | val_loss=0.5320 | val_auc=0.8174
Epoch 014 | time=2.9s | train_loss=0.2510 | val_loss=0.5224 | val_auc=0.8229
Epoch 015 | time=2.9s | train_loss=0.2352 | val_loss=0.5306 | val_auc=0.8217
Epoch 016 | time=3.0s | train_loss=0.2254 | val_loss=0.5437 | val_auc=0.8141
Epoch 017 | time=2.9s | train_loss=0.2223 | val_loss=0.5574 | val_auc=0.8129
Epoch 018 | time=2.9s | train_loss=0.2090 | val_loss=0.5504 | val_auc=0.8154
Epoch 019 | time=2.9s | train_loss=0.1998 | val_loss=0.5390 | val_auc=0.8231
Epoch 020 | time=2.9s | train_loss=0.1923 | val_loss=0.5455 | val_auc=0.8216
Epoch 021 | time=2.9s | train_loss=0.1900 | val_loss=0.5376 | val_auc=0.8259
  ✓ New best model (epoch 21, val_loss=0.5376, val_auc=0.8259) saved to checkpoints/fp_rdkit_lincs_graph_vs_cnn_seed42.pt
Epoch 022 | time=2.9s | train_loss=0.1831 | val_loss=0.5558 | val_auc=0.8197
Epoch 023 | time=2.9s | train_loss=0.1816 | val_loss=0.5442 | val_auc=0.8266
  ✓ New best model (epoch 23, val_loss=0.5442, val_auc=0.8266) saved to checkpoints/fp_rdkit_lincs_graph_vs_cnn_seed42.pt
Epoch 024 | time=2.9s | train_loss=0.1764 | val_loss=0.5502 | val_auc=0.8267
  ✓ New best model (epoch 24, val_loss=0.5502, val_auc=0.8267) saved to checkpoints/fp_rdkit_lincs_graph_vs_cnn_seed42.pt
Epoch 025 | time=2.9s | train_loss=0.1699 | val_loss=0.5514 | val_auc=0.8275
  ✓ New best model (epoch 25, val_loss=0.5514, val_auc=0.8275) saved to checkpoints/fp_rdkit_lincs_graph_vs_cnn_seed42.pt
Epoch 026 | time=2.9s | train_loss=0.1703 | val_loss=0.5497 | val_auc=0.8297
  ✓ New best model (epoch 26, val_loss=0.5497, val_auc=0.8297) saved to checkpoints/fp_rdkit_lincs_graph_vs_cnn_seed42.pt
Epoch 027 | time=2.9s | train_loss=0.1656 | val_loss=0.5528 | val_auc=0.8292
Epoch 028 | time=2.9s | train_loss=0.1642 | val_loss=0.5560 | val_auc=0.8288
Epoch 029 | time=2.9s | train_loss=0.1640 | val_loss=0.5627 | val_auc=0.8278
Epoch 030 | time=2.9s | train_loss=0.1595 | val_loss=0.5479 | val_auc=0.8334
  ✓ New best model (epoch 30, val_loss=0.5479, val_auc=0.8334) saved to checkpoints/fp_rdkit_lincs_graph_vs_cnn_seed42.pt
Epoch 031 | time=2.9s | train_loss=0.1565 | val_loss=0.5528 | val_auc=0.8314
Epoch 032 | time=2.9s | train_loss=0.1549 | val_loss=0.5565 | val_auc=0.8286
Epoch 033 | time=2.9s | train_loss=0.1584 | val_loss=0.5598 | val_auc=0.8291
Epoch 034 | time=2.9s | train_loss=0.1510 | val_loss=0.5591 | val_auc=0.8298
Epoch 035 | time=2.9s | train_loss=0.1528 | val_loss=0.5610 | val_auc=0.8310
Epoch 036 | time=2.9s | train_loss=0.1514 | val_loss=0.5676 | val_auc=0.8298
Epoch 037 | time=2.9s | train_loss=0.1505 | val_loss=0.5612 | val_auc=0.8296
Epoch 038 | time=2.9s | train_loss=0.1490 | val_loss=0.5665 | val_auc=0.8303
Epoch 039 | time=2.9s | train_loss=0.1509 | val_loss=0.5609 | val_auc=0.8311
Epoch 040 | time=2.9s | train_loss=0.1490 | val_loss=0.5635 | val_auc=0.8291
Early stopping — no improvement for 10 epochs

Best model: epoch 30, val_loss=0.5635, val_auc=0.8334

═══ Test Results ═══
           auc: 0.7440
         auprc: 0.6955
            f1: 0.6306
     precision: 0.6571
        recall: 0.6061
          loss: 0.7350
