Uninstalled 1 package in 8ms
Installed 1 package in 12ms
/net/storage/pr3/plgrid/plggmlcil/plgkstankie/vvv/Multimodal-models-for-predicting-drug-target-interactions/.venv/lib/python3.11/site-packages/outdated/__init__.py:36: UserWarning: pkg_resources is deprecated as an API. See https://setuptools.pypa.io/en/latest/pkg_resources.html. The pkg_resources package is slated for removal as early as 2025-11-30. Refrain from using this package or pin to Setuptools<81.
  from pkg_resources import parse_version
Setting global random seed to 42
Using device: cuda
Loading clean data from: /net/storage/pr3/plgrid/plggmlcil/plgkstankie/vvv/Multimodal-models-for-predicting-drug-target-interactions/src/datasets/lincs_balanced.parquet
Dataset size: 27498
Train: 19558  Val: 2885  Test: 5055
ChemBERTProcessor: loaded 236379 embeddings (dim=768) from /net/storage/pr3/plgrid/plggmlcil/plgkstankie/vvv/Multimodal-models-for-predicting-drug-target-interactions/src/datasets/ChemBERTa-zinc-base-v1.pt
Fitting MinMaxScaler on 1264 cached RDKit descriptors...
SMILES encoders:  ['GCNEncoder', 'FingerprintMLPEncoder', 'ChemBERTEncoder', 'LincsEncoder', 'RDKitDescriptorEncoder']
Protein encoders: ['ProteinCNNEncoder']
Building graph cache for 1264 SMILES...
  0%|          | 0/1264 [00:00<?, ?it/s] 17%|█▋        | 217/1264 [00:00<00:00, 2157.80it/s] 34%|███▍      | 433/1264 [00:00<00:00, 2135.55it/s] 51%|█████     | 647/1264 [00:00<00:00, 2121.28it/s] 68%|██████▊   | 860/1264 [00:00<00:00, 2114.30it/s] 86%|████████▌ | 1089/1264 [00:00<00:00, 2176.49it/s]100%|██████████| 1264/1264 [00:00<00:00, 2173.31it/s]
Valid SMILES graphs: 1264
MultimodalDTI(
  (smiles_encoders): ModuleList(
    (0): GCNEncoder(
      (atom_encoder): AtomEncoder(
        (atom_embedding_list): ModuleList(
          (0): Embedding(119, 128)
          (1): Embedding(5, 128)
          (2-3): 2 x Embedding(12, 128)
          (4): Embedding(10, 128)
          (5-6): 2 x Embedding(6, 128)
          (7-8): 2 x Embedding(2, 128)
        )
      )
      (convs): ModuleList(
        (0-2): 3 x GCNConv(128, 128)
      )
      (bns): ModuleList(
        (0-2): 3 x BatchNorm1d(128, eps=1e-05, momentum=0.1, affine=True, track_running_stats=True)
      )
    )
    (1): FingerprintMLPEncoder(
      (mlp): Sequential(
        (0): Linear(in_features=1024, out_features=256, bias=True)
        (1): BatchNorm1d(256, eps=1e-05, momentum=0.1, affine=True, track_running_stats=True)
        (2): ReLU()
        (3): Dropout(p=0.5, inplace=False)
        (4): Linear(in_features=256, out_features=128, bias=True)
        (5): BatchNorm1d(128, eps=1e-05, momentum=0.1, affine=True, track_running_stats=True)
        (6): ReLU()
      )
    )
    (2): ChemBERTEncoder(
      (projection): Sequential(
        (0): Linear(in_features=768, out_features=128, bias=True)
        (1): LayerNorm((128,), eps=1e-05, elementwise_affine=True)
        (2): ReLU()
      )
    )
    (3): LincsEncoder(
      (mlp): Sequential(
        (0): Linear(in_features=978, out_features=128, bias=True)
        (1): BatchNorm1d(128, eps=1e-05, momentum=0.1, affine=True, track_running_stats=True)
        (2): ReLU()
        (3): Dropout(p=0.5, inplace=False)
        (4): Linear(in_features=128, out_features=128, bias=True)
        (5): BatchNorm1d(128, eps=1e-05, momentum=0.1, affine=True, track_running_stats=True)
        (6): ReLU()
      )
    )
    (4): RDKitDescriptorEncoder(
      (mlp): Sequential(
        (0): Linear(in_features=210, out_features=256, bias=True)
        (1): BatchNorm1d(256, eps=1e-05, momentum=0.1, affine=True, track_running_stats=True)
        (2): ReLU()
        (3): Dropout(p=0.5, inplace=False)
        (4): Linear(in_features=256, out_features=128, bias=True)
        (5): BatchNorm1d(128, eps=1e-05, momentum=0.1, affine=True, track_running_stats=True)
        (6): ReLU()
      )
    )
  )
  (protein_encoders): ModuleList(
    (0): ProteinCNNEncoder(
      (embedding): Embedding(21, 128, padding_idx=0)
      (conv_blocks): ModuleList(
        (0): Sequential(
          (0): Conv1d(128, 64, kernel_size=(3,), stride=(1,), padding=(1,))
          (1): BatchNorm1d(64, eps=1e-05, momentum=0.1, affine=True, track_running_stats=True)
          (2): ReLU()
          (3): Conv1d(64, 64, kernel_size=(3,), stride=(1,), padding=(1,))
          (4): BatchNorm1d(64, eps=1e-05, momentum=0.1, affine=True, track_running_stats=True)
          (5): ReLU()
        )
        (1): Sequential(
          (0): Conv1d(128, 64, kernel_size=(7,), stride=(1,), padding=(3,))
          (1): BatchNorm1d(64, eps=1e-05, momentum=0.1, affine=True, track_running_stats=True)
          (2): ReLU()
          (3): Conv1d(64, 64, kernel_size=(7,), stride=(1,), padding=(3,))
          (4): BatchNorm1d(64, eps=1e-05, momentum=0.1, affine=True, track_running_stats=True)
          (5): ReLU()
        )
        (2): Sequential(
          (0): Conv1d(128, 64, kernel_size=(15,), stride=(1,), padding=(7,))
          (1): BatchNorm1d(64, eps=1e-05, momentum=0.1, affine=True, track_running_stats=True)
          (2): ReLU()
          (3): Conv1d(64, 64, kernel_size=(15,), stride=(1,), padding=(7,))
          (4): BatchNorm1d(64, eps=1e-05, momentum=0.1, affine=True, track_running_stats=True)
          (5): ReLU()
        )
      )
    )
  )
  (fusion): MLPFusion(
    (classifier): Sequential(
      (0): Linear(in_features=832, out_features=128, bias=True)
      (1): BatchNorm1d(128, eps=1e-05, momentum=0.1, affine=True, track_running_stats=True)
      (2): ReLU()
      (3): Dropout(p=0.5, inplace=False)
      (4): Linear(in_features=128, out_features=32, bias=True)
      (5): BatchNorm1d(32, eps=1e-05, momentum=0.1, affine=True, track_running_stats=True)
      (6): ReLU()
      (7): Dropout(p=0.5, inplace=False)
      (8): Linear(in_features=32, out_features=1, bias=True)
    )
  )
)
Epoch 001 | time=3.7s | train_loss=0.6538 | val_loss=0.6464 | val_auc=0.6869
  ✓ New best model (epoch 1, val_loss=0.6464, val_auc=0.6869) saved to checkpoints/gcn_fp_chembert_rdkit_lincs_vs_cnn_seed42.pt
Epoch 002 | time=2.9s | train_loss=0.5523 | val_loss=0.6031 | val_auc=0.7448
  ✓ New best model (epoch 2, val_loss=0.6031, val_auc=0.7448) saved to checkpoints/gcn_fp_chembert_rdkit_lincs_vs_cnn_seed42.pt
Epoch 003 | time=2.9s | train_loss=0.4795 | val_loss=0.5686 | val_auc=0.7779
  ✓ New best model (epoch 3, val_loss=0.5686, val_auc=0.7779) saved to checkpoints/gcn_fp_chembert_rdkit_lincs_vs_cnn_seed42.pt
Epoch 004 | time=2.9s | train_loss=0.4375 | val_loss=0.5628 | val_auc=0.7815
  ✓ New best model (epoch 4, val_loss=0.5628, val_auc=0.7815) saved to checkpoints/gcn_fp_chembert_rdkit_lincs_vs_cnn_seed42.pt
Epoch 005 | time=2.9s | train_loss=0.4060 | val_loss=0.5492 | val_auc=0.7956
  ✓ New best model (epoch 5, val_loss=0.5492, val_auc=0.7956) saved to checkpoints/gcn_fp_chembert_rdkit_lincs_vs_cnn_seed42.pt
Epoch 006 | time=2.9s | train_loss=0.3766 | val_loss=0.5431 | val_auc=0.8032
  ✓ New best model (epoch 6, val_loss=0.5431, val_auc=0.8032) saved to checkpoints/gcn_fp_chembert_rdkit_lincs_vs_cnn_seed42.pt
Epoch 007 | time=2.9s | train_loss=0.3564 | val_loss=0.5449 | val_auc=0.8004
Epoch 008 | time=2.9s | train_loss=0.3308 | val_loss=0.5331 | val_auc=0.8095
  ✓ New best model (epoch 8, val_loss=0.5331, val_auc=0.8095) saved to checkpoints/gcn_fp_chembert_rdkit_lincs_vs_cnn_seed42.pt
Epoch 009 | time=2.9s | train_loss=0.3152 | val_loss=0.5216 | val_auc=0.8208
  ✓ New best model (epoch 9, val_loss=0.5216, val_auc=0.8208) saved to checkpoints/gcn_fp_chembert_rdkit_lincs_vs_cnn_seed42.pt
Epoch 010 | time=2.9s | train_loss=0.2964 | val_loss=0.5170 | val_auc=0.8268
  ✓ New best model (epoch 10, val_loss=0.5170, val_auc=0.8268) saved to checkpoints/gcn_fp_chembert_rdkit_lincs_vs_cnn_seed42.pt
Epoch 011 | time=2.9s | train_loss=0.2795 | val_loss=0.5262 | val_auc=0.8193
Epoch 012 | time=2.9s | train_loss=0.2692 | val_loss=0.5159 | val_auc=0.8283
  ✓ New best model (epoch 12, val_loss=0.5159, val_auc=0.8283) saved to checkpoints/gcn_fp_chembert_rdkit_lincs_vs_cnn_seed42.pt
Epoch 013 | time=2.9s | train_loss=0.2576 | val_loss=0.5159 | val_auc=0.8296
  ✓ New best model (epoch 13, val_loss=0.5159, val_auc=0.8296) saved to checkpoints/gcn_fp_chembert_rdkit_lincs_vs_cnn_seed42.pt
Epoch 014 | time=2.9s | train_loss=0.2464 | val_loss=0.5315 | val_auc=0.8215
Epoch 015 | time=2.9s | train_loss=0.2353 | val_loss=0.5193 | val_auc=0.8311
  ✓ New best model (epoch 15, val_loss=0.5193, val_auc=0.8311) saved to checkpoints/gcn_fp_chembert_rdkit_lincs_vs_cnn_seed42.pt
Epoch 016 | time=2.9s | train_loss=0.2255 | val_loss=0.5164 | val_auc=0.8373
  ✓ New best model (epoch 16, val_loss=0.5164, val_auc=0.8373) saved to checkpoints/gcn_fp_chembert_rdkit_lincs_vs_cnn_seed42.pt
Epoch 017 | time=3.1s | train_loss=0.2175 | val_loss=0.5205 | val_auc=0.8350
Epoch 018 | time=2.9s | train_loss=0.2090 | val_loss=0.5064 | val_auc=0.8424
  ✓ New best model (epoch 18, val_loss=0.5064, val_auc=0.8424) saved to checkpoints/gcn_fp_chembert_rdkit_lincs_vs_cnn_seed42.pt
Epoch 019 | time=2.9s | train_loss=0.2019 | val_loss=0.5392 | val_auc=0.8308
Epoch 020 | time=2.9s | train_loss=0.1921 | val_loss=0.5139 | val_auc=0.8436
  ✓ New best model (epoch 20, val_loss=0.5139, val_auc=0.8436) saved to checkpoints/gcn_fp_chembert_rdkit_lincs_vs_cnn_seed42.pt
Epoch 021 | time=2.9s | train_loss=0.1856 | val_loss=0.5174 | val_auc=0.8450
  ✓ New best model (epoch 21, val_loss=0.5174, val_auc=0.8450) saved to checkpoints/gcn_fp_chembert_rdkit_lincs_vs_cnn_seed42.pt
Epoch 022 | time=2.9s | train_loss=0.1819 | val_loss=0.5164 | val_auc=0.8432
Epoch 023 | time=2.9s | train_loss=0.1761 | val_loss=0.5269 | val_auc=0.8467
  ✓ New best model (epoch 23, val_loss=0.5269, val_auc=0.8467) saved to checkpoints/gcn_fp_chembert_rdkit_lincs_vs_cnn_seed42.pt
Epoch 024 | time=2.9s | train_loss=0.1667 | val_loss=0.5340 | val_auc=0.8441
Epoch 025 | time=3.1s | train_loss=0.1601 | val_loss=0.5198 | val_auc=0.8504
  ✓ New best model (epoch 25, val_loss=0.5198, val_auc=0.8504) saved to checkpoints/gcn_fp_chembert_rdkit_lincs_vs_cnn_seed42.pt
Epoch 026 | time=2.9s | train_loss=0.1529 | val_loss=0.5270 | val_auc=0.8485
Epoch 027 | time=2.9s | train_loss=0.1531 | val_loss=0.5415 | val_auc=0.8460
Epoch 028 | time=2.9s | train_loss=0.1475 | val_loss=0.5405 | val_auc=0.8489
Epoch 029 | time=3.1s | train_loss=0.1449 | val_loss=0.5344 | val_auc=0.8514
  ✓ New best model (epoch 29, val_loss=0.5344, val_auc=0.8514) saved to checkpoints/gcn_fp_chembert_rdkit_lincs_vs_cnn_seed42.pt
Epoch 030 | time=2.9s | train_loss=0.1417 | val_loss=0.5450 | val_auc=0.8482
Epoch 031 | time=2.9s | train_loss=0.1380 | val_loss=0.5383 | val_auc=0.8517
  ✓ New best model (epoch 31, val_loss=0.5383, val_auc=0.8517) saved to checkpoints/gcn_fp_chembert_rdkit_lincs_vs_cnn_seed42.pt
Epoch 032 | time=2.9s | train_loss=0.1360 | val_loss=0.5360 | val_auc=0.8529
  ✓ New best model (epoch 32, val_loss=0.5360, val_auc=0.8529) saved to checkpoints/gcn_fp_chembert_rdkit_lincs_vs_cnn_seed42.pt
Epoch 033 | time=2.9s | train_loss=0.1347 | val_loss=0.5445 | val_auc=0.8521
Epoch 034 | time=2.9s | train_loss=0.1314 | val_loss=0.5476 | val_auc=0.8515
Epoch 035 | time=2.9s | train_loss=0.1287 | val_loss=0.5542 | val_auc=0.8518
Epoch 036 | time=2.9s | train_loss=0.1272 | val_loss=0.5494 | val_auc=0.8523
Epoch 037 | time=2.9s | train_loss=0.1256 | val_loss=0.5467 | val_auc=0.8540
  ✓ New best model (epoch 37, val_loss=0.5467, val_auc=0.8540) saved to checkpoints/gcn_fp_chembert_rdkit_lincs_vs_cnn_seed42.pt
Epoch 038 | time=2.9s | train_loss=0.1237 | val_loss=0.5442 | val_auc=0.8542
  ✓ New best model (epoch 38, val_loss=0.5442, val_auc=0.8542) saved to checkpoints/gcn_fp_chembert_rdkit_lincs_vs_cnn_seed42.pt
Epoch 039 | time=2.9s | train_loss=0.1220 | val_loss=0.5451 | val_auc=0.8535
Epoch 040 | time=2.9s | train_loss=0.1220 | val_loss=0.5576 | val_auc=0.8512
Epoch 041 | time=2.9s | train_loss=0.1176 | val_loss=0.5491 | val_auc=0.8530
Epoch 042 | time=2.9s | train_loss=0.1197 | val_loss=0.5528 | val_auc=0.8536
Epoch 043 | time=2.9s | train_loss=0.1195 | val_loss=0.5576 | val_auc=0.8525
Epoch 044 | time=2.9s | train_loss=0.1203 | val_loss=0.5582 | val_auc=0.8522
Epoch 045 | time=2.9s | train_loss=0.1172 | val_loss=0.5528 | val_auc=0.8546
  ✓ New best model (epoch 45, val_loss=0.5528, val_auc=0.8546) saved to checkpoints/gcn_fp_chembert_rdkit_lincs_vs_cnn_seed42.pt
Epoch 046 | time=3.0s | train_loss=0.1206 | val_loss=0.5579 | val_auc=0.8533
Epoch 047 | time=2.9s | train_loss=0.1189 | val_loss=0.5576 | val_auc=0.8525
Epoch 048 | time=2.9s | train_loss=0.1185 | val_loss=0.5561 | val_auc=0.8537
Epoch 049 | time=2.9s | train_loss=0.1182 | val_loss=0.5614 | val_auc=0.8526
Epoch 050 | time=2.9s | train_loss=0.1179 | val_loss=0.5597 | val_auc=0.8530
Epoch 051 | time=2.9s | train_loss=0.1163 | val_loss=0.5597 | val_auc=0.8530
Epoch 052 | time=2.9s | train_loss=0.1181 | val_loss=0.5536 | val_auc=0.8526
Epoch 053 | time=2.9s | train_loss=0.1166 | val_loss=0.5618 | val_auc=0.8521
Epoch 054 | time=3.0s | train_loss=0.1157 | val_loss=0.5638 | val_auc=0.8527
Epoch 055 | time=2.9s | train_loss=0.1145 | val_loss=0.5596 | val_auc=0.8539
Early stopping — no improvement for 10 epochs

Best model: epoch 45, val_loss=0.5596, val_auc=0.8546

═══ Test Results ═══
           auc: 0.7600
         auprc: 0.7003
            f1: 0.6833
     precision: 0.6634
        recall: 0.7044
          loss: 0.7545
