Uninstalled 1 package in 8ms
Installed 1 package in 12ms
/net/storage/pr3/plgrid/plggmlcil/plgkstankie/vvv/Multimodal-models-for-predicting-drug-target-interactions/.venv/lib/python3.11/site-packages/outdated/__init__.py:36: UserWarning: pkg_resources is deprecated as an API. See https://setuptools.pypa.io/en/latest/pkg_resources.html. The pkg_resources package is slated for removal as early as 2025-11-30. Refrain from using this package or pin to Setuptools<81.
  from pkg_resources import parse_version
Setting global random seed to 42
Using device: cuda
Loading clean data from: /net/storage/pr3/plgrid/plggmlcil/plgkstankie/vvv/Multimodal-models-for-predicting-drug-target-interactions/src/datasets/lincs_balanced.parquet
Dataset size: 27498
Train: 19558  Val: 2885  Test: 5055
Fitting MinMaxScaler on 1264 cached RDKit descriptors...
SMILES encoders:  ['GCNEncoder', 'LincsGraphEncoder', 'RDKitDescriptorEncoder']
Protein encoders: ['ProteinCNNEncoder']
Building graph cache for 1264 SMILES...
  0%|          | 0/1264 [00:00<?, ?it/s] 19%|█▉        | 243/1264 [00:00<00:00, 2427.35it/s] 38%|███▊      | 486/1264 [00:00<00:00, 2371.31it/s] 57%|█████▋    | 724/1264 [00:00<00:00, 2327.96it/s] 77%|███████▋  | 967/1264 [00:00<00:00, 2365.91it/s] 97%|█████████▋| 1225/1264 [00:00<00:00, 2437.35it/s]100%|██████████| 1264/1264 [00:00<00:00, 2406.85it/s]
Valid SMILES graphs: 1264
MultimodalDTI(
  (smiles_encoders): ModuleList(
    (0): GCNEncoder(
      (atom_encoder): AtomEncoder(
        (atom_embedding_list): ModuleList(
          (0): Embedding(119, 128)
          (1): Embedding(5, 128)
          (2-3): 2 x Embedding(12, 128)
          (4): Embedding(10, 128)
          (5-6): 2 x Embedding(6, 128)
          (7-8): 2 x Embedding(2, 128)
        )
      )
      (convs): ModuleList(
        (0-2): 3 x GCNConv(128, 128)
      )
      (bns): ModuleList(
        (0-2): 3 x BatchNorm1d(128, eps=1e-05, momentum=0.1, affine=True, track_running_stats=True)
      )
    )
    (1): LincsGraphEncoder(
      (proj): Linear(in_features=1, out_features=128, bias=True)
      (convs): ModuleList(
        (0-1): 2 x DenseGCNConv(
          (linear): Linear(in_features=128, out_features=128, bias=False)
        )
      )
      (bns): ModuleList(
        (0-1): 2 x BatchNorm1d(128, eps=1e-05, momentum=0.1, affine=True, track_running_stats=True)
      )
      (pool_proj): Linear(in_features=128, out_features=128, bias=True)
    )
    (2): RDKitDescriptorEncoder(
      (mlp): Sequential(
        (0): Linear(in_features=210, out_features=256, bias=True)
        (1): BatchNorm1d(256, eps=1e-05, momentum=0.1, affine=True, track_running_stats=True)
        (2): ReLU()
        (3): Dropout(p=0.5, inplace=False)
        (4): Linear(in_features=256, out_features=128, bias=True)
        (5): BatchNorm1d(128, eps=1e-05, momentum=0.1, affine=True, track_running_stats=True)
        (6): ReLU()
      )
    )
  )
  (protein_encoders): ModuleList(
    (0): ProteinCNNEncoder(
      (embedding): Embedding(21, 128, padding_idx=0)
      (conv_blocks): ModuleList(
        (0): Sequential(
          (0): Conv1d(128, 64, kernel_size=(3,), stride=(1,), padding=(1,))
          (1): BatchNorm1d(64, eps=1e-05, momentum=0.1, affine=True, track_running_stats=True)
          (2): ReLU()
          (3): Conv1d(64, 64, kernel_size=(3,), stride=(1,), padding=(1,))
          (4): BatchNorm1d(64, eps=1e-05, momentum=0.1, affine=True, track_running_stats=True)
          (5): ReLU()
        )
        (1): Sequential(
          (0): Conv1d(128, 64, kernel_size=(7,), stride=(1,), padding=(3,))
          (1): BatchNorm1d(64, eps=1e-05, momentum=0.1, affine=True, track_running_stats=True)
          (2): ReLU()
          (3): Conv1d(64, 64, kernel_size=(7,), stride=(1,), padding=(3,))
          (4): BatchNorm1d(64, eps=1e-05, momentum=0.1, affine=True, track_running_stats=True)
          (5): ReLU()
        )
        (2): Sequential(
          (0): Conv1d(128, 64, kernel_size=(15,), stride=(1,), padding=(7,))
          (1): BatchNorm1d(64, eps=1e-05, momentum=0.1, affine=True, track_running_stats=True)
          (2): ReLU()
          (3): Conv1d(64, 64, kernel_size=(15,), stride=(1,), padding=(7,))
          (4): BatchNorm1d(64, eps=1e-05, momentum=0.1, affine=True, track_running_stats=True)
          (5): ReLU()
        )
      )
    )
  )
  (fusion): MLPFusion(
    (classifier): Sequential(
      (0): Linear(in_features=576, out_features=128, bias=True)
      (1): BatchNorm1d(128, eps=1e-05, momentum=0.1, affine=True, track_running_stats=True)
      (2): ReLU()
      (3): Dropout(p=0.5, inplace=False)
      (4): Linear(in_features=128, out_features=32, bias=True)
      (5): BatchNorm1d(32, eps=1e-05, momentum=0.1, affine=True, track_running_stats=True)
      (6): ReLU()
      (7): Dropout(p=0.5, inplace=False)
      (8): Linear(in_features=32, out_features=1, bias=True)
    )
  )
)
Epoch 001 | time=4.3s | train_loss=0.6798 | val_loss=0.6660 | val_auc=0.6936
  ✓ New best model (epoch 1, val_loss=0.6660, val_auc=0.6936) saved to checkpoints/gcn_rdkit_lincs_graph_vs_cnn_seed42.pt
Epoch 002 | time=3.5s | train_loss=0.5759 | val_loss=0.6105 | val_auc=0.7449
  ✓ New best model (epoch 2, val_loss=0.6105, val_auc=0.7449) saved to checkpoints/gcn_rdkit_lincs_graph_vs_cnn_seed42.pt
Epoch 003 | time=4.5s | train_loss=0.5056 | val_loss=0.5778 | val_auc=0.7732
  ✓ New best model (epoch 3, val_loss=0.5778, val_auc=0.7732) saved to checkpoints/gcn_rdkit_lincs_graph_vs_cnn_seed42.pt
Epoch 004 | time=3.5s | train_loss=0.4625 | val_loss=0.5728 | val_auc=0.7786
  ✓ New best model (epoch 4, val_loss=0.5728, val_auc=0.7786) saved to checkpoints/gcn_rdkit_lincs_graph_vs_cnn_seed42.pt
Epoch 005 | time=3.5s | train_loss=0.4326 | val_loss=0.5515 | val_auc=0.7932
  ✓ New best model (epoch 5, val_loss=0.5515, val_auc=0.7932) saved to checkpoints/gcn_rdkit_lincs_graph_vs_cnn_seed42.pt
Epoch 006 | time=3.5s | train_loss=0.4026 | val_loss=0.5445 | val_auc=0.7958
  ✓ New best model (epoch 6, val_loss=0.5445, val_auc=0.7958) saved to checkpoints/gcn_rdkit_lincs_graph_vs_cnn_seed42.pt
Epoch 007 | time=3.6s | train_loss=0.3824 | val_loss=0.5462 | val_auc=0.7976
  ✓ New best model (epoch 7, val_loss=0.5462, val_auc=0.7976) saved to checkpoints/gcn_rdkit_lincs_graph_vs_cnn_seed42.pt
Epoch 008 | time=3.5s | train_loss=0.3655 | val_loss=0.5364 | val_auc=0.8060
  ✓ New best model (epoch 8, val_loss=0.5364, val_auc=0.8060) saved to checkpoints/gcn_rdkit_lincs_graph_vs_cnn_seed42.pt
Epoch 009 | time=3.5s | train_loss=0.3487 | val_loss=0.5384 | val_auc=0.8105
  ✓ New best model (epoch 9, val_loss=0.5384, val_auc=0.8105) saved to checkpoints/gcn_rdkit_lincs_graph_vs_cnn_seed42.pt
Epoch 010 | time=3.5s | train_loss=0.3378 | val_loss=0.5421 | val_auc=0.8082
Epoch 011 | time=3.5s | train_loss=0.3234 | val_loss=0.5274 | val_auc=0.8173
  ✓ New best model (epoch 11, val_loss=0.5274, val_auc=0.8173) saved to checkpoints/gcn_rdkit_lincs_graph_vs_cnn_seed42.pt
Epoch 012 | time=3.5s | train_loss=0.3102 | val_loss=0.5330 | val_auc=0.8112
Epoch 013 | time=3.5s | train_loss=0.3008 | val_loss=0.5115 | val_auc=0.8260
  ✓ New best model (epoch 13, val_loss=0.5115, val_auc=0.8260) saved to checkpoints/gcn_rdkit_lincs_graph_vs_cnn_seed42.pt
Epoch 014 | time=3.5s | train_loss=0.2892 | val_loss=0.5158 | val_auc=0.8258
Epoch 015 | time=3.5s | train_loss=0.2809 | val_loss=0.5201 | val_auc=0.8236
Epoch 016 | time=3.5s | train_loss=0.2712 | val_loss=0.5309 | val_auc=0.8246
Epoch 017 | time=3.5s | train_loss=0.2644 | val_loss=0.5373 | val_auc=0.8231
Epoch 018 | time=3.5s | train_loss=0.2516 | val_loss=0.5249 | val_auc=0.8285
  ✓ New best model (epoch 18, val_loss=0.5249, val_auc=0.8285) saved to checkpoints/gcn_rdkit_lincs_graph_vs_cnn_seed42.pt
Epoch 019 | time=3.5s | train_loss=0.2475 | val_loss=0.5306 | val_auc=0.8262
Epoch 020 | time=3.5s | train_loss=0.2382 | val_loss=0.5102 | val_auc=0.8384
  ✓ New best model (epoch 20, val_loss=0.5102, val_auc=0.8384) saved to checkpoints/gcn_rdkit_lincs_graph_vs_cnn_seed42.pt
Epoch 021 | time=3.5s | train_loss=0.2307 | val_loss=0.5207 | val_auc=0.8354
Epoch 022 | time=3.5s | train_loss=0.2263 | val_loss=0.5190 | val_auc=0.8345
Epoch 023 | time=3.5s | train_loss=0.2245 | val_loss=0.5188 | val_auc=0.8372
Epoch 024 | time=3.5s | train_loss=0.2222 | val_loss=0.5216 | val_auc=0.8341
Epoch 025 | time=3.5s | train_loss=0.2166 | val_loss=0.5192 | val_auc=0.8363
Epoch 026 | time=3.5s | train_loss=0.2085 | val_loss=0.5172 | val_auc=0.8380
Epoch 027 | time=3.5s | train_loss=0.2074 | val_loss=0.5268 | val_auc=0.8358
Epoch 028 | time=3.6s | train_loss=0.2057 | val_loss=0.5253 | val_auc=0.8354
Epoch 029 | time=3.5s | train_loss=0.2002 | val_loss=0.5142 | val_auc=0.8410
  ✓ New best model (epoch 29, val_loss=0.5142, val_auc=0.8410) saved to checkpoints/gcn_rdkit_lincs_graph_vs_cnn_seed42.pt
Epoch 030 | time=3.5s | train_loss=0.2019 | val_loss=0.5166 | val_auc=0.8409
Epoch 031 | time=3.5s | train_loss=0.1992 | val_loss=0.5274 | val_auc=0.8374
Epoch 032 | time=3.5s | train_loss=0.1966 | val_loss=0.5190 | val_auc=0.8415
  ✓ New best model (epoch 32, val_loss=0.5190, val_auc=0.8415) saved to checkpoints/gcn_rdkit_lincs_graph_vs_cnn_seed42.pt
Epoch 033 | time=3.5s | train_loss=0.1928 | val_loss=0.5350 | val_auc=0.8394
Epoch 034 | time=3.5s | train_loss=0.1953 | val_loss=0.5144 | val_auc=0.8433
  ✓ New best model (epoch 34, val_loss=0.5144, val_auc=0.8433) saved to checkpoints/gcn_rdkit_lincs_graph_vs_cnn_seed42.pt
Epoch 035 | time=3.5s | train_loss=0.1905 | val_loss=0.5210 | val_auc=0.8405
Epoch 036 | time=3.5s | train_loss=0.1926 | val_loss=0.5218 | val_auc=0.8418
Epoch 037 | time=3.5s | train_loss=0.1883 | val_loss=0.5171 | val_auc=0.8413
Epoch 038 | time=3.5s | train_loss=0.1917 | val_loss=0.5219 | val_auc=0.8414
Epoch 039 | time=3.5s | train_loss=0.1896 | val_loss=0.5191 | val_auc=0.8417
Epoch 040 | time=3.5s | train_loss=0.1862 | val_loss=0.5193 | val_auc=0.8416
Epoch 041 | time=3.5s | train_loss=0.1868 | val_loss=0.5178 | val_auc=0.8429
Epoch 042 | time=3.5s | train_loss=0.1852 | val_loss=0.5294 | val_auc=0.8406
Epoch 043 | time=3.5s | train_loss=0.1844 | val_loss=0.5293 | val_auc=0.8391
Epoch 044 | time=3.5s | train_loss=0.1869 | val_loss=0.5296 | val_auc=0.8391
Early stopping — no improvement for 10 epochs

Best model: epoch 34, val_loss=0.5296, val_auc=0.8433

═══ Test Results ═══
           auc: 0.7397
         auprc: 0.6769
            f1: 0.6553
     precision: 0.6378
        recall: 0.6737
          loss: 0.7420
