Uninstalled 1 package in 8ms
Installed 1 package in 12ms
/net/storage/pr3/plgrid/plggmlcil/plgkstankie/vvv/Multimodal-models-for-predicting-drug-target-interactions/.venv/lib/python3.11/site-packages/outdated/__init__.py:36: UserWarning: pkg_resources is deprecated as an API. See https://setuptools.pypa.io/en/latest/pkg_resources.html. The pkg_resources package is slated for removal as early as 2025-11-30. Refrain from using this package or pin to Setuptools<81.
  from pkg_resources import parse_version
Setting global random seed to 999
Using device: cuda
Loading clean data from: /net/storage/pr3/plgrid/plggmlcil/plgkstankie/vvv/Multimodal-models-for-predicting-drug-target-interactions/src/datasets/lincs_balanced.parquet
Dataset size: 27498
Train: 19558  Val: 2885  Test: 5055
ChemBERTProcessor: loaded 236379 embeddings (dim=768) from /net/storage/pr3/plgrid/plggmlcil/plgkstankie/vvv/Multimodal-models-for-predicting-drug-target-interactions/src/datasets/ChemBERTa-zinc-base-v1.pt
Fitting MinMaxScaler on 1264 cached RDKit descriptors...
SMILES encoders:  ['GCNEncoder', 'ChemBERTEncoder', 'LincsEncoder', 'RDKitDescriptorEncoder']
Protein encoders: ['ProteinCNNEncoder']
Building graph cache for 1264 SMILES...
  0%|          | 0/1264 [00:00<?, ?it/s] 19%|█▉        | 243/1264 [00:00<00:00, 2427.16it/s] 38%|███▊      | 486/1264 [00:00<00:00, 2366.87it/s] 57%|█████▋    | 723/1264 [00:00<00:00, 2309.66it/s] 76%|███████▌  | 955/1264 [00:00<00:00, 2313.03it/s] 96%|█████████▌| 1208/1264 [00:00<00:00, 2387.29it/s]100%|██████████| 1264/1264 [00:00<00:00, 2375.53it/s]
Valid SMILES graphs: 1264
MultimodalDTI(
  (smiles_encoders): ModuleList(
    (0): GCNEncoder(
      (atom_encoder): AtomEncoder(
        (atom_embedding_list): ModuleList(
          (0): Embedding(119, 128)
          (1): Embedding(5, 128)
          (2-3): 2 x Embedding(12, 128)
          (4): Embedding(10, 128)
          (5-6): 2 x Embedding(6, 128)
          (7-8): 2 x Embedding(2, 128)
        )
      )
      (convs): ModuleList(
        (0-2): 3 x GCNConv(128, 128)
      )
      (bns): ModuleList(
        (0-2): 3 x BatchNorm1d(128, eps=1e-05, momentum=0.1, affine=True, track_running_stats=True)
      )
    )
    (1): ChemBERTEncoder(
      (projection): Sequential(
        (0): Linear(in_features=768, out_features=128, bias=True)
        (1): LayerNorm((128,), eps=1e-05, elementwise_affine=True)
        (2): ReLU()
      )
    )
    (2): LincsEncoder(
      (mlp): Sequential(
        (0): Linear(in_features=978, out_features=128, bias=True)
        (1): BatchNorm1d(128, eps=1e-05, momentum=0.1, affine=True, track_running_stats=True)
        (2): ReLU()
        (3): Dropout(p=0.5, inplace=False)
        (4): Linear(in_features=128, out_features=128, bias=True)
        (5): BatchNorm1d(128, eps=1e-05, momentum=0.1, affine=True, track_running_stats=True)
        (6): ReLU()
      )
    )
    (3): RDKitDescriptorEncoder(
      (mlp): Sequential(
        (0): Linear(in_features=210, out_features=256, bias=True)
        (1): BatchNorm1d(256, eps=1e-05, momentum=0.1, affine=True, track_running_stats=True)
        (2): ReLU()
        (3): Dropout(p=0.5, inplace=False)
        (4): Linear(in_features=256, out_features=128, bias=True)
        (5): BatchNorm1d(128, eps=1e-05, momentum=0.1, affine=True, track_running_stats=True)
        (6): ReLU()
      )
    )
  )
  (protein_encoders): ModuleList(
    (0): ProteinCNNEncoder(
      (embedding): Embedding(21, 128, padding_idx=0)
      (conv_blocks): ModuleList(
        (0): Sequential(
          (0): Conv1d(128, 64, kernel_size=(3,), stride=(1,), padding=(1,))
          (1): BatchNorm1d(64, eps=1e-05, momentum=0.1, affine=True, track_running_stats=True)
          (2): ReLU()
          (3): Conv1d(64, 64, kernel_size=(3,), stride=(1,), padding=(1,))
          (4): BatchNorm1d(64, eps=1e-05, momentum=0.1, affine=True, track_running_stats=True)
          (5): ReLU()
        )
        (1): Sequential(
          (0): Conv1d(128, 64, kernel_size=(7,), stride=(1,), padding=(3,))
          (1): BatchNorm1d(64, eps=1e-05, momentum=0.1, affine=True, track_running_stats=True)
          (2): ReLU()
          (3): Conv1d(64, 64, kernel_size=(7,), stride=(1,), padding=(3,))
          (4): BatchNorm1d(64, eps=1e-05, momentum=0.1, affine=True, track_running_stats=True)
          (5): ReLU()
        )
        (2): Sequential(
          (0): Conv1d(128, 64, kernel_size=(15,), stride=(1,), padding=(7,))
          (1): BatchNorm1d(64, eps=1e-05, momentum=0.1, affine=True, track_running_stats=True)
          (2): ReLU()
          (3): Conv1d(64, 64, kernel_size=(15,), stride=(1,), padding=(7,))
          (4): BatchNorm1d(64, eps=1e-05, momentum=0.1, affine=True, track_running_stats=True)
          (5): ReLU()
        )
      )
    )
  )
  (fusion): MLPFusion(
    (classifier): Sequential(
      (0): Linear(in_features=704, out_features=128, bias=True)
      (1): BatchNorm1d(128, eps=1e-05, momentum=0.1, affine=True, track_running_stats=True)
      (2): ReLU()
      (3): Dropout(p=0.5, inplace=False)
      (4): Linear(in_features=128, out_features=32, bias=True)
      (5): BatchNorm1d(32, eps=1e-05, momentum=0.1, affine=True, track_running_stats=True)
      (6): ReLU()
      (7): Dropout(p=0.5, inplace=False)
      (8): Linear(in_features=32, out_features=1, bias=True)
    )
  )
)
Epoch 001 | time=3.7s | train_loss=0.6714 | val_loss=0.6593 | val_auc=0.6945
  ✓ New best model (epoch 1, val_loss=0.6593, val_auc=0.6945) saved to checkpoints/gcn_chembert_rdkit_lincs_vs_cnn_seed999.pt
Epoch 002 | time=2.8s | train_loss=0.5710 | val_loss=0.6106 | val_auc=0.7458
  ✓ New best model (epoch 2, val_loss=0.6106, val_auc=0.7458) saved to checkpoints/gcn_chembert_rdkit_lincs_vs_cnn_seed999.pt
Epoch 003 | time=2.8s | train_loss=0.4997 | val_loss=0.5761 | val_auc=0.7787
  ✓ New best model (epoch 3, val_loss=0.5761, val_auc=0.7787) saved to checkpoints/gcn_chembert_rdkit_lincs_vs_cnn_seed999.pt
Epoch 004 | time=2.8s | train_loss=0.4586 | val_loss=0.5627 | val_auc=0.7924
  ✓ New best model (epoch 4, val_loss=0.5627, val_auc=0.7924) saved to checkpoints/gcn_chembert_rdkit_lincs_vs_cnn_seed999.pt
Epoch 005 | time=2.8s | train_loss=0.4240 | val_loss=0.5571 | val_auc=0.7911
Epoch 006 | time=2.8s | train_loss=0.3936 | val_loss=0.5465 | val_auc=0.7991
  ✓ New best model (epoch 6, val_loss=0.5465, val_auc=0.7991) saved to checkpoints/gcn_chembert_rdkit_lincs_vs_cnn_seed999.pt
Epoch 007 | time=2.8s | train_loss=0.3707 | val_loss=0.5402 | val_auc=0.8019
  ✓ New best model (epoch 7, val_loss=0.5402, val_auc=0.8019) saved to checkpoints/gcn_chembert_rdkit_lincs_vs_cnn_seed999.pt
Epoch 008 | time=2.8s | train_loss=0.3481 | val_loss=0.5345 | val_auc=0.8101
  ✓ New best model (epoch 8, val_loss=0.5345, val_auc=0.8101) saved to checkpoints/gcn_chembert_rdkit_lincs_vs_cnn_seed999.pt
Epoch 009 | time=2.8s | train_loss=0.3307 | val_loss=0.5371 | val_auc=0.8080
Epoch 010 | time=2.8s | train_loss=0.3129 | val_loss=0.5249 | val_auc=0.8239
  ✓ New best model (epoch 10, val_loss=0.5249, val_auc=0.8239) saved to checkpoints/gcn_chembert_rdkit_lincs_vs_cnn_seed999.pt
Epoch 011 | time=2.8s | train_loss=0.2999 | val_loss=0.5317 | val_auc=0.8151
Epoch 012 | time=2.8s | train_loss=0.2839 | val_loss=0.5400 | val_auc=0.8080
Epoch 013 | time=2.8s | train_loss=0.2699 | val_loss=0.5305 | val_auc=0.8205
Epoch 014 | time=2.8s | train_loss=0.2601 | val_loss=0.5206 | val_auc=0.8254
  ✓ New best model (epoch 14, val_loss=0.5206, val_auc=0.8254) saved to checkpoints/gcn_chembert_rdkit_lincs_vs_cnn_seed999.pt
Epoch 015 | time=2.8s | train_loss=0.2487 | val_loss=0.5290 | val_auc=0.8225
Epoch 016 | time=2.8s | train_loss=0.2389 | val_loss=0.5150 | val_auc=0.8319
  ✓ New best model (epoch 16, val_loss=0.5150, val_auc=0.8319) saved to checkpoints/gcn_chembert_rdkit_lincs_vs_cnn_seed999.pt
Epoch 017 | time=2.9s | train_loss=0.2295 | val_loss=0.5305 | val_auc=0.8236
Epoch 018 | time=2.8s | train_loss=0.2241 | val_loss=0.5300 | val_auc=0.8267
Epoch 019 | time=2.8s | train_loss=0.2142 | val_loss=0.5601 | val_auc=0.8155
Epoch 020 | time=2.8s | train_loss=0.2069 | val_loss=0.5273 | val_auc=0.8298
Epoch 021 | time=2.8s | train_loss=0.1991 | val_loss=0.5567 | val_auc=0.8185
Epoch 022 | time=2.8s | train_loss=0.1940 | val_loss=0.5343 | val_auc=0.8295
Epoch 023 | time=2.8s | train_loss=0.1832 | val_loss=0.5359 | val_auc=0.8338
  ✓ New best model (epoch 23, val_loss=0.5359, val_auc=0.8338) saved to checkpoints/gcn_chembert_rdkit_lincs_vs_cnn_seed999.pt
Epoch 024 | time=2.8s | train_loss=0.1793 | val_loss=0.5406 | val_auc=0.8306
Epoch 025 | time=2.8s | train_loss=0.1741 | val_loss=0.5448 | val_auc=0.8318
Epoch 026 | time=2.8s | train_loss=0.1696 | val_loss=0.5394 | val_auc=0.8336
Epoch 027 | time=2.8s | train_loss=0.1681 | val_loss=0.5485 | val_auc=0.8312
Epoch 028 | time=13.6s | train_loss=0.1630 | val_loss=0.5511 | val_auc=0.8316
Epoch 029 | time=2.9s | train_loss=0.1586 | val_loss=0.5537 | val_auc=0.8309
Epoch 030 | time=2.8s | train_loss=0.1571 | val_loss=0.5501 | val_auc=0.8325
Epoch 031 | time=2.8s | train_loss=0.1556 | val_loss=0.5588 | val_auc=0.8323
Epoch 032 | time=2.8s | train_loss=0.1515 | val_loss=0.5638 | val_auc=0.8296
Epoch 033 | time=2.8s | train_loss=0.1490 | val_loss=0.5516 | val_auc=0.8360
  ✓ New best model (epoch 33, val_loss=0.5516, val_auc=0.8360) saved to checkpoints/gcn_chembert_rdkit_lincs_vs_cnn_seed999.pt
Epoch 034 | time=2.8s | train_loss=0.1476 | val_loss=0.5589 | val_auc=0.8300
Epoch 035 | time=2.8s | train_loss=0.1481 | val_loss=0.5655 | val_auc=0.8291
Epoch 036 | time=2.8s | train_loss=0.1469 | val_loss=0.5643 | val_auc=0.8309
Epoch 037 | time=2.8s | train_loss=0.1447 | val_loss=0.5721 | val_auc=0.8275
Epoch 038 | time=2.8s | train_loss=0.1419 | val_loss=0.5587 | val_auc=0.8328
Epoch 039 | time=2.9s | train_loss=0.1426 | val_loss=0.5645 | val_auc=0.8317
Epoch 040 | time=2.9s | train_loss=0.1405 | val_loss=0.5665 | val_auc=0.8314
Epoch 041 | time=2.9s | train_loss=0.1402 | val_loss=0.5651 | val_auc=0.8318
Epoch 042 | time=2.9s | train_loss=0.1383 | val_loss=0.5654 | val_auc=0.8312
Epoch 043 | time=2.9s | train_loss=0.1368 | val_loss=0.5629 | val_auc=0.8332
Early stopping — no improvement for 10 epochs

Best model: epoch 33, val_loss=0.5629, val_auc=0.8360

═══ Test Results ═══
           auc: 0.7271
         auprc: 0.6404
            f1: 0.6212
     precision: 0.6396
        recall: 0.6039
          loss: 0.7856
