Uninstalled 1 package in 27ms
Installed 1 package in 186ms
/net/storage/pr3/plgrid/plggmlcil/plgkstankie/vvv/Multimodal-models-for-predicting-drug-target-interactions/.venv/lib/python3.11/site-packages/outdated/__init__.py:36: UserWarning: pkg_resources is deprecated as an API. See https://setuptools.pypa.io/en/latest/pkg_resources.html. The pkg_resources package is slated for removal as early as 2025-11-30. Refrain from using this package or pin to Setuptools<81.
  from pkg_resources import parse_version
Setting global random seed to 2026
Using device: cuda
Loading clean data from: /net/storage/pr3/plgrid/plggmlcil/plgkstankie/vvv/Multimodal-models-for-predicting-drug-target-interactions/src/datasets/lincs_balanced.parquet
Dataset size: 27498
Train: 19558  Val: 2885  Test: 5055
ChemBERTProcessor: loaded 236379 embeddings (dim=768) from /net/storage/pr3/plgrid/plggmlcil/plgkstankie/vvv/Multimodal-models-for-predicting-drug-target-interactions/src/datasets/ChemBERTa-zinc-base-v1.pt
Fitting MinMaxScaler on 1264 cached RDKit descriptors...
SMILES encoders:  ['GCNEncoder', 'ChemBERTEncoder', 'LincsEncoder', 'RDKitDescriptorEncoder']
Protein encoders: ['ProteinCNNEncoder']
Building graph cache for 1264 SMILES...
  0%|          | 0/1264 [00:00<?, ?it/s] 18%|█▊        | 227/1264 [00:00<00:00, 2259.79it/s] 36%|███▌      | 453/1264 [00:00<00:00, 2187.10it/s] 53%|█████▎    | 672/1264 [00:00<00:00, 2158.04it/s] 70%|███████   | 888/1264 [00:00<00:00, 2146.16it/s] 88%|████████▊ | 1115/1264 [00:00<00:00, 2189.13it/s]100%|██████████| 1264/1264 [00:00<00:00, 2194.83it/s]
Valid SMILES graphs: 1264
MultimodalDTI(
  (smiles_encoders): ModuleList(
    (0): GCNEncoder(
      (atom_encoder): AtomEncoder(
        (atom_embedding_list): ModuleList(
          (0): Embedding(119, 128)
          (1): Embedding(5, 128)
          (2-3): 2 x Embedding(12, 128)
          (4): Embedding(10, 128)
          (5-6): 2 x Embedding(6, 128)
          (7-8): 2 x Embedding(2, 128)
        )
      )
      (convs): ModuleList(
        (0-2): 3 x GCNConv(128, 128)
      )
      (bns): ModuleList(
        (0-2): 3 x BatchNorm1d(128, eps=1e-05, momentum=0.1, affine=True, track_running_stats=True)
      )
    )
    (1): ChemBERTEncoder(
      (projection): Sequential(
        (0): Linear(in_features=768, out_features=128, bias=True)
        (1): LayerNorm((128,), eps=1e-05, elementwise_affine=True)
        (2): ReLU()
      )
    )
    (2): LincsEncoder(
      (mlp): Sequential(
        (0): Linear(in_features=978, out_features=128, bias=True)
        (1): BatchNorm1d(128, eps=1e-05, momentum=0.1, affine=True, track_running_stats=True)
        (2): ReLU()
        (3): Dropout(p=0.5, inplace=False)
        (4): Linear(in_features=128, out_features=128, bias=True)
        (5): BatchNorm1d(128, eps=1e-05, momentum=0.1, affine=True, track_running_stats=True)
        (6): ReLU()
      )
    )
    (3): RDKitDescriptorEncoder(
      (mlp): Sequential(
        (0): Linear(in_features=210, out_features=256, bias=True)
        (1): BatchNorm1d(256, eps=1e-05, momentum=0.1, affine=True, track_running_stats=True)
        (2): ReLU()
        (3): Dropout(p=0.5, inplace=False)
        (4): Linear(in_features=256, out_features=128, bias=True)
        (5): BatchNorm1d(128, eps=1e-05, momentum=0.1, affine=True, track_running_stats=True)
        (6): ReLU()
      )
    )
  )
  (protein_encoders): ModuleList(
    (0): ProteinCNNEncoder(
      (embedding): Embedding(21, 128, padding_idx=0)
      (conv_blocks): ModuleList(
        (0): Sequential(
          (0): Conv1d(128, 64, kernel_size=(3,), stride=(1,), padding=(1,))
          (1): BatchNorm1d(64, eps=1e-05, momentum=0.1, affine=True, track_running_stats=True)
          (2): ReLU()
          (3): Conv1d(64, 64, kernel_size=(3,), stride=(1,), padding=(1,))
          (4): BatchNorm1d(64, eps=1e-05, momentum=0.1, affine=True, track_running_stats=True)
          (5): ReLU()
        )
        (1): Sequential(
          (0): Conv1d(128, 64, kernel_size=(7,), stride=(1,), padding=(3,))
          (1): BatchNorm1d(64, eps=1e-05, momentum=0.1, affine=True, track_running_stats=True)
          (2): ReLU()
          (3): Conv1d(64, 64, kernel_size=(7,), stride=(1,), padding=(3,))
          (4): BatchNorm1d(64, eps=1e-05, momentum=0.1, affine=True, track_running_stats=True)
          (5): ReLU()
        )
        (2): Sequential(
          (0): Conv1d(128, 64, kernel_size=(15,), stride=(1,), padding=(7,))
          (1): BatchNorm1d(64, eps=1e-05, momentum=0.1, affine=True, track_running_stats=True)
          (2): ReLU()
          (3): Conv1d(64, 64, kernel_size=(15,), stride=(1,), padding=(7,))
          (4): BatchNorm1d(64, eps=1e-05, momentum=0.1, affine=True, track_running_stats=True)
          (5): ReLU()
        )
      )
    )
  )
  (fusion): MLPFusion(
    (classifier): Sequential(
      (0): Linear(in_features=704, out_features=128, bias=True)
      (1): BatchNorm1d(128, eps=1e-05, momentum=0.1, affine=True, track_running_stats=True)
      (2): ReLU()
      (3): Dropout(p=0.5, inplace=False)
      (4): Linear(in_features=128, out_features=32, bias=True)
      (5): BatchNorm1d(32, eps=1e-05, momentum=0.1, affine=True, track_running_stats=True)
      (6): ReLU()
      (7): Dropout(p=0.5, inplace=False)
      (8): Linear(in_features=32, out_features=1, bias=True)
    )
  )
)
Epoch 001 | time=9.2s | train_loss=0.6740 | val_loss=0.6411 | val_auc=0.7063
  ✓ New best model (epoch 1, val_loss=0.6411, val_auc=0.7063) saved to checkpoints/gcn_chembert_rdkit_lincs_vs_cnn_seed2026.pt
Epoch 002 | time=2.7s | train_loss=0.5597 | val_loss=0.6002 | val_auc=0.7602
  ✓ New best model (epoch 2, val_loss=0.6002, val_auc=0.7602) saved to checkpoints/gcn_chembert_rdkit_lincs_vs_cnn_seed2026.pt
Epoch 003 | time=2.7s | train_loss=0.4814 | val_loss=0.5771 | val_auc=0.7725
  ✓ New best model (epoch 3, val_loss=0.5771, val_auc=0.7725) saved to checkpoints/gcn_chembert_rdkit_lincs_vs_cnn_seed2026.pt
Epoch 004 | time=2.7s | train_loss=0.4372 | val_loss=0.5610 | val_auc=0.7891
  ✓ New best model (epoch 4, val_loss=0.5610, val_auc=0.7891) saved to checkpoints/gcn_chembert_rdkit_lincs_vs_cnn_seed2026.pt
Epoch 005 | time=2.7s | train_loss=0.4059 | val_loss=0.5461 | val_auc=0.7977
  ✓ New best model (epoch 5, val_loss=0.5461, val_auc=0.7977) saved to checkpoints/gcn_chembert_rdkit_lincs_vs_cnn_seed2026.pt
Epoch 006 | time=2.7s | train_loss=0.3779 | val_loss=0.5472 | val_auc=0.8002
  ✓ New best model (epoch 6, val_loss=0.5472, val_auc=0.8002) saved to checkpoints/gcn_chembert_rdkit_lincs_vs_cnn_seed2026.pt
Epoch 007 | time=2.7s | train_loss=0.3531 | val_loss=0.5415 | val_auc=0.8035
  ✓ New best model (epoch 7, val_loss=0.5415, val_auc=0.8035) saved to checkpoints/gcn_chembert_rdkit_lincs_vs_cnn_seed2026.pt
Epoch 008 | time=2.6s | train_loss=0.3357 | val_loss=0.5257 | val_auc=0.8192
  ✓ New best model (epoch 8, val_loss=0.5257, val_auc=0.8192) saved to checkpoints/gcn_chembert_rdkit_lincs_vs_cnn_seed2026.pt
Epoch 009 | time=2.7s | train_loss=0.3172 | val_loss=0.5364 | val_auc=0.8133
Epoch 010 | time=2.7s | train_loss=0.3017 | val_loss=0.5199 | val_auc=0.8256
  ✓ New best model (epoch 10, val_loss=0.5199, val_auc=0.8256) saved to checkpoints/gcn_chembert_rdkit_lincs_vs_cnn_seed2026.pt
Epoch 011 | time=2.7s | train_loss=0.2864 | val_loss=0.5277 | val_auc=0.8218
Epoch 012 | time=2.7s | train_loss=0.2736 | val_loss=0.5196 | val_auc=0.8296
  ✓ New best model (epoch 12, val_loss=0.5196, val_auc=0.8296) saved to checkpoints/gcn_chembert_rdkit_lincs_vs_cnn_seed2026.pt
Epoch 013 | time=2.6s | train_loss=0.2615 | val_loss=0.5295 | val_auc=0.8265
Epoch 014 | time=2.7s | train_loss=0.2522 | val_loss=0.5299 | val_auc=0.8238
Epoch 015 | time=2.7s | train_loss=0.2408 | val_loss=0.5237 | val_auc=0.8304
  ✓ New best model (epoch 15, val_loss=0.5237, val_auc=0.8304) saved to checkpoints/gcn_chembert_rdkit_lincs_vs_cnn_seed2026.pt
Epoch 016 | time=2.7s | train_loss=0.2328 | val_loss=0.5241 | val_auc=0.8306
  ✓ New best model (epoch 16, val_loss=0.5241, val_auc=0.8306) saved to checkpoints/gcn_chembert_rdkit_lincs_vs_cnn_seed2026.pt
Epoch 017 | time=2.8s | train_loss=0.2252 | val_loss=0.5481 | val_auc=0.8218
Epoch 018 | time=2.6s | train_loss=0.2168 | val_loss=0.5315 | val_auc=0.8285
Epoch 019 | time=2.7s | train_loss=0.2065 | val_loss=0.5497 | val_auc=0.8212
Epoch 020 | time=2.7s | train_loss=0.1962 | val_loss=0.5269 | val_auc=0.8364
  ✓ New best model (epoch 20, val_loss=0.5269, val_auc=0.8364) saved to checkpoints/gcn_chembert_rdkit_lincs_vs_cnn_seed2026.pt
Epoch 021 | time=2.6s | train_loss=0.1936 | val_loss=0.5494 | val_auc=0.8265
Epoch 022 | time=2.7s | train_loss=0.1886 | val_loss=0.5396 | val_auc=0.8333
Epoch 023 | time=2.7s | train_loss=0.1851 | val_loss=0.5344 | val_auc=0.8352
Epoch 024 | time=2.7s | train_loss=0.1809 | val_loss=0.5491 | val_auc=0.8297
Epoch 025 | time=2.7s | train_loss=0.1742 | val_loss=0.5428 | val_auc=0.8331
Epoch 026 | time=2.7s | train_loss=0.1733 | val_loss=0.5387 | val_auc=0.8348
Epoch 027 | time=2.7s | train_loss=0.1718 | val_loss=0.5533 | val_auc=0.8301
Epoch 028 | time=2.8s | train_loss=0.1693 | val_loss=0.5562 | val_auc=0.8289
Epoch 029 | time=2.7s | train_loss=0.1690 | val_loss=0.5466 | val_auc=0.8339
Epoch 030 | time=2.7s | train_loss=0.1687 | val_loss=0.5548 | val_auc=0.8324
Early stopping — no improvement for 10 epochs

Best model: epoch 20, val_loss=0.5548, val_auc=0.8364

═══ Test Results ═══
           auc: 0.7064
         auprc: 0.6149
            f1: 0.6432
     precision: 0.6013
        recall: 0.6913
          loss: 0.7561
