Uninstalled 1 package in 8ms
Installed 1 package in 12ms
/net/storage/pr3/plgrid/plggmlcil/plgkstankie/vvv/Multimodal-models-for-predicting-drug-target-interactions/.venv/lib/python3.11/site-packages/outdated/__init__.py:36: UserWarning: pkg_resources is deprecated as an API. See https://setuptools.pypa.io/en/latest/pkg_resources.html. The pkg_resources package is slated for removal as early as 2025-11-30. Refrain from using this package or pin to Setuptools<81.
  from pkg_resources import parse_version
Setting global random seed to 1024
Using device: cuda
Loading clean data from: /net/storage/pr3/plgrid/plggmlcil/plgkstankie/vvv/Multimodal-models-for-predicting-drug-target-interactions/src/datasets/lincs_balanced.parquet
Dataset size: 27498
Train: 19558  Val: 2885  Test: 5055
Fitting MinMaxScaler on 1264 cached RDKit descriptors...
SMILES encoders:  ['GCNEncoder', 'FingerprintMLPEncoder', 'LincsGraphEncoder', 'RDKitDescriptorEncoder']
Protein encoders: ['ProteinCNNEncoder']
Building graph cache for 1264 SMILES...
  0%|          | 0/1264 [00:00<?, ?it/s] 20%|█▉        | 248/1264 [00:00<00:00, 2472.02it/s] 39%|███▉      | 496/1264 [00:00<00:00, 2408.69it/s] 58%|█████▊    | 737/1264 [00:00<00:00, 2350.32it/s] 78%|███████▊  | 986/1264 [00:00<00:00, 2400.40it/s] 98%|█████████▊| 1242/1264 [00:00<00:00, 2455.62it/s]100%|██████████| 1264/1264 [00:00<00:00, 2431.02it/s]
Valid SMILES graphs: 1264
MultimodalDTI(
  (smiles_encoders): ModuleList(
    (0): GCNEncoder(
      (atom_encoder): AtomEncoder(
        (atom_embedding_list): ModuleList(
          (0): Embedding(119, 128)
          (1): Embedding(5, 128)
          (2-3): 2 x Embedding(12, 128)
          (4): Embedding(10, 128)
          (5-6): 2 x Embedding(6, 128)
          (7-8): 2 x Embedding(2, 128)
        )
      )
      (convs): ModuleList(
        (0-2): 3 x GCNConv(128, 128)
      )
      (bns): ModuleList(
        (0-2): 3 x BatchNorm1d(128, eps=1e-05, momentum=0.1, affine=True, track_running_stats=True)
      )
    )
    (1): FingerprintMLPEncoder(
      (mlp): Sequential(
        (0): Linear(in_features=1024, out_features=256, bias=True)
        (1): BatchNorm1d(256, eps=1e-05, momentum=0.1, affine=True, track_running_stats=True)
        (2): ReLU()
        (3): Dropout(p=0.5, inplace=False)
        (4): Linear(in_features=256, out_features=128, bias=True)
        (5): BatchNorm1d(128, eps=1e-05, momentum=0.1, affine=True, track_running_stats=True)
        (6): ReLU()
      )
    )
    (2): LincsGraphEncoder(
      (proj): Linear(in_features=1, out_features=128, bias=True)
      (convs): ModuleList(
        (0-1): 2 x DenseGCNConv(
          (linear): Linear(in_features=128, out_features=128, bias=False)
        )
      )
      (bns): ModuleList(
        (0-1): 2 x BatchNorm1d(128, eps=1e-05, momentum=0.1, affine=True, track_running_stats=True)
      )
      (pool_proj): Linear(in_features=128, out_features=128, bias=True)
    )
    (3): RDKitDescriptorEncoder(
      (mlp): Sequential(
        (0): Linear(in_features=210, out_features=256, bias=True)
        (1): BatchNorm1d(256, eps=1e-05, momentum=0.1, affine=True, track_running_stats=True)
        (2): ReLU()
        (3): Dropout(p=0.5, inplace=False)
        (4): Linear(in_features=256, out_features=128, bias=True)
        (5): BatchNorm1d(128, eps=1e-05, momentum=0.1, affine=True, track_running_stats=True)
        (6): ReLU()
      )
    )
  )
  (protein_encoders): ModuleList(
    (0): ProteinCNNEncoder(
      (embedding): Embedding(21, 128, padding_idx=0)
      (conv_blocks): ModuleList(
        (0): Sequential(
          (0): Conv1d(128, 64, kernel_size=(3,), stride=(1,), padding=(1,))
          (1): BatchNorm1d(64, eps=1e-05, momentum=0.1, affine=True, track_running_stats=True)
          (2): ReLU()
          (3): Conv1d(64, 64, kernel_size=(3,), stride=(1,), padding=(1,))
          (4): BatchNorm1d(64, eps=1e-05, momentum=0.1, affine=True, track_running_stats=True)
          (5): ReLU()
        )
        (1): Sequential(
          (0): Conv1d(128, 64, kernel_size=(7,), stride=(1,), padding=(3,))
          (1): BatchNorm1d(64, eps=1e-05, momentum=0.1, affine=True, track_running_stats=True)
          (2): ReLU()
          (3): Conv1d(64, 64, kernel_size=(7,), stride=(1,), padding=(3,))
          (4): BatchNorm1d(64, eps=1e-05, momentum=0.1, affine=True, track_running_stats=True)
          (5): ReLU()
        )
        (2): Sequential(
          (0): Conv1d(128, 64, kernel_size=(15,), stride=(1,), padding=(7,))
          (1): BatchNorm1d(64, eps=1e-05, momentum=0.1, affine=True, track_running_stats=True)
          (2): ReLU()
          (3): Conv1d(64, 64, kernel_size=(15,), stride=(1,), padding=(7,))
          (4): BatchNorm1d(64, eps=1e-05, momentum=0.1, affine=True, track_running_stats=True)
          (5): ReLU()
        )
      )
    )
  )
  (fusion): MLPFusion(
    (classifier): Sequential(
      (0): Linear(in_features=704, out_features=128, bias=True)
      (1): BatchNorm1d(128, eps=1e-05, momentum=0.1, affine=True, track_running_stats=True)
      (2): ReLU()
      (3): Dropout(p=0.5, inplace=False)
      (4): Linear(in_features=128, out_features=32, bias=True)
      (5): BatchNorm1d(32, eps=1e-05, momentum=0.1, affine=True, track_running_stats=True)
      (6): ReLU()
      (7): Dropout(p=0.5, inplace=False)
      (8): Linear(in_features=32, out_features=1, bias=True)
    )
  )
)
Epoch 001 | time=4.5s | train_loss=0.6714 | val_loss=0.6591 | val_auc=0.7023
  ✓ New best model (epoch 1, val_loss=0.6591, val_auc=0.7023) saved to checkpoints/gcn_fp_rdkit_lincs_graph_vs_cnn_seed1024.pt
Epoch 002 | time=3.7s | train_loss=0.5692 | val_loss=0.6210 | val_auc=0.7346
  ✓ New best model (epoch 2, val_loss=0.6210, val_auc=0.7346) saved to checkpoints/gcn_fp_rdkit_lincs_graph_vs_cnn_seed1024.pt
Epoch 003 | time=3.7s | train_loss=0.5009 | val_loss=0.5903 | val_auc=0.7655
  ✓ New best model (epoch 3, val_loss=0.5903, val_auc=0.7655) saved to checkpoints/gcn_fp_rdkit_lincs_graph_vs_cnn_seed1024.pt
Epoch 004 | time=3.6s | train_loss=0.4562 | val_loss=0.5672 | val_auc=0.7874
  ✓ New best model (epoch 4, val_loss=0.5672, val_auc=0.7874) saved to checkpoints/gcn_fp_rdkit_lincs_graph_vs_cnn_seed1024.pt
Epoch 005 | time=3.7s | train_loss=0.4243 | val_loss=0.5610 | val_auc=0.7931
  ✓ New best model (epoch 5, val_loss=0.5610, val_auc=0.7931) saved to checkpoints/gcn_fp_rdkit_lincs_graph_vs_cnn_seed1024.pt
Epoch 006 | time=3.6s | train_loss=0.3958 | val_loss=0.5457 | val_auc=0.8080
  ✓ New best model (epoch 6, val_loss=0.5457, val_auc=0.8080) saved to checkpoints/gcn_fp_rdkit_lincs_graph_vs_cnn_seed1024.pt
Epoch 007 | time=3.7s | train_loss=0.3715 | val_loss=0.5412 | val_auc=0.8093
  ✓ New best model (epoch 7, val_loss=0.5412, val_auc=0.8093) saved to checkpoints/gcn_fp_rdkit_lincs_graph_vs_cnn_seed1024.pt
Epoch 008 | time=3.6s | train_loss=0.3488 | val_loss=0.5265 | val_auc=0.8214
  ✓ New best model (epoch 8, val_loss=0.5265, val_auc=0.8214) saved to checkpoints/gcn_fp_rdkit_lincs_graph_vs_cnn_seed1024.pt
Epoch 009 | time=3.7s | train_loss=0.3278 | val_loss=0.5137 | val_auc=0.8326
  ✓ New best model (epoch 9, val_loss=0.5137, val_auc=0.8326) saved to checkpoints/gcn_fp_rdkit_lincs_graph_vs_cnn_seed1024.pt
Epoch 010 | time=3.7s | train_loss=0.3125 | val_loss=0.5045 | val_auc=0.8367
  ✓ New best model (epoch 10, val_loss=0.5045, val_auc=0.8367) saved to checkpoints/gcn_fp_rdkit_lincs_graph_vs_cnn_seed1024.pt
Epoch 011 | time=3.7s | train_loss=0.2959 | val_loss=0.5081 | val_auc=0.8342
Epoch 012 | time=3.7s | train_loss=0.2832 | val_loss=0.4863 | val_auc=0.8519
  ✓ New best model (epoch 12, val_loss=0.4863, val_auc=0.8519) saved to checkpoints/gcn_fp_rdkit_lincs_graph_vs_cnn_seed1024.pt
Epoch 013 | time=3.6s | train_loss=0.2704 | val_loss=0.4951 | val_auc=0.8450
Epoch 014 | time=3.6s | train_loss=0.2599 | val_loss=0.4991 | val_auc=0.8422
Epoch 015 | time=3.7s | train_loss=0.2509 | val_loss=0.4933 | val_auc=0.8452
Epoch 016 | time=3.7s | train_loss=0.2371 | val_loss=0.4991 | val_auc=0.8411
Epoch 017 | time=3.6s | train_loss=0.2320 | val_loss=0.4835 | val_auc=0.8524
  ✓ New best model (epoch 17, val_loss=0.4835, val_auc=0.8524) saved to checkpoints/gcn_fp_rdkit_lincs_graph_vs_cnn_seed1024.pt
Epoch 018 | time=3.7s | train_loss=0.2241 | val_loss=0.4984 | val_auc=0.8458
Epoch 019 | time=3.7s | train_loss=0.2151 | val_loss=0.5035 | val_auc=0.8444
Epoch 020 | time=3.7s | train_loss=0.2069 | val_loss=0.4784 | val_auc=0.8585
  ✓ New best model (epoch 20, val_loss=0.4784, val_auc=0.8585) saved to checkpoints/gcn_fp_rdkit_lincs_graph_vs_cnn_seed1024.pt
Epoch 021 | time=3.7s | train_loss=0.2024 | val_loss=0.4845 | val_auc=0.8588
  ✓ New best model (epoch 21, val_loss=0.4845, val_auc=0.8588) saved to checkpoints/gcn_fp_rdkit_lincs_graph_vs_cnn_seed1024.pt
Epoch 022 | time=3.7s | train_loss=0.1927 | val_loss=0.4928 | val_auc=0.8553
Epoch 023 | time=3.7s | train_loss=0.1869 | val_loss=0.5098 | val_auc=0.8463
Epoch 024 | time=3.7s | train_loss=0.1846 | val_loss=0.5073 | val_auc=0.8486
Epoch 025 | time=3.7s | train_loss=0.1771 | val_loss=0.4963 | val_auc=0.8573
Epoch 026 | time=3.7s | train_loss=0.1719 | val_loss=0.5051 | val_auc=0.8550
Epoch 027 | time=3.7s | train_loss=0.1632 | val_loss=0.5013 | val_auc=0.8572
Epoch 028 | time=3.7s | train_loss=0.1608 | val_loss=0.5081 | val_auc=0.8547
Epoch 029 | time=3.7s | train_loss=0.1556 | val_loss=0.5072 | val_auc=0.8599
  ✓ New best model (epoch 29, val_loss=0.5072, val_auc=0.8599) saved to checkpoints/gcn_fp_rdkit_lincs_graph_vs_cnn_seed1024.pt
Epoch 030 | time=3.7s | train_loss=0.1509 | val_loss=0.5183 | val_auc=0.8536
Epoch 031 | time=3.7s | train_loss=0.1526 | val_loss=0.5073 | val_auc=0.8598
Epoch 032 | time=3.7s | train_loss=0.1476 | val_loss=0.5063 | val_auc=0.8614
  ✓ New best model (epoch 32, val_loss=0.5063, val_auc=0.8614) saved to checkpoints/gcn_fp_rdkit_lincs_graph_vs_cnn_seed1024.pt
Epoch 033 | time=3.7s | train_loss=0.1421 | val_loss=0.5070 | val_auc=0.8609
Epoch 034 | time=3.7s | train_loss=0.1419 | val_loss=0.5081 | val_auc=0.8613
Epoch 035 | time=3.7s | train_loss=0.1378 | val_loss=0.5070 | val_auc=0.8630
  ✓ New best model (epoch 35, val_loss=0.5070, val_auc=0.8630) saved to checkpoints/gcn_fp_rdkit_lincs_graph_vs_cnn_seed1024.pt
Epoch 036 | time=3.7s | train_loss=0.1374 | val_loss=0.5048 | val_auc=0.8629
Epoch 037 | time=3.7s | train_loss=0.1338 | val_loss=0.5099 | val_auc=0.8622
Epoch 038 | time=3.7s | train_loss=0.1354 | val_loss=0.5180 | val_auc=0.8593
Epoch 039 | time=3.7s | train_loss=0.1340 | val_loss=0.5204 | val_auc=0.8597
Epoch 040 | time=3.8s | train_loss=0.1326 | val_loss=0.5150 | val_auc=0.8621
Epoch 041 | time=3.7s | train_loss=0.1330 | val_loss=0.5125 | val_auc=0.8621
Epoch 042 | time=3.7s | train_loss=0.1290 | val_loss=0.5184 | val_auc=0.8612
Epoch 043 | time=3.7s | train_loss=0.1278 | val_loss=0.5143 | val_auc=0.8621
Epoch 044 | time=3.7s | train_loss=0.1293 | val_loss=0.5154 | val_auc=0.8616
Epoch 045 | time=3.6s | train_loss=0.1289 | val_loss=0.5119 | val_auc=0.8628
Early stopping — no improvement for 10 epochs

Best model: epoch 35, val_loss=0.5119, val_auc=0.8630

═══ Test Results ═══
           auc: 0.7502
         auprc: 0.7050
            f1: 0.6316
     precision: 0.6278
        recall: 0.6354
          loss: 0.7440
