Uninstalled 1 package in 8ms
Installed 1 package in 13ms
/net/storage/pr3/plgrid/plggmlcil/plgkstankie/vvv/Multimodal-models-for-predicting-drug-target-interactions/.venv/lib/python3.11/site-packages/outdated/__init__.py:36: UserWarning: pkg_resources is deprecated as an API. See https://setuptools.pypa.io/en/latest/pkg_resources.html. The pkg_resources package is slated for removal as early as 2025-11-30. Refrain from using this package or pin to Setuptools<81.
  from pkg_resources import parse_version
Setting global random seed to 123
Using device: cuda
Loading clean data from: /net/storage/pr3/plgrid/plggmlcil/plgkstankie/vvv/Multimodal-models-for-predicting-drug-target-interactions/src/datasets/lincs_balanced.parquet
Dataset size: 27498
Train: 19558  Val: 2885  Test: 5055
Fitting MinMaxScaler on 1264 cached RDKit descriptors...
SMILES encoders:  ['GCNEncoder', 'FingerprintMLPEncoder', 'LincsGraphEncoder', 'RDKitDescriptorEncoder']
Protein encoders: ['ProteinCNNEncoder']
Building graph cache for 1264 SMILES...
  0%|          | 0/1264 [00:00<?, ?it/s] 20%|█▉        | 248/1264 [00:00<00:00, 2471.83it/s] 39%|███▉      | 496/1264 [00:00<00:00, 2412.66it/s] 58%|█████▊    | 738/1264 [00:00<00:00, 2357.63it/s] 78%|███████▊  | 990/1264 [00:00<00:00, 2417.70it/s] 99%|█████████▊| 1248/1264 [00:00<00:00, 2474.60it/s]100%|██████████| 1264/1264 [00:00<00:00, 2444.98it/s]
Valid SMILES graphs: 1264
MultimodalDTI(
  (smiles_encoders): ModuleList(
    (0): GCNEncoder(
      (atom_encoder): AtomEncoder(
        (atom_embedding_list): ModuleList(
          (0): Embedding(119, 128)
          (1): Embedding(5, 128)
          (2-3): 2 x Embedding(12, 128)
          (4): Embedding(10, 128)
          (5-6): 2 x Embedding(6, 128)
          (7-8): 2 x Embedding(2, 128)
        )
      )
      (convs): ModuleList(
        (0-2): 3 x GCNConv(128, 128)
      )
      (bns): ModuleList(
        (0-2): 3 x BatchNorm1d(128, eps=1e-05, momentum=0.1, affine=True, track_running_stats=True)
      )
    )
    (1): FingerprintMLPEncoder(
      (mlp): Sequential(
        (0): Linear(in_features=1024, out_features=256, bias=True)
        (1): BatchNorm1d(256, eps=1e-05, momentum=0.1, affine=True, track_running_stats=True)
        (2): ReLU()
        (3): Dropout(p=0.5, inplace=False)
        (4): Linear(in_features=256, out_features=128, bias=True)
        (5): BatchNorm1d(128, eps=1e-05, momentum=0.1, affine=True, track_running_stats=True)
        (6): ReLU()
      )
    )
    (2): LincsGraphEncoder(
      (proj): Linear(in_features=1, out_features=128, bias=True)
      (convs): ModuleList(
        (0-1): 2 x DenseGCNConv(
          (linear): Linear(in_features=128, out_features=128, bias=False)
        )
      )
      (bns): ModuleList(
        (0-1): 2 x BatchNorm1d(128, eps=1e-05, momentum=0.1, affine=True, track_running_stats=True)
      )
      (pool_proj): Linear(in_features=128, out_features=128, bias=True)
    )
    (3): RDKitDescriptorEncoder(
      (mlp): Sequential(
        (0): Linear(in_features=210, out_features=256, bias=True)
        (1): BatchNorm1d(256, eps=1e-05, momentum=0.1, affine=True, track_running_stats=True)
        (2): ReLU()
        (3): Dropout(p=0.5, inplace=False)
        (4): Linear(in_features=256, out_features=128, bias=True)
        (5): BatchNorm1d(128, eps=1e-05, momentum=0.1, affine=True, track_running_stats=True)
        (6): ReLU()
      )
    )
  )
  (protein_encoders): ModuleList(
    (0): ProteinCNNEncoder(
      (embedding): Embedding(21, 128, padding_idx=0)
      (conv_blocks): ModuleList(
        (0): Sequential(
          (0): Conv1d(128, 64, kernel_size=(3,), stride=(1,), padding=(1,))
          (1): BatchNorm1d(64, eps=1e-05, momentum=0.1, affine=True, track_running_stats=True)
          (2): ReLU()
          (3): Conv1d(64, 64, kernel_size=(3,), stride=(1,), padding=(1,))
          (4): BatchNorm1d(64, eps=1e-05, momentum=0.1, affine=True, track_running_stats=True)
          (5): ReLU()
        )
        (1): Sequential(
          (0): Conv1d(128, 64, kernel_size=(7,), stride=(1,), padding=(3,))
          (1): BatchNorm1d(64, eps=1e-05, momentum=0.1, affine=True, track_running_stats=True)
          (2): ReLU()
          (3): Conv1d(64, 64, kernel_size=(7,), stride=(1,), padding=(3,))
          (4): BatchNorm1d(64, eps=1e-05, momentum=0.1, affine=True, track_running_stats=True)
          (5): ReLU()
        )
        (2): Sequential(
          (0): Conv1d(128, 64, kernel_size=(15,), stride=(1,), padding=(7,))
          (1): BatchNorm1d(64, eps=1e-05, momentum=0.1, affine=True, track_running_stats=True)
          (2): ReLU()
          (3): Conv1d(64, 64, kernel_size=(15,), stride=(1,), padding=(7,))
          (4): BatchNorm1d(64, eps=1e-05, momentum=0.1, affine=True, track_running_stats=True)
          (5): ReLU()
        )
      )
    )
  )
  (fusion): MLPFusion(
    (classifier): Sequential(
      (0): Linear(in_features=704, out_features=128, bias=True)
      (1): BatchNorm1d(128, eps=1e-05, momentum=0.1, affine=True, track_running_stats=True)
      (2): ReLU()
      (3): Dropout(p=0.5, inplace=False)
      (4): Linear(in_features=128, out_features=32, bias=True)
      (5): BatchNorm1d(32, eps=1e-05, momentum=0.1, affine=True, track_running_stats=True)
      (6): ReLU()
      (7): Dropout(p=0.5, inplace=False)
      (8): Linear(in_features=32, out_features=1, bias=True)
    )
  )
)
Epoch 001 | time=4.6s | train_loss=0.6631 | val_loss=0.6615 | val_auc=0.6522
  ✓ New best model (epoch 1, val_loss=0.6615, val_auc=0.6522) saved to checkpoints/gcn_fp_rdkit_lincs_graph_vs_cnn_seed123.pt
Epoch 002 | time=3.8s | train_loss=0.5653 | val_loss=0.6110 | val_auc=0.7294
  ✓ New best model (epoch 2, val_loss=0.6110, val_auc=0.7294) saved to checkpoints/gcn_fp_rdkit_lincs_graph_vs_cnn_seed123.pt
Epoch 003 | time=3.8s | train_loss=0.4942 | val_loss=0.5784 | val_auc=0.7753
  ✓ New best model (epoch 3, val_loss=0.5784, val_auc=0.7753) saved to checkpoints/gcn_fp_rdkit_lincs_graph_vs_cnn_seed123.pt
Epoch 004 | time=3.7s | train_loss=0.4467 | val_loss=0.5590 | val_auc=0.7895
  ✓ New best model (epoch 4, val_loss=0.5590, val_auc=0.7895) saved to checkpoints/gcn_fp_rdkit_lincs_graph_vs_cnn_seed123.pt
Epoch 005 | time=3.7s | train_loss=0.4163 | val_loss=0.5540 | val_auc=0.7898
  ✓ New best model (epoch 5, val_loss=0.5540, val_auc=0.7898) saved to checkpoints/gcn_fp_rdkit_lincs_graph_vs_cnn_seed123.pt
Epoch 006 | time=3.8s | train_loss=0.3869 | val_loss=0.5400 | val_auc=0.8031
  ✓ New best model (epoch 6, val_loss=0.5400, val_auc=0.8031) saved to checkpoints/gcn_fp_rdkit_lincs_graph_vs_cnn_seed123.pt
Epoch 007 | time=3.8s | train_loss=0.3676 | val_loss=0.5263 | val_auc=0.8149
  ✓ New best model (epoch 7, val_loss=0.5263, val_auc=0.8149) saved to checkpoints/gcn_fp_rdkit_lincs_graph_vs_cnn_seed123.pt
Epoch 008 | time=3.8s | train_loss=0.3438 | val_loss=0.5448 | val_auc=0.8038
Epoch 009 | time=3.8s | train_loss=0.3256 | val_loss=0.5302 | val_auc=0.8133
Epoch 010 | time=3.7s | train_loss=0.3069 | val_loss=0.5302 | val_auc=0.8167
  ✓ New best model (epoch 10, val_loss=0.5302, val_auc=0.8167) saved to checkpoints/gcn_fp_rdkit_lincs_graph_vs_cnn_seed123.pt
Epoch 011 | time=3.7s | train_loss=0.2938 | val_loss=0.5288 | val_auc=0.8172
  ✓ New best model (epoch 11, val_loss=0.5288, val_auc=0.8172) saved to checkpoints/gcn_fp_rdkit_lincs_graph_vs_cnn_seed123.pt
Epoch 012 | time=4.3s | train_loss=0.2804 | val_loss=0.5183 | val_auc=0.8246
  ✓ New best model (epoch 12, val_loss=0.5183, val_auc=0.8246) saved to checkpoints/gcn_fp_rdkit_lincs_graph_vs_cnn_seed123.pt
Epoch 013 | time=3.8s | train_loss=0.2668 | val_loss=0.5419 | val_auc=0.8143
Epoch 014 | time=3.8s | train_loss=0.2572 | val_loss=0.5291 | val_auc=0.8235
Epoch 015 | time=3.8s | train_loss=0.2457 | val_loss=0.5343 | val_auc=0.8244
Epoch 016 | time=3.8s | train_loss=0.2377 | val_loss=0.5200 | val_auc=0.8318
  ✓ New best model (epoch 16, val_loss=0.5200, val_auc=0.8318) saved to checkpoints/gcn_fp_rdkit_lincs_graph_vs_cnn_seed123.pt
Epoch 017 | time=3.7s | train_loss=0.2302 | val_loss=0.5212 | val_auc=0.8330
  ✓ New best model (epoch 17, val_loss=0.5212, val_auc=0.8330) saved to checkpoints/gcn_fp_rdkit_lincs_graph_vs_cnn_seed123.pt
Epoch 018 | time=3.8s | train_loss=0.2208 | val_loss=0.5260 | val_auc=0.8316
Epoch 019 | time=3.8s | train_loss=0.2081 | val_loss=0.5238 | val_auc=0.8351
  ✓ New best model (epoch 19, val_loss=0.5238, val_auc=0.8351) saved to checkpoints/gcn_fp_rdkit_lincs_graph_vs_cnn_seed123.pt
Epoch 020 | time=3.8s | train_loss=0.2021 | val_loss=0.5248 | val_auc=0.8351
  ✓ New best model (epoch 20, val_loss=0.5248, val_auc=0.8351) saved to checkpoints/gcn_fp_rdkit_lincs_graph_vs_cnn_seed123.pt
Epoch 021 | time=3.8s | train_loss=0.1966 | val_loss=0.5262 | val_auc=0.8364
  ✓ New best model (epoch 21, val_loss=0.5262, val_auc=0.8364) saved to checkpoints/gcn_fp_rdkit_lincs_graph_vs_cnn_seed123.pt
Epoch 022 | time=3.7s | train_loss=0.1933 | val_loss=0.5148 | val_auc=0.8401
  ✓ New best model (epoch 22, val_loss=0.5148, val_auc=0.8401) saved to checkpoints/gcn_fp_rdkit_lincs_graph_vs_cnn_seed123.pt
Epoch 023 | time=3.7s | train_loss=0.1904 | val_loss=0.5237 | val_auc=0.8419
  ✓ New best model (epoch 23, val_loss=0.5237, val_auc=0.8419) saved to checkpoints/gcn_fp_rdkit_lincs_graph_vs_cnn_seed123.pt
Epoch 024 | time=3.7s | train_loss=0.1869 | val_loss=0.5152 | val_auc=0.8438
  ✓ New best model (epoch 24, val_loss=0.5152, val_auc=0.8438) saved to checkpoints/gcn_fp_rdkit_lincs_graph_vs_cnn_seed123.pt
Epoch 025 | time=3.8s | train_loss=0.1822 | val_loss=0.5172 | val_auc=0.8439
  ✓ New best model (epoch 25, val_loss=0.5172, val_auc=0.8439) saved to checkpoints/gcn_fp_rdkit_lincs_graph_vs_cnn_seed123.pt
Epoch 026 | time=3.7s | train_loss=0.1807 | val_loss=0.5344 | val_auc=0.8412
Epoch 027 | time=3.8s | train_loss=0.1777 | val_loss=0.5360 | val_auc=0.8415
Epoch 028 | time=3.7s | train_loss=0.1733 | val_loss=0.5353 | val_auc=0.8395
Epoch 029 | time=3.8s | train_loss=0.1664 | val_loss=0.5359 | val_auc=0.8418
Epoch 030 | time=3.8s | train_loss=0.1656 | val_loss=0.5355 | val_auc=0.8410
Epoch 031 | time=3.7s | train_loss=0.1652 | val_loss=0.5298 | val_auc=0.8453
  ✓ New best model (epoch 31, val_loss=0.5298, val_auc=0.8453) saved to checkpoints/gcn_fp_rdkit_lincs_graph_vs_cnn_seed123.pt
Epoch 032 | time=3.7s | train_loss=0.1626 | val_loss=0.5327 | val_auc=0.8445
Epoch 033 | time=3.7s | train_loss=0.1634 | val_loss=0.5286 | val_auc=0.8468
  ✓ New best model (epoch 33, val_loss=0.5286, val_auc=0.8468) saved to checkpoints/gcn_fp_rdkit_lincs_graph_vs_cnn_seed123.pt
Epoch 034 | time=3.7s | train_loss=0.1582 | val_loss=0.5417 | val_auc=0.8434
Epoch 035 | time=3.8s | train_loss=0.1568 | val_loss=0.5349 | val_auc=0.8461
Epoch 036 | time=3.8s | train_loss=0.1564 | val_loss=0.5395 | val_auc=0.8434
Epoch 037 | time=3.7s | train_loss=0.1517 | val_loss=0.5402 | val_auc=0.8451
Epoch 038 | time=3.7s | train_loss=0.1501 | val_loss=0.5320 | val_auc=0.8480
  ✓ New best model (epoch 38, val_loss=0.5320, val_auc=0.8480) saved to checkpoints/gcn_fp_rdkit_lincs_graph_vs_cnn_seed123.pt
Epoch 039 | time=3.8s | train_loss=0.1524 | val_loss=0.5395 | val_auc=0.8462
Epoch 040 | time=3.9s | train_loss=0.1499 | val_loss=0.5299 | val_auc=0.8486
  ✓ New best model (epoch 40, val_loss=0.5299, val_auc=0.8486) saved to checkpoints/gcn_fp_rdkit_lincs_graph_vs_cnn_seed123.pt
Epoch 041 | time=3.9s | train_loss=0.1458 | val_loss=0.5401 | val_auc=0.8455
Epoch 042 | time=3.7s | train_loss=0.1494 | val_loss=0.5460 | val_auc=0.8444
Epoch 043 | time=3.7s | train_loss=0.1486 | val_loss=0.5418 | val_auc=0.8459
Epoch 044 | time=3.8s | train_loss=0.1478 | val_loss=0.5465 | val_auc=0.8448
Epoch 045 | time=3.7s | train_loss=0.1498 | val_loss=0.5389 | val_auc=0.8462
Epoch 046 | time=3.7s | train_loss=0.1464 | val_loss=0.5424 | val_auc=0.8453
Epoch 047 | time=3.8s | train_loss=0.1468 | val_loss=0.5374 | val_auc=0.8465
Epoch 048 | time=4.0s | train_loss=0.1463 | val_loss=0.5367 | val_auc=0.8484
Epoch 049 | time=3.7s | train_loss=0.1449 | val_loss=0.5407 | val_auc=0.8473
Epoch 050 | time=3.8s | train_loss=0.1459 | val_loss=0.5399 | val_auc=0.8470
Early stopping — no improvement for 10 epochs

Best model: epoch 40, val_loss=0.5399, val_auc=0.8486

═══ Test Results ═══
           auc: 0.7590
         auprc: 0.7129
            f1: 0.6785
     precision: 0.6529
        recall: 0.7062
          loss: 0.6955
