Uninstalled 1 package in 8ms
Installed 1 package in 12ms
/net/storage/pr3/plgrid/plggmlcil/plgkstankie/vvv/Multimodal-models-for-predicting-drug-target-interactions/.venv/lib/python3.11/site-packages/outdated/__init__.py:36: UserWarning: pkg_resources is deprecated as an API. See https://setuptools.pypa.io/en/latest/pkg_resources.html. The pkg_resources package is slated for removal as early as 2025-11-30. Refrain from using this package or pin to Setuptools<81.
  from pkg_resources import parse_version
Setting global random seed to 2026
Using device: cuda
Loading clean data from: /net/storage/pr3/plgrid/plggmlcil/plgkstankie/vvv/Multimodal-models-for-predicting-drug-target-interactions/src/datasets/lincs_balanced.parquet
Dataset size: 27498
Train: 19558  Val: 2885  Test: 5055
Fitting MinMaxScaler on 1264 cached RDKit descriptors...
SMILES encoders:  ['GCNEncoder', 'FingerprintMLPEncoder', 'LincsGraphEncoder', 'RDKitDescriptorEncoder']
Protein encoders: ['ProteinCNNEncoder']
Building graph cache for 1264 SMILES...
  0%|          | 0/1264 [00:00<?, ?it/s] 19%|█▉        | 243/1264 [00:00<00:00, 2427.70it/s] 38%|███▊      | 486/1264 [00:00<00:00, 2385.50it/s] 57%|█████▋    | 725/1264 [00:00<00:00, 2346.73it/s] 77%|███████▋  | 973/1264 [00:00<00:00, 2396.35it/s] 97%|█████████▋| 1230/1264 [00:00<00:00, 2457.19it/s]100%|██████████| 1264/1264 [00:00<00:00, 2428.28it/s]
Valid SMILES graphs: 1264
MultimodalDTI(
  (smiles_encoders): ModuleList(
    (0): GCNEncoder(
      (atom_encoder): AtomEncoder(
        (atom_embedding_list): ModuleList(
          (0): Embedding(119, 128)
          (1): Embedding(5, 128)
          (2-3): 2 x Embedding(12, 128)
          (4): Embedding(10, 128)
          (5-6): 2 x Embedding(6, 128)
          (7-8): 2 x Embedding(2, 128)
        )
      )
      (convs): ModuleList(
        (0-2): 3 x GCNConv(128, 128)
      )
      (bns): ModuleList(
        (0-2): 3 x BatchNorm1d(128, eps=1e-05, momentum=0.1, affine=True, track_running_stats=True)
      )
    )
    (1): FingerprintMLPEncoder(
      (mlp): Sequential(
        (0): Linear(in_features=1024, out_features=256, bias=True)
        (1): BatchNorm1d(256, eps=1e-05, momentum=0.1, affine=True, track_running_stats=True)
        (2): ReLU()
        (3): Dropout(p=0.5, inplace=False)
        (4): Linear(in_features=256, out_features=128, bias=True)
        (5): BatchNorm1d(128, eps=1e-05, momentum=0.1, affine=True, track_running_stats=True)
        (6): ReLU()
      )
    )
    (2): LincsGraphEncoder(
      (proj): Linear(in_features=1, out_features=128, bias=True)
      (convs): ModuleList(
        (0-1): 2 x DenseGCNConv(
          (linear): Linear(in_features=128, out_features=128, bias=False)
        )
      )
      (bns): ModuleList(
        (0-1): 2 x BatchNorm1d(128, eps=1e-05, momentum=0.1, affine=True, track_running_stats=True)
      )
      (pool_proj): Linear(in_features=128, out_features=128, bias=True)
    )
    (3): RDKitDescriptorEncoder(
      (mlp): Sequential(
        (0): Linear(in_features=210, out_features=256, bias=True)
        (1): BatchNorm1d(256, eps=1e-05, momentum=0.1, affine=True, track_running_stats=True)
        (2): ReLU()
        (3): Dropout(p=0.5, inplace=False)
        (4): Linear(in_features=256, out_features=128, bias=True)
        (5): BatchNorm1d(128, eps=1e-05, momentum=0.1, affine=True, track_running_stats=True)
        (6): ReLU()
      )
    )
  )
  (protein_encoders): ModuleList(
    (0): ProteinCNNEncoder(
      (embedding): Embedding(21, 128, padding_idx=0)
      (conv_blocks): ModuleList(
        (0): Sequential(
          (0): Conv1d(128, 64, kernel_size=(3,), stride=(1,), padding=(1,))
          (1): BatchNorm1d(64, eps=1e-05, momentum=0.1, affine=True, track_running_stats=True)
          (2): ReLU()
          (3): Conv1d(64, 64, kernel_size=(3,), stride=(1,), padding=(1,))
          (4): BatchNorm1d(64, eps=1e-05, momentum=0.1, affine=True, track_running_stats=True)
          (5): ReLU()
        )
        (1): Sequential(
          (0): Conv1d(128, 64, kernel_size=(7,), stride=(1,), padding=(3,))
          (1): BatchNorm1d(64, eps=1e-05, momentum=0.1, affine=True, track_running_stats=True)
          (2): ReLU()
          (3): Conv1d(64, 64, kernel_size=(7,), stride=(1,), padding=(3,))
          (4): BatchNorm1d(64, eps=1e-05, momentum=0.1, affine=True, track_running_stats=True)
          (5): ReLU()
        )
        (2): Sequential(
          (0): Conv1d(128, 64, kernel_size=(15,), stride=(1,), padding=(7,))
          (1): BatchNorm1d(64, eps=1e-05, momentum=0.1, affine=True, track_running_stats=True)
          (2): ReLU()
          (3): Conv1d(64, 64, kernel_size=(15,), stride=(1,), padding=(7,))
          (4): BatchNorm1d(64, eps=1e-05, momentum=0.1, affine=True, track_running_stats=True)
          (5): ReLU()
        )
      )
    )
  )
  (fusion): MLPFusion(
    (classifier): Sequential(
      (0): Linear(in_features=704, out_features=128, bias=True)
      (1): BatchNorm1d(128, eps=1e-05, momentum=0.1, affine=True, track_running_stats=True)
      (2): ReLU()
      (3): Dropout(p=0.5, inplace=False)
      (4): Linear(in_features=128, out_features=32, bias=True)
      (5): BatchNorm1d(32, eps=1e-05, momentum=0.1, affine=True, track_running_stats=True)
      (6): ReLU()
      (7): Dropout(p=0.5, inplace=False)
      (8): Linear(in_features=32, out_features=1, bias=True)
    )
  )
)
Epoch 001 | time=4.5s | train_loss=0.6548 | val_loss=0.6318 | val_auc=0.7217
  ✓ New best model (epoch 1, val_loss=0.6318, val_auc=0.7217) saved to checkpoints/gcn_fp_rdkit_lincs_graph_vs_cnn_seed2026.pt
Epoch 002 | time=3.7s | train_loss=0.5430 | val_loss=0.5733 | val_auc=0.7723
  ✓ New best model (epoch 2, val_loss=0.5733, val_auc=0.7723) saved to checkpoints/gcn_fp_rdkit_lincs_graph_vs_cnn_seed2026.pt
Epoch 003 | time=4.1s | train_loss=0.4746 | val_loss=0.5681 | val_auc=0.7710
Epoch 004 | time=3.7s | train_loss=0.4317 | val_loss=0.5588 | val_auc=0.7824
  ✓ New best model (epoch 4, val_loss=0.5588, val_auc=0.7824) saved to checkpoints/gcn_fp_rdkit_lincs_graph_vs_cnn_seed2026.pt
Epoch 005 | time=3.7s | train_loss=0.4016 | val_loss=0.5308 | val_auc=0.8044
  ✓ New best model (epoch 5, val_loss=0.5308, val_auc=0.8044) saved to checkpoints/gcn_fp_rdkit_lincs_graph_vs_cnn_seed2026.pt
Epoch 006 | time=3.7s | train_loss=0.3729 | val_loss=0.5323 | val_auc=0.7996
Epoch 007 | time=3.8s | train_loss=0.3516 | val_loss=0.5260 | val_auc=0.8061
  ✓ New best model (epoch 7, val_loss=0.5260, val_auc=0.8061) saved to checkpoints/gcn_fp_rdkit_lincs_graph_vs_cnn_seed2026.pt
Epoch 008 | time=3.7s | train_loss=0.3305 | val_loss=0.5320 | val_auc=0.8069
  ✓ New best model (epoch 8, val_loss=0.5320, val_auc=0.8069) saved to checkpoints/gcn_fp_rdkit_lincs_graph_vs_cnn_seed2026.pt
Epoch 009 | time=3.7s | train_loss=0.3128 | val_loss=0.5308 | val_auc=0.8074
  ✓ New best model (epoch 9, val_loss=0.5308, val_auc=0.8074) saved to checkpoints/gcn_fp_rdkit_lincs_graph_vs_cnn_seed2026.pt
Epoch 010 | time=3.7s | train_loss=0.2985 | val_loss=0.5313 | val_auc=0.8093
  ✓ New best model (epoch 10, val_loss=0.5313, val_auc=0.8093) saved to checkpoints/gcn_fp_rdkit_lincs_graph_vs_cnn_seed2026.pt
Epoch 011 | time=3.7s | train_loss=0.2856 | val_loss=0.5092 | val_auc=0.8239
  ✓ New best model (epoch 11, val_loss=0.5092, val_auc=0.8239) saved to checkpoints/gcn_fp_rdkit_lincs_graph_vs_cnn_seed2026.pt
Epoch 012 | time=3.7s | train_loss=0.2700 | val_loss=0.5181 | val_auc=0.8256
  ✓ New best model (epoch 12, val_loss=0.5181, val_auc=0.8256) saved to checkpoints/gcn_fp_rdkit_lincs_graph_vs_cnn_seed2026.pt
Epoch 013 | time=3.7s | train_loss=0.2608 | val_loss=0.5178 | val_auc=0.8226
Epoch 014 | time=3.7s | train_loss=0.2468 | val_loss=0.5419 | val_auc=0.8089
Epoch 015 | time=3.7s | train_loss=0.2401 | val_loss=0.5160 | val_auc=0.8247
Epoch 016 | time=3.7s | train_loss=0.2317 | val_loss=0.5301 | val_auc=0.8205
Epoch 017 | time=3.7s | train_loss=0.2202 | val_loss=0.5478 | val_auc=0.8135
Epoch 018 | time=3.8s | train_loss=0.2086 | val_loss=0.5135 | val_auc=0.8315
  ✓ New best model (epoch 18, val_loss=0.5135, val_auc=0.8315) saved to checkpoints/gcn_fp_rdkit_lincs_graph_vs_cnn_seed2026.pt
Epoch 019 | time=3.7s | train_loss=0.2022 | val_loss=0.5191 | val_auc=0.8296
Epoch 020 | time=3.7s | train_loss=0.1974 | val_loss=0.5220 | val_auc=0.8293
Epoch 021 | time=3.7s | train_loss=0.1945 | val_loss=0.5199 | val_auc=0.8305
Epoch 022 | time=3.7s | train_loss=0.1906 | val_loss=0.5230 | val_auc=0.8297
Epoch 023 | time=3.7s | train_loss=0.1864 | val_loss=0.5292 | val_auc=0.8274
Epoch 024 | time=3.7s | train_loss=0.1831 | val_loss=0.5208 | val_auc=0.8330
  ✓ New best model (epoch 24, val_loss=0.5208, val_auc=0.8330) saved to checkpoints/gcn_fp_rdkit_lincs_graph_vs_cnn_seed2026.pt
Epoch 025 | time=3.7s | train_loss=0.1795 | val_loss=0.5267 | val_auc=0.8329
Epoch 026 | time=3.7s | train_loss=0.1777 | val_loss=0.5311 | val_auc=0.8299
Epoch 027 | time=3.7s | train_loss=0.1734 | val_loss=0.5342 | val_auc=0.8311
Epoch 028 | time=3.7s | train_loss=0.1727 | val_loss=0.5278 | val_auc=0.8328
Epoch 029 | time=3.7s | train_loss=0.1721 | val_loss=0.5369 | val_auc=0.8311
Epoch 030 | time=3.7s | train_loss=0.1688 | val_loss=0.5347 | val_auc=0.8312
Epoch 031 | time=3.7s | train_loss=0.1675 | val_loss=0.5463 | val_auc=0.8273
Epoch 032 | time=3.7s | train_loss=0.1653 | val_loss=0.5421 | val_auc=0.8283
Epoch 033 | time=3.7s | train_loss=0.1665 | val_loss=0.5394 | val_auc=0.8308
Epoch 034 | time=3.7s | train_loss=0.1631 | val_loss=0.5380 | val_auc=0.8313
Early stopping — no improvement for 10 epochs

Best model: epoch 24, val_loss=0.5380, val_auc=0.8330

═══ Test Results ═══
           auc: 0.7448
         auprc: 0.7086
            f1: 0.6602
     precision: 0.6243
        recall: 0.7003
          loss: 0.6790
