Uninstalled 1 package in 7ms
Installed 1 package in 12ms
/net/storage/pr3/plgrid/plggmlcil/plgkstankie/vvv/Multimodal-models-for-predicting-drug-target-interactions/.venv/lib/python3.11/site-packages/outdated/__init__.py:36: UserWarning: pkg_resources is deprecated as an API. See https://setuptools.pypa.io/en/latest/pkg_resources.html. The pkg_resources package is slated for removal as early as 2025-11-30. Refrain from using this package or pin to Setuptools<81.
  from pkg_resources import parse_version
Setting global random seed to 123
Using device: cuda
Loading clean data from: /net/storage/pr3/plgrid/plggmlcil/plgkstankie/vvv/Multimodal-models-for-predicting-drug-target-interactions/src/datasets/lincs_balanced.parquet
Dataset size: 27498
Train: 19558  Val: 2885  Test: 5055
ChemBERTProcessor: loaded 236379 embeddings (dim=768) from /net/storage/pr3/plgrid/plggmlcil/plgkstankie/vvv/Multimodal-models-for-predicting-drug-target-interactions/src/datasets/ChemBERTa-zinc-base-v1.pt
Fitting MinMaxScaler on 1264 cached RDKit descriptors...
SMILES encoders:  ['GCNEncoder', 'ChemBERTEncoder', 'LincsEncoder', 'RDKitDescriptorEncoder']
Protein encoders: ['ProteinCNNEncoder']
Building graph cache for 1264 SMILES...
  0%|          | 0/1264 [00:00<?, ?it/s] 19%|█▉        | 241/1264 [00:00<00:00, 2406.49it/s] 38%|███▊      | 482/1264 [00:00<00:00, 2360.42it/s] 57%|█████▋    | 719/1264 [00:00<00:00, 2319.08it/s] 75%|███████▌  | 951/1264 [00:00<00:00, 2314.16it/s] 95%|█████████▌| 1202/1264 [00:00<00:00, 2381.98it/s]100%|██████████| 1264/1264 [00:00<00:00, 2373.27it/s]
Valid SMILES graphs: 1264
MultimodalDTI(
  (smiles_encoders): ModuleList(
    (0): GCNEncoder(
      (atom_encoder): AtomEncoder(
        (atom_embedding_list): ModuleList(
          (0): Embedding(119, 128)
          (1): Embedding(5, 128)
          (2-3): 2 x Embedding(12, 128)
          (4): Embedding(10, 128)
          (5-6): 2 x Embedding(6, 128)
          (7-8): 2 x Embedding(2, 128)
        )
      )
      (convs): ModuleList(
        (0-2): 3 x GCNConv(128, 128)
      )
      (bns): ModuleList(
        (0-2): 3 x BatchNorm1d(128, eps=1e-05, momentum=0.1, affine=True, track_running_stats=True)
      )
    )
    (1): ChemBERTEncoder(
      (projection): Sequential(
        (0): Linear(in_features=768, out_features=128, bias=True)
        (1): LayerNorm((128,), eps=1e-05, elementwise_affine=True)
        (2): ReLU()
      )
    )
    (2): LincsEncoder(
      (mlp): Sequential(
        (0): Linear(in_features=978, out_features=128, bias=True)
        (1): BatchNorm1d(128, eps=1e-05, momentum=0.1, affine=True, track_running_stats=True)
        (2): ReLU()
        (3): Dropout(p=0.5, inplace=False)
        (4): Linear(in_features=128, out_features=128, bias=True)
        (5): BatchNorm1d(128, eps=1e-05, momentum=0.1, affine=True, track_running_stats=True)
        (6): ReLU()
      )
    )
    (3): RDKitDescriptorEncoder(
      (mlp): Sequential(
        (0): Linear(in_features=210, out_features=256, bias=True)
        (1): BatchNorm1d(256, eps=1e-05, momentum=0.1, affine=True, track_running_stats=True)
        (2): ReLU()
        (3): Dropout(p=0.5, inplace=False)
        (4): Linear(in_features=256, out_features=128, bias=True)
        (5): BatchNorm1d(128, eps=1e-05, momentum=0.1, affine=True, track_running_stats=True)
        (6): ReLU()
      )
    )
  )
  (protein_encoders): ModuleList(
    (0): ProteinCNNEncoder(
      (embedding): Embedding(21, 128, padding_idx=0)
      (conv_blocks): ModuleList(
        (0): Sequential(
          (0): Conv1d(128, 64, kernel_size=(3,), stride=(1,), padding=(1,))
          (1): BatchNorm1d(64, eps=1e-05, momentum=0.1, affine=True, track_running_stats=True)
          (2): ReLU()
          (3): Conv1d(64, 64, kernel_size=(3,), stride=(1,), padding=(1,))
          (4): BatchNorm1d(64, eps=1e-05, momentum=0.1, affine=True, track_running_stats=True)
          (5): ReLU()
        )
        (1): Sequential(
          (0): Conv1d(128, 64, kernel_size=(7,), stride=(1,), padding=(3,))
          (1): BatchNorm1d(64, eps=1e-05, momentum=0.1, affine=True, track_running_stats=True)
          (2): ReLU()
          (3): Conv1d(64, 64, kernel_size=(7,), stride=(1,), padding=(3,))
          (4): BatchNorm1d(64, eps=1e-05, momentum=0.1, affine=True, track_running_stats=True)
          (5): ReLU()
        )
        (2): Sequential(
          (0): Conv1d(128, 64, kernel_size=(15,), stride=(1,), padding=(7,))
          (1): BatchNorm1d(64, eps=1e-05, momentum=0.1, affine=True, track_running_stats=True)
          (2): ReLU()
          (3): Conv1d(64, 64, kernel_size=(15,), stride=(1,), padding=(7,))
          (4): BatchNorm1d(64, eps=1e-05, momentum=0.1, affine=True, track_running_stats=True)
          (5): ReLU()
        )
      )
    )
  )
  (fusion): MLPFusion(
    (classifier): Sequential(
      (0): Linear(in_features=704, out_features=128, bias=True)
      (1): BatchNorm1d(128, eps=1e-05, momentum=0.1, affine=True, track_running_stats=True)
      (2): ReLU()
      (3): Dropout(p=0.5, inplace=False)
      (4): Linear(in_features=128, out_features=32, bias=True)
      (5): BatchNorm1d(32, eps=1e-05, momentum=0.1, affine=True, track_running_stats=True)
      (6): ReLU()
      (7): Dropout(p=0.5, inplace=False)
      (8): Linear(in_features=32, out_features=1, bias=True)
    )
  )
)
Epoch 001 | time=3.6s | train_loss=0.6717 | val_loss=0.6502 | val_auc=0.6938
  ✓ New best model (epoch 1, val_loss=0.6502, val_auc=0.6938) saved to checkpoints/gcn_chembert_rdkit_lincs_vs_cnn_seed123.pt
Epoch 002 | time=2.6s | train_loss=0.5701 | val_loss=0.6002 | val_auc=0.7470
  ✓ New best model (epoch 2, val_loss=0.6002, val_auc=0.7470) saved to checkpoints/gcn_chembert_rdkit_lincs_vs_cnn_seed123.pt
Epoch 003 | time=2.6s | train_loss=0.4938 | val_loss=0.5793 | val_auc=0.7653
  ✓ New best model (epoch 3, val_loss=0.5793, val_auc=0.7653) saved to checkpoints/gcn_chembert_rdkit_lincs_vs_cnn_seed123.pt
Epoch 004 | time=2.6s | train_loss=0.4450 | val_loss=0.5612 | val_auc=0.7827
  ✓ New best model (epoch 4, val_loss=0.5612, val_auc=0.7827) saved to checkpoints/gcn_chembert_rdkit_lincs_vs_cnn_seed123.pt
Epoch 005 | time=2.6s | train_loss=0.4130 | val_loss=0.5536 | val_auc=0.7903
  ✓ New best model (epoch 5, val_loss=0.5536, val_auc=0.7903) saved to checkpoints/gcn_chembert_rdkit_lincs_vs_cnn_seed123.pt
Epoch 006 | time=2.7s | train_loss=0.3859 | val_loss=0.5477 | val_auc=0.7956
  ✓ New best model (epoch 6, val_loss=0.5477, val_auc=0.7956) saved to checkpoints/gcn_chembert_rdkit_lincs_vs_cnn_seed123.pt
Epoch 007 | time=2.8s | train_loss=0.3628 | val_loss=0.5467 | val_auc=0.7946
Epoch 008 | time=2.6s | train_loss=0.3416 | val_loss=0.5373 | val_auc=0.8018
  ✓ New best model (epoch 8, val_loss=0.5373, val_auc=0.8018) saved to checkpoints/gcn_chembert_rdkit_lincs_vs_cnn_seed123.pt
Epoch 009 | time=2.6s | train_loss=0.3262 | val_loss=0.5334 | val_auc=0.8091
  ✓ New best model (epoch 9, val_loss=0.5334, val_auc=0.8091) saved to checkpoints/gcn_chembert_rdkit_lincs_vs_cnn_seed123.pt
Epoch 010 | time=2.6s | train_loss=0.3047 | val_loss=0.5317 | val_auc=0.8104
  ✓ New best model (epoch 10, val_loss=0.5317, val_auc=0.8104) saved to checkpoints/gcn_chembert_rdkit_lincs_vs_cnn_seed123.pt
Epoch 011 | time=2.6s | train_loss=0.2926 | val_loss=0.5179 | val_auc=0.8189
  ✓ New best model (epoch 11, val_loss=0.5179, val_auc=0.8189) saved to checkpoints/gcn_chembert_rdkit_lincs_vs_cnn_seed123.pt
Epoch 012 | time=2.6s | train_loss=0.2787 | val_loss=0.5304 | val_auc=0.8127
Epoch 013 | time=2.6s | train_loss=0.2700 | val_loss=0.5230 | val_auc=0.8151
Epoch 014 | time=2.6s | train_loss=0.2575 | val_loss=0.5342 | val_auc=0.8141
Epoch 015 | time=2.6s | train_loss=0.2506 | val_loss=0.5203 | val_auc=0.8220
  ✓ New best model (epoch 15, val_loss=0.5203, val_auc=0.8220) saved to checkpoints/gcn_chembert_rdkit_lincs_vs_cnn_seed123.pt
Epoch 016 | time=2.6s | train_loss=0.2364 | val_loss=0.5208 | val_auc=0.8239
  ✓ New best model (epoch 16, val_loss=0.5208, val_auc=0.8239) saved to checkpoints/gcn_chembert_rdkit_lincs_vs_cnn_seed123.pt
Epoch 017 | time=2.8s | train_loss=0.2307 | val_loss=0.5209 | val_auc=0.8237
Epoch 018 | time=2.6s | train_loss=0.2213 | val_loss=0.5195 | val_auc=0.8245
  ✓ New best model (epoch 18, val_loss=0.5195, val_auc=0.8245) saved to checkpoints/gcn_chembert_rdkit_lincs_vs_cnn_seed123.pt
Epoch 019 | time=2.6s | train_loss=0.2137 | val_loss=0.5216 | val_auc=0.8264
  ✓ New best model (epoch 19, val_loss=0.5216, val_auc=0.8264) saved to checkpoints/gcn_chembert_rdkit_lincs_vs_cnn_seed123.pt
Epoch 020 | time=2.6s | train_loss=0.2087 | val_loss=0.5128 | val_auc=0.8294
  ✓ New best model (epoch 20, val_loss=0.5128, val_auc=0.8294) saved to checkpoints/gcn_chembert_rdkit_lincs_vs_cnn_seed123.pt
Epoch 021 | time=2.6s | train_loss=0.2008 | val_loss=0.5171 | val_auc=0.8278
Epoch 022 | time=2.6s | train_loss=0.1974 | val_loss=0.5177 | val_auc=0.8299
  ✓ New best model (epoch 22, val_loss=0.5177, val_auc=0.8299) saved to checkpoints/gcn_chembert_rdkit_lincs_vs_cnn_seed123.pt
Epoch 023 | time=2.6s | train_loss=0.1967 | val_loss=0.5240 | val_auc=0.8274
Epoch 024 | time=2.6s | train_loss=0.1948 | val_loss=0.5315 | val_auc=0.8249
Epoch 025 | time=2.6s | train_loss=0.1905 | val_loss=0.5251 | val_auc=0.8272
Epoch 026 | time=2.7s | train_loss=0.1855 | val_loss=0.5365 | val_auc=0.8239
Epoch 027 | time=2.6s | train_loss=0.1799 | val_loss=0.5384 | val_auc=0.8210
Epoch 028 | time=2.8s | train_loss=0.1767 | val_loss=0.5253 | val_auc=0.8309
  ✓ New best model (epoch 28, val_loss=0.5253, val_auc=0.8309) saved to checkpoints/gcn_chembert_rdkit_lincs_vs_cnn_seed123.pt
Epoch 029 | time=2.6s | train_loss=0.1736 | val_loss=0.5299 | val_auc=0.8285
Epoch 030 | time=2.6s | train_loss=0.1721 | val_loss=0.5319 | val_auc=0.8287
Epoch 031 | time=2.6s | train_loss=0.1737 | val_loss=0.5341 | val_auc=0.8264
Epoch 032 | time=2.6s | train_loss=0.1674 | val_loss=0.5348 | val_auc=0.8279
Epoch 033 | time=2.7s | train_loss=0.1650 | val_loss=0.5327 | val_auc=0.8284
Epoch 034 | time=2.6s | train_loss=0.1659 | val_loss=0.5290 | val_auc=0.8312
  ✓ New best model (epoch 34, val_loss=0.5290, val_auc=0.8312) saved to checkpoints/gcn_chembert_rdkit_lincs_vs_cnn_seed123.pt
Epoch 035 | time=2.6s | train_loss=0.1635 | val_loss=0.5355 | val_auc=0.8292
Epoch 036 | time=2.6s | train_loss=0.1609 | val_loss=0.5318 | val_auc=0.8312
  ✓ New best model (epoch 36, val_loss=0.5318, val_auc=0.8312) saved to checkpoints/gcn_chembert_rdkit_lincs_vs_cnn_seed123.pt
Epoch 037 | time=2.6s | train_loss=0.1637 | val_loss=0.5350 | val_auc=0.8282
Epoch 038 | time=2.8s | train_loss=0.1611 | val_loss=0.5423 | val_auc=0.8270
Epoch 039 | time=2.6s | train_loss=0.1622 | val_loss=0.5408 | val_auc=0.8259
Epoch 040 | time=2.7s | train_loss=0.1595 | val_loss=0.5376 | val_auc=0.8285
Epoch 041 | time=2.7s | train_loss=0.1586 | val_loss=0.5381 | val_auc=0.8285
Epoch 042 | time=2.6s | train_loss=0.1583 | val_loss=0.5412 | val_auc=0.8277
Epoch 043 | time=2.6s | train_loss=0.1579 | val_loss=0.5414 | val_auc=0.8287
Epoch 044 | time=2.6s | train_loss=0.1564 | val_loss=0.5374 | val_auc=0.8287
Epoch 045 | time=2.6s | train_loss=0.1571 | val_loss=0.5416 | val_auc=0.8266
Epoch 046 | time=2.6s | train_loss=0.1543 | val_loss=0.5446 | val_auc=0.8260
Early stopping — no improvement for 10 epochs

Best model: epoch 36, val_loss=0.5446, val_auc=0.8312

═══ Test Results ═══
           auc: 0.6961
         auprc: 0.6113
            f1: 0.6087
     precision: 0.6217
        recall: 0.5962
          loss: 0.8240
