Uninstalled 1 package in 8ms
Installed 1 package in 12ms
/net/storage/pr3/plgrid/plggmlcil/plgkstankie/vvv/Multimodal-models-for-predicting-drug-target-interactions/.venv/lib/python3.11/site-packages/outdated/__init__.py:36: UserWarning: pkg_resources is deprecated as an API. See https://setuptools.pypa.io/en/latest/pkg_resources.html. The pkg_resources package is slated for removal as early as 2025-11-30. Refrain from using this package or pin to Setuptools<81.
  from pkg_resources import parse_version
Setting global random seed to 999
Using device: cuda
Loading clean data from: /net/storage/pr3/plgrid/plggmlcil/plgkstankie/vvv/Multimodal-models-for-predicting-drug-target-interactions/src/datasets/lincs_balanced.parquet
Dataset size: 27498
Train: 19558  Val: 2885  Test: 5055
Fitting MinMaxScaler on 1264 cached RDKit descriptors...
SMILES encoders:  ['GCNEncoder', 'LincsGraphEncoder', 'RDKitDescriptorEncoder']
Protein encoders: ['ProteinCNNEncoder']
Building graph cache for 1264 SMILES...
  0%|          | 0/1264 [00:00<?, ?it/s] 19%|█▉        | 243/1264 [00:00<00:00, 2428.02it/s] 38%|███▊      | 486/1264 [00:00<00:00, 2384.48it/s] 57%|█████▋    | 725/1264 [00:00<00:00, 2347.07it/s] 77%|███████▋  | 974/1264 [00:00<00:00, 2401.30it/s] 97%|█████████▋| 1232/1264 [00:00<00:00, 2461.19it/s]100%|██████████| 1264/1264 [00:00<00:00, 2430.44it/s]
Valid SMILES graphs: 1264
MultimodalDTI(
  (smiles_encoders): ModuleList(
    (0): GCNEncoder(
      (atom_encoder): AtomEncoder(
        (atom_embedding_list): ModuleList(
          (0): Embedding(119, 128)
          (1): Embedding(5, 128)
          (2-3): 2 x Embedding(12, 128)
          (4): Embedding(10, 128)
          (5-6): 2 x Embedding(6, 128)
          (7-8): 2 x Embedding(2, 128)
        )
      )
      (convs): ModuleList(
        (0-2): 3 x GCNConv(128, 128)
      )
      (bns): ModuleList(
        (0-2): 3 x BatchNorm1d(128, eps=1e-05, momentum=0.1, affine=True, track_running_stats=True)
      )
    )
    (1): LincsGraphEncoder(
      (proj): Linear(in_features=1, out_features=128, bias=True)
      (convs): ModuleList(
        (0-1): 2 x DenseGCNConv(
          (linear): Linear(in_features=128, out_features=128, bias=False)
        )
      )
      (bns): ModuleList(
        (0-1): 2 x BatchNorm1d(128, eps=1e-05, momentum=0.1, affine=True, track_running_stats=True)
      )
      (pool_proj): Linear(in_features=128, out_features=128, bias=True)
    )
    (2): RDKitDescriptorEncoder(
      (mlp): Sequential(
        (0): Linear(in_features=210, out_features=256, bias=True)
        (1): BatchNorm1d(256, eps=1e-05, momentum=0.1, affine=True, track_running_stats=True)
        (2): ReLU()
        (3): Dropout(p=0.5, inplace=False)
        (4): Linear(in_features=256, out_features=128, bias=True)
        (5): BatchNorm1d(128, eps=1e-05, momentum=0.1, affine=True, track_running_stats=True)
        (6): ReLU()
      )
    )
  )
  (protein_encoders): ModuleList(
    (0): ProteinCNNEncoder(
      (embedding): Embedding(21, 128, padding_idx=0)
      (conv_blocks): ModuleList(
        (0): Sequential(
          (0): Conv1d(128, 64, kernel_size=(3,), stride=(1,), padding=(1,))
          (1): BatchNorm1d(64, eps=1e-05, momentum=0.1, affine=True, track_running_stats=True)
          (2): ReLU()
          (3): Conv1d(64, 64, kernel_size=(3,), stride=(1,), padding=(1,))
          (4): BatchNorm1d(64, eps=1e-05, momentum=0.1, affine=True, track_running_stats=True)
          (5): ReLU()
        )
        (1): Sequential(
          (0): Conv1d(128, 64, kernel_size=(7,), stride=(1,), padding=(3,))
          (1): BatchNorm1d(64, eps=1e-05, momentum=0.1, affine=True, track_running_stats=True)
          (2): ReLU()
          (3): Conv1d(64, 64, kernel_size=(7,), stride=(1,), padding=(3,))
          (4): BatchNorm1d(64, eps=1e-05, momentum=0.1, affine=True, track_running_stats=True)
          (5): ReLU()
        )
        (2): Sequential(
          (0): Conv1d(128, 64, kernel_size=(15,), stride=(1,), padding=(7,))
          (1): BatchNorm1d(64, eps=1e-05, momentum=0.1, affine=True, track_running_stats=True)
          (2): ReLU()
          (3): Conv1d(64, 64, kernel_size=(15,), stride=(1,), padding=(7,))
          (4): BatchNorm1d(64, eps=1e-05, momentum=0.1, affine=True, track_running_stats=True)
          (5): ReLU()
        )
      )
    )
  )
  (fusion): MLPFusion(
    (classifier): Sequential(
      (0): Linear(in_features=576, out_features=128, bias=True)
      (1): BatchNorm1d(128, eps=1e-05, momentum=0.1, affine=True, track_running_stats=True)
      (2): ReLU()
      (3): Dropout(p=0.5, inplace=False)
      (4): Linear(in_features=128, out_features=32, bias=True)
      (5): BatchNorm1d(32, eps=1e-05, momentum=0.1, affine=True, track_running_stats=True)
      (6): ReLU()
      (7): Dropout(p=0.5, inplace=False)
      (8): Linear(in_features=32, out_features=1, bias=True)
    )
  )
)
Epoch 001 | time=4.4s | train_loss=0.6651 | val_loss=0.6560 | val_auc=0.6698
  ✓ New best model (epoch 1, val_loss=0.6560, val_auc=0.6698) saved to checkpoints/gcn_rdkit_lincs_graph_vs_cnn_seed999.pt
Epoch 002 | time=3.4s | train_loss=0.5722 | val_loss=0.6025 | val_auc=0.7536
  ✓ New best model (epoch 2, val_loss=0.6025, val_auc=0.7536) saved to checkpoints/gcn_rdkit_lincs_graph_vs_cnn_seed999.pt
Epoch 003 | time=3.4s | train_loss=0.5017 | val_loss=0.5731 | val_auc=0.7799
  ✓ New best model (epoch 3, val_loss=0.5731, val_auc=0.7799) saved to checkpoints/gcn_rdkit_lincs_graph_vs_cnn_seed999.pt
Epoch 004 | time=3.4s | train_loss=0.4527 | val_loss=0.5503 | val_auc=0.7954
  ✓ New best model (epoch 4, val_loss=0.5503, val_auc=0.7954) saved to checkpoints/gcn_rdkit_lincs_graph_vs_cnn_seed999.pt
Epoch 005 | time=3.4s | train_loss=0.4226 | val_loss=0.5383 | val_auc=0.8073
  ✓ New best model (epoch 5, val_loss=0.5383, val_auc=0.8073) saved to checkpoints/gcn_rdkit_lincs_graph_vs_cnn_seed999.pt
Epoch 006 | time=3.4s | train_loss=0.3984 | val_loss=0.5454 | val_auc=0.7978
Epoch 007 | time=3.4s | train_loss=0.3750 | val_loss=0.5307 | val_auc=0.8100
  ✓ New best model (epoch 7, val_loss=0.5307, val_auc=0.8100) saved to checkpoints/gcn_rdkit_lincs_graph_vs_cnn_seed999.pt
Epoch 008 | time=3.4s | train_loss=0.3571 | val_loss=0.5244 | val_auc=0.8139
  ✓ New best model (epoch 8, val_loss=0.5244, val_auc=0.8139) saved to checkpoints/gcn_rdkit_lincs_graph_vs_cnn_seed999.pt
Epoch 009 | time=3.4s | train_loss=0.3444 | val_loss=0.5218 | val_auc=0.8154
  ✓ New best model (epoch 9, val_loss=0.5218, val_auc=0.8154) saved to checkpoints/gcn_rdkit_lincs_graph_vs_cnn_seed999.pt
Epoch 010 | time=3.4s | train_loss=0.3278 | val_loss=0.5062 | val_auc=0.8295
  ✓ New best model (epoch 10, val_loss=0.5062, val_auc=0.8295) saved to checkpoints/gcn_rdkit_lincs_graph_vs_cnn_seed999.pt
Epoch 011 | time=3.4s | train_loss=0.3131 | val_loss=0.5214 | val_auc=0.8206
Epoch 012 | time=3.4s | train_loss=0.3029 | val_loss=0.5093 | val_auc=0.8296
  ✓ New best model (epoch 12, val_loss=0.5093, val_auc=0.8296) saved to checkpoints/gcn_rdkit_lincs_graph_vs_cnn_seed999.pt
Epoch 013 | time=3.4s | train_loss=0.2908 | val_loss=0.5016 | val_auc=0.8323
  ✓ New best model (epoch 13, val_loss=0.5016, val_auc=0.8323) saved to checkpoints/gcn_rdkit_lincs_graph_vs_cnn_seed999.pt
Epoch 014 | time=3.4s | train_loss=0.2794 | val_loss=0.4913 | val_auc=0.8387
  ✓ New best model (epoch 14, val_loss=0.4913, val_auc=0.8387) saved to checkpoints/gcn_rdkit_lincs_graph_vs_cnn_seed999.pt
Epoch 015 | time=3.4s | train_loss=0.2750 | val_loss=0.4816 | val_auc=0.8476
  ✓ New best model (epoch 15, val_loss=0.4816, val_auc=0.8476) saved to checkpoints/gcn_rdkit_lincs_graph_vs_cnn_seed999.pt
Epoch 016 | time=3.4s | train_loss=0.2649 | val_loss=0.4826 | val_auc=0.8482
  ✓ New best model (epoch 16, val_loss=0.4826, val_auc=0.8482) saved to checkpoints/gcn_rdkit_lincs_graph_vs_cnn_seed999.pt
Epoch 017 | time=3.4s | train_loss=0.2570 | val_loss=0.4817 | val_auc=0.8486
  ✓ New best model (epoch 17, val_loss=0.4817, val_auc=0.8486) saved to checkpoints/gcn_rdkit_lincs_graph_vs_cnn_seed999.pt
Epoch 018 | time=3.4s | train_loss=0.2496 | val_loss=0.4879 | val_auc=0.8459
Epoch 019 | time=3.4s | train_loss=0.2418 | val_loss=0.4856 | val_auc=0.8485
Epoch 020 | time=3.4s | train_loss=0.2341 | val_loss=0.4804 | val_auc=0.8493
  ✓ New best model (epoch 20, val_loss=0.4804, val_auc=0.8493) saved to checkpoints/gcn_rdkit_lincs_graph_vs_cnn_seed999.pt
Epoch 021 | time=3.4s | train_loss=0.2297 | val_loss=0.4776 | val_auc=0.8538
  ✓ New best model (epoch 21, val_loss=0.4776, val_auc=0.8538) saved to checkpoints/gcn_rdkit_lincs_graph_vs_cnn_seed999.pt
Epoch 022 | time=3.4s | train_loss=0.2227 | val_loss=0.4749 | val_auc=0.8575
  ✓ New best model (epoch 22, val_loss=0.4749, val_auc=0.8575) saved to checkpoints/gcn_rdkit_lincs_graph_vs_cnn_seed999.pt
Epoch 023 | time=3.4s | train_loss=0.2187 | val_loss=0.4754 | val_auc=0.8585
  ✓ New best model (epoch 23, val_loss=0.4754, val_auc=0.8585) saved to checkpoints/gcn_rdkit_lincs_graph_vs_cnn_seed999.pt
Epoch 024 | time=3.4s | train_loss=0.2117 | val_loss=0.4888 | val_auc=0.8557
Epoch 025 | time=3.4s | train_loss=0.2069 | val_loss=0.4928 | val_auc=0.8543
Epoch 026 | time=3.4s | train_loss=0.2039 | val_loss=0.4817 | val_auc=0.8593
  ✓ New best model (epoch 26, val_loss=0.4817, val_auc=0.8593) saved to checkpoints/gcn_rdkit_lincs_graph_vs_cnn_seed999.pt
Epoch 027 | time=3.4s | train_loss=0.1961 | val_loss=0.4771 | val_auc=0.8623
  ✓ New best model (epoch 27, val_loss=0.4771, val_auc=0.8623) saved to checkpoints/gcn_rdkit_lincs_graph_vs_cnn_seed999.pt
Epoch 028 | time=3.5s | train_loss=0.1921 | val_loss=0.4799 | val_auc=0.8629
  ✓ New best model (epoch 28, val_loss=0.4799, val_auc=0.8629) saved to checkpoints/gcn_rdkit_lincs_graph_vs_cnn_seed999.pt
Epoch 029 | time=3.4s | train_loss=0.1831 | val_loss=0.4837 | val_auc=0.8613
Epoch 030 | time=3.4s | train_loss=0.1781 | val_loss=0.4794 | val_auc=0.8629
Epoch 031 | time=3.4s | train_loss=0.1759 | val_loss=0.4728 | val_auc=0.8689
  ✓ New best model (epoch 31, val_loss=0.4728, val_auc=0.8689) saved to checkpoints/gcn_rdkit_lincs_graph_vs_cnn_seed999.pt
Epoch 032 | time=3.4s | train_loss=0.1727 | val_loss=0.5011 | val_auc=0.8597
Epoch 033 | time=3.4s | train_loss=0.1706 | val_loss=0.4818 | val_auc=0.8656
Epoch 034 | time=3.4s | train_loss=0.1700 | val_loss=0.4842 | val_auc=0.8651
Epoch 035 | time=3.4s | train_loss=0.1664 | val_loss=0.4902 | val_auc=0.8615
Epoch 036 | time=3.5s | train_loss=0.1650 | val_loss=0.4903 | val_auc=0.8650
Epoch 037 | time=3.4s | train_loss=0.1597 | val_loss=0.4863 | val_auc=0.8693
  ✓ New best model (epoch 37, val_loss=0.4863, val_auc=0.8693) saved to checkpoints/gcn_rdkit_lincs_graph_vs_cnn_seed999.pt
Epoch 038 | time=3.4s | train_loss=0.1568 | val_loss=0.4882 | val_auc=0.8649
Epoch 039 | time=3.5s | train_loss=0.1546 | val_loss=0.4921 | val_auc=0.8665
Epoch 040 | time=3.4s | train_loss=0.1545 | val_loss=0.4971 | val_auc=0.8658
Epoch 041 | time=3.4s | train_loss=0.1499 | val_loss=0.4987 | val_auc=0.8656
Epoch 042 | time=3.4s | train_loss=0.1508 | val_loss=0.4977 | val_auc=0.8656
Epoch 043 | time=3.4s | train_loss=0.1515 | val_loss=0.4982 | val_auc=0.8660
Epoch 044 | time=3.4s | train_loss=0.1471 | val_loss=0.5013 | val_auc=0.8657
Epoch 045 | time=3.4s | train_loss=0.1464 | val_loss=0.5019 | val_auc=0.8662
Epoch 046 | time=3.4s | train_loss=0.1436 | val_loss=0.5004 | val_auc=0.8670
Epoch 047 | time=3.4s | train_loss=0.1427 | val_loss=0.4966 | val_auc=0.8678
Early stopping — no improvement for 10 epochs

Best model: epoch 37, val_loss=0.4966, val_auc=0.8693

═══ Test Results ═══
           auc: 0.7457
         auprc: 0.6781
            f1: 0.6351
     precision: 0.6518
        recall: 0.6192
          loss: 0.7681
