Uninstalled 1 package in 27ms
Installed 1 package in 83ms
/net/storage/pr3/plgrid/plggmlcil/plgkstankie/vvv/Multimodal-models-for-predicting-drug-target-interactions/.venv/lib/python3.11/site-packages/outdated/__init__.py:36: UserWarning: pkg_resources is deprecated as an API. See https://setuptools.pypa.io/en/latest/pkg_resources.html. The pkg_resources package is slated for removal as early as 2025-11-30. Refrain from using this package or pin to Setuptools<81.
  from pkg_resources import parse_version
Setting global random seed to 999
Using device: cuda
Loading clean data from: /net/storage/pr3/plgrid/plggmlcil/plgkstankie/vvv/Multimodal-models-for-predicting-drug-target-interactions/src/datasets/lincs_balanced.parquet
Dataset size: 27498
Train: 19558  Val: 2885  Test: 5055
ChemBERTProcessor: loaded 236379 embeddings (dim=768) from /net/storage/pr3/plgrid/plggmlcil/plgkstankie/vvv/Multimodal-models-for-predicting-drug-target-interactions/src/datasets/ChemBERTa-zinc-base-v1.pt
Fitting MinMaxScaler on 1264 cached RDKit descriptors...
SMILES encoders:  ['GCNEncoder', 'FingerprintMLPEncoder', 'ChemBERTEncoder', 'LincsEncoder', 'RDKitDescriptorEncoder']
Protein encoders: ['ProteinCNNEncoder']
Building graph cache for 1264 SMILES...
  0%|          | 0/1264 [00:00<?, ?it/s] 19%|█▉        | 243/1264 [00:00<00:00, 2422.49it/s] 38%|███▊      | 486/1264 [00:00<00:00, 2363.05it/s] 57%|█████▋    | 723/1264 [00:00<00:00, 2312.59it/s] 76%|███████▌  | 957/1264 [00:00<00:00, 2322.32it/s] 96%|█████████▌| 1212/1264 [00:00<00:00, 2400.76it/s]100%|██████████| 1264/1264 [00:00<00:00, 2383.64it/s]
Valid SMILES graphs: 1264
MultimodalDTI(
  (smiles_encoders): ModuleList(
    (0): GCNEncoder(
      (atom_encoder): AtomEncoder(
        (atom_embedding_list): ModuleList(
          (0): Embedding(119, 128)
          (1): Embedding(5, 128)
          (2-3): 2 x Embedding(12, 128)
          (4): Embedding(10, 128)
          (5-6): 2 x Embedding(6, 128)
          (7-8): 2 x Embedding(2, 128)
        )
      )
      (convs): ModuleList(
        (0-2): 3 x GCNConv(128, 128)
      )
      (bns): ModuleList(
        (0-2): 3 x BatchNorm1d(128, eps=1e-05, momentum=0.1, affine=True, track_running_stats=True)
      )
    )
    (1): FingerprintMLPEncoder(
      (mlp): Sequential(
        (0): Linear(in_features=1024, out_features=256, bias=True)
        (1): BatchNorm1d(256, eps=1e-05, momentum=0.1, affine=True, track_running_stats=True)
        (2): ReLU()
        (3): Dropout(p=0.5, inplace=False)
        (4): Linear(in_features=256, out_features=128, bias=True)
        (5): BatchNorm1d(128, eps=1e-05, momentum=0.1, affine=True, track_running_stats=True)
        (6): ReLU()
      )
    )
    (2): ChemBERTEncoder(
      (projection): Sequential(
        (0): Linear(in_features=768, out_features=128, bias=True)
        (1): LayerNorm((128,), eps=1e-05, elementwise_affine=True)
        (2): ReLU()
      )
    )
    (3): LincsEncoder(
      (mlp): Sequential(
        (0): Linear(in_features=978, out_features=128, bias=True)
        (1): BatchNorm1d(128, eps=1e-05, momentum=0.1, affine=True, track_running_stats=True)
        (2): ReLU()
        (3): Dropout(p=0.5, inplace=False)
        (4): Linear(in_features=128, out_features=128, bias=True)
        (5): BatchNorm1d(128, eps=1e-05, momentum=0.1, affine=True, track_running_stats=True)
        (6): ReLU()
      )
    )
    (4): RDKitDescriptorEncoder(
      (mlp): Sequential(
        (0): Linear(in_features=210, out_features=256, bias=True)
        (1): BatchNorm1d(256, eps=1e-05, momentum=0.1, affine=True, track_running_stats=True)
        (2): ReLU()
        (3): Dropout(p=0.5, inplace=False)
        (4): Linear(in_features=256, out_features=128, bias=True)
        (5): BatchNorm1d(128, eps=1e-05, momentum=0.1, affine=True, track_running_stats=True)
        (6): ReLU()
      )
    )
  )
  (protein_encoders): ModuleList(
    (0): ProteinCNNEncoder(
      (embedding): Embedding(21, 128, padding_idx=0)
      (conv_blocks): ModuleList(
        (0): Sequential(
          (0): Conv1d(128, 64, kernel_size=(3,), stride=(1,), padding=(1,))
          (1): BatchNorm1d(64, eps=1e-05, momentum=0.1, affine=True, track_running_stats=True)
          (2): ReLU()
          (3): Conv1d(64, 64, kernel_size=(3,), stride=(1,), padding=(1,))
          (4): BatchNorm1d(64, eps=1e-05, momentum=0.1, affine=True, track_running_stats=True)
          (5): ReLU()
        )
        (1): Sequential(
          (0): Conv1d(128, 64, kernel_size=(7,), stride=(1,), padding=(3,))
          (1): BatchNorm1d(64, eps=1e-05, momentum=0.1, affine=True, track_running_stats=True)
          (2): ReLU()
          (3): Conv1d(64, 64, kernel_size=(7,), stride=(1,), padding=(3,))
          (4): BatchNorm1d(64, eps=1e-05, momentum=0.1, affine=True, track_running_stats=True)
          (5): ReLU()
        )
        (2): Sequential(
          (0): Conv1d(128, 64, kernel_size=(15,), stride=(1,), padding=(7,))
          (1): BatchNorm1d(64, eps=1e-05, momentum=0.1, affine=True, track_running_stats=True)
          (2): ReLU()
          (3): Conv1d(64, 64, kernel_size=(15,), stride=(1,), padding=(7,))
          (4): BatchNorm1d(64, eps=1e-05, momentum=0.1, affine=True, track_running_stats=True)
          (5): ReLU()
        )
      )
    )
  )
  (fusion): MLPFusion(
    (classifier): Sequential(
      (0): Linear(in_features=832, out_features=128, bias=True)
      (1): BatchNorm1d(128, eps=1e-05, momentum=0.1, affine=True, track_running_stats=True)
      (2): ReLU()
      (3): Dropout(p=0.5, inplace=False)
      (4): Linear(in_features=128, out_features=32, bias=True)
      (5): BatchNorm1d(32, eps=1e-05, momentum=0.1, affine=True, track_running_stats=True)
      (6): ReLU()
      (7): Dropout(p=0.5, inplace=False)
      (8): Linear(in_features=32, out_features=1, bias=True)
    )
  )
)
Epoch 001 | time=8.0s | train_loss=0.6646 | val_loss=0.6415 | val_auc=0.7251
  ✓ New best model (epoch 1, val_loss=0.6415, val_auc=0.7251) saved to checkpoints/gcn_fp_chembert_rdkit_lincs_vs_cnn_seed999.pt
Epoch 002 | time=2.9s | train_loss=0.5545 | val_loss=0.5980 | val_auc=0.7543
  ✓ New best model (epoch 2, val_loss=0.5980, val_auc=0.7543) saved to checkpoints/gcn_fp_chembert_rdkit_lincs_vs_cnn_seed999.pt
Epoch 003 | time=2.9s | train_loss=0.4781 | val_loss=0.5671 | val_auc=0.7839
  ✓ New best model (epoch 3, val_loss=0.5671, val_auc=0.7839) saved to checkpoints/gcn_fp_chembert_rdkit_lincs_vs_cnn_seed999.pt
Epoch 004 | time=2.9s | train_loss=0.4289 | val_loss=0.5444 | val_auc=0.8035
  ✓ New best model (epoch 4, val_loss=0.5444, val_auc=0.8035) saved to checkpoints/gcn_fp_chembert_rdkit_lincs_vs_cnn_seed999.pt
Epoch 005 | time=2.9s | train_loss=0.3932 | val_loss=0.5345 | val_auc=0.8048
  ✓ New best model (epoch 5, val_loss=0.5345, val_auc=0.8048) saved to checkpoints/gcn_fp_chembert_rdkit_lincs_vs_cnn_seed999.pt
Epoch 006 | time=2.9s | train_loss=0.3667 | val_loss=0.5231 | val_auc=0.8143
  ✓ New best model (epoch 6, val_loss=0.5231, val_auc=0.8143) saved to checkpoints/gcn_fp_chembert_rdkit_lincs_vs_cnn_seed999.pt
Epoch 007 | time=2.9s | train_loss=0.3412 | val_loss=0.5296 | val_auc=0.8075
Epoch 008 | time=2.9s | train_loss=0.3200 | val_loss=0.5151 | val_auc=0.8205
  ✓ New best model (epoch 8, val_loss=0.5151, val_auc=0.8205) saved to checkpoints/gcn_fp_chembert_rdkit_lincs_vs_cnn_seed999.pt
Epoch 009 | time=2.9s | train_loss=0.3029 | val_loss=0.5146 | val_auc=0.8212
  ✓ New best model (epoch 9, val_loss=0.5146, val_auc=0.8212) saved to checkpoints/gcn_fp_chembert_rdkit_lincs_vs_cnn_seed999.pt
Epoch 010 | time=2.9s | train_loss=0.2902 | val_loss=0.5043 | val_auc=0.8322
  ✓ New best model (epoch 10, val_loss=0.5043, val_auc=0.8322) saved to checkpoints/gcn_fp_chembert_rdkit_lincs_vs_cnn_seed999.pt
Epoch 011 | time=2.9s | train_loss=0.2755 | val_loss=0.5177 | val_auc=0.8205
Epoch 012 | time=2.9s | train_loss=0.2631 | val_loss=0.5140 | val_auc=0.8243
Epoch 013 | time=2.9s | train_loss=0.2485 | val_loss=0.5099 | val_auc=0.8296
Epoch 014 | time=2.9s | train_loss=0.2399 | val_loss=0.5052 | val_auc=0.8328
  ✓ New best model (epoch 14, val_loss=0.5052, val_auc=0.8328) saved to checkpoints/gcn_fp_chembert_rdkit_lincs_vs_cnn_seed999.pt
Epoch 015 | time=2.9s | train_loss=0.2308 | val_loss=0.5127 | val_auc=0.8320
Epoch 016 | time=2.9s | train_loss=0.2245 | val_loss=0.5036 | val_auc=0.8372
  ✓ New best model (epoch 16, val_loss=0.5036, val_auc=0.8372) saved to checkpoints/gcn_fp_chembert_rdkit_lincs_vs_cnn_seed999.pt
Epoch 017 | time=3.1s | train_loss=0.2172 | val_loss=0.5161 | val_auc=0.8338
Epoch 018 | time=2.9s | train_loss=0.2073 | val_loss=0.5273 | val_auc=0.8311
Epoch 019 | time=2.9s | train_loss=0.2015 | val_loss=0.5167 | val_auc=0.8386
  ✓ New best model (epoch 19, val_loss=0.5167, val_auc=0.8386) saved to checkpoints/gcn_fp_chembert_rdkit_lincs_vs_cnn_seed999.pt
Epoch 020 | time=2.9s | train_loss=0.1939 | val_loss=0.5188 | val_auc=0.8392
  ✓ New best model (epoch 20, val_loss=0.5188, val_auc=0.8392) saved to checkpoints/gcn_fp_chembert_rdkit_lincs_vs_cnn_seed999.pt
Epoch 021 | time=2.9s | train_loss=0.1847 | val_loss=0.5514 | val_auc=0.8274
Epoch 022 | time=2.9s | train_loss=0.1819 | val_loss=0.5257 | val_auc=0.8387
Epoch 023 | time=2.9s | train_loss=0.1709 | val_loss=0.5285 | val_auc=0.8376
Epoch 024 | time=2.9s | train_loss=0.1638 | val_loss=0.5245 | val_auc=0.8420
  ✓ New best model (epoch 24, val_loss=0.5245, val_auc=0.8420) saved to checkpoints/gcn_fp_chembert_rdkit_lincs_vs_cnn_seed999.pt
Epoch 025 | time=2.9s | train_loss=0.1618 | val_loss=0.5489 | val_auc=0.8343
Epoch 026 | time=2.9s | train_loss=0.1572 | val_loss=0.5421 | val_auc=0.8364
Epoch 027 | time=2.9s | train_loss=0.1539 | val_loss=0.5433 | val_auc=0.8393
Epoch 028 | time=2.9s | train_loss=0.1517 | val_loss=0.5430 | val_auc=0.8385
Epoch 029 | time=3.3s | train_loss=0.1463 | val_loss=0.5438 | val_auc=0.8398
Epoch 030 | time=2.9s | train_loss=0.1442 | val_loss=0.5477 | val_auc=0.8396
Epoch 031 | time=2.9s | train_loss=0.1451 | val_loss=0.5426 | val_auc=0.8408
Epoch 032 | time=2.9s | train_loss=0.1413 | val_loss=0.5448 | val_auc=0.8409
Epoch 033 | time=2.9s | train_loss=0.1402 | val_loss=0.5463 | val_auc=0.8419
Epoch 034 | time=2.9s | train_loss=0.1389 | val_loss=0.5484 | val_auc=0.8386
Early stopping — no improvement for 10 epochs

Best model: epoch 24, val_loss=0.5484, val_auc=0.8420

═══ Test Results ═══
           auc: 0.7396
         auprc: 0.6622
            f1: 0.6275
     precision: 0.6469
        recall: 0.6093
          loss: 0.7239
