Uninstalled 1 package in 8ms
Installed 1 package in 12ms
/net/storage/pr3/plgrid/plggmlcil/plgkstankie/vvv/Multimodal-models-for-predicting-drug-target-interactions/.venv/lib/python3.11/site-packages/outdated/__init__.py:36: UserWarning: pkg_resources is deprecated as an API. See https://setuptools.pypa.io/en/latest/pkg_resources.html. The pkg_resources package is slated for removal as early as 2025-11-30. Refrain from using this package or pin to Setuptools<81.
  from pkg_resources import parse_version
Setting global random seed to 2026
Using device: cuda
Loading clean data from: /net/storage/pr3/plgrid/plggmlcil/plgkstankie/vvv/Multimodal-models-for-predicting-drug-target-interactions/src/datasets/lincs_balanced.parquet
Dataset size: 27498
Train: 19558  Val: 2885  Test: 5055
Fitting MinMaxScaler on 1264 cached RDKit descriptors...
SMILES encoders:  ['GCNEncoder', 'LincsGraphEncoder', 'RDKitDescriptorEncoder']
Protein encoders: ['ProteinCNNEncoder']
Building graph cache for 1264 SMILES...
  0%|          | 0/1264 [00:00<?, ?it/s] 19%|█▉        | 243/1264 [00:00<00:00, 2421.32it/s] 38%|███▊      | 486/1264 [00:00<00:00, 2362.56it/s] 57%|█████▋    | 723/1264 [00:00<00:00, 2310.07it/s] 76%|███████▌  | 960/1264 [00:00<00:00, 2332.44it/s] 96%|█████████▌| 1216/1264 [00:00<00:00, 2410.72it/s]100%|██████████| 1264/1264 [00:00<00:00, 2387.32it/s]
Valid SMILES graphs: 1264
MultimodalDTI(
  (smiles_encoders): ModuleList(
    (0): GCNEncoder(
      (atom_encoder): AtomEncoder(
        (atom_embedding_list): ModuleList(
          (0): Embedding(119, 128)
          (1): Embedding(5, 128)
          (2-3): 2 x Embedding(12, 128)
          (4): Embedding(10, 128)
          (5-6): 2 x Embedding(6, 128)
          (7-8): 2 x Embedding(2, 128)
        )
      )
      (convs): ModuleList(
        (0-2): 3 x GCNConv(128, 128)
      )
      (bns): ModuleList(
        (0-2): 3 x BatchNorm1d(128, eps=1e-05, momentum=0.1, affine=True, track_running_stats=True)
      )
    )
    (1): LincsGraphEncoder(
      (proj): Linear(in_features=1, out_features=128, bias=True)
      (convs): ModuleList(
        (0-1): 2 x DenseGCNConv(
          (linear): Linear(in_features=128, out_features=128, bias=False)
        )
      )
      (bns): ModuleList(
        (0-1): 2 x BatchNorm1d(128, eps=1e-05, momentum=0.1, affine=True, track_running_stats=True)
      )
      (pool_proj): Linear(in_features=128, out_features=128, bias=True)
    )
    (2): RDKitDescriptorEncoder(
      (mlp): Sequential(
        (0): Linear(in_features=210, out_features=256, bias=True)
        (1): BatchNorm1d(256, eps=1e-05, momentum=0.1, affine=True, track_running_stats=True)
        (2): ReLU()
        (3): Dropout(p=0.5, inplace=False)
        (4): Linear(in_features=256, out_features=128, bias=True)
        (5): BatchNorm1d(128, eps=1e-05, momentum=0.1, affine=True, track_running_stats=True)
        (6): ReLU()
      )
    )
  )
  (protein_encoders): ModuleList(
    (0): ProteinCNNEncoder(
      (embedding): Embedding(21, 128, padding_idx=0)
      (conv_blocks): ModuleList(
        (0): Sequential(
          (0): Conv1d(128, 64, kernel_size=(3,), stride=(1,), padding=(1,))
          (1): BatchNorm1d(64, eps=1e-05, momentum=0.1, affine=True, track_running_stats=True)
          (2): ReLU()
          (3): Conv1d(64, 64, kernel_size=(3,), stride=(1,), padding=(1,))
          (4): BatchNorm1d(64, eps=1e-05, momentum=0.1, affine=True, track_running_stats=True)
          (5): ReLU()
        )
        (1): Sequential(
          (0): Conv1d(128, 64, kernel_size=(7,), stride=(1,), padding=(3,))
          (1): BatchNorm1d(64, eps=1e-05, momentum=0.1, affine=True, track_running_stats=True)
          (2): ReLU()
          (3): Conv1d(64, 64, kernel_size=(7,), stride=(1,), padding=(3,))
          (4): BatchNorm1d(64, eps=1e-05, momentum=0.1, affine=True, track_running_stats=True)
          (5): ReLU()
        )
        (2): Sequential(
          (0): Conv1d(128, 64, kernel_size=(15,), stride=(1,), padding=(7,))
          (1): BatchNorm1d(64, eps=1e-05, momentum=0.1, affine=True, track_running_stats=True)
          (2): ReLU()
          (3): Conv1d(64, 64, kernel_size=(15,), stride=(1,), padding=(7,))
          (4): BatchNorm1d(64, eps=1e-05, momentum=0.1, affine=True, track_running_stats=True)
          (5): ReLU()
        )
      )
    )
  )
  (fusion): MLPFusion(
    (classifier): Sequential(
      (0): Linear(in_features=576, out_features=128, bias=True)
      (1): BatchNorm1d(128, eps=1e-05, momentum=0.1, affine=True, track_running_stats=True)
      (2): ReLU()
      (3): Dropout(p=0.5, inplace=False)
      (4): Linear(in_features=128, out_features=32, bias=True)
      (5): BatchNorm1d(32, eps=1e-05, momentum=0.1, affine=True, track_running_stats=True)
      (6): ReLU()
      (7): Dropout(p=0.5, inplace=False)
      (8): Linear(in_features=32, out_features=1, bias=True)
    )
  )
)
Epoch 001 | time=4.3s | train_loss=0.6563 | val_loss=0.6403 | val_auc=0.7232
  ✓ New best model (epoch 1, val_loss=0.6403, val_auc=0.7232) saved to checkpoints/gcn_rdkit_lincs_graph_vs_cnn_seed2026.pt
Epoch 002 | time=3.4s | train_loss=0.5533 | val_loss=0.5934 | val_auc=0.7598
  ✓ New best model (epoch 2, val_loss=0.5934, val_auc=0.7598) saved to checkpoints/gcn_rdkit_lincs_graph_vs_cnn_seed2026.pt
Epoch 003 | time=3.4s | train_loss=0.4892 | val_loss=0.5662 | val_auc=0.7824
  ✓ New best model (epoch 3, val_loss=0.5662, val_auc=0.7824) saved to checkpoints/gcn_rdkit_lincs_graph_vs_cnn_seed2026.pt
Epoch 004 | time=3.4s | train_loss=0.4500 | val_loss=0.5512 | val_auc=0.7962
  ✓ New best model (epoch 4, val_loss=0.5512, val_auc=0.7962) saved to checkpoints/gcn_rdkit_lincs_graph_vs_cnn_seed2026.pt
Epoch 005 | time=3.4s | train_loss=0.4191 | val_loss=0.5403 | val_auc=0.8024
  ✓ New best model (epoch 5, val_loss=0.5403, val_auc=0.8024) saved to checkpoints/gcn_rdkit_lincs_graph_vs_cnn_seed2026.pt
Epoch 006 | time=3.4s | train_loss=0.3941 | val_loss=0.5307 | val_auc=0.8126
  ✓ New best model (epoch 6, val_loss=0.5307, val_auc=0.8126) saved to checkpoints/gcn_rdkit_lincs_graph_vs_cnn_seed2026.pt
Epoch 007 | time=3.4s | train_loss=0.3737 | val_loss=0.5362 | val_auc=0.8082
Epoch 008 | time=3.4s | train_loss=0.3577 | val_loss=0.5277 | val_auc=0.8114
Epoch 009 | time=3.4s | train_loss=0.3386 | val_loss=0.5383 | val_auc=0.8060
Epoch 010 | time=3.4s | train_loss=0.3235 | val_loss=0.5234 | val_auc=0.8187
  ✓ New best model (epoch 10, val_loss=0.5234, val_auc=0.8187) saved to checkpoints/gcn_rdkit_lincs_graph_vs_cnn_seed2026.pt
Epoch 011 | time=3.4s | train_loss=0.3108 | val_loss=0.5263 | val_auc=0.8156
Epoch 012 | time=3.4s | train_loss=0.2994 | val_loss=0.5155 | val_auc=0.8246
  ✓ New best model (epoch 12, val_loss=0.5155, val_auc=0.8246) saved to checkpoints/gcn_rdkit_lincs_graph_vs_cnn_seed2026.pt
Epoch 013 | time=3.4s | train_loss=0.2874 | val_loss=0.5192 | val_auc=0.8231
Epoch 014 | time=3.4s | train_loss=0.2789 | val_loss=0.5195 | val_auc=0.8251
  ✓ New best model (epoch 14, val_loss=0.5195, val_auc=0.8251) saved to checkpoints/gcn_rdkit_lincs_graph_vs_cnn_seed2026.pt
Epoch 015 | time=3.4s | train_loss=0.2687 | val_loss=0.5283 | val_auc=0.8264
  ✓ New best model (epoch 15, val_loss=0.5283, val_auc=0.8264) saved to checkpoints/gcn_rdkit_lincs_graph_vs_cnn_seed2026.pt
Epoch 016 | time=3.4s | train_loss=0.2603 | val_loss=0.5208 | val_auc=0.8269
  ✓ New best model (epoch 16, val_loss=0.5208, val_auc=0.8269) saved to checkpoints/gcn_rdkit_lincs_graph_vs_cnn_seed2026.pt
Epoch 017 | time=3.4s | train_loss=0.2505 | val_loss=0.5330 | val_auc=0.8240
Epoch 018 | time=3.4s | train_loss=0.2443 | val_loss=0.5122 | val_auc=0.8375
  ✓ New best model (epoch 18, val_loss=0.5122, val_auc=0.8375) saved to checkpoints/gcn_rdkit_lincs_graph_vs_cnn_seed2026.pt
Epoch 019 | time=3.4s | train_loss=0.2349 | val_loss=0.5205 | val_auc=0.8328
Epoch 020 | time=3.4s | train_loss=0.2289 | val_loss=0.5446 | val_auc=0.8282
Epoch 021 | time=3.4s | train_loss=0.2246 | val_loss=0.5154 | val_auc=0.8402
  ✓ New best model (epoch 21, val_loss=0.5154, val_auc=0.8402) saved to checkpoints/gcn_rdkit_lincs_graph_vs_cnn_seed2026.pt
Epoch 022 | time=3.4s | train_loss=0.2175 | val_loss=0.5194 | val_auc=0.8381
Epoch 023 | time=3.4s | train_loss=0.2148 | val_loss=0.5148 | val_auc=0.8416
  ✓ New best model (epoch 23, val_loss=0.5148, val_auc=0.8416) saved to checkpoints/gcn_rdkit_lincs_graph_vs_cnn_seed2026.pt
Epoch 024 | time=3.4s | train_loss=0.2103 | val_loss=0.5416 | val_auc=0.8336
Epoch 025 | time=3.4s | train_loss=0.1962 | val_loss=0.5115 | val_auc=0.8447
  ✓ New best model (epoch 25, val_loss=0.5115, val_auc=0.8447) saved to checkpoints/gcn_rdkit_lincs_graph_vs_cnn_seed2026.pt
Epoch 026 | time=3.4s | train_loss=0.1904 | val_loss=0.5268 | val_auc=0.8398
Epoch 027 | time=3.4s | train_loss=0.1889 | val_loss=0.5157 | val_auc=0.8434
Epoch 028 | time=3.5s | train_loss=0.1864 | val_loss=0.5332 | val_auc=0.8415
Epoch 029 | time=3.4s | train_loss=0.1843 | val_loss=0.5176 | val_auc=0.8479
  ✓ New best model (epoch 29, val_loss=0.5176, val_auc=0.8479) saved to checkpoints/gcn_rdkit_lincs_graph_vs_cnn_seed2026.pt
Epoch 030 | time=3.4s | train_loss=0.1820 | val_loss=0.5088 | val_auc=0.8523
  ✓ New best model (epoch 30, val_loss=0.5088, val_auc=0.8523) saved to checkpoints/gcn_rdkit_lincs_graph_vs_cnn_seed2026.pt
Epoch 031 | time=3.4s | train_loss=0.1770 | val_loss=0.5240 | val_auc=0.8438
Epoch 032 | time=3.4s | train_loss=0.1741 | val_loss=0.5294 | val_auc=0.8456
Epoch 033 | time=3.4s | train_loss=0.1712 | val_loss=0.5372 | val_auc=0.8423
Epoch 034 | time=3.4s | train_loss=0.1700 | val_loss=0.5215 | val_auc=0.8499
Epoch 035 | time=3.4s | train_loss=0.1690 | val_loss=0.5291 | val_auc=0.8454
Epoch 036 | time=3.5s | train_loss=0.1682 | val_loss=0.5400 | val_auc=0.8437
Epoch 037 | time=3.4s | train_loss=0.1613 | val_loss=0.5410 | val_auc=0.8437
Epoch 038 | time=3.4s | train_loss=0.1605 | val_loss=0.5405 | val_auc=0.8447
Epoch 039 | time=3.5s | train_loss=0.1577 | val_loss=0.5343 | val_auc=0.8499
Epoch 040 | time=3.4s | train_loss=0.1578 | val_loss=0.5543 | val_auc=0.8418
Early stopping — no improvement for 10 epochs

Best model: epoch 30, val_loss=0.5543, val_auc=0.8523

═══ Test Results ═══
           auc: 0.7517
         auprc: 0.6877
            f1: 0.6548
     precision: 0.6724
        recall: 0.6381
          loss: 0.7004
