Uninstalled 1 package in 8ms
Installed 1 package in 15ms
/net/storage/pr3/plgrid/plggmlcil/plgkstankie/vvv/Multimodal-models-for-predicting-drug-target-interactions/.venv/lib/python3.11/site-packages/outdated/__init__.py:36: UserWarning: pkg_resources is deprecated as an API. See https://setuptools.pypa.io/en/latest/pkg_resources.html. The pkg_resources package is slated for removal as early as 2025-11-30. Refrain from using this package or pin to Setuptools<81.
  from pkg_resources import parse_version
Setting global random seed to 999
Using device: cuda
Loading clean data from: /net/storage/pr3/plgrid/plggmlcil/plgkstankie/vvv/Multimodal-models-for-predicting-drug-target-interactions/src/datasets/lincs_balanced.parquet
Dataset size: 27498
Train: 19558  Val: 2885  Test: 5055
Fitting MinMaxScaler on 1264 cached RDKit descriptors...
SMILES encoders:  ['GCNEncoder', 'FingerprintMLPEncoder', 'LincsGraphEncoder', 'RDKitDescriptorEncoder']
Protein encoders: ['ProteinCNNEncoder']
Building graph cache for 1264 SMILES...
  0%|          | 0/1264 [00:00<?, ?it/s] 20%|█▉        | 248/1264 [00:00<00:00, 2476.64it/s] 39%|███▉      | 496/1264 [00:00<00:00, 2414.65it/s] 58%|█████▊    | 738/1264 [00:00<00:00, 2363.68it/s] 78%|███████▊  | 987/1264 [00:00<00:00, 2410.53it/s] 99%|█████████▊| 1246/1264 [00:00<00:00, 2472.12it/s]100%|██████████| 1264/1264 [00:00<00:00, 2443.59it/s]
Valid SMILES graphs: 1264
MultimodalDTI(
  (smiles_encoders): ModuleList(
    (0): GCNEncoder(
      (atom_encoder): AtomEncoder(
        (atom_embedding_list): ModuleList(
          (0): Embedding(119, 128)
          (1): Embedding(5, 128)
          (2-3): 2 x Embedding(12, 128)
          (4): Embedding(10, 128)
          (5-6): 2 x Embedding(6, 128)
          (7-8): 2 x Embedding(2, 128)
        )
      )
      (convs): ModuleList(
        (0-2): 3 x GCNConv(128, 128)
      )
      (bns): ModuleList(
        (0-2): 3 x BatchNorm1d(128, eps=1e-05, momentum=0.1, affine=True, track_running_stats=True)
      )
    )
    (1): FingerprintMLPEncoder(
      (mlp): Sequential(
        (0): Linear(in_features=1024, out_features=256, bias=True)
        (1): BatchNorm1d(256, eps=1e-05, momentum=0.1, affine=True, track_running_stats=True)
        (2): ReLU()
        (3): Dropout(p=0.5, inplace=False)
        (4): Linear(in_features=256, out_features=128, bias=True)
        (5): BatchNorm1d(128, eps=1e-05, momentum=0.1, affine=True, track_running_stats=True)
        (6): ReLU()
      )
    )
    (2): LincsGraphEncoder(
      (proj): Linear(in_features=1, out_features=128, bias=True)
      (convs): ModuleList(
        (0-1): 2 x DenseGCNConv(
          (linear): Linear(in_features=128, out_features=128, bias=False)
        )
      )
      (bns): ModuleList(
        (0-1): 2 x BatchNorm1d(128, eps=1e-05, momentum=0.1, affine=True, track_running_stats=True)
      )
      (pool_proj): Linear(in_features=128, out_features=128, bias=True)
    )
    (3): RDKitDescriptorEncoder(
      (mlp): Sequential(
        (0): Linear(in_features=210, out_features=256, bias=True)
        (1): BatchNorm1d(256, eps=1e-05, momentum=0.1, affine=True, track_running_stats=True)
        (2): ReLU()
        (3): Dropout(p=0.5, inplace=False)
        (4): Linear(in_features=256, out_features=128, bias=True)
        (5): BatchNorm1d(128, eps=1e-05, momentum=0.1, affine=True, track_running_stats=True)
        (6): ReLU()
      )
    )
  )
  (protein_encoders): ModuleList(
    (0): ProteinCNNEncoder(
      (embedding): Embedding(21, 128, padding_idx=0)
      (conv_blocks): ModuleList(
        (0): Sequential(
          (0): Conv1d(128, 64, kernel_size=(3,), stride=(1,), padding=(1,))
          (1): BatchNorm1d(64, eps=1e-05, momentum=0.1, affine=True, track_running_stats=True)
          (2): ReLU()
          (3): Conv1d(64, 64, kernel_size=(3,), stride=(1,), padding=(1,))
          (4): BatchNorm1d(64, eps=1e-05, momentum=0.1, affine=True, track_running_stats=True)
          (5): ReLU()
        )
        (1): Sequential(
          (0): Conv1d(128, 64, kernel_size=(7,), stride=(1,), padding=(3,))
          (1): BatchNorm1d(64, eps=1e-05, momentum=0.1, affine=True, track_running_stats=True)
          (2): ReLU()
          (3): Conv1d(64, 64, kernel_size=(7,), stride=(1,), padding=(3,))
          (4): BatchNorm1d(64, eps=1e-05, momentum=0.1, affine=True, track_running_stats=True)
          (5): ReLU()
        )
        (2): Sequential(
          (0): Conv1d(128, 64, kernel_size=(15,), stride=(1,), padding=(7,))
          (1): BatchNorm1d(64, eps=1e-05, momentum=0.1, affine=True, track_running_stats=True)
          (2): ReLU()
          (3): Conv1d(64, 64, kernel_size=(15,), stride=(1,), padding=(7,))
          (4): BatchNorm1d(64, eps=1e-05, momentum=0.1, affine=True, track_running_stats=True)
          (5): ReLU()
        )
      )
    )
  )
  (fusion): MLPFusion(
    (classifier): Sequential(
      (0): Linear(in_features=704, out_features=128, bias=True)
      (1): BatchNorm1d(128, eps=1e-05, momentum=0.1, affine=True, track_running_stats=True)
      (2): ReLU()
      (3): Dropout(p=0.5, inplace=False)
      (4): Linear(in_features=128, out_features=32, bias=True)
      (5): BatchNorm1d(32, eps=1e-05, momentum=0.1, affine=True, track_running_stats=True)
      (6): ReLU()
      (7): Dropout(p=0.5, inplace=False)
      (8): Linear(in_features=32, out_features=1, bias=True)
    )
  )
)
Epoch 001 | time=4.6s | train_loss=0.6690 | val_loss=0.6642 | val_auc=0.6731
  ✓ New best model (epoch 1, val_loss=0.6642, val_auc=0.6731) saved to checkpoints/gcn_fp_rdkit_lincs_graph_vs_cnn_seed999.pt
Epoch 002 | time=3.7s | train_loss=0.5625 | val_loss=0.6033 | val_auc=0.7489
  ✓ New best model (epoch 2, val_loss=0.6033, val_auc=0.7489) saved to checkpoints/gcn_fp_rdkit_lincs_graph_vs_cnn_seed999.pt
Epoch 003 | time=3.7s | train_loss=0.4861 | val_loss=0.5755 | val_auc=0.7763
  ✓ New best model (epoch 3, val_loss=0.5755, val_auc=0.7763) saved to checkpoints/gcn_fp_rdkit_lincs_graph_vs_cnn_seed999.pt
Epoch 004 | time=3.7s | train_loss=0.4361 | val_loss=0.5549 | val_auc=0.7946
  ✓ New best model (epoch 4, val_loss=0.5549, val_auc=0.7946) saved to checkpoints/gcn_fp_rdkit_lincs_graph_vs_cnn_seed999.pt
Epoch 005 | time=3.7s | train_loss=0.4037 | val_loss=0.5368 | val_auc=0.8109
  ✓ New best model (epoch 5, val_loss=0.5368, val_auc=0.8109) saved to checkpoints/gcn_fp_rdkit_lincs_graph_vs_cnn_seed999.pt
Epoch 006 | time=3.7s | train_loss=0.3791 | val_loss=0.5289 | val_auc=0.8153
  ✓ New best model (epoch 6, val_loss=0.5289, val_auc=0.8153) saved to checkpoints/gcn_fp_rdkit_lincs_graph_vs_cnn_seed999.pt
Epoch 007 | time=3.8s | train_loss=0.3505 | val_loss=0.5237 | val_auc=0.8194
  ✓ New best model (epoch 7, val_loss=0.5237, val_auc=0.8194) saved to checkpoints/gcn_fp_rdkit_lincs_graph_vs_cnn_seed999.pt
Epoch 008 | time=3.7s | train_loss=0.3308 | val_loss=0.5205 | val_auc=0.8216
  ✓ New best model (epoch 8, val_loss=0.5205, val_auc=0.8216) saved to checkpoints/gcn_fp_rdkit_lincs_graph_vs_cnn_seed999.pt
Epoch 009 | time=3.7s | train_loss=0.3110 | val_loss=0.5036 | val_auc=0.8321
  ✓ New best model (epoch 9, val_loss=0.5036, val_auc=0.8321) saved to checkpoints/gcn_fp_rdkit_lincs_graph_vs_cnn_seed999.pt
Epoch 010 | time=3.7s | train_loss=0.2971 | val_loss=0.5110 | val_auc=0.8261
Epoch 011 | time=3.7s | train_loss=0.2825 | val_loss=0.5071 | val_auc=0.8298
Epoch 012 | time=3.7s | train_loss=0.2723 | val_loss=0.5028 | val_auc=0.8330
  ✓ New best model (epoch 12, val_loss=0.5028, val_auc=0.8330) saved to checkpoints/gcn_fp_rdkit_lincs_graph_vs_cnn_seed999.pt
Epoch 013 | time=3.7s | train_loss=0.2572 | val_loss=0.5230 | val_auc=0.8232
Epoch 014 | time=3.7s | train_loss=0.2473 | val_loss=0.5022 | val_auc=0.8364
  ✓ New best model (epoch 14, val_loss=0.5022, val_auc=0.8364) saved to checkpoints/gcn_fp_rdkit_lincs_graph_vs_cnn_seed999.pt
Epoch 015 | time=3.7s | train_loss=0.2407 | val_loss=0.5046 | val_auc=0.8361
Epoch 016 | time=3.7s | train_loss=0.2296 | val_loss=0.5019 | val_auc=0.8379
  ✓ New best model (epoch 16, val_loss=0.5019, val_auc=0.8379) saved to checkpoints/gcn_fp_rdkit_lincs_graph_vs_cnn_seed999.pt
Epoch 017 | time=3.7s | train_loss=0.2196 | val_loss=0.5339 | val_auc=0.8255
Epoch 018 | time=3.8s | train_loss=0.2126 | val_loss=0.5103 | val_auc=0.8377
Epoch 019 | time=3.7s | train_loss=0.2071 | val_loss=0.5225 | val_auc=0.8394
  ✓ New best model (epoch 19, val_loss=0.5225, val_auc=0.8394) saved to checkpoints/gcn_fp_rdkit_lincs_graph_vs_cnn_seed999.pt
Epoch 020 | time=3.7s | train_loss=0.2013 | val_loss=0.5092 | val_auc=0.8414
  ✓ New best model (epoch 20, val_loss=0.5092, val_auc=0.8414) saved to checkpoints/gcn_fp_rdkit_lincs_graph_vs_cnn_seed999.pt
Epoch 021 | time=3.7s | train_loss=0.1920 | val_loss=0.5421 | val_auc=0.8288
Epoch 022 | time=3.7s | train_loss=0.1847 | val_loss=0.5119 | val_auc=0.8449
  ✓ New best model (epoch 22, val_loss=0.5119, val_auc=0.8449) saved to checkpoints/gcn_fp_rdkit_lincs_graph_vs_cnn_seed999.pt
Epoch 023 | time=3.7s | train_loss=0.1748 | val_loss=0.5240 | val_auc=0.8406
Epoch 024 | time=3.7s | train_loss=0.1705 | val_loss=0.5181 | val_auc=0.8449
Epoch 025 | time=3.7s | train_loss=0.1675 | val_loss=0.5124 | val_auc=0.8496
  ✓ New best model (epoch 25, val_loss=0.5124, val_auc=0.8496) saved to checkpoints/gcn_fp_rdkit_lincs_graph_vs_cnn_seed999.pt
Epoch 026 | time=3.7s | train_loss=0.1643 | val_loss=0.5200 | val_auc=0.8473
Epoch 027 | time=3.7s | train_loss=0.1642 | val_loss=0.5289 | val_auc=0.8439
Epoch 028 | time=3.7s | train_loss=0.1596 | val_loss=0.5469 | val_auc=0.8374
Epoch 029 | time=3.7s | train_loss=0.1527 | val_loss=0.5344 | val_auc=0.8448
Epoch 030 | time=3.7s | train_loss=0.1520 | val_loss=0.5282 | val_auc=0.8494
Epoch 031 | time=3.7s | train_loss=0.1521 | val_loss=0.5410 | val_auc=0.8444
Epoch 032 | time=3.7s | train_loss=0.1486 | val_loss=0.5341 | val_auc=0.8475
Epoch 033 | time=3.7s | train_loss=0.1446 | val_loss=0.5386 | val_auc=0.8458
Epoch 034 | time=3.7s | train_loss=0.1420 | val_loss=0.5396 | val_auc=0.8462
Epoch 035 | time=3.7s | train_loss=0.1450 | val_loss=0.5387 | val_auc=0.8481
Early stopping — no improvement for 10 epochs

Best model: epoch 25, val_loss=0.5387, val_auc=0.8496

═══ Test Results ═══
           auc: 0.7380
         auprc: 0.6724
            f1: 0.6470
     precision: 0.6575
        recall: 0.6368
          loss: 0.7129
