Uninstalled 1 package in 8ms
Installed 1 package in 14ms
/net/storage/pr3/plgrid/plggmlcil/plgkstankie/vvv/Multimodal-models-for-predicting-drug-target-interactions/.venv/lib/python3.11/site-packages/outdated/__init__.py:36: UserWarning: pkg_resources is deprecated as an API. See https://setuptools.pypa.io/en/latest/pkg_resources.html. The pkg_resources package is slated for removal as early as 2025-11-30. Refrain from using this package or pin to Setuptools<81.
  from pkg_resources import parse_version
Setting global random seed to 42
Using device: cuda
Loading clean data from: /net/storage/pr3/plgrid/plggmlcil/plgkstankie/vvv/Multimodal-models-for-predicting-drug-target-interactions/src/datasets/lincs_balanced.parquet
Dataset size: 27498
Train: 19558  Val: 2885  Test: 5055
Fitting MinMaxScaler on 1264 cached RDKit descriptors...
SMILES encoders:  ['GCNEncoder', 'FingerprintMLPEncoder', 'LincsGraphEncoder', 'RDKitDescriptorEncoder']
Protein encoders: ['ProteinCNNEncoder']
Building graph cache for 1264 SMILES...
  0%|          | 0/1264 [00:00<?, ?it/s] 19%|█▉        | 242/1264 [00:00<00:00, 2408.05it/s] 38%|███▊      | 483/1264 [00:00<00:00, 2352.55it/s] 57%|█████▋    | 719/1264 [00:00<00:00, 2314.74it/s] 75%|███████▌  | 953/1264 [00:00<00:00, 2323.50it/s] 96%|█████████▌| 1209/1264 [00:00<00:00, 2405.28it/s]100%|██████████| 1264/1264 [00:00<00:00, 2383.34it/s]
Valid SMILES graphs: 1264
MultimodalDTI(
  (smiles_encoders): ModuleList(
    (0): GCNEncoder(
      (atom_encoder): AtomEncoder(
        (atom_embedding_list): ModuleList(
          (0): Embedding(119, 128)
          (1): Embedding(5, 128)
          (2-3): 2 x Embedding(12, 128)
          (4): Embedding(10, 128)
          (5-6): 2 x Embedding(6, 128)
          (7-8): 2 x Embedding(2, 128)
        )
      )
      (convs): ModuleList(
        (0-2): 3 x GCNConv(128, 128)
      )
      (bns): ModuleList(
        (0-2): 3 x BatchNorm1d(128, eps=1e-05, momentum=0.1, affine=True, track_running_stats=True)
      )
    )
    (1): FingerprintMLPEncoder(
      (mlp): Sequential(
        (0): Linear(in_features=1024, out_features=256, bias=True)
        (1): BatchNorm1d(256, eps=1e-05, momentum=0.1, affine=True, track_running_stats=True)
        (2): ReLU()
        (3): Dropout(p=0.5, inplace=False)
        (4): Linear(in_features=256, out_features=128, bias=True)
        (5): BatchNorm1d(128, eps=1e-05, momentum=0.1, affine=True, track_running_stats=True)
        (6): ReLU()
      )
    )
    (2): LincsGraphEncoder(
      (proj): Linear(in_features=1, out_features=128, bias=True)
      (convs): ModuleList(
        (0-1): 2 x DenseGCNConv(
          (linear): Linear(in_features=128, out_features=128, bias=False)
        )
      )
      (bns): ModuleList(
        (0-1): 2 x BatchNorm1d(128, eps=1e-05, momentum=0.1, affine=True, track_running_stats=True)
      )
      (pool_proj): Linear(in_features=128, out_features=128, bias=True)
    )
    (3): RDKitDescriptorEncoder(
      (mlp): Sequential(
        (0): Linear(in_features=210, out_features=256, bias=True)
        (1): BatchNorm1d(256, eps=1e-05, momentum=0.1, affine=True, track_running_stats=True)
        (2): ReLU()
        (3): Dropout(p=0.5, inplace=False)
        (4): Linear(in_features=256, out_features=128, bias=True)
        (5): BatchNorm1d(128, eps=1e-05, momentum=0.1, affine=True, track_running_stats=True)
        (6): ReLU()
      )
    )
  )
  (protein_encoders): ModuleList(
    (0): ProteinCNNEncoder(
      (embedding): Embedding(21, 128, padding_idx=0)
      (conv_blocks): ModuleList(
        (0): Sequential(
          (0): Conv1d(128, 64, kernel_size=(3,), stride=(1,), padding=(1,))
          (1): BatchNorm1d(64, eps=1e-05, momentum=0.1, affine=True, track_running_stats=True)
          (2): ReLU()
          (3): Conv1d(64, 64, kernel_size=(3,), stride=(1,), padding=(1,))
          (4): BatchNorm1d(64, eps=1e-05, momentum=0.1, affine=True, track_running_stats=True)
          (5): ReLU()
        )
        (1): Sequential(
          (0): Conv1d(128, 64, kernel_size=(7,), stride=(1,), padding=(3,))
          (1): BatchNorm1d(64, eps=1e-05, momentum=0.1, affine=True, track_running_stats=True)
          (2): ReLU()
          (3): Conv1d(64, 64, kernel_size=(7,), stride=(1,), padding=(3,))
          (4): BatchNorm1d(64, eps=1e-05, momentum=0.1, affine=True, track_running_stats=True)
          (5): ReLU()
        )
        (2): Sequential(
          (0): Conv1d(128, 64, kernel_size=(15,), stride=(1,), padding=(7,))
          (1): BatchNorm1d(64, eps=1e-05, momentum=0.1, affine=True, track_running_stats=True)
          (2): ReLU()
          (3): Conv1d(64, 64, kernel_size=(15,), stride=(1,), padding=(7,))
          (4): BatchNorm1d(64, eps=1e-05, momentum=0.1, affine=True, track_running_stats=True)
          (5): ReLU()
        )
      )
    )
  )
  (fusion): MLPFusion(
    (classifier): Sequential(
      (0): Linear(in_features=704, out_features=128, bias=True)
      (1): BatchNorm1d(128, eps=1e-05, momentum=0.1, affine=True, track_running_stats=True)
      (2): ReLU()
      (3): Dropout(p=0.5, inplace=False)
      (4): Linear(in_features=128, out_features=32, bias=True)
      (5): BatchNorm1d(32, eps=1e-05, momentum=0.1, affine=True, track_running_stats=True)
      (6): ReLU()
      (7): Dropout(p=0.5, inplace=False)
      (8): Linear(in_features=32, out_features=1, bias=True)
    )
  )
)
Epoch 001 | time=5.0s | train_loss=0.6614 | val_loss=0.6593 | val_auc=0.6780
  ✓ New best model (epoch 1, val_loss=0.6593, val_auc=0.6780) saved to checkpoints/gcn_fp_rdkit_lincs_graph_vs_cnn_seed42.pt
Epoch 002 | time=3.7s | train_loss=0.5629 | val_loss=0.6184 | val_auc=0.7323
  ✓ New best model (epoch 2, val_loss=0.6184, val_auc=0.7323) saved to checkpoints/gcn_fp_rdkit_lincs_graph_vs_cnn_seed42.pt
Epoch 003 | time=3.7s | train_loss=0.4913 | val_loss=0.5893 | val_auc=0.7551
  ✓ New best model (epoch 3, val_loss=0.5893, val_auc=0.7551) saved to checkpoints/gcn_fp_rdkit_lincs_graph_vs_cnn_seed42.pt
Epoch 004 | time=3.7s | train_loss=0.4463 | val_loss=0.5698 | val_auc=0.7738
  ✓ New best model (epoch 4, val_loss=0.5698, val_auc=0.7738) saved to checkpoints/gcn_fp_rdkit_lincs_graph_vs_cnn_seed42.pt
Epoch 005 | time=3.7s | train_loss=0.4112 | val_loss=0.5467 | val_auc=0.7962
  ✓ New best model (epoch 5, val_loss=0.5467, val_auc=0.7962) saved to checkpoints/gcn_fp_rdkit_lincs_graph_vs_cnn_seed42.pt
Epoch 006 | time=3.7s | train_loss=0.3834 | val_loss=0.5414 | val_auc=0.8013
  ✓ New best model (epoch 6, val_loss=0.5414, val_auc=0.8013) saved to checkpoints/gcn_fp_rdkit_lincs_graph_vs_cnn_seed42.pt
Epoch 007 | time=3.7s | train_loss=0.3634 | val_loss=0.5326 | val_auc=0.8121
  ✓ New best model (epoch 7, val_loss=0.5326, val_auc=0.8121) saved to checkpoints/gcn_fp_rdkit_lincs_graph_vs_cnn_seed42.pt
Epoch 008 | time=3.7s | train_loss=0.3366 | val_loss=0.5430 | val_auc=0.8039
Epoch 009 | time=3.7s | train_loss=0.3197 | val_loss=0.5408 | val_auc=0.8094
Epoch 010 | time=3.7s | train_loss=0.3018 | val_loss=0.5232 | val_auc=0.8209
  ✓ New best model (epoch 10, val_loss=0.5232, val_auc=0.8209) saved to checkpoints/gcn_fp_rdkit_lincs_graph_vs_cnn_seed42.pt
Epoch 011 | time=3.7s | train_loss=0.2843 | val_loss=0.5270 | val_auc=0.8241
  ✓ New best model (epoch 11, val_loss=0.5270, val_auc=0.8241) saved to checkpoints/gcn_fp_rdkit_lincs_graph_vs_cnn_seed42.pt
Epoch 012 | time=3.7s | train_loss=0.2748 | val_loss=0.5206 | val_auc=0.8289
  ✓ New best model (epoch 12, val_loss=0.5206, val_auc=0.8289) saved to checkpoints/gcn_fp_rdkit_lincs_graph_vs_cnn_seed42.pt
Epoch 013 | time=3.7s | train_loss=0.2621 | val_loss=0.5389 | val_auc=0.8194
Epoch 014 | time=3.7s | train_loss=0.2497 | val_loss=0.5304 | val_auc=0.8316
  ✓ New best model (epoch 14, val_loss=0.5304, val_auc=0.8316) saved to checkpoints/gcn_fp_rdkit_lincs_graph_vs_cnn_seed42.pt
Epoch 015 | time=3.7s | train_loss=0.2424 | val_loss=0.5319 | val_auc=0.8286
Epoch 016 | time=3.7s | train_loss=0.2345 | val_loss=0.5184 | val_auc=0.8384
  ✓ New best model (epoch 16, val_loss=0.5184, val_auc=0.8384) saved to checkpoints/gcn_fp_rdkit_lincs_graph_vs_cnn_seed42.pt
Epoch 017 | time=3.7s | train_loss=0.2235 | val_loss=0.5324 | val_auc=0.8343
Epoch 018 | time=3.8s | train_loss=0.2178 | val_loss=0.5194 | val_auc=0.8413
  ✓ New best model (epoch 18, val_loss=0.5194, val_auc=0.8413) saved to checkpoints/gcn_fp_rdkit_lincs_graph_vs_cnn_seed42.pt
Epoch 019 | time=3.7s | train_loss=0.2088 | val_loss=0.5293 | val_auc=0.8400
Epoch 020 | time=3.7s | train_loss=0.1983 | val_loss=0.5122 | val_auc=0.8526
  ✓ New best model (epoch 20, val_loss=0.5122, val_auc=0.8526) saved to checkpoints/gcn_fp_rdkit_lincs_graph_vs_cnn_seed42.pt
Epoch 021 | time=3.7s | train_loss=0.1966 | val_loss=0.5313 | val_auc=0.8403
Epoch 022 | time=3.7s | train_loss=0.1901 | val_loss=0.5411 | val_auc=0.8511
Epoch 023 | time=3.7s | train_loss=0.1813 | val_loss=0.5434 | val_auc=0.8432
Epoch 024 | time=3.7s | train_loss=0.1793 | val_loss=0.5440 | val_auc=0.8438
Epoch 025 | time=3.7s | train_loss=0.1754 | val_loss=0.5356 | val_auc=0.8503
Epoch 026 | time=3.7s | train_loss=0.1665 | val_loss=0.5529 | val_auc=0.8460
Epoch 027 | time=3.7s | train_loss=0.1589 | val_loss=0.5467 | val_auc=0.8490
Epoch 028 | time=3.7s | train_loss=0.1561 | val_loss=0.5512 | val_auc=0.8492
Epoch 029 | time=3.7s | train_loss=0.1521 | val_loss=0.5382 | val_auc=0.8537
  ✓ New best model (epoch 29, val_loss=0.5382, val_auc=0.8537) saved to checkpoints/gcn_fp_rdkit_lincs_graph_vs_cnn_seed42.pt
Epoch 030 | time=3.7s | train_loss=0.1473 | val_loss=0.5545 | val_auc=0.8521
Epoch 031 | time=3.7s | train_loss=0.1444 | val_loss=0.5634 | val_auc=0.8483
Epoch 032 | time=3.7s | train_loss=0.1456 | val_loss=0.5683 | val_auc=0.8478
Epoch 033 | time=3.7s | train_loss=0.1361 | val_loss=0.5600 | val_auc=0.8514
Epoch 034 | time=3.7s | train_loss=0.1366 | val_loss=0.5638 | val_auc=0.8536
Epoch 035 | time=3.7s | train_loss=0.1350 | val_loss=0.5661 | val_auc=0.8514
Epoch 036 | time=3.7s | train_loss=0.1341 | val_loss=0.5583 | val_auc=0.8552
  ✓ New best model (epoch 36, val_loss=0.5583, val_auc=0.8552) saved to checkpoints/gcn_fp_rdkit_lincs_graph_vs_cnn_seed42.pt
Epoch 037 | time=3.7s | train_loss=0.1347 | val_loss=0.5641 | val_auc=0.8532
Epoch 038 | time=3.7s | train_loss=0.1314 | val_loss=0.5682 | val_auc=0.8526
Epoch 039 | time=3.7s | train_loss=0.1277 | val_loss=0.5720 | val_auc=0.8522
Epoch 040 | time=3.8s | train_loss=0.1268 | val_loss=0.5620 | val_auc=0.8531
Epoch 041 | time=3.8s | train_loss=0.1275 | val_loss=0.5742 | val_auc=0.8522
Epoch 042 | time=3.7s | train_loss=0.1274 | val_loss=0.5617 | val_auc=0.8552
  ✓ New best model (epoch 42, val_loss=0.5617, val_auc=0.8552) saved to checkpoints/gcn_fp_rdkit_lincs_graph_vs_cnn_seed42.pt
Epoch 043 | time=3.7s | train_loss=0.1253 | val_loss=0.5703 | val_auc=0.8543
Epoch 044 | time=3.7s | train_loss=0.1240 | val_loss=0.5696 | val_auc=0.8541
Epoch 045 | time=3.7s | train_loss=0.1232 | val_loss=0.5722 | val_auc=0.8527
Epoch 046 | time=3.7s | train_loss=0.1251 | val_loss=0.5800 | val_auc=0.8525
Epoch 047 | time=3.7s | train_loss=0.1208 | val_loss=0.5715 | val_auc=0.8535
Epoch 048 | time=3.9s | train_loss=0.1228 | val_loss=0.5831 | val_auc=0.8526
Epoch 049 | time=3.7s | train_loss=0.1214 | val_loss=0.5733 | val_auc=0.8537
Epoch 050 | time=3.7s | train_loss=0.1235 | val_loss=0.5762 | val_auc=0.8538
Epoch 051 | time=3.7s | train_loss=0.1201 | val_loss=0.5774 | val_auc=0.8539
Epoch 052 | time=3.7s | train_loss=0.1188 | val_loss=0.5790 | val_auc=0.8535
Early stopping — no improvement for 10 epochs

Best model: epoch 42, val_loss=0.5790, val_auc=0.8552

═══ Test Results ═══
           auc: 0.7466
         auprc: 0.6889
            f1: 0.6514
     precision: 0.6192
        recall: 0.6872
          loss: 0.7606
